16:03:22 **** Rebuild of configuration Debug for project CuBa_1D_JumpUpControl ****
Info: Internal Builder is used for build
arm-none-eabi-g++ -mcpu=cortex-m4 -mthumb -mfloat-abi=hard -mfpu=fpv4-sp-d16 -Og -fmessage-length=0 -fsigned-char -ffunction-sections -fdata-sections -ffreestanding -fno-move-loop-invariants -Wunused -Wuninitialized -Wall -Wextra -Wmissing-declarations -Wconversion -Wpointer-arith -Wpadded -Wshadow -Wlogical-op -Waggregate-return -Wfloat-equal -g3 -DDEBUG -DUSE_FULL_ASSERT -DSTM32F407xx -DUSE_HAL_DRIVER -DHSE_VALUE=8000000 -I../include -I../system/include -I../system/include/cmsis -I../system/include/stm32f4-hal -std=gnu++11 -fabi-version=0 -fno-exceptions -fno-rtti -fno-use-cxa-atexit -fno-threadsafe-statics -Wabi -Wctor-dtor-privacy -Wnoexcept -Wnon-virtual-dtor -Wstrict-null-sentinel -Wsign-promo -c -o "src\\CSTMHardware.o" "..\\src\\CSTMHardware.cpp" 
In file included from ../include/Cmotor_control.h:15:0,
                 from ../include/CSTMHardware.h:6,
                 from ..\src\CSTMHardware.cpp:3:
../include/Cpwm.h:29:9: warning: padding struct to align 'Cpwm::mTIM_CHANNEL_x' [-Wpadded]
  UInt32 mTIM_CHANNEL_x;
         ^
In file included from ../include/CSTMHardware.h:6:0,
                 from ..\src\CSTMHardware.cpp:3:
../include/Cmotor_control.h:18:7: warning: padding struct size to alignment boundary [-Wpadded]
 class Cmotor_control {
       ^
arm-none-eabi-g++ -mcpu=cortex-m4 -mthumb -mfloat-abi=hard -mfpu=fpv4-sp-d16 -Og -fmessage-length=0 -fsigned-char -ffunction-sections -fdata-sections -ffreestanding -fno-move-loop-invariants -Wunused -Wuninitialized -Wall -Wextra -Wmissing-declarations -Wconversion -Wpointer-arith -Wpadded -Wshadow -Wlogical-op -Waggregate-return -Wfloat-equal -g3 -DDEBUG -DUSE_FULL_ASSERT -DSTM32F407xx -DUSE_HAL_DRIVER -DHSE_VALUE=8000000 -I../include -I../system/include -I../system/include/cmsis -I../system/include/stm32f4-hal -std=gnu++11 -fabi-version=0 -fno-exceptions -fno-rtti -fno-use-cxa-atexit -fno-threadsafe-statics -Wabi -Wctor-dtor-privacy -Wnoexcept -Wnon-virtual-dtor -Wstrict-null-sentinel -Wsign-promo -c -o "src\\CActionHandler.o" "..\\src\\CActionHandler.cpp" 
In file included from ..\src\CActionHandler.cpp:3:0:
../include/CActionHandler.h:34:23: warning: padding struct to align 'CActionHandler::mCompFilter' [-Wpadded]
  CComplementaryFilter mCompFilter;
                       ^
arm-none-eabi-g++ -mcpu=cortex-m4 -mthumb -mfloat-abi=hard -mfpu=fpv4-sp-d16 -Og -fmessage-length=0 -fsigned-char -ffunction-sections -fdata-sections -ffreestanding -fno-move-loop-invariants -Wunused -Wuninitialized -Wall -Wextra -Wmissing-declarations -Wconversion -Wpointer-arith -Wpadded -Wshadow -Wlogical-op -Waggregate-return -Wfloat-equal -g3 -DDEBUG -DUSE_FULL_ASSERT -DSTM32F407xx -DUSE_HAL_DRIVER -DHSE_VALUE=8000000 -I../include -I../system/include -I../system/include/cmsis -I../system/include/stm32f4-hal -std=gnu++11 -fabi-version=0 -fno-exceptions -fno-rtti -fno-use-cxa-atexit -fno-threadsafe-statics -Wabi -Wctor-dtor-privacy -Wnoexcept -Wnon-virtual-dtor -Wstrict-null-sentinel -Wsign-promo -c -o "src\\Cmotor_control.o" "..\\src\\Cmotor_control.cpp" 
In file included from ..\src\Cmotor_control.cpp:13:0:
../include/Cpwm.h:29:9: warning: padding struct to align 'Cpwm::mTIM_CHANNEL_x' [-Wpadded]
  UInt32 mTIM_CHANNEL_x;
         ^
In file included from ..\src\Cmotor_control.cpp:14:0:
../include/Cmotor_control.h:18:7: warning: padding struct size to alignment boundary [-Wpadded]
 class Cmotor_control {
       ^
..\src\Cmotor_control.cpp: In member function 'void Cmotor_control::set_pwm(float)':
..\src\Cmotor_control.cpp:34:20: warning: conversion to 'UInt32 {aka long unsigned int}' from 'float' may alter its value [-Wfloat-conversion]
  Temp_duty_percent =(duty_percent*1000);
                    ^
arm-none-eabi-g++ -mcpu=cortex-m4 -mthumb -mfloat-abi=hard -mfpu=fpv4-sp-d16 -Og -fmessage-length=0 -fsigned-char -ffunction-sections -fdata-sections -ffreestanding -fno-move-loop-invariants -Wunused -Wuninitialized -Wall -Wextra -Wmissing-declarations -Wconversion -Wpointer-arith -Wpadded -Wshadow -Wlogical-op -Waggregate-return -Wfloat-equal -g3 -DDEBUG -DUSE_FULL_ASSERT -DSTM32F407xx -DUSE_HAL_DRIVER -DHSE_VALUE=8000000 -I../include -I../system/include -I../system/include/cmsis -I../system/include/stm32f4-hal -std=gnu++11 -fabi-version=0 -fno-exceptions -fno-rtti -fno-use-cxa-atexit -fno-threadsafe-statics -Wabi -Wctor-dtor-privacy -Wnoexcept -Wnon-virtual-dtor -Wstrict-null-sentinel -Wsign-promo -c -o "src\\CAdc.o" "..\\src\\CAdc.cpp" 
..\src\CAdc.cpp: In member function 'UInt16 CAdc::getVelocity()':
..\src\CAdc.cpp:88:39: warning: conversion to 'UInt16 {aka short unsigned int}' from 'uint32_t {aka long unsigned int}' may alter its value [-Wconversion]
    return HAL_ADC_GetValue(&mAdcHandle);
                                       ^
arm-none-eabi-g++ -mcpu=cortex-m4 -mthumb -mfloat-abi=hard -mfpu=fpv4-sp-d16 -Og -fmessage-length=0 -fsigned-char -ffunction-sections -fdata-sections -ffreestanding -fno-move-loop-invariants -Wunused -Wuninitialized -Wall -Wextra -Wmissing-declarations -Wconversion -Wpointer-arith -Wpadded -Wshadow -Wlogical-op -Waggregate-return -Wfloat-equal -g3 -DDEBUG -DUSE_FULL_ASSERT -DSTM32F407xx -DUSE_HAL_DRIVER -DHSE_VALUE=8000000 -I../include -I../system/include -I../system/include/cmsis -I../system/include/stm32f4-hal -std=gnu++11 -fabi-version=0 -fno-exceptions -fno-rtti -fno-use-cxa-atexit -fno-threadsafe-statics -Wabi -Wctor-dtor-privacy -Wnoexcept -Wnon-virtual-dtor -Wstrict-null-sentinel -Wsign-promo -c -o "src\\Cpwm.o" "..\\src\\Cpwm.cpp" 
In file included from ..\src\Cpwm.cpp:8:0:
../include/Cpwm.h:29:9: warning: padding struct to align 'Cpwm::mTIM_CHANNEL_x' [-Wpadded]
  UInt32 mTIM_CHANNEL_x;
         ^
arm-none-eabi-gcc -mcpu=cortex-m4 -mthumb -mfloat-abi=hard -mfpu=fpv4-sp-d16 -Og -fmessage-length=0 -fsigned-char -ffunction-sections -fdata-sections -ffreestanding -fno-move-loop-invariants -Wunused -Wuninitialized -Wall -Wextra -Wmissing-declarations -Wconversion -Wpointer-arith -Wpadded -Wshadow -Wlogical-op -Waggregate-return -Wfloat-equal -g3 -DDEBUG -DUSE_FULL_ASSERT -DSTM32F407xx -DUSE_HAL_DRIVER -DHSE_VALUE=8000000 -I../include -I../system/include -I../system/include/cmsis -I../system/include/stm32f4-hal -std=gnu11 -Wmissing-prototypes -Wstrict-prototypes -Wbad-function-cast -c -o "system\\src\\newlib\\_sbrk.o" "..\\system\\src\\newlib\\_sbrk.c" 
arm-none-eabi-g++ -mcpu=cortex-m4 -mthumb -mfloat-abi=hard -mfpu=fpv4-sp-d16 -Og -fmessage-length=0 -fsigned-char -ffunction-sections -fdata-sections -ffreestanding -fno-move-loop-invariants -Wunused -Wuninitialized -Wall -Wextra -Wmissing-declarations -Wconversion -Wpointer-arith -Wpadded -Wshadow -Wlogical-op -Waggregate-return -Wfloat-equal -g3 -DDEBUG -DUSE_FULL_ASSERT -DSTM32F407xx -DUSE_HAL_DRIVER -DHSE_VALUE=8000000 -I../include -I../system/include -I../system/include/cmsis -I../system/include/stm32f4-hal -std=gnu++11 -fabi-version=0 -fno-exceptions -fno-rtti -fno-use-cxa-atexit -fno-threadsafe-statics -Wabi -Wctor-dtor-privacy -Wnoexcept -Wnon-virtual-dtor -Wstrict-null-sentinel -Wsign-promo -c -o "src\\Cservo_control.o" "..\\src\\Cservo_control.cpp" 
In file included from ../include/Cservo_control.h:15:0,
                 from ..\src\Cservo_control.cpp:8:
../include/Cpwm.h:29:9: warning: padding struct to align 'Cpwm::mTIM_CHANNEL_x' [-Wpadded]
  UInt32 mTIM_CHANNEL_x;
         ^
..\src\Cservo_control.cpp: In member function 'UInt32 Cservo_control::set_degree(UInt16)':
..\src\Cservo_control.cpp:35:17: warning: comparison is always true due to limited range of data type [-Wtype-limits]
     if ((degree >= 0U) && (degree <= 160U))
                 ^
arm-none-eabi-gcc -mcpu=cortex-m4 -mthumb -mfloat-abi=hard -mfpu=fpv4-sp-d16 -Og -fmessage-length=0 -fsigned-char -ffunction-sections -fdata-sections -ffreestanding -fno-move-loop-invariants -Wunused -Wuninitialized -Wall -Wextra -Wmissing-declarations -Wconversion -Wpointer-arith -Wpadded -Wshadow -Wlogical-op -Waggregate-return -Wfloat-equal -g3 -DDEBUG -DUSE_FULL_ASSERT -DSTM32F407xx -DUSE_HAL_DRIVER -DHSE_VALUE=8000000 -I../include -I../system/include -I../system/include/cmsis -I../system/include/stm32f4-hal -std=gnu11 -Wmissing-prototypes -Wstrict-prototypes -Wbad-function-cast -c -o "src\\_initialize_hardware.o" "..\\src\\_initialize_hardware.c" 
arm-none-eabi-gcc -mcpu=cortex-m4 -mthumb -mfloat-abi=hard -mfpu=fpv4-sp-d16 -Og -fmessage-length=0 -fsigned-char -ffunction-sections -fdata-sections -ffreestanding -fno-move-loop-invariants -Wunused -Wuninitialized -Wall -Wextra -Wmissing-declarations -Wconversion -Wpointer-arith -Wpadded -Wshadow -Wlogical-op -Waggregate-return -Wfloat-equal -g3 -DDEBUG -DUSE_FULL_ASSERT -DSTM32F407xx -DUSE_HAL_DRIVER -DHSE_VALUE=8000000 -I../include -I../system/include -I../system/include/cmsis -I../system/include/stm32f4-hal -std=gnu11 -Wmissing-prototypes -Wstrict-prototypes -Wbad-function-cast -c -o "system\\src\\cortexm\\_reset_hardware.o" "..\\system\\src\\cortexm\\_reset_hardware.c" 
arm-none-eabi-gcc -mcpu=cortex-m4 -mthumb -mfloat-abi=hard -mfpu=fpv4-sp-d16 -Og -fmessage-length=0 -fsigned-char -ffunction-sections -fdata-sections -ffreestanding -fno-move-loop-invariants -Wunused -Wuninitialized -Wall -Wextra -Wmissing-declarations -Wconversion -Wpointer-arith -Wpadded -Wshadow -Wlogical-op -Waggregate-return -Wfloat-equal -g3 -DDEBUG -DUSE_FULL_ASSERT -DSTM32F407xx -DUSE_HAL_DRIVER -DHSE_VALUE=8000000 -I../include -I../system/include -I../system/include/cmsis -I../system/include/stm32f4-hal -std=gnu11 -Wmissing-prototypes -Wstrict-prototypes -Wbad-function-cast -c -o "system\\src\\cmsis\\vectors_stm32f407xx.o" "..\\system\\src\\cmsis\\vectors_stm32f407xx.c" 
arm-none-eabi-gcc -mcpu=cortex-m4 -mthumb -mfloat-abi=hard -mfpu=fpv4-sp-d16 -Og -fmessage-length=0 -fsigned-char -ffunction-sections -fdata-sections -ffreestanding -fno-move-loop-invariants -Wunused -Wuninitialized -Wall -Wextra -Wmissing-declarations -Wconversion -Wpointer-arith -Wpadded -Wshadow -Wlogical-op -Waggregate-return -Wfloat-equal -g3 -DDEBUG -DUSE_FULL_ASSERT -DSTM32F407xx -DUSE_HAL_DRIVER -DHSE_VALUE=8000000 -I../include -I../system/include -I../system/include/cmsis -I../system/include/stm32f4-hal -std=gnu11 -Wmissing-prototypes -Wstrict-prototypes -Wbad-function-cast -Wno-bad-function-cast -Wno-conversion -Wno-sign-conversion -Wno-unused-parameter -Wno-sign-compare -Wno-missing-prototypes -Wno-missing-declarations -c -o "system\\src\\stm32f4-hal\\stm32f4xx_hal_adc_ex.o" "..\\system\\src\\stm32f4-hal\\stm32f4xx_hal_adc_ex.c" 
arm-none-eabi-gcc -mcpu=cortex-m4 -mthumb -mfloat-abi=hard -mfpu=fpv4-sp-d16 -Og -fmessage-length=0 -fsigned-char -ffunction-sections -fdata-sections -ffreestanding -fno-move-loop-invariants -Wunused -Wuninitialized -Wall -Wextra -Wmissing-declarations -Wconversion -Wpointer-arith -Wpadded -Wshadow -Wlogical-op -Waggregate-return -Wfloat-equal -g3 -DDEBUG -DUSE_FULL_ASSERT -DSTM32F407xx -DUSE_HAL_DRIVER -DHSE_VALUE=8000000 -I../include -I../system/include -I../system/include/cmsis -I../system/include/stm32f4-hal -std=gnu11 -Wmissing-prototypes -Wstrict-prototypes -Wbad-function-cast -Wno-bad-function-cast -Wno-conversion -Wno-sign-conversion -Wno-unused-parameter -Wno-sign-compare -Wno-missing-prototypes -Wno-missing-declarations -c -o "system\\src\\stm32f4-hal\\stm32f4xx_hal_i2c.o" "..\\system\\src\\stm32f4-hal\\stm32f4xx_hal_i2c.c" 
arm-none-eabi-g++ -mcpu=cortex-m4 -mthumb -mfloat-abi=hard -mfpu=fpv4-sp-d16 -Og -fmessage-length=0 -fsigned-char -ffunction-sections -fdata-sections -ffreestanding -fno-move-loop-invariants -Wunused -Wuninitialized -Wall -Wextra -Wmissing-declarations -Wconversion -Wpointer-arith -Wpadded -Wshadow -Wlogical-op -Waggregate-return -Wfloat-equal -g3 -DDEBUG -DUSE_FULL_ASSERT -DSTM32F407xx -DUSE_HAL_DRIVER -DHSE_VALUE=8000000 -I../include -I../system/include -I../system/include/cmsis -I../system/include/stm32f4-hal -std=gnu++11 -fabi-version=0 -fno-exceptions -fno-rtti -fno-use-cxa-atexit -fno-threadsafe-statics -Wabi -Wctor-dtor-privacy -Wnoexcept -Wnon-virtual-dtor -Wstrict-null-sentinel -Wsign-promo -c -o "src\\main.o" "..\\src\\main.cpp" 
In file included from ..\src\main.cpp:1:0:
../include/CActionHandler.h:34:23: warning: padding struct to align 'CActionHandler::mCompFilter' [-Wpadded]
  CComplementaryFilter mCompFilter;
                       ^
In file included from ../include/Cmotor_control.h:15:0,
                 from ../include/CSTMHardware.h:6,
                 from ..\src\main.cpp:4:
../include/Cpwm.h:29:9: warning: padding struct to align 'Cpwm::mTIM_CHANNEL_x' [-Wpadded]
  UInt32 mTIM_CHANNEL_x;
         ^
In file included from ../include/CSTMHardware.h:6:0,
                 from ..\src\main.cpp:4:
../include/Cmotor_control.h:18:7: warning: padding struct size to alignment boundary [-Wpadded]
 class Cmotor_control {
       ^
arm-none-eabi-gcc -mcpu=cortex-m4 -mthumb -mfloat-abi=hard -mfpu=fpv4-sp-d16 -Og -fmessage-length=0 -fsigned-char -ffunction-sections -fdata-sections -ffreestanding -fno-move-loop-invariants -Wunused -Wuninitialized -Wall -Wextra -Wmissing-declarations -Wconversion -Wpointer-arith -Wpadded -Wshadow -Wlogical-op -Waggregate-return -Wfloat-equal -g3 -DDEBUG -DUSE_FULL_ASSERT -DSTM32F407xx -DUSE_HAL_DRIVER -DHSE_VALUE=8000000 -I../include -I../system/include -I../system/include/cmsis -I../system/include/stm32f4-hal -std=gnu11 -Wmissing-prototypes -Wstrict-prototypes -Wbad-function-cast -Wno-bad-function-cast -Wno-conversion -Wno-sign-conversion -Wno-unused-parameter -Wno-sign-compare -Wno-missing-prototypes -Wno-missing-declarations -c -o "system\\src\\stm32f4-hal\\stm32f4xx_hal_gpio.o" "..\\system\\src\\stm32f4-hal\\stm32f4xx_hal_gpio.c" 
arm-none-eabi-gcc -mcpu=cortex-m4 -mthumb -mfloat-abi=hard -mfpu=fpv4-sp-d16 -Og -fmessage-length=0 -fsigned-char -ffunction-sections -fdata-sections -ffreestanding -fno-move-loop-invariants -Wunused -Wuninitialized -Wall -Wextra -Wmissing-declarations -Wconversion -Wpointer-arith -Wpadded -Wshadow -Wlogical-op -Waggregate-return -Wfloat-equal -g3 -DDEBUG -DUSE_FULL_ASSERT -DSTM32F407xx -DUSE_HAL_DRIVER -DHSE_VALUE=8000000 -I../include -I../system/include -I../system/include/cmsis -I../system/include/stm32f4-hal -std=gnu11 -Wmissing-prototypes -Wstrict-prototypes -Wbad-function-cast -Wno-bad-function-cast -Wno-conversion -Wno-sign-conversion -Wno-unused-parameter -Wno-sign-compare -Wno-missing-prototypes -Wno-missing-declarations -c -o "system\\src\\stm32f4-hal\\stm32f4xx_hal_i2c_ex.o" "..\\system\\src\\stm32f4-hal\\stm32f4xx_hal_i2c_ex.c" 
arm-none-eabi-g++ -mcpu=cortex-m4 -mthumb -mfloat-abi=hard -mfpu=fpv4-sp-d16 -Og -fmessage-length=0 -fsigned-char -ffunction-sections -fdata-sections -ffreestanding -fno-move-loop-invariants -Wunused -Wuninitialized -Wall -Wextra -Wmissing-declarations -Wconversion -Wpointer-arith -Wpadded -Wshadow -Wlogical-op -Waggregate-return -Wfloat-equal -g3 -DDEBUG -DUSE_FULL_ASSERT -DSTM32F407xx -DUSE_HAL_DRIVER -DHSE_VALUE=8000000 -I../include -I../system/include -I../system/include/cmsis -I../system/include/stm32f4-hal -std=gnu++11 -fabi-version=0 -fno-exceptions -fno-rtti -fno-use-cxa-atexit -fno-threadsafe-statics -Wabi -Wctor-dtor-privacy -Wnoexcept -Wnon-virtual-dtor -Wstrict-null-sentinel -Wsign-promo -c -o "src\\CLQR.o" "..\\src\\CLQR.cpp" 
arm-none-eabi-g++ -mcpu=cortex-m4 -mthumb -mfloat-abi=hard -mfpu=fpv4-sp-d16 -Og -fmessage-length=0 -fsigned-char -ffunction-sections -fdata-sections -ffreestanding -fno-move-loop-invariants -Wunused -Wuninitialized -Wall -Wextra -Wmissing-declarations -Wconversion -Wpointer-arith -Wpadded -Wshadow -Wlogical-op -Waggregate-return -Wfloat-equal -g3 -DDEBUG -DUSE_FULL_ASSERT -DSTM32F407xx -DUSE_HAL_DRIVER -DHSE_VALUE=8000000 -I../include -I../system/include -I../system/include/cmsis -I../system/include/stm32f4-hal -std=gnu++11 -fabi-version=0 -fno-exceptions -fno-rtti -fno-use-cxa-atexit -fno-threadsafe-statics -Wabi -Wctor-dtor-privacy -Wnoexcept -Wnon-virtual-dtor -Wstrict-null-sentinel -Wsign-promo -c -o "src\\CSensorEvaluation.o" "..\\src\\CSensorEvaluation.cpp" 
arm-none-eabi-gcc -mcpu=cortex-m4 -mthumb -mfloat-abi=hard -mfpu=fpv4-sp-d16 -Og -fmessage-length=0 -fsigned-char -ffunction-sections -fdata-sections -ffreestanding -fno-move-loop-invariants -Wunused -Wuninitialized -Wall -Wextra -Wmissing-declarations -Wconversion -Wpointer-arith -Wpadded -Wshadow -Wlogical-op -Waggregate-return -Wfloat-equal -g3 -DDEBUG -DUSE_FULL_ASSERT -DSTM32F407xx -DUSE_HAL_DRIVER -DHSE_VALUE=8000000 -I../include -I../system/include -I../system/include/cmsis -I../system/include/stm32f4-hal -std=gnu11 -Wmissing-prototypes -Wstrict-prototypes -Wbad-function-cast -Wno-bad-function-cast -Wno-conversion -Wno-sign-conversion -Wno-unused-parameter -Wno-sign-compare -Wno-missing-prototypes -Wno-missing-declarations -c -o "system\\src\\stm32f4-hal\\stm32f4xx_hal_pwr.o" "..\\system\\src\\stm32f4-hal\\stm32f4xx_hal_pwr.c" 
arm-none-eabi-gcc -mcpu=cortex-m4 -mthumb -mfloat-abi=hard -mfpu=fpv4-sp-d16 -Og -fmessage-length=0 -fsigned-char -ffunction-sections -fdata-sections -ffreestanding -fno-move-loop-invariants -Wunused -Wuninitialized -Wall -Wextra -Wmissing-declarations -Wconversion -Wpointer-arith -Wpadded -Wshadow -Wlogical-op -Waggregate-return -Wfloat-equal -g3 -DDEBUG -DUSE_FULL_ASSERT -DSTM32F407xx -DUSE_HAL_DRIVER -DHSE_VALUE=8000000 -I../include -I../system/include -I../system/include/cmsis -I../system/include/stm32f4-hal -std=gnu11 -Wmissing-prototypes -Wstrict-prototypes -Wbad-function-cast -c -o "src\\_write.o" "..\\src\\_write.c" 
arm-none-eabi-gcc -mcpu=cortex-m4 -mthumb -mfloat-abi=hard -mfpu=fpv4-sp-d16 -Og -fmessage-length=0 -fsigned-char -ffunction-sections -fdata-sections -ffreestanding -fno-move-loop-invariants -Wunused -Wuninitialized -Wall -Wextra -Wmissing-declarations -Wconversion -Wpointer-arith -Wpadded -Wshadow -Wlogical-op -Waggregate-return -Wfloat-equal -g3 -DDEBUG -DUSE_FULL_ASSERT -DSTM32F407xx -DUSE_HAL_DRIVER -DHSE_VALUE=8000000 -I../include -I../system/include -I../system/include/cmsis -I../system/include/stm32f4-hal -std=gnu11 -Wmissing-prototypes -Wstrict-prototypes -Wbad-function-cast -Wno-bad-function-cast -Wno-conversion -Wno-sign-conversion -Wno-unused-parameter -Wno-sign-compare -Wno-missing-prototypes -Wno-missing-declarations -c -o "system\\src\\stm32f4-hal\\stm32f4xx_hal_tim.o" "..\\system\\src\\stm32f4-hal\\stm32f4xx_hal_tim.c" 
arm-none-eabi-gcc -mcpu=cortex-m4 -mthumb -mfloat-abi=hard -mfpu=fpv4-sp-d16 -Og -fmessage-length=0 -fsigned-char -ffunction-sections -fdata-sections -ffreestanding -fno-move-loop-invariants -Wunused -Wuninitialized -Wall -Wextra -Wmissing-declarations -Wconversion -Wpointer-arith -Wpadded -Wshadow -Wlogical-op -Waggregate-return -Wfloat-equal -g3 -DDEBUG -DUSE_FULL_ASSERT -DSTM32F407xx -DUSE_HAL_DRIVER -DHSE_VALUE=8000000 -I../include -I../system/include -I../system/include/cmsis -I../system/include/stm32f4-hal -std=gnu11 -Wmissing-prototypes -Wstrict-prototypes -Wbad-function-cast -Wno-bad-function-cast -Wno-conversion -Wno-sign-conversion -Wno-unused-parameter -Wno-sign-compare -Wno-missing-prototypes -Wno-missing-declarations -c -o "system\\src\\stm32f4-hal\\stm32f4xx_hal_rcc.o" "..\\system\\src\\stm32f4-hal\\stm32f4xx_hal_rcc.c" 
arm-none-eabi-gcc -mcpu=cortex-m4 -mthumb -mfloat-abi=hard -mfpu=fpv4-sp-d16 -Og -fmessage-length=0 -fsigned-char -ffunction-sections -fdata-sections -ffreestanding -fno-move-loop-invariants -Wunused -Wuninitialized -Wall -Wextra -Wmissing-declarations -Wconversion -Wpointer-arith -Wpadded -Wshadow -Wlogical-op -Waggregate-return -Wfloat-equal -g3 -DDEBUG -DUSE_FULL_ASSERT -DSTM32F407xx -DUSE_HAL_DRIVER -DHSE_VALUE=8000000 -I../include -I../system/include -I../system/include/cmsis -I../system/include/stm32f4-hal -std=gnu11 -Wmissing-prototypes -Wstrict-prototypes -Wbad-function-cast -Wno-bad-function-cast -Wno-conversion -Wno-sign-conversion -Wno-unused-parameter -Wno-sign-compare -Wno-missing-prototypes -Wno-missing-declarations -c -o "system\\src\\stm32f4-hal\\stm32f4xx_hal_adc.o" "..\\system\\src\\stm32f4-hal\\stm32f4xx_hal_adc.c" 
arm-none-eabi-g++ -mcpu=cortex-m4 -mthumb -mfloat-abi=hard -mfpu=fpv4-sp-d16 -Og -fmessage-length=0 -fsigned-char -ffunction-sections -fdata-sections -ffreestanding -fno-move-loop-invariants -Wunused -Wuninitialized -Wall -Wextra -Wmissing-declarations -Wconversion -Wpointer-arith -Wpadded -Wshadow -Wlogical-op -Waggregate-return -Wfloat-equal -g3 -DDEBUG -DUSE_FULL_ASSERT -DSTM32F407xx -DUSE_HAL_DRIVER -DHSE_VALUE=8000000 -I../include -I../system/include -I../system/include/cmsis -I../system/include/stm32f4-hal -std=gnu++11 -fabi-version=0 -fno-exceptions -fno-rtti -fno-use-cxa-atexit -fno-threadsafe-statics -Wabi -Wctor-dtor-privacy -Wnoexcept -Wnon-virtual-dtor -Wstrict-null-sentinel -Wsign-promo -c -o "src\\CSensor.o" "..\\src\\CSensor.cpp" 
arm-none-eabi-gcc -mcpu=cortex-m4 -mthumb -mfloat-abi=hard -mfpu=fpv4-sp-d16 -Og -fmessage-length=0 -fsigned-char -ffunction-sections -fdata-sections -ffreestanding -fno-move-loop-invariants -Wunused -Wuninitialized -Wall -Wextra -Wmissing-declarations -Wconversion -Wpointer-arith -Wpadded -Wshadow -Wlogical-op -Waggregate-return -Wfloat-equal -g3 -DDEBUG -DUSE_FULL_ASSERT -DSTM32F407xx -DUSE_HAL_DRIVER -DHSE_VALUE=8000000 -I../include -I../system/include -I../system/include/cmsis -I../system/include/stm32f4-hal -std=gnu11 -Wmissing-prototypes -Wstrict-prototypes -Wbad-function-cast -c -o "system\\src\\cmsis\\system_stm32f4xx.o" "..\\system\\src\\cmsis\\system_stm32f4xx.c" 
arm-none-eabi-gcc -mcpu=cortex-m4 -mthumb -mfloat-abi=hard -mfpu=fpv4-sp-d16 -Og -fmessage-length=0 -fsigned-char -ffunction-sections -fdata-sections -ffreestanding -fno-move-loop-invariants -Wunused -Wuninitialized -Wall -Wextra -Wmissing-declarations -Wconversion -Wpointer-arith -Wpadded -Wshadow -Wlogical-op -Waggregate-return -Wfloat-equal -g3 -DDEBUG -DUSE_FULL_ASSERT -DSTM32F407xx -DUSE_HAL_DRIVER -DHSE_VALUE=8000000 -I../include -I../system/include -I../system/include/cmsis -I../system/include/stm32f4-hal -std=gnu11 -Wmissing-prototypes -Wstrict-prototypes -Wbad-function-cast -c -o "system\\src\\newlib\\assert.o" "..\\system\\src\\newlib\\assert.c" 
arm-none-eabi-gcc -mcpu=cortex-m4 -mthumb -mfloat-abi=hard -mfpu=fpv4-sp-d16 -Og -fmessage-length=0 -fsigned-char -ffunction-sections -fdata-sections -ffreestanding -fno-move-loop-invariants -Wunused -Wuninitialized -Wall -Wextra -Wmissing-declarations -Wconversion -Wpointer-arith -Wpadded -Wshadow -Wlogical-op -Waggregate-return -Wfloat-equal -g3 -DDEBUG -DUSE_FULL_ASSERT -DSTM32F407xx -DUSE_HAL_DRIVER -DHSE_VALUE=8000000 -I../include -I../system/include -I../system/include/cmsis -I../system/include/stm32f4-hal -std=gnu11 -Wmissing-prototypes -Wstrict-prototypes -Wbad-function-cast -Wno-missing-prototypes -Wno-missing-declarations -c -o "src\\stm32f4xx_hal_msp.o" "..\\src\\stm32f4xx_hal_msp.c" 
arm-none-eabi-gcc -mcpu=cortex-m4 -mthumb -mfloat-abi=hard -mfpu=fpv4-sp-d16 -Og -fmessage-length=0 -fsigned-char -ffunction-sections -fdata-sections -ffreestanding -fno-move-loop-invariants -Wunused -Wuninitialized -Wall -Wextra -Wmissing-declarations -Wconversion -Wpointer-arith -Wpadded -Wshadow -Wlogical-op -Waggregate-return -Wfloat-equal -g3 -DDEBUG -DUSE_FULL_ASSERT -DSTM32F407xx -DUSE_HAL_DRIVER -DHSE_VALUE=8000000 -I../include -I../system/include -I../system/include/cmsis -I../system/include/stm32f4-hal -std=gnu11 -Wmissing-prototypes -Wstrict-prototypes -Wbad-function-cast -Wno-bad-function-cast -Wno-conversion -Wno-sign-conversion -Wno-unused-parameter -Wno-sign-compare -Wno-missing-prototypes -Wno-missing-declarations -c -o "system\\src\\stm32f4-hal\\stm32f4xx_hal_tim_ex.o" "..\\system\\src\\stm32f4-hal\\stm32f4xx_hal_tim_ex.c" 
arm-none-eabi-gcc -mcpu=cortex-m4 -mthumb -mfloat-abi=hard -mfpu=fpv4-sp-d16 -Og -fmessage-length=0 -fsigned-char -ffunction-sections -fdata-sections -ffreestanding -fno-move-loop-invariants -Wunused -Wuninitialized -Wall -Wextra -Wmissing-declarations -Wconversion -Wpointer-arith -Wpadded -Wshadow -Wlogical-op -Waggregate-return -Wfloat-equal -g3 -DDEBUG -DUSE_FULL_ASSERT -DSTM32F407xx -DUSE_HAL_DRIVER -DHSE_VALUE=8000000 -I../include -I../system/include -I../system/include/cmsis -I../system/include/stm32f4-hal -std=gnu11 -Wmissing-prototypes -Wstrict-prototypes -Wbad-function-cast -Wno-bad-function-cast -Wno-conversion -Wno-sign-conversion -Wno-unused-parameter -Wno-sign-compare -Wno-missing-prototypes -Wno-missing-declarations -c -o "system\\src\\stm32f4-hal\\stm32f4xx_hal_iwdg.o" "..\\system\\src\\stm32f4-hal\\stm32f4xx_hal_iwdg.c" 
arm-none-eabi-gcc -mcpu=cortex-m4 -mthumb -mfloat-abi=hard -mfpu=fpv4-sp-d16 -Og -fmessage-length=0 -fsigned-char -ffunction-sections -fdata-sections -ffreestanding -fno-move-loop-invariants -Wunused -Wuninitialized -Wall -Wextra -Wmissing-declarations -Wconversion -Wpointer-arith -Wpadded -Wshadow -Wlogical-op -Waggregate-return -Wfloat-equal -g3 -DDEBUG -DUSE_FULL_ASSERT -DSTM32F407xx -DUSE_HAL_DRIVER -DHSE_VALUE=8000000 -I../include -I../system/include -I../system/include/cmsis -I../system/include/stm32f4-hal -std=gnu11 -Wmissing-prototypes -Wstrict-prototypes -Wbad-function-cast -c -o "system\\src\\diag\\trace_impl.o" "..\\system\\src\\diag\\trace_impl.c" 
arm-none-eabi-gcc -mcpu=cortex-m4 -mthumb -mfloat-abi=hard -mfpu=fpv4-sp-d16 -Og -fmessage-length=0 -fsigned-char -ffunction-sections -fdata-sections -ffreestanding -fno-move-loop-invariants -Wunused -Wuninitialized -Wall -Wextra -Wmissing-declarations -Wconversion -Wpointer-arith -Wpadded -Wshadow -Wlogical-op -Waggregate-return -Wfloat-equal -g3 -DDEBUG -DUSE_FULL_ASSERT -DSTM32F407xx -DUSE_HAL_DRIVER -DHSE_VALUE=8000000 -I../include -I../system/include -I../system/include/cmsis -I../system/include/stm32f4-hal -std=gnu11 -Wmissing-prototypes -Wstrict-prototypes -Wbad-function-cast -c -o "system\\src\\newlib\\_exit.o" "..\\system\\src\\newlib\\_exit.c" 
arm-none-eabi-gcc -mcpu=cortex-m4 -mthumb -mfloat-abi=hard -mfpu=fpv4-sp-d16 -Og -fmessage-length=0 -fsigned-char -ffunction-sections -fdata-sections -ffreestanding -fno-move-loop-invariants -Wunused -Wuninitialized -Wall -Wextra -Wmissing-declarations -Wconversion -Wpointer-arith -Wpadded -Wshadow -Wlogical-op -Waggregate-return -Wfloat-equal -g3 -DDEBUG -DUSE_FULL_ASSERT -DSTM32F407xx -DUSE_HAL_DRIVER -DHSE_VALUE=8000000 -I../include -I../system/include -I../system/include/cmsis -I../system/include/stm32f4-hal -std=gnu11 -Wmissing-prototypes -Wstrict-prototypes -Wbad-function-cast -Wno-bad-function-cast -Wno-conversion -Wno-sign-conversion -Wno-unused-parameter -Wno-sign-compare -Wno-missing-prototypes -Wno-missing-declarations -c -o "system\\src\\stm32f4-hal\\stm32f4xx_hal.o" "..\\system\\src\\stm32f4-hal\\stm32f4xx_hal.c" 
arm-none-eabi-gcc -mcpu=cortex-m4 -mthumb -mfloat-abi=hard -mfpu=fpv4-sp-d16 -Og -fmessage-length=0 -fsigned-char -ffunction-sections -fdata-sections -ffreestanding -fno-move-loop-invariants -Wunused -Wuninitialized -Wall -Wextra -Wmissing-declarations -Wconversion -Wpointer-arith -Wpadded -Wshadow -Wlogical-op -Waggregate-return -Wfloat-equal -g3 -DDEBUG -DUSE_FULL_ASSERT -DSTM32F407xx -DUSE_HAL_DRIVER -DHSE_VALUE=8000000 -I../include -I../system/include -I../system/include/cmsis -I../system/include/stm32f4-hal -std=gnu11 -Wmissing-prototypes -Wstrict-prototypes -Wbad-function-cast -c -o "system\\src\\cortexm\\exception_handlers.o" "..\\system\\src\\cortexm\\exception_handlers.c" 
arm-none-eabi-gcc -mcpu=cortex-m4 -mthumb -mfloat-abi=hard -mfpu=fpv4-sp-d16 -Og -fmessage-length=0 -fsigned-char -ffunction-sections -fdata-sections -ffreestanding -fno-move-loop-invariants -Wunused -Wuninitialized -Wall -Wextra -Wmissing-declarations -Wconversion -Wpointer-arith -Wpadded -Wshadow -Wlogical-op -Waggregate-return -Wfloat-equal -g3 -DDEBUG -DUSE_FULL_ASSERT -DSTM32F407xx -DUSE_HAL_DRIVER -DHSE_VALUE=8000000 -I../include -I../system/include -I../system/include/cmsis -I../system/include/stm32f4-hal -std=gnu11 -Wmissing-prototypes -Wstrict-prototypes -Wbad-function-cast -c -o "system\\src\\diag\\Trace.o" "..\\system\\src\\diag\\Trace.c" 
arm-none-eabi-g++ -mcpu=cortex-m4 -mthumb -mfloat-abi=hard -mfpu=fpv4-sp-d16 -Og -fmessage-length=0 -fsigned-char -ffunction-sections -fdata-sections -ffreestanding -fno-move-loop-invariants -Wunused -Wuninitialized -Wall -Wextra -Wmissing-declarations -Wconversion -Wpointer-arith -Wpadded -Wshadow -Wlogical-op -Waggregate-return -Wfloat-equal -g3 -DDEBUG -DUSE_FULL_ASSERT -DSTM32F407xx -DUSE_HAL_DRIVER -DHSE_VALUE=8000000 -I../include -I../system/include -I../system/include/cmsis -I../system/include/stm32f4-hal -std=gnu++11 -fabi-version=0 -fno-exceptions -fno-rtti -fno-use-cxa-atexit -fno-threadsafe-statics -Wabi -Wctor-dtor-privacy -Wnoexcept -Wnon-virtual-dtor -Wstrict-null-sentinel -Wsign-promo -c -o "src\\CComplementaryFilter.o" "..\\src\\CComplementaryFilter.cpp" 
arm-none-eabi-gcc -mcpu=cortex-m4 -mthumb -mfloat-abi=hard -mfpu=fpv4-sp-d16 -Og -fmessage-length=0 -fsigned-char -ffunction-sections -fdata-sections -ffreestanding -fno-move-loop-invariants -Wunused -Wuninitialized -Wall -Wextra -Wmissing-declarations -Wconversion -Wpointer-arith -Wpadded -Wshadow -Wlogical-op -Waggregate-return -Wfloat-equal -g3 -DDEBUG -DUSE_FULL_ASSERT -DSTM32F407xx -DUSE_HAL_DRIVER -DHSE_VALUE=8000000 -I../include -I../system/include -I../system/include/cmsis -I../system/include/stm32f4-hal -std=gnu11 -Wmissing-prototypes -Wstrict-prototypes -Wbad-function-cast -c -o "system\\src\\cortexm\\_initialize_hardware.o" "..\\system\\src\\cortexm\\_initialize_hardware.c" 
arm-none-eabi-gcc -mcpu=cortex-m4 -mthumb -mfloat-abi=hard -mfpu=fpv4-sp-d16 -Og -fmessage-length=0 -fsigned-char -ffunction-sections -fdata-sections -ffreestanding -fno-move-loop-invariants -Wunused -Wuninitialized -Wall -Wextra -Wmissing-declarations -Wconversion -Wpointer-arith -Wpadded -Wshadow -Wlogical-op -Waggregate-return -Wfloat-equal -g3 -DDEBUG -DUSE_FULL_ASSERT -DSTM32F407xx -DUSE_HAL_DRIVER -DHSE_VALUE=8000000 -I../include -I../system/include -I../system/include/cmsis -I../system/include/stm32f4-hal -std=gnu11 -Wmissing-prototypes -Wstrict-prototypes -Wbad-function-cast -c -o "system\\src\\newlib\\_syscalls.o" "..\\system\\src\\newlib\\_syscalls.c" 
arm-none-eabi-g++ -mcpu=cortex-m4 -mthumb -mfloat-abi=hard -mfpu=fpv4-sp-d16 -Og -fmessage-length=0 -fsigned-char -ffunction-sections -fdata-sections -ffreestanding -fno-move-loop-invariants -Wunused -Wuninitialized -Wall -Wextra -Wmissing-declarations -Wconversion -Wpointer-arith -Wpadded -Wshadow -Wlogical-op -Waggregate-return -Wfloat-equal -g3 -DDEBUG -DUSE_FULL_ASSERT -DSTM32F407xx -DUSE_HAL_DRIVER -DHSE_VALUE=8000000 -I../include -I../system/include -I../system/include/cmsis -I../system/include/stm32f4-hal -std=gnu++11 -fabi-version=0 -fno-exceptions -fno-rtti -fno-use-cxa-atexit -fno-threadsafe-statics -Wabi -Wctor-dtor-privacy -Wnoexcept -Wnon-virtual-dtor -Wstrict-null-sentinel -Wsign-promo -c -o "system\\src\\newlib\\_cxx.o" "..\\system\\src\\newlib\\_cxx.cpp" 
arm-none-eabi-g++ -mcpu=cortex-m4 -mthumb -mfloat-abi=hard -mfpu=fpv4-sp-d16 -Og -fmessage-length=0 -fsigned-char -ffunction-sections -fdata-sections -ffreestanding -fno-move-loop-invariants -Wunused -Wuninitialized -Wall -Wextra -Wmissing-declarations -Wconversion -Wpointer-arith -Wpadded -Wshadow -Wlogical-op -Waggregate-return -Wfloat-equal -g3 -DDEBUG -DUSE_FULL_ASSERT -DSTM32F407xx -DUSE_HAL_DRIVER -DHSE_VALUE=8000000 -I../include -I../system/include -I../system/include/cmsis -I../system/include/stm32f4-hal -std=gnu++11 -fabi-version=0 -fno-exceptions -fno-rtti -fno-use-cxa-atexit -fno-threadsafe-statics -Wabi -Wctor-dtor-privacy -Wnoexcept -Wnon-virtual-dtor -Wstrict-null-sentinel -Wsign-promo -c -o "src\\CMPU6050.o" "..\\src\\CMPU6050.cpp" 
..\src\CMPU6050.cpp: In constructor 'CMPU6050::CMPU6050(bool, I2C_HandleTypeDef&)':
..\src\CMPU6050.cpp:30:18: warning: conversion to 'UInt8 {aka unsigned char}' from 'int' may alter its value [-Wconversion]
   mDeviceAddress = mDeviceAddress + static_cast<UInt8>(2U);
                  ^
arm-none-eabi-gcc -mcpu=cortex-m4 -mthumb -mfloat-abi=hard -mfpu=fpv4-sp-d16 -Og -fmessage-length=0 -fsigned-char -ffunction-sections -fdata-sections -ffreestanding -fno-move-loop-invariants -Wunused -Wuninitialized -Wall -Wextra -Wmissing-declarations -Wconversion -Wpointer-arith -Wpadded -Wshadow -Wlogical-op -Waggregate-return -Wfloat-equal -g3 -DDEBUG -DUSE_FULL_ASSERT -DSTM32F407xx -DUSE_HAL_DRIVER -DHSE_VALUE=8000000 -I../include -I../system/include -I../system/include/cmsis -I../system/include/stm32f4-hal -std=gnu11 -Wmissing-prototypes -Wstrict-prototypes -Wbad-function-cast -Wno-bad-function-cast -Wno-conversion -Wno-sign-conversion -Wno-unused-parameter -Wno-sign-compare -Wno-missing-prototypes -Wno-missing-declarations -c -o "system\\src\\stm32f4-hal\\stm32f4xx_hal_cortex.o" "..\\system\\src\\stm32f4-hal\\stm32f4xx_hal_cortex.c" 
arm-none-eabi-gcc -mcpu=cortex-m4 -mthumb -mfloat-abi=hard -mfpu=fpv4-sp-d16 -Og -fmessage-length=0 -fsigned-char -ffunction-sections -fdata-sections -ffreestanding -fno-move-loop-invariants -Wunused -Wuninitialized -Wall -Wextra -Wmissing-declarations -Wconversion -Wpointer-arith -Wpadded -Wshadow -Wlogical-op -Waggregate-return -Wfloat-equal -g3 -DDEBUG -DUSE_FULL_ASSERT -DSTM32F407xx -DUSE_HAL_DRIVER -DHSE_VALUE=8000000 -I../include -I../system/include -I../system/include/cmsis -I../system/include/stm32f4-hal -std=gnu11 -Wmissing-prototypes -Wstrict-prototypes -Wbad-function-cast -Wno-bad-function-cast -Wno-conversion -Wno-sign-conversion -Wno-unused-parameter -Wno-sign-compare -Wno-missing-prototypes -Wno-missing-declarations -c -o "system\\src\\stm32f4-hal\\stm32f4xx_hal_flash.o" "..\\system\\src\\stm32f4-hal\\stm32f4xx_hal_flash.c" 
arm-none-eabi-gcc -mcpu=cortex-m4 -mthumb -mfloat-abi=hard -mfpu=fpv4-sp-d16 -Og -fmessage-length=0 -fsigned-char -ffunction-sections -fdata-sections -ffreestanding -fno-move-loop-invariants -Wunused -Wuninitialized -Wall -Wextra -Wmissing-declarations -Wconversion -Wpointer-arith -Wpadded -Wshadow -Wlogical-op -Waggregate-return -Wfloat-equal -g3 -DDEBUG -DUSE_FULL_ASSERT -DSTM32F407xx -DUSE_HAL_DRIVER -DHSE_VALUE=8000000 -DOS_INCLUDE_STARTUP_INIT_MULTIPLE_RAM_SECTIONS -I../include -I../system/include -I../system/include/cmsis -I../system/include/stm32f4-hal -std=gnu11 -Wmissing-prototypes -Wstrict-prototypes -Wbad-function-cast -c -o "system\\src\\newlib\\_startup.o" "..\\system\\src\\newlib\\_startup.c" 
arm-none-eabi-g++ -mcpu=cortex-m4 -mthumb -mfloat-abi=hard -mfpu=fpv4-sp-d16 -Og -fmessage-length=0 -fsigned-char -ffunction-sections -fdata-sections -ffreestanding -fno-move-loop-invariants -Wunused -Wuninitialized -Wall -Wextra -Wmissing-declarations -Wconversion -Wpointer-arith -Wpadded -Wshadow -Wlogical-op -Waggregate-return -Wfloat-equal -g3 -T mem.ld -T libs.ld -T sections.ld -nostartfiles -Xlinker --gc-sections -L../ldscripts -Wl,-Map,CuBa_1D_JumpUpControl.map --specs=nano.specs -o CuBa_1D_JumpUpControl.elf "src\\CActionHandler.o" "src\\CAdc.o" "src\\CComplementaryFilter.o" "src\\CLQR.o" "src\\CMPU6050.o" "src\\CSTMHardware.o" "src\\CSensor.o" "src\\CSensorEvaluation.o" "src\\Cmotor_control.o" "src\\Cpwm.o" "src\\Cservo_control.o" "src\\_initialize_hardware.o" "src\\_write.o" "src\\main.o" "src\\stm32f4xx_hal_msp.o" "system\\src\\cmsis\\system_stm32f4xx.o" "system\\src\\cmsis\\vectors_stm32f407xx.o" "system\\src\\cortexm\\_initialize_hardware.o" "system\\src\\cortexm\\_reset_hardware.o" "system\\src\\cortexm\\exception_handlers.o" "system\\src\\diag\\Trace.o" "system\\src\\diag\\trace_impl.o" "system\\src\\newlib\\_cxx.o" "system\\src\\newlib\\_exit.o" "system\\src\\newlib\\_sbrk.o" "system\\src\\newlib\\_startup.o" "system\\src\\newlib\\_syscalls.o" "system\\src\\newlib\\assert.o" "system\\src\\stm32f4-hal\\stm32f4xx_hal.o" "system\\src\\stm32f4-hal\\stm32f4xx_hal_adc.o" "system\\src\\stm32f4-hal\\stm32f4xx_hal_adc_ex.o" "system\\src\\stm32f4-hal\\stm32f4xx_hal_cortex.o" "system\\src\\stm32f4-hal\\stm32f4xx_hal_flash.o" "system\\src\\stm32f4-hal\\stm32f4xx_hal_gpio.o" "system\\src\\stm32f4-hal\\stm32f4xx_hal_i2c.o" "system\\src\\stm32f4-hal\\stm32f4xx_hal_i2c_ex.o" "system\\src\\stm32f4-hal\\stm32f4xx_hal_iwdg.o" "system\\src\\stm32f4-hal\\stm32f4xx_hal_pwr.o" "system\\src\\stm32f4-hal\\stm32f4xx_hal_rcc.o" "system\\src\\stm32f4-hal\\stm32f4xx_hal_tim.o" "system\\src\\stm32f4-hal\\stm32f4xx_hal_tim_ex.o" 
arm-none-eabi-size --format=berkeley CuBa_1D_JumpUpControl.elf 
   text	   data	    bss	    dec	    hex	filename
  16334	    160	    288	  16782	   418e	CuBa_1D_JumpUpControl.elf
arm-none-eabi-objcopy -O ihex CuBa_1D_JumpUpControl.elf CuBa_1D_JumpUpControl.hex 
Info: Nothing to build for CuBa_1D_JumpUpControl
16:04:27 **** Incremental Build of configuration Debug for project CuBa_1D_JumpUpControl ****
Info: Internal Builder is used for build
arm-none-eabi-g++ -mcpu=cortex-m4 -mthumb -mfloat-abi=hard -mfpu=fpv4-sp-d16 -Og -fmessage-length=0 -fsigned-char -ffunction-sections -fdata-sections -ffreestanding -fno-move-loop-invariants -Wunused -Wuninitialized -Wall -Wextra -Wmissing-declarations -Wconversion -Wpointer-arith -Wpadded -Wshadow -Wlogical-op -Waggregate-return -Wfloat-equal -g3 -DDEBUG -DUSE_FULL_ASSERT -DSTM32F407xx -DUSE_HAL_DRIVER -DHSE_VALUE=8000000 -I../include -I../system/include -I../system/include/cmsis -I../system/include/stm32f4-hal -std=gnu++11 -fabi-version=0 -fno-exceptions -fno-rtti -fno-use-cxa-atexit -fno-threadsafe-statics -Wabi -Wctor-dtor-privacy -Wnoexcept -Wnon-virtual-dtor -Wstrict-null-sentinel -Wsign-promo -c -o "src\\main.o" "..\\src\\main.cpp" 
In file included from ..\src\main.cpp:1:0:
../include/CActionHandler.h:34:23: warning: padding struct to align 'CActionHandler::mCompFilter' [-Wpadded]
  CComplementaryFilter mCompFilter;
                       ^
In file included from ../include/Cmotor_control.h:15:0,
                 from ../include/CSTMHardware.h:6,
                 from ..\src\main.cpp:4:
../include/Cpwm.h:29:9: warning: padding struct to align 'Cpwm::mTIM_CHANNEL_x' [-Wpadded]
  UInt32 mTIM_CHANNEL_x;
         ^
In file included from ../include/CSTMHardware.h:6:0,
                 from ..\src\main.cpp:4:
../include/Cmotor_control.h:18:7: warning: padding struct size to alignment boundary [-Wpadded]
 class Cmotor_control {
       ^
arm-none-eabi-g++ -mcpu=cortex-m4 -mthumb -mfloat-abi=hard -mfpu=fpv4-sp-d16 -Og -fmessage-length=0 -fsigned-char -ffunction-sections -fdata-sections -ffreestanding -fno-move-loop-invariants -Wunused -Wuninitialized -Wall -Wextra -Wmissing-declarations -Wconversion -Wpointer-arith -Wpadded -Wshadow -Wlogical-op -Waggregate-return -Wfloat-equal -g3 -DDEBUG -DUSE_FULL_ASSERT -DSTM32F407xx -DUSE_HAL_DRIVER -DHSE_VALUE=8000000 -I../include -I../system/include -I../system/include/cmsis -I../system/include/stm32f4-hal -std=gnu++11 -fabi-version=0 -fno-exceptions -fno-rtti -fno-use-cxa-atexit -fno-threadsafe-statics -Wabi -Wctor-dtor-privacy -Wnoexcept -Wnon-virtual-dtor -Wstrict-null-sentinel -Wsign-promo -c -o "src\\CLQR.o" "..\\src\\CLQR.cpp" 
arm-none-eabi-g++ -mcpu=cortex-m4 -mthumb -mfloat-abi=hard -mfpu=fpv4-sp-d16 -Og -fmessage-length=0 -fsigned-char -ffunction-sections -fdata-sections -ffreestanding -fno-move-loop-invariants -Wunused -Wuninitialized -Wall -Wextra -Wmissing-declarations -Wconversion -Wpointer-arith -Wpadded -Wshadow -Wlogical-op -Waggregate-return -Wfloat-equal -g3 -DDEBUG -DUSE_FULL_ASSERT -DSTM32F407xx -DUSE_HAL_DRIVER -DHSE_VALUE=8000000 -I../include -I../system/include -I../system/include/cmsis -I../system/include/stm32f4-hal -std=gnu++11 -fabi-version=0 -fno-exceptions -fno-rtti -fno-use-cxa-atexit -fno-threadsafe-statics -Wabi -Wctor-dtor-privacy -Wnoexcept -Wnon-virtual-dtor -Wstrict-null-sentinel -Wsign-promo -c -o "src\\CActionHandler.o" "..\\src\\CActionHandler.cpp" 
In file included from ..\src\CActionHandler.cpp:3:0:
../include/CActionHandler.h:34:23: warning: padding struct to align 'CActionHandler::mCompFilter' [-Wpadded]
  CComplementaryFilter mCompFilter;
                       ^
arm-none-eabi-g++ -mcpu=cortex-m4 -mthumb -mfloat-abi=hard -mfpu=fpv4-sp-d16 -Og -fmessage-length=0 -fsigned-char -ffunction-sections -fdata-sections -ffreestanding -fno-move-loop-invariants -Wunused -Wuninitialized -Wall -Wextra -Wmissing-declarations -Wconversion -Wpointer-arith -Wpadded -Wshadow -Wlogical-op -Waggregate-return -Wfloat-equal -g3 -DDEBUG -DUSE_FULL_ASSERT -DSTM32F407xx -DUSE_HAL_DRIVER -DHSE_VALUE=8000000 -I../include -I../system/include -I../system/include/cmsis -I../system/include/stm32f4-hal -std=gnu++11 -fabi-version=0 -fno-exceptions -fno-rtti -fno-use-cxa-atexit -fno-threadsafe-statics -Wabi -Wctor-dtor-privacy -Wnoexcept -Wnon-virtual-dtor -Wstrict-null-sentinel -Wsign-promo -c -o "src\\CSensorEvaluation.o" "..\\src\\CSensorEvaluation.cpp" 
arm-none-eabi-g++ -mcpu=cortex-m4 -mthumb -mfloat-abi=hard -mfpu=fpv4-sp-d16 -Og -fmessage-length=0 -fsigned-char -ffunction-sections -fdata-sections -ffreestanding -fno-move-loop-invariants -Wunused -Wuninitialized -Wall -Wextra -Wmissing-declarations -Wconversion -Wpointer-arith -Wpadded -Wshadow -Wlogical-op -Waggregate-return -Wfloat-equal -g3 -DDEBUG -DUSE_FULL_ASSERT -DSTM32F407xx -DUSE_HAL_DRIVER -DHSE_VALUE=8000000 -I../include -I../system/include -I../system/include/cmsis -I../system/include/stm32f4-hal -std=gnu++11 -fabi-version=0 -fno-exceptions -fno-rtti -fno-use-cxa-atexit -fno-threadsafe-statics -Wabi -Wctor-dtor-privacy -Wnoexcept -Wnon-virtual-dtor -Wstrict-null-sentinel -Wsign-promo -c -o "src\\CComplementaryFilter.o" "..\\src\\CComplementaryFilter.cpp" 
arm-none-eabi-g++ -mcpu=cortex-m4 -mthumb -mfloat-abi=hard -mfpu=fpv4-sp-d16 -Og -fmessage-length=0 -fsigned-char -ffunction-sections -fdata-sections -ffreestanding -fno-move-loop-invariants -Wunused -Wuninitialized -Wall -Wextra -Wmissing-declarations -Wconversion -Wpointer-arith -Wpadded -Wshadow -Wlogical-op -Waggregate-return -Wfloat-equal -g3 -T mem.ld -T libs.ld -T sections.ld -nostartfiles -Xlinker --gc-sections -L../ldscripts -Wl,-Map,CuBa_1D_JumpUpControl.map --specs=nano.specs -o CuBa_1D_JumpUpControl.elf "src\\CActionHandler.o" "src\\CAdc.o" "src\\CComplementaryFilter.o" "src\\CLQR.o" "src\\CMPU6050.o" "src\\CSTMHardware.o" "src\\CSensor.o" "src\\CSensorEvaluation.o" "src\\Cmotor_control.o" "src\\Cpwm.o" "src\\Cservo_control.o" "src\\_initialize_hardware.o" "src\\_write.o" "src\\main.o" "src\\stm32f4xx_hal_msp.o" "system\\src\\cmsis\\system_stm32f4xx.o" "system\\src\\cmsis\\vectors_stm32f407xx.o" "system\\src\\cortexm\\_initialize_hardware.o" "system\\src\\cortexm\\_reset_hardware.o" "system\\src\\cortexm\\exception_handlers.o" "system\\src\\diag\\Trace.o" "system\\src\\diag\\trace_impl.o" "system\\src\\newlib\\_cxx.o" "system\\src\\newlib\\_exit.o" "system\\src\\newlib\\_sbrk.o" "system\\src\\newlib\\_startup.o" "system\\src\\newlib\\_syscalls.o" "system\\src\\newlib\\assert.o" "system\\src\\stm32f4-hal\\stm32f4xx_hal.o" "system\\src\\stm32f4-hal\\stm32f4xx_hal_adc.o" "system\\src\\stm32f4-hal\\stm32f4xx_hal_adc_ex.o" "system\\src\\stm32f4-hal\\stm32f4xx_hal_cortex.o" "system\\src\\stm32f4-hal\\stm32f4xx_hal_flash.o" "system\\src\\stm32f4-hal\\stm32f4xx_hal_gpio.o" "system\\src\\stm32f4-hal\\stm32f4xx_hal_i2c.o" "system\\src\\stm32f4-hal\\stm32f4xx_hal_i2c_ex.o" "system\\src\\stm32f4-hal\\stm32f4xx_hal_iwdg.o" "system\\src\\stm32f4-hal\\stm32f4xx_hal_pwr.o" "system\\src\\stm32f4-hal\\stm32f4xx_hal_rcc.o" "system\\src\\stm32f4-hal\\stm32f4xx_hal_tim.o" "system\\src\\stm32f4-hal\\stm32f4xx_hal_tim_ex.o" 
Info: Nothing to build for CuBa_1D_JumpUpControl
16:07:47 **** Incremental Build of configuration Debug for project CuBa_1D_JumpUpControl ****
Info: Internal Builder is used for build
arm-none-eabi-g++ -mcpu=cortex-m4 -mthumb -mfloat-abi=hard -mfpu=fpv4-sp-d16 -Og -fmessage-length=0 -fsigned-char -ffunction-sections -fdata-sections -ffreestanding -fno-move-loop-invariants -Wunused -Wuninitialized -Wall -Wextra -Wmissing-declarations -Wconversion -Wpointer-arith -Wpadded -Wshadow -Wlogical-op -Waggregate-return -Wfloat-equal -g3 -DDEBUG -DUSE_FULL_ASSERT -DSTM32F407xx -DUSE_HAL_DRIVER -DHSE_VALUE=8000000 -I../include -I../system/include -I../system/include/cmsis -I../system/include/stm32f4-hal -std=gnu++11 -fabi-version=0 -fno-exceptions -fno-rtti -fno-use-cxa-atexit -fno-threadsafe-statics -Wabi -Wctor-dtor-privacy -Wnoexcept -Wnon-virtual-dtor -Wstrict-null-sentinel -Wsign-promo -c -o "src\\CActionHandler.o" "..\\src\\CActionHandler.cpp" 
In file included from ..\src\CActionHandler.cpp:3:0:
../include/CActionHandler.h:34:23: warning: padding struct to align 'CActionHandler::mCompFilter' [-Wpadded]
  CComplementaryFilter mCompFilter;
                       ^
arm-none-eabi-g++ -mcpu=cortex-m4 -mthumb -mfloat-abi=hard -mfpu=fpv4-sp-d16 -Og -fmessage-length=0 -fsigned-char -ffunction-sections -fdata-sections -ffreestanding -fno-move-loop-invariants -Wunused -Wuninitialized -Wall -Wextra -Wmissing-declarations -Wconversion -Wpointer-arith -Wpadded -Wshadow -Wlogical-op -Waggregate-return -Wfloat-equal -g3 -T mem.ld -T libs.ld -T sections.ld -nostartfiles -Xlinker --gc-sections -L../ldscripts -Wl,-Map,CuBa_1D_JumpUpControl.map --specs=nano.specs -o CuBa_1D_JumpUpControl.elf "src\\CActionHandler.o" "src\\CAdc.o" "src\\CComplementaryFilter.o" "src\\CLQR.o" "src\\CMPU6050.o" "src\\CSTMHardware.o" "src\\CSensor.o" "src\\CSensorEvaluation.o" "src\\Cmotor_control.o" "src\\Cpwm.o" "src\\Cservo_control.o" "src\\_initialize_hardware.o" "src\\_write.o" "src\\main.o" "src\\stm32f4xx_hal_msp.o" "system\\src\\cmsis\\system_stm32f4xx.o" "system\\src\\cmsis\\vectors_stm32f407xx.o" "system\\src\\cortexm\\_initialize_hardware.o" "system\\src\\cortexm\\_reset_hardware.o" "system\\src\\cortexm\\exception_handlers.o" "system\\src\\diag\\Trace.o" "system\\src\\diag\\trace_impl.o" "system\\src\\newlib\\_cxx.o" "system\\src\\newlib\\_exit.o" "system\\src\\newlib\\_sbrk.o" "system\\src\\newlib\\_startup.o" "system\\src\\newlib\\_syscalls.o" "system\\src\\newlib\\assert.o" "system\\src\\stm32f4-hal\\stm32f4xx_hal.o" "system\\src\\stm32f4-hal\\stm32f4xx_hal_adc.o" "system\\src\\stm32f4-hal\\stm32f4xx_hal_adc_ex.o" "system\\src\\stm32f4-hal\\stm32f4xx_hal_cortex.o" "system\\src\\stm32f4-hal\\stm32f4xx_hal_flash.o" "system\\src\\stm32f4-hal\\stm32f4xx_hal_gpio.o" "system\\src\\stm32f4-hal\\stm32f4xx_hal_i2c.o" "system\\src\\stm32f4-hal\\stm32f4xx_hal_i2c_ex.o" "system\\src\\stm32f4-hal\\stm32f4xx_hal_iwdg.o" "system\\src\\stm32f4-hal\\stm32f4xx_hal_pwr.o" "system\\src\\stm32f4-hal\\stm32f4xx_hal_rcc.o" "system\\src\\stm32f4-hal\\stm32f4xx_hal_tim.o" "system\\src\\stm32f4-hal\\stm32f4xx_hal_tim_ex.o" 
Info: Nothing to build for CuBa_1D_JumpUpControl
16:11:08 **** Incremental Build of configuration Debug for project CuBa_1D_JumpUpControl ****
Info: Internal Builder is used for build
arm-none-eabi-g++ -mcpu=cortex-m4 -mthumb -mfloat-abi=hard -mfpu=fpv4-sp-d16 -Og -fmessage-length=0 -fsigned-char -ffunction-sections -fdata-sections -ffreestanding -fno-move-loop-invariants -Wunused -Wuninitialized -Wall -Wextra -Wmissing-declarations -Wconversion -Wpointer-arith -Wpadded -Wshadow -Wlogical-op -Waggregate-return -Wfloat-equal -g3 -DDEBUG -DUSE_FULL_ASSERT -DSTM32F407xx -DUSE_HAL_DRIVER -DHSE_VALUE=8000000 -I../include -I../system/include -I../system/include/cmsis -I../system/include/stm32f4-hal -std=gnu++11 -fabi-version=0 -fno-exceptions -fno-rtti -fno-use-cxa-atexit -fno-threadsafe-statics -Wabi -Wctor-dtor-privacy -Wnoexcept -Wnon-virtual-dtor -Wstrict-null-sentinel -Wsign-promo -c -o "src\\CComplementaryFilter.o" "..\\src\\CComplementaryFilter.cpp" 
arm-none-eabi-g++ -mcpu=cortex-m4 -mthumb -mfloat-abi=hard -mfpu=fpv4-sp-d16 -Og -fmessage-length=0 -fsigned-char -ffunction-sections -fdata-sections -ffreestanding -fno-move-loop-invariants -Wunused -Wuninitialized -Wall -Wextra -Wmissing-declarations -Wconversion -Wpointer-arith -Wpadded -Wshadow -Wlogical-op -Waggregate-return -Wfloat-equal -g3 -T mem.ld -T libs.ld -T sections.ld -nostartfiles -Xlinker --gc-sections -L../ldscripts -Wl,-Map,CuBa_1D_JumpUpControl.map --specs=nano.specs -o CuBa_1D_JumpUpControl.elf "src\\CActionHandler.o" "src\\CAdc.o" "src\\CComplementaryFilter.o" "src\\CLQR.o" "src\\CMPU6050.o" "src\\CSTMHardware.o" "src\\CSensor.o" "src\\CSensorEvaluation.o" "src\\Cmotor_control.o" "src\\Cpwm.o" "src\\Cservo_control.o" "src\\_initialize_hardware.o" "src\\_write.o" "src\\main.o" "src\\stm32f4xx_hal_msp.o" "system\\src\\cmsis\\system_stm32f4xx.o" "system\\src\\cmsis\\vectors_stm32f407xx.o" "system\\src\\cortexm\\_initialize_hardware.o" "system\\src\\cortexm\\_reset_hardware.o" "system\\src\\cortexm\\exception_handlers.o" "system\\src\\diag\\Trace.o" "system\\src\\diag\\trace_impl.o" "system\\src\\newlib\\_cxx.o" "system\\src\\newlib\\_exit.o" "system\\src\\newlib\\_sbrk.o" "system\\src\\newlib\\_startup.o" "system\\src\\newlib\\_syscalls.o" "system\\src\\newlib\\assert.o" "system\\src\\stm32f4-hal\\stm32f4xx_hal.o" "system\\src\\stm32f4-hal\\stm32f4xx_hal_adc.o" "system\\src\\stm32f4-hal\\stm32f4xx_hal_adc_ex.o" "system\\src\\stm32f4-hal\\stm32f4xx_hal_cortex.o" "system\\src\\stm32f4-hal\\stm32f4xx_hal_flash.o" "system\\src\\stm32f4-hal\\stm32f4xx_hal_gpio.o" "system\\src\\stm32f4-hal\\stm32f4xx_hal_i2c.o" "system\\src\\stm32f4-hal\\stm32f4xx_hal_i2c_ex.o" "system\\src\\stm32f4-hal\\stm32f4xx_hal_iwdg.o" "system\\src\\stm32f4-hal\\stm32f4xx_hal_pwr.o" "system\\src\\stm32f4-hal\\stm32f4xx_hal_rcc.o" "system\\src\\stm32f4-hal\\stm32f4xx_hal_tim.o" "system\\src\\stm32f4-hal\\stm32f4xx_hal_tim_ex.o" 
Info: Nothing to build for CuBa_1D_JumpUpControl
16:13:56 **** Incremental Build of configuration Debug for project CuBa_1D_JumpUpControl ****
Info: Internal Builder is used for build
arm-none-eabi-g++ -mcpu=cortex-m4 -mthumb -mfloat-abi=hard -mfpu=fpv4-sp-d16 -Og -fmessage-length=0 -fsigned-char -ffunction-sections -fdata-sections -ffreestanding -fno-move-loop-invariants -Wunused -Wuninitialized -Wall -Wextra -Wmissing-declarations -Wconversion -Wpointer-arith -Wpadded -Wshadow -Wlogical-op -Waggregate-return -Wfloat-equal -g3 -DDEBUG -DUSE_FULL_ASSERT -DSTM32F407xx -DUSE_HAL_DRIVER -DHSE_VALUE=8000000 -I../include -I../system/include -I../system/include/cmsis -I../system/include/stm32f4-hal -std=gnu++11 -fabi-version=0 -fno-exceptions -fno-rtti -fno-use-cxa-atexit -fno-threadsafe-statics -Wabi -Wctor-dtor-privacy -Wnoexcept -Wnon-virtual-dtor -Wstrict-null-sentinel -Wsign-promo -c -o "src\\CActionHandler.o" "..\\src\\CActionHandler.cpp" 
In file included from ..\src\CActionHandler.cpp:3:0:
../include/CActionHandler.h:34:23: warning: padding struct to align 'CActionHandler::mCompFilter' [-Wpadded]
  CComplementaryFilter mCompFilter;
                       ^
arm-none-eabi-g++ -mcpu=cortex-m4 -mthumb -mfloat-abi=hard -mfpu=fpv4-sp-d16 -Og -fmessage-length=0 -fsigned-char -ffunction-sections -fdata-sections -ffreestanding -fno-move-loop-invariants -Wunused -Wuninitialized -Wall -Wextra -Wmissing-declarations -Wconversion -Wpointer-arith -Wpadded -Wshadow -Wlogical-op -Waggregate-return -Wfloat-equal -g3 -T mem.ld -T libs.ld -T sections.ld -nostartfiles -Xlinker --gc-sections -L../ldscripts -Wl,-Map,CuBa_1D_JumpUpControl.map --specs=nano.specs -o CuBa_1D_JumpUpControl.elf "src\\CActionHandler.o" "src\\CAdc.o" "src\\CComplementaryFilter.o" "src\\CLQR.o" "src\\CMPU6050.o" "src\\CSTMHardware.o" "src\\CSensor.o" "src\\CSensorEvaluation.o" "src\\Cmotor_control.o" "src\\Cpwm.o" "src\\Cservo_control.o" "src\\_initialize_hardware.o" "src\\_write.o" "src\\main.o" "src\\stm32f4xx_hal_msp.o" "system\\src\\cmsis\\system_stm32f4xx.o" "system\\src\\cmsis\\vectors_stm32f407xx.o" "system\\src\\cortexm\\_initialize_hardware.o" "system\\src\\cortexm\\_reset_hardware.o" "system\\src\\cortexm\\exception_handlers.o" "system\\src\\diag\\Trace.o" "system\\src\\diag\\trace_impl.o" "system\\src\\newlib\\_cxx.o" "system\\src\\newlib\\_exit.o" "system\\src\\newlib\\_sbrk.o" "system\\src\\newlib\\_startup.o" "system\\src\\newlib\\_syscalls.o" "system\\src\\newlib\\assert.o" "system\\src\\stm32f4-hal\\stm32f4xx_hal.o" "system\\src\\stm32f4-hal\\stm32f4xx_hal_adc.o" "system\\src\\stm32f4-hal\\stm32f4xx_hal_adc_ex.o" "system\\src\\stm32f4-hal\\stm32f4xx_hal_cortex.o" "system\\src\\stm32f4-hal\\stm32f4xx_hal_flash.o" "system\\src\\stm32f4-hal\\stm32f4xx_hal_gpio.o" "system\\src\\stm32f4-hal\\stm32f4xx_hal_i2c.o" "system\\src\\stm32f4-hal\\stm32f4xx_hal_i2c_ex.o" "system\\src\\stm32f4-hal\\stm32f4xx_hal_iwdg.o" "system\\src\\stm32f4-hal\\stm32f4xx_hal_pwr.o" "system\\src\\stm32f4-hal\\stm32f4xx_hal_rcc.o" "system\\src\\stm32f4-hal\\stm32f4xx_hal_tim.o" "system\\src\\stm32f4-hal\\stm32f4xx_hal_tim_ex.o" 
Info: Nothing to build for CuBa_1D_JumpUpControl
Info: Nothing to build for CuBa_1D_JumpUpControl
Info: Nothing to build for CuBa_1D_JumpUpControl
16:28:05 **** Incremental Build of configuration Debug for project CuBa_1D_JumpUpControl ****
Info: Internal Builder is used for build
arm-none-eabi-g++ -mcpu=cortex-m4 -mthumb -mfloat-abi=hard -mfpu=fpv4-sp-d16 -Og -fmessage-length=0 -fsigned-char -ffunction-sections -fdata-sections -ffreestanding -fno-move-loop-invariants -Wunused -Wuninitialized -Wall -Wextra -Wmissing-declarations -Wconversion -Wpointer-arith -Wpadded -Wshadow -Wlogical-op -Waggregate-return -Wfloat-equal -g3 -DDEBUG -DUSE_FULL_ASSERT -DSTM32F407xx -DUSE_HAL_DRIVER -DHSE_VALUE=8000000 -I../include -I../system/include -I../system/include/cmsis -I../system/include/stm32f4-hal -std=gnu++11 -fabi-version=0 -fno-exceptions -fno-rtti -fno-use-cxa-atexit -fno-threadsafe-statics -Wabi -Wctor-dtor-privacy -Wnoexcept -Wnon-virtual-dtor -Wstrict-null-sentinel -Wsign-promo -c -o "src\\CSensor.o" "..\\src\\CSensor.cpp" 
arm-none-eabi-g++ -mcpu=cortex-m4 -mthumb -mfloat-abi=hard -mfpu=fpv4-sp-d16 -Og -fmessage-length=0 -fsigned-char -ffunction-sections -fdata-sections -ffreestanding -fno-move-loop-invariants -Wunused -Wuninitialized -Wall -Wextra -Wmissing-declarations -Wconversion -Wpointer-arith -Wpadded -Wshadow -Wlogical-op -Waggregate-return -Wfloat-equal -g3 -T mem.ld -T libs.ld -T sections.ld -nostartfiles -Xlinker --gc-sections -L../ldscripts -Wl,-Map,CuBa_1D_JumpUpControl.map --specs=nano.specs -o CuBa_1D_JumpUpControl.elf "src\\CActionHandler.o" "src\\CAdc.o" "src\\CComplementaryFilter.o" "src\\CLQR.o" "src\\CMPU6050.o" "src\\CSTMHardware.o" "src\\CSensor.o" "src\\CSensorEvaluation.o" "src\\Cmotor_control.o" "src\\Cpwm.o" "src\\Cservo_control.o" "src\\_initialize_hardware.o" "src\\_write.o" "src\\main.o" "src\\stm32f4xx_hal_msp.o" "system\\src\\cmsis\\system_stm32f4xx.o" "system\\src\\cmsis\\vectors_stm32f407xx.o" "system\\src\\cortexm\\_initialize_hardware.o" "system\\src\\cortexm\\_reset_hardware.o" "system\\src\\cortexm\\exception_handlers.o" "system\\src\\diag\\Trace.o" "system\\src\\diag\\trace_impl.o" "system\\src\\newlib\\_cxx.o" "system\\src\\newlib\\_exit.o" "system\\src\\newlib\\_sbrk.o" "system\\src\\newlib\\_startup.o" "system\\src\\newlib\\_syscalls.o" "system\\src\\newlib\\assert.o" "system\\src\\stm32f4-hal\\stm32f4xx_hal.o" "system\\src\\stm32f4-hal\\stm32f4xx_hal_adc.o" "system\\src\\stm32f4-hal\\stm32f4xx_hal_adc_ex.o" "system\\src\\stm32f4-hal\\stm32f4xx_hal_cortex.o" "system\\src\\stm32f4-hal\\stm32f4xx_hal_flash.o" "system\\src\\stm32f4-hal\\stm32f4xx_hal_gpio.o" "system\\src\\stm32f4-hal\\stm32f4xx_hal_i2c.o" "system\\src\\stm32f4-hal\\stm32f4xx_hal_i2c_ex.o" "system\\src\\stm32f4-hal\\stm32f4xx_hal_iwdg.o" "system\\src\\stm32f4-hal\\stm32f4xx_hal_pwr.o" "system\\src\\stm32f4-hal\\stm32f4xx_hal_rcc.o" "system\\src\\stm32f4-hal\\stm32f4xx_hal_tim.o" "system\\src\\stm32f4-hal\\stm32f4xx_hal_tim_ex.o" 
16:28:52 **** Incremental Build of configuration Debug for project CuBa_1D_JumpUpControl ****
Info: Internal Builder is used for build
arm-none-eabi-g++ -mcpu=cortex-m4 -mthumb -mfloat-abi=hard -mfpu=fpv4-sp-d16 -Og -fmessage-length=0 -fsigned-char -ffunction-sections -fdata-sections -ffreestanding -fno-move-loop-invariants -Wunused -Wuninitialized -Wall -Wextra -Wmissing-declarations -Wconversion -Wpointer-arith -Wpadded -Wshadow -Wlogical-op -Waggregate-return -Wfloat-equal -g3 -DDEBUG -DUSE_FULL_ASSERT -DSTM32F407xx -DUSE_HAL_DRIVER -DHSE_VALUE=8000000 -I../include -I../system/include -I../system/include/cmsis -I../system/include/stm32f4-hal -std=gnu++11 -fabi-version=0 -fno-exceptions -fno-rtti -fno-use-cxa-atexit -fno-threadsafe-statics -Wabi -Wctor-dtor-privacy -Wnoexcept -Wnon-virtual-dtor -Wstrict-null-sentinel -Wsign-promo -c -o "src\\CLQR.o" "..\\src\\CLQR.cpp" 
arm-none-eabi-g++ -mcpu=cortex-m4 -mthumb -mfloat-abi=hard -mfpu=fpv4-sp-d16 -Og -fmessage-length=0 -fsigned-char -ffunction-sections -fdata-sections -ffreestanding -fno-move-loop-invariants -Wunused -Wuninitialized -Wall -Wextra -Wmissing-declarations -Wconversion -Wpointer-arith -Wpadded -Wshadow -Wlogical-op -Waggregate-return -Wfloat-equal -g3 -DDEBUG -DUSE_FULL_ASSERT -DSTM32F407xx -DUSE_HAL_DRIVER -DHSE_VALUE=8000000 -I../include -I../system/include -I../system/include/cmsis -I../system/include/stm32f4-hal -std=gnu++11 -fabi-version=0 -fno-exceptions -fno-rtti -fno-use-cxa-atexit -fno-threadsafe-statics -Wabi -Wctor-dtor-privacy -Wnoexcept -Wnon-virtual-dtor -Wstrict-null-sentinel -Wsign-promo -c -o "src\\main.o" "..\\src\\main.cpp" 
In file included from ..\src\main.cpp:1:0:
../include/CActionHandler.h:34:23: warning: padding struct to align 'CActionHandler::mCompFilter' [-Wpadded]
  CComplementaryFilter mCompFilter;
                       ^
In file included from ../include/Cmotor_control.h:15:0,
                 from ../include/CSTMHardware.h:6,
                 from ..\src\main.cpp:4:
../include/Cpwm.h:29:9: warning: padding struct to align 'Cpwm::mTIM_CHANNEL_x' [-Wpadded]
  UInt32 mTIM_CHANNEL_x;
         ^
In file included from ../include/CSTMHardware.h:6:0,
                 from ..\src\main.cpp:4:
../include/Cmotor_control.h:18:7: warning: padding struct size to alignment boundary [-Wpadded]
 class Cmotor_control {
       ^
arm-none-eabi-g++ -mcpu=cortex-m4 -mthumb -mfloat-abi=hard -mfpu=fpv4-sp-d16 -Og -fmessage-length=0 -fsigned-char -ffunction-sections -fdata-sections -ffreestanding -fno-move-loop-invariants -Wunused -Wuninitialized -Wall -Wextra -Wmissing-declarations -Wconversion -Wpointer-arith -Wpadded -Wshadow -Wlogical-op -Waggregate-return -Wfloat-equal -g3 -DDEBUG -DUSE_FULL_ASSERT -DSTM32F407xx -DUSE_HAL_DRIVER -DHSE_VALUE=8000000 -I../include -I../system/include -I../system/include/cmsis -I../system/include/stm32f4-hal -std=gnu++11 -fabi-version=0 -fno-exceptions -fno-rtti -fno-use-cxa-atexit -fno-threadsafe-statics -Wabi -Wctor-dtor-privacy -Wnoexcept -Wnon-virtual-dtor -Wstrict-null-sentinel -Wsign-promo -c -o "src\\CActionHandler.o" "..\\src\\CActionHandler.cpp" 
In file included from ..\src\CActionHandler.cpp:3:0:
../include/CActionHandler.h:34:23: warning: padding struct to align 'CActionHandler::mCompFilter' [-Wpadded]
  CComplementaryFilter mCompFilter;
                       ^
arm-none-eabi-g++ -mcpu=cortex-m4 -mthumb -mfloat-abi=hard -mfpu=fpv4-sp-d16 -Og -fmessage-length=0 -fsigned-char -ffunction-sections -fdata-sections -ffreestanding -fno-move-loop-invariants -Wunused -Wuninitialized -Wall -Wextra -Wmissing-declarations -Wconversion -Wpointer-arith -Wpadded -Wshadow -Wlogical-op -Waggregate-return -Wfloat-equal -g3 -DDEBUG -DUSE_FULL_ASSERT -DSTM32F407xx -DUSE_HAL_DRIVER -DHSE_VALUE=8000000 -I../include -I../system/include -I../system/include/cmsis -I../system/include/stm32f4-hal -std=gnu++11 -fabi-version=0 -fno-exceptions -fno-rtti -fno-use-cxa-atexit -fno-threadsafe-statics -Wabi -Wctor-dtor-privacy -Wnoexcept -Wnon-virtual-dtor -Wstrict-null-sentinel -Wsign-promo -c -o "src\\CSensorEvaluation.o" "..\\src\\CSensorEvaluation.cpp" 
arm-none-eabi-g++ -mcpu=cortex-m4 -mthumb -mfloat-abi=hard -mfpu=fpv4-sp-d16 -Og -fmessage-length=0 -fsigned-char -ffunction-sections -fdata-sections -ffreestanding -fno-move-loop-invariants -Wunused -Wuninitialized -Wall -Wextra -Wmissing-declarations -Wconversion -Wpointer-arith -Wpadded -Wshadow -Wlogical-op -Waggregate-return -Wfloat-equal -g3 -DDEBUG -DUSE_FULL_ASSERT -DSTM32F407xx -DUSE_HAL_DRIVER -DHSE_VALUE=8000000 -I../include -I../system/include -I../system/include/cmsis -I../system/include/stm32f4-hal -std=gnu++11 -fabi-version=0 -fno-exceptions -fno-rtti -fno-use-cxa-atexit -fno-threadsafe-statics -Wabi -Wctor-dtor-privacy -Wnoexcept -Wnon-virtual-dtor -Wstrict-null-sentinel -Wsign-promo -c -o "src\\CComplementaryFilter.o" "..\\src\\CComplementaryFilter.cpp" 
arm-none-eabi-g++ -mcpu=cortex-m4 -mthumb -mfloat-abi=hard -mfpu=fpv4-sp-d16 -Og -fmessage-length=0 -fsigned-char -ffunction-sections -fdata-sections -ffreestanding -fno-move-loop-invariants -Wunused -Wuninitialized -Wall -Wextra -Wmissing-declarations -Wconversion -Wpointer-arith -Wpadded -Wshadow -Wlogical-op -Waggregate-return -Wfloat-equal -g3 -T mem.ld -T libs.ld -T sections.ld -nostartfiles -Xlinker --gc-sections -L../ldscripts -Wl,-Map,CuBa_1D_JumpUpControl.map --specs=nano.specs -o CuBa_1D_JumpUpControl.elf "src\\CActionHandler.o" "src\\CAdc.o" "src\\CComplementaryFilter.o" "src\\CLQR.o" "src\\CMPU6050.o" "src\\CSTMHardware.o" "src\\CSensor.o" "src\\CSensorEvaluation.o" "src\\Cmotor_control.o" "src\\Cpwm.o" "src\\Cservo_control.o" "src\\_initialize_hardware.o" "src\\_write.o" "src\\main.o" "src\\stm32f4xx_hal_msp.o" "system\\src\\cmsis\\system_stm32f4xx.o" "system\\src\\cmsis\\vectors_stm32f407xx.o" "system\\src\\cortexm\\_initialize_hardware.o" "system\\src\\cortexm\\_reset_hardware.o" "system\\src\\cortexm\\exception_handlers.o" "system\\src\\diag\\Trace.o" "system\\src\\diag\\trace_impl.o" "system\\src\\newlib\\_cxx.o" "system\\src\\newlib\\_exit.o" "system\\src\\newlib\\_sbrk.o" "system\\src\\newlib\\_startup.o" "system\\src\\newlib\\_syscalls.o" "system\\src\\newlib\\assert.o" "system\\src\\stm32f4-hal\\stm32f4xx_hal.o" "system\\src\\stm32f4-hal\\stm32f4xx_hal_adc.o" "system\\src\\stm32f4-hal\\stm32f4xx_hal_adc_ex.o" "system\\src\\stm32f4-hal\\stm32f4xx_hal_cortex.o" "system\\src\\stm32f4-hal\\stm32f4xx_hal_flash.o" "system\\src\\stm32f4-hal\\stm32f4xx_hal_gpio.o" "system\\src\\stm32f4-hal\\stm32f4xx_hal_i2c.o" "system\\src\\stm32f4-hal\\stm32f4xx_hal_i2c_ex.o" "system\\src\\stm32f4-hal\\stm32f4xx_hal_iwdg.o" "system\\src\\stm32f4-hal\\stm32f4xx_hal_pwr.o" "system\\src\\stm32f4-hal\\stm32f4xx_hal_rcc.o" "system\\src\\stm32f4-hal\\stm32f4xx_hal_tim.o" "system\\src\\stm32f4-hal\\stm32f4xx_hal_tim_ex.o" 
Info: Nothing to build for CuBa_1D_JumpUpControl
Info: Nothing to build for CuBa_1D_JumpUpControl
Info: Nothing to build for CuBa_1D_JumpUpControl
Info: Nothing to build for CuBa_1D_JumpUpControl
16:36:53 **** Incremental Build of configuration Debug for project CuBa_1D_JumpUpControl ****
Info: Internal Builder is used for build
arm-none-eabi-g++ -mcpu=cortex-m4 -mthumb -mfloat-abi=hard -mfpu=fpv4-sp-d16 -Og -fmessage-length=0 -fsigned-char -ffunction-sections -fdata-sections -ffreestanding -fno-move-loop-invariants -Wunused -Wuninitialized -Wall -Wextra -Wmissing-declarations -Wconversion -Wpointer-arith -Wpadded -Wshadow -Wlogical-op -Waggregate-return -Wfloat-equal -g3 -DDEBUG -DUSE_FULL_ASSERT -DSTM32F407xx -DUSE_HAL_DRIVER -DHSE_VALUE=8000000 -I../include -I../system/include -I../system/include/cmsis -I../system/include/stm32f4-hal -std=gnu++11 -fabi-version=0 -fno-exceptions -fno-rtti -fno-use-cxa-atexit -fno-threadsafe-statics -Wabi -Wctor-dtor-privacy -Wnoexcept -Wnon-virtual-dtor -Wstrict-null-sentinel -Wsign-promo -c -o "src\\CSensor.o" "..\\src\\CSensor.cpp" 
arm-none-eabi-g++ -mcpu=cortex-m4 -mthumb -mfloat-abi=hard -mfpu=fpv4-sp-d16 -Og -fmessage-length=0 -fsigned-char -ffunction-sections -fdata-sections -ffreestanding -fno-move-loop-invariants -Wunused -Wuninitialized -Wall -Wextra -Wmissing-declarations -Wconversion -Wpointer-arith -Wpadded -Wshadow -Wlogical-op -Waggregate-return -Wfloat-equal -g3 -T mem.ld -T libs.ld -T sections.ld -nostartfiles -Xlinker --gc-sections -L../ldscripts -Wl,-Map,CuBa_1D_JumpUpControl.map --specs=nano.specs -o CuBa_1D_JumpUpControl.elf "src\\CActionHandler.o" "src\\CAdc.o" "src\\CComplementaryFilter.o" "src\\CLQR.o" "src\\CMPU6050.o" "src\\CSTMHardware.o" "src\\CSensor.o" "src\\CSensorEvaluation.o" "src\\Cmotor_control.o" "src\\Cpwm.o" "src\\Cservo_control.o" "src\\_initialize_hardware.o" "src\\_write.o" "src\\main.o" "src\\stm32f4xx_hal_msp.o" "system\\src\\cmsis\\system_stm32f4xx.o" "system\\src\\cmsis\\vectors_stm32f407xx.o" "system\\src\\cortexm\\_initialize_hardware.o" "system\\src\\cortexm\\_reset_hardware.o" "system\\src\\cortexm\\exception_handlers.o" "system\\src\\diag\\Trace.o" "system\\src\\diag\\trace_impl.o" "system\\src\\newlib\\_cxx.o" "system\\src\\newlib\\_exit.o" "system\\src\\newlib\\_sbrk.o" "system\\src\\newlib\\_startup.o" "system\\src\\newlib\\_syscalls.o" "system\\src\\newlib\\assert.o" "system\\src\\stm32f4-hal\\stm32f4xx_hal.o" "system\\src\\stm32f4-hal\\stm32f4xx_hal_adc.o" "system\\src\\stm32f4-hal\\stm32f4xx_hal_adc_ex.o" "system\\src\\stm32f4-hal\\stm32f4xx_hal_cortex.o" "system\\src\\stm32f4-hal\\stm32f4xx_hal_flash.o" "system\\src\\stm32f4-hal\\stm32f4xx_hal_gpio.o" "system\\src\\stm32f4-hal\\stm32f4xx_hal_i2c.o" "system\\src\\stm32f4-hal\\stm32f4xx_hal_i2c_ex.o" "system\\src\\stm32f4-hal\\stm32f4xx_hal_iwdg.o" "system\\src\\stm32f4-hal\\stm32f4xx_hal_pwr.o" "system\\src\\stm32f4-hal\\stm32f4xx_hal_rcc.o" "system\\src\\stm32f4-hal\\stm32f4xx_hal_tim.o" "system\\src\\stm32f4-hal\\stm32f4xx_hal_tim_ex.o" 
Info: Nothing to build for CuBa_1D_JumpUpControl
Info: Nothing to build for CuBa_1D_JumpUpControl
16:40:21 **** Incremental Build of configuration Debug for project CuBa_1D_JumpUpControl ****
Info: Internal Builder is used for build
arm-none-eabi-g++ -mcpu=cortex-m4 -mthumb -mfloat-abi=hard -mfpu=fpv4-sp-d16 -Og -fmessage-length=0 -fsigned-char -ffunction-sections -fdata-sections -ffreestanding -fno-move-loop-invariants -Wunused -Wuninitialized -Wall -Wextra -Wmissing-declarations -Wconversion -Wpointer-arith -Wpadded -Wshadow -Wlogical-op -Waggregate-return -Wfloat-equal -g3 -DDEBUG -DUSE_FULL_ASSERT -DSTM32F407xx -DUSE_HAL_DRIVER -DHSE_VALUE=8000000 -I../include -I../system/include -I../system/include/cmsis -I../system/include/stm32f4-hal -std=gnu++11 -fabi-version=0 -fno-exceptions -fno-rtti -fno-use-cxa-atexit -fno-threadsafe-statics -Wabi -Wctor-dtor-privacy -Wnoexcept -Wnon-virtual-dtor -Wstrict-null-sentinel -Wsign-promo -c -o "src\\CActionHandler.o" "..\\src\\CActionHandler.cpp" 
In file included from ..\src\CActionHandler.cpp:3:0:
../include/CActionHandler.h:34:23: warning: padding struct to align 'CActionHandler::mCompFilter' [-Wpadded]
  CComplementaryFilter mCompFilter;
                       ^
arm-none-eabi-g++ -mcpu=cortex-m4 -mthumb -mfloat-abi=hard -mfpu=fpv4-sp-d16 -Og -fmessage-length=0 -fsigned-char -ffunction-sections -fdata-sections -ffreestanding -fno-move-loop-invariants -Wunused -Wuninitialized -Wall -Wextra -Wmissing-declarations -Wconversion -Wpointer-arith -Wpadded -Wshadow -Wlogical-op -Waggregate-return -Wfloat-equal -g3 -T mem.ld -T libs.ld -T sections.ld -nostartfiles -Xlinker --gc-sections -L../ldscripts -Wl,-Map,CuBa_1D_JumpUpControl.map --specs=nano.specs -o CuBa_1D_JumpUpControl.elf "src\\CActionHandler.o" "src\\CAdc.o" "src\\CComplementaryFilter.o" "src\\CLQR.o" "src\\CMPU6050.o" "src\\CSTMHardware.o" "src\\CSensor.o" "src\\CSensorEvaluation.o" "src\\Cmotor_control.o" "src\\Cpwm.o" "src\\Cservo_control.o" "src\\_initialize_hardware.o" "src\\_write.o" "src\\main.o" "src\\stm32f4xx_hal_msp.o" "system\\src\\cmsis\\system_stm32f4xx.o" "system\\src\\cmsis\\vectors_stm32f407xx.o" "system\\src\\cortexm\\_initialize_hardware.o" "system\\src\\cortexm\\_reset_hardware.o" "system\\src\\cortexm\\exception_handlers.o" "system\\src\\diag\\Trace.o" "system\\src\\diag\\trace_impl.o" "system\\src\\newlib\\_cxx.o" "system\\src\\newlib\\_exit.o" "system\\src\\newlib\\_sbrk.o" "system\\src\\newlib\\_startup.o" "system\\src\\newlib\\_syscalls.o" "system\\src\\newlib\\assert.o" "system\\src\\stm32f4-hal\\stm32f4xx_hal.o" "system\\src\\stm32f4-hal\\stm32f4xx_hal_adc.o" "system\\src\\stm32f4-hal\\stm32f4xx_hal_adc_ex.o" "system\\src\\stm32f4-hal\\stm32f4xx_hal_cortex.o" "system\\src\\stm32f4-hal\\stm32f4xx_hal_flash.o" "system\\src\\stm32f4-hal\\stm32f4xx_hal_gpio.o" "system\\src\\stm32f4-hal\\stm32f4xx_hal_i2c.o" "system\\src\\stm32f4-hal\\stm32f4xx_hal_i2c_ex.o" "system\\src\\stm32f4-hal\\stm32f4xx_hal_iwdg.o" "system\\src\\stm32f4-hal\\stm32f4xx_hal_pwr.o" "system\\src\\stm32f4-hal\\stm32f4xx_hal_rcc.o" "system\\src\\stm32f4-hal\\stm32f4xx_hal_tim.o" "system\\src\\stm32f4-hal\\stm32f4xx_hal_tim_ex.o" 
Info: Nothing to build for CuBa_1D_JumpUpControl
Info: Nothing to build for CuBa_1D_JumpUpControl
Info: Nothing to build for CuBa_1D_JumpUpControl
