Archive member included because of file (symbol)

c:/matlab/suppor~1/r2016a/gcc-ar~1/bin/../lib/gcc/arm-none-eabi/4.9.3/../../../../arm-none-eabi/lib/armv7e-m/fpu\libm.a(lib_a-w_atan2.o)
                              SensorenFilter_Block_wrapper.o (atan2)
c:/matlab/suppor~1/r2016a/gcc-ar~1/bin/../lib/gcc/arm-none-eabi/4.9.3/../../../../arm-none-eabi/lib/armv7e-m/fpu\libm.a(lib_a-e_atan2.o)
                              c:/matlab/suppor~1/r2016a/gcc-ar~1/bin/../lib/gcc/arm-none-eabi/4.9.3/../../../../arm-none-eabi/lib/armv7e-m/fpu\libm.a(lib_a-w_atan2.o) (__ieee754_atan2)
c:/matlab/suppor~1/r2016a/gcc-ar~1/bin/../lib/gcc/arm-none-eabi/4.9.3/../../../../arm-none-eabi/lib/armv7e-m/fpu\libm.a(lib_a-s_atan.o)
                              c:/matlab/suppor~1/r2016a/gcc-ar~1/bin/../lib/gcc/arm-none-eabi/4.9.3/../../../../arm-none-eabi/lib/armv7e-m/fpu\libm.a(lib_a-e_atan2.o) (atan)
c:/matlab/suppor~1/r2016a/gcc-ar~1/bin/../lib/gcc/arm-none-eabi/4.9.3/../../../../arm-none-eabi/lib/armv7e-m/fpu\libm.a(lib_a-s_fabs.o)
                              c:/matlab/suppor~1/r2016a/gcc-ar~1/bin/../lib/gcc/arm-none-eabi/4.9.3/../../../../arm-none-eabi/lib/armv7e-m/fpu\libm.a(lib_a-e_atan2.o) (fabs)
c:/matlab/suppor~1/r2016a/gcc-ar~1/bin/../lib/gcc/arm-none-eabi/4.9.3/armv7e-m/fpu\libgcc.a(_arm_addsubdf3.o)
                              V6___LQR_Regelung.o (__aeabi_dsub)
c:/matlab/suppor~1/r2016a/gcc-ar~1/bin/../lib/gcc/arm-none-eabi/4.9.3/armv7e-m/fpu\libgcc.a(_arm_muldivdf3.o)
                              V6___LQR_Regelung.o (__aeabi_dmul)
c:/matlab/suppor~1/r2016a/gcc-ar~1/bin/../lib/gcc/arm-none-eabi/4.9.3/armv7e-m/fpu\libgcc.a(_arm_cmpdf2.o)
                              V6___LQR_Regelung.o (__aeabi_dcmpeq)
c:/matlab/suppor~1/r2016a/gcc-ar~1/bin/../lib/gcc/arm-none-eabi/4.9.3/armv7e-m/fpu\libgcc.a(_arm_fixdfsi.o)
                              V6___LQR_Regelung.o (__aeabi_d2iz)
c:/matlab/suppor~1/r2016a/gcc-ar~1/bin/../lib/gcc/arm-none-eabi/4.9.3/armv7e-m/fpu\libgcc.a(_arm_truncdfsf2.o)
                              V6___LQR_Regelung.o (__aeabi_d2f)
c:/matlab/suppor~1/r2016a/gcc-ar~1/bin/../lib/gcc/arm-none-eabi/4.9.3/../../../../arm-none-eabi/lib/armv7e-m/fpu\libc_nano.a(lib_a-calloc.o)
                              updown.o (calloc)
c:/matlab/suppor~1/r2016a/gcc-ar~1/bin/../lib/gcc/arm-none-eabi/4.9.3/../../../../arm-none-eabi/lib/armv7e-m/fpu\libc_nano.a(lib_a-exit.o)
                              c:/matlab/suppor~1/r2016a/gcc-ar~1/bin/../lib/gcc/arm-none-eabi/4.9.3/../../../../arm-none-eabi/lib/armv7e-m/fpu/crt0.o (exit)
c:/matlab/suppor~1/r2016a/gcc-ar~1/bin/../lib/gcc/arm-none-eabi/4.9.3/../../../../arm-none-eabi/lib/armv7e-m/fpu\libc_nano.a(lib_a-impure.o)
                              c:/matlab/suppor~1/r2016a/gcc-ar~1/bin/../lib/gcc/arm-none-eabi/4.9.3/../../../../arm-none-eabi/lib/armv7e-m/fpu\libc_nano.a(lib_a-exit.o) (_global_impure_ptr)
c:/matlab/suppor~1/r2016a/gcc-ar~1/bin/../lib/gcc/arm-none-eabi/4.9.3/../../../../arm-none-eabi/lib/armv7e-m/fpu\libc_nano.a(lib_a-init.o)
                              c:/matlab/suppor~1/r2016a/gcc-ar~1/bin/../lib/gcc/arm-none-eabi/4.9.3/../../../../arm-none-eabi/lib/armv7e-m/fpu/crt0.o (__libc_init_array)
c:/matlab/suppor~1/r2016a/gcc-ar~1/bin/../lib/gcc/arm-none-eabi/4.9.3/../../../../arm-none-eabi/lib/armv7e-m/fpu\libc_nano.a(lib_a-malloc.o)
                              ext_svr.o (malloc)
c:/matlab/suppor~1/r2016a/gcc-ar~1/bin/../lib/gcc/arm-none-eabi/4.9.3/../../../../arm-none-eabi/lib/armv7e-m/fpu\libc_nano.a(lib_a-memcpy.o)
                              ext_svr.o (memcpy)
c:/matlab/suppor~1/r2016a/gcc-ar~1/bin/../lib/gcc/arm-none-eabi/4.9.3/../../../../arm-none-eabi/lib/armv7e-m/fpu\libc_nano.a(lib_a-memset.o)
                              c:/matlab/suppor~1/r2016a/gcc-ar~1/bin/../lib/gcc/arm-none-eabi/4.9.3/../../../../arm-none-eabi/lib/armv7e-m/fpu/crt0.o (memset)
c:/matlab/suppor~1/r2016a/gcc-ar~1/bin/../lib/gcc/arm-none-eabi/4.9.3/../../../../arm-none-eabi/lib/armv7e-m/fpu\libc_nano.a(lib_a-nano-callocr.o)
                              c:/matlab/suppor~1/r2016a/gcc-ar~1/bin/../lib/gcc/arm-none-eabi/4.9.3/../../../../arm-none-eabi/lib/armv7e-m/fpu\libc_nano.a(lib_a-calloc.o) (_calloc_r)
c:/matlab/suppor~1/r2016a/gcc-ar~1/bin/../lib/gcc/arm-none-eabi/4.9.3/../../../../arm-none-eabi/lib/armv7e-m/fpu\libc_nano.a(lib_a-nano-freer.o)
                              c:/matlab/suppor~1/r2016a/gcc-ar~1/bin/../lib/gcc/arm-none-eabi/4.9.3/../../../../arm-none-eabi/lib/armv7e-m/fpu\libc_nano.a(lib_a-malloc.o) (_free_r)
c:/matlab/suppor~1/r2016a/gcc-ar~1/bin/../lib/gcc/arm-none-eabi/4.9.3/../../../../arm-none-eabi/lib/armv7e-m/fpu\libc_nano.a(lib_a-nano-mallocr.o)
                              c:/matlab/suppor~1/r2016a/gcc-ar~1/bin/../lib/gcc/arm-none-eabi/4.9.3/../../../../arm-none-eabi/lib/armv7e-m/fpu\libc_nano.a(lib_a-malloc.o) (_malloc_r)
[...]
Memory Configuration

Name             Origin             Length             Attributes
FLASH            0x08000000         0x00100000         xr
SRAM             0x20000000         0x00020000         xrw
CCMRAM           0x10000000         0x00010000         rw
BACKUPRAM        0x40024000         0x00001000         rw
*default*        0x00000000         0xffffffff

Linker script and memory map

LOAD c:/matlab/suppor~1/r2016a/gcc-ar~1/bin/../lib/gcc/arm-none-eabi/4.9.3/armv7e-m/fpu/crti.o
LOAD c:/matlab/suppor~1/r2016a/gcc-ar~1/bin/../lib/gcc/arm-none-eabi/4.9.3/armv7e-m/fpu/crtbegin.o
LOAD c:/matlab/suppor~1/r2016a/gcc-ar~1/bin/../lib/gcc/arm-none-eabi/4.9.3/../../../../arm-none-eabi/lib/armv7e-m/fpu/crt0.o
LOAD V6___LQR_Regelung.o
LOAD V6___LQR_Regelung_data.o
LOAD ADC.o
LOAD MotorControl.o
LOAD stm32f4xx_adc.o
LOAD stm32f4xx_tim.o
LOAD stm32f4xx_i2c.o
LOAD MPU6050.o
LOAD ext_svr.o
LOAD updown.o
LOAD ext_work.o
LOAD rtiostream_utils.o
LOAD MPU6050_CustomBlock_wrapper.o
LOAD SensorenFilter_Block_wrapper.o
LOAD MotorADC_wrapper.o
LOAD Motor_wrapper.o
LOAD blapp_support.o
LOAD startup_stm32f4xx.o
LOAD syscalls_stm32f4xx.o
LOAD stm32f4xx_init_board.o
LOAD system_stm32f4xx.o
LOAD SysTickScheduler.o
LOAD m3m4m4f_multitasking.o
LOAD ext_serial_pkt.o
LOAD rtiostream_serial_interface.o
LOAD ext_svr_serial_transport.o
LOAD rtiostream_serial_dma_stm32f4xx.o
LOAD stm32f4xx_usart.o
LOAD stm32f4xx_rcc.o
LOAD stm32f4xx_gpio.o
LOAD stm32f4xx_dma.o
LOAD misc.o
LOAD ert_main.o
LOAD C:/MATLAB/SupportPackages/R2016a/CMSIS/CMSIS/Lib/GCC/libarm_cortexM4lf_math.a
LOAD C:/MATLAB/SupportPackages/R2016a/CMSIS/CMSIS/RTOS/RTX/LIB/GCC/libRTX_CM4.a
LOAD c:/matlab/suppor~1/r2016a/gcc-ar~1/bin/../lib/gcc/arm-none-eabi/4.9.3/../../../../arm-none-eabi/lib/armv7e-m/fpu\libm.a
LOAD c:/matlab/suppor~1/r2016a/gcc-ar~1/bin/../lib/gcc/arm-none-eabi/4.9.3/../../../../arm-none-eabi/lib/armv7e-m/fpu\libstdc++_nano.a
LOAD c:/matlab/suppor~1/r2016a/gcc-ar~1/bin/../lib/gcc/arm-none-eabi/4.9.3/../../../../arm-none-eabi/lib/armv7e-m/fpu\libm.a
START GROUP
LOAD c:/matlab/suppor~1/r2016a/gcc-ar~1/bin/../lib/gcc/arm-none-eabi/4.9.3/armv7e-m/fpu\libgcc.a
LOAD c:/matlab/suppor~1/r2016a/gcc-ar~1/bin/../lib/gcc/arm-none-eabi/4.9.3/../../../../arm-none-eabi/lib/armv7e-m/fpu\libc_nano.a
END GROUP
START GROUP
LOAD c:/matlab/suppor~1/r2016a/gcc-ar~1/bin/../lib/gcc/arm-none-eabi/4.9.3/armv7e-m/fpu\libgcc.a
LOAD c:/matlab/suppor~1/r2016a/gcc-ar~1/bin/../lib/gcc/arm-none-eabi/4.9.3/../../../../arm-none-eabi/lib/armv7e-m/fpu\libc_nano.a
END GROUP
LOAD c:/matlab/suppor~1/r2016a/gcc-ar~1/bin/../lib/gcc/arm-none-eabi/4.9.3/armv7e-m/fpu/crtend.o
LOAD c:/matlab/suppor~1/r2016a/gcc-ar~1/bin/../lib/gcc/arm-none-eabi/4.9.3/armv7e-m/fpu/crtn.o

.text           0x08000000     0x8530
 *(.vectors)
 .vectors       0x08000000      0x188 startup_stm32f4xx.o
                0x08000000                g_pfnVectors
 *(.text*)
 .text          0x08000188       0x5c c:/matlab/suppor~1/r2016a/gcc-ar~1/bin/../lib/gcc/arm-none-eabi/4.9.3/armv7e-m/fpu/crtbegin.o
 .text          0x080001e4       0x74 c:/matlab/suppor~1/r2016a/gcc-ar~1/bin/../lib/gcc/arm-none-eabi/4.9.3/../../../../arm-none-eabi/lib/armv7e-m/fpu/crt0.o
                0x080001e4                _start
                0x080001e4                _mainCRTStartup
 .text.V6___LQR_Regelung_step
                0x08000258      0x6b0 V6___LQR_Regelung.o
                0x08000258                V6___LQR_Regelung_step
 .text.V6___LQR_Regelung_initialize
                0x08000908      0x1d0 V6___LQR_Regelung.o
                0x08000908                V6___LQR_Regelung_initialize
 .text.V6___LQR_Regelung_terminate
                0x08000ad8        0xc V6___LQR_Regelung.o
                0x08000ad8                V6___LQR_Regelung_terminate
 .text.getADCValue
                0x08000ae4       0x2c ADC.o
                0x08000ae4                getADCValue
 .text.initADC  0x08000b10       0x68 ADC.o
                0x08000b10                initADC
 .text.initADCGPIO
                0x08000b78       0x2c ADC.o
 .text.motorIteration
                0x08000ba4       0x68 MotorControl.o
                0x08000ba4                motorIteration
 .text.getMotorADCValue
                0x08000c0c       0x2c MotorControl.o
                0x08000c0c                getMotorADCValue
 .text.setTorque
                0x08000c38       0xe4 MotorControl.o
 .text.initMotorGPIO
                0x08000d1c       0x6c MotorControl.o
 .text.initMotorPWM
                0x08000d88       0x70 MotorControl.o
 .text.ADC_Init
                0x08000df8       0xa8 stm32f4xx_adc.o
                0x08000df8                ADC_Init
 .text.ADC_Cmd  0x08000ea0       0x38 stm32f4xx_adc.o
                0x08000ea0                ADC_Cmd
 .text.ADC_RegularChannelConfig
                0x08000ed8      0x194 stm32f4xx_adc.o
                0x08000ed8                ADC_RegularChannelConfig
 .text.ADC_SoftwareStartConv
                0x0800106c       0x20 stm32f4xx_adc.o
                0x0800106c                ADC_SoftwareStartConv
 .text.ADC_EOCOnEachRegularChannelCmd
                0x0800108c       0x38 stm32f4xx_adc.o
                0x0800108c                ADC_EOCOnEachRegularChannelCmd
 .text.ADC_GetConversionValue
                0x080010c4       0x1c stm32f4xx_adc.o
                0x080010c4                ADC_GetConversionValue
 .text.ADC_GetFlagStatus
                0x080010e0       0x34 stm32f4xx_adc.o
                0x080010e0                ADC_GetFlagStatus
 .text.TIM_TimeBaseInit
                0x08001114       0xd4 stm32f4xx_tim.o
                0x08001114                TIM_TimeBaseInit
 .text.TIM_ARRPreloadConfig
                0x080011e8       0x40 stm32f4xx_tim.o
                0x080011e8                TIM_ARRPreloadConfig
 .text.TIM_Cmd  0x08001228       0x40 stm32f4xx_tim.o
                0x08001228                TIM_Cmd
 .text.TIM_OC1Init
                0x08001268       0xf4 stm32f4xx_tim.o
                0x08001268                TIM_OC1Init
 .text.TIM_SetCompare1
                0x0800135c       0x1c stm32f4xx_tim.o
                0x0800135c                TIM_SetCompare1
 .text.TIM_OC1PreloadConfig
                0x08001378       0x38 stm32f4xx_tim.o
                0x08001378                TIM_OC1PreloadConfig
 .text.I2C_Init
                0x080013b0      0x184 stm32f4xx_i2c.o
                0x080013b0                I2C_Init
 .text.I2C_Cmd  0x08001534       0x40 stm32f4xx_i2c.o
                0x08001534                I2C_Cmd
 .text.I2C_GenerateSTART
                0x08001574       0x40 stm32f4xx_i2c.o
                0x08001574                I2C_GenerateSTART
 .text.I2C_GenerateSTOP
                0x080015b4       0x40 stm32f4xx_i2c.o
                0x080015b4                I2C_GenerateSTOP
 .text.I2C_Send7bitAddress
                0x080015f4       0x3c stm32f4xx_i2c.o
                0x080015f4                I2C_Send7bitAddress
 .text.I2C_AcknowledgeConfig
                0x08001630       0x40 stm32f4xx_i2c.o
                0x08001630                I2C_AcknowledgeConfig
 .text.I2C_SendData
                0x08001670       0x20 stm32f4xx_i2c.o
                0x08001670                I2C_SendData
 .text.I2C_ReceiveData
                0x08001690       0x1c stm32f4xx_i2c.o
                0x08001690                I2C_ReceiveData
 .text.I2C_CheckEvent
                0x080016ac       0x60 stm32f4xx_i2c.o
                0x080016ac                I2C_CheckEvent
 .text.I2C_GetFlagStatus
                0x0800170c       0x68 stm32f4xx_i2c.o
                0x0800170c                I2C_GetFlagStatus
 .text.initMPU6050
                0x08001774       0x4c MPU6050.o
                0x08001774                initMPU6050
 .text.readMPU6050_XAcceleration
                0x080017c0       0x38 MPU6050.o
                0x080017c0                readMPU6050_XAcceleration
 .text.readMPU6050_YAcceleration
                0x080017f8       0x38 MPU6050.o
                0x080017f8                readMPU6050_YAcceleration
 .text.readMPU6050_ZAcceleration
                0x08001830       0x38 MPU6050.o
                0x08001830                readMPU6050_ZAcceleration
 .text.readMPU6050_XGyroscope
                0x08001868       0x38 MPU6050.o
                0x08001868                readMPU6050_XGyroscope
 .text.readMPU6050_YGyroscope
                0x080018a0       0x38 MPU6050.o
                0x080018a0                readMPU6050_YGyroscope
 .text.readMPU6050_ZGyroscope
                0x080018d8       0x38 MPU6050.o
                0x080018d8                readMPU6050_ZGyroscope
 .text.readByte
                0x08001910       0x8c MPU6050.o
                0x08001910                readByte
 .text.writeByte
                0x0800199c       0x88 MPU6050.o
                0x0800199c                writeByte
 .text.startTransmission
                0x08001a24       0x7c MPU6050.o
 .text.initI2CPins
                0x08001aa0       0x4c MPU6050.o
 .text.initI2C  0x08001aec       0x68 MPU6050.o
 .text.GrowRecvBufIfNeeded
                0x08001b54       0x60 ext_svr.o
 .text.GetPktHdr
                0x08001bb4       0x78 ext_svr.o
 .text.ClearPkt
                0x08001c2c       0x54 ext_svr.o
 .text.GetPkt   0x08001c80       0x80 ext_svr.o
 .text.DisconnectFromHost
                0x08001d00       0x64 ext_svr.o
 .text.ForceDisconnectFromHost
                0x08001d64       0x4c ext_svr.o
 .text.ProcessConnectPkt
                0x08001db0      0x17c ext_svr.o
 .text.SendPktHdrToHost
                0x08001f2c       0x50 ext_svr.o
 .text.SendPktDataToHost
                0x08001f7c       0x48 ext_svr.o
 .text.SendPktToHost
                0x08001fc4       0x4c ext_svr.o
                0x08001fc4                SendPktToHost
 .text.SendResponseStatus
                0x08002010       0x3c ext_svr.o
 .text.ProcessSetParamPkt
                0x0800204c       0x64 ext_svr.o
 .text.ProcessGetParamsPkt
                0x080020b0      0x12c ext_svr.o
 .text.ProcessSelectTriggerSignalPkt
                0x080021dc       0xac ext_svr.o
 .text.ProcessCancelLoggingArmTriggerPkt
                0x08002288       0x80 ext_svr.o
 .text.ExtParseArgsAndInitUD
                0x08002308       0x68 ext_svr.o
                0x08002308                ExtParseArgsAndInitUD
 .text.ExtWaitForStartPkt
                0x08002370       0x18 ext_svr.o
                0x08002370                ExtWaitForStartPkt
 .text.UploadServerWork
                0x08002388       0xc4 ext_svr.o
                0x08002388                UploadServerWork
 .text.rt_UploadServerWork
                0x0800244c       0x28 ext_svr.o
                0x0800244c                rt_UploadServerWork
 .text.rt_ExtModeInit
                0x08002474       0x50 ext_svr.o
                0x08002474                rt_ExtModeInit
 .text.rt_ExtModeSleep
                0x080024c4       0x24 ext_svr.o
                0x080024c4                rt_ExtModeSleep
 .text.rt_PktServerWork
                0x080024e8      0x26c ext_svr.o
                0x080024e8                rt_PktServerWork
 .text.ExtModeShutdown
                0x08002754       0x44 ext_svr.o
 .text.rt_ExtModeShutdown
                0x08002798       0x84 ext_svr.o
                0x08002798                rt_ExtModeShutdown
 .text.rt_UploadCheckTrigger
                0x0800281c       0x28 ext_svr.o
                0x0800281c                rt_UploadCheckTrigger
 .text.rt_UploadCheckEndTrigger
                0x08002844       0x24 ext_svr.o
                0x08002844                rt_UploadCheckEndTrigger
 .text.rt_UploadBufAddTimePoint
                0x08002868       0x30 ext_svr.o
                0x08002868                rt_UploadBufAddTimePoint
 .text.SetParam
                0x08002898      0x120 updown.o
                0x08002898                SetParam
 .text.InitUploadSection
                0x080029b8       0xc0 updown.o
 .text.InitSysUploadTable
                0x08002a78      0x174 updown.o
 .text.UploadBufInit
                0x08002bec       0x70 updown.o
 .text.UploadDestroyTrigger
                0x08002c5c       0xcc updown.o
 .text.UploadLogInfoReset
                0x08002d28       0x6c updown.o
                0x08002d28                UploadLogInfoReset
 .text.UploadLogInfoTerm
                0x08002d94      0x104 updown.o
                0x08002d94                UploadLogInfoTerm
 .text.UploadPrepareForFinalFlush
                0x08002e98       0x60 updown.o
                0x08002e98                UploadPrepareForFinalFlush
 .text.UploadLogInfoInit
                0x08002ef8      0x180 updown.o
                0x08002ef8                UploadLogInfoInit
 .text.UploadInitTrigger
                0x08003078      0x1cc updown.o
                0x08003078                UploadInitTrigger
 .text.UploadArmTrigger
                0x08003244       0x9c updown.o
                0x08003244                UploadArmTrigger
 .text.UploadEndLoggingSession
                0x080032e0       0x34 updown.o
                0x080032e0                UploadEndLoggingSession
 .text.UploadCancelLogging
                0x08003314       0x6c updown.o
                0x08003314                UploadCancelLogging
 .text.UploadBufDataSent
                0x08003380       0x64 updown.o
                0x08003380                UploadBufDataSent
 .text.UploadBufAssignMem
                0x080033e4      0x124 updown.o
 .text.UploadCheckTriggerSignals
                0x08003508      0x1bc updown.o
 .text.UploadBufAddTimePoint
                0x080036c4      0x4d8 updown.o
                0x080036c4                UploadBufAddTimePoint
 .text.UploadCheckTrigger
                0x08003b9c       0x90 updown.o
                0x08003b9c                UploadCheckTrigger
 .text.UploadCheckEndTrigger
                0x08003c2c       0x5c updown.o
                0x08003c2c                UploadCheckEndTrigger
 .text.SetExtBufListFields
                0x08003c88      0x108 updown.o
 .text.SetExtBufListFieldsForEmptyList
                0x08003d90       0x44 updown.o
 .text.UploadBufGetData
                0x08003dd4       0xb8 updown.o
                0x08003dd4                UploadBufGetData
 .text.rtExtModeWaitForStartPkt
                0x08003e8c       0x64 ext_work.o
                0x08003e8c                rtExtModeWaitForStartPkt
 .text.rtExtModeOneStep
                0x08003ef0       0x30 ext_work.o
                0x08003ef0                rtExtModeOneStep
 .text.rtExtModeUpload
                0x08003f20       0x1c ext_work.o
                0x08003f20                rtExtModeUpload
 .text.rtExtModeCheckEndTrigger
                0x08003f3c        0xc ext_work.o
                0x08003f3c                rtExtModeCheckEndTrigger
 .text.rtExtModeUploadCheckTrigger
                0x08003f48       0x14 ext_work.o
                0x08003f48                rtExtModeUploadCheckTrigger
 .text.rtExtModeCheckInit
                0x08003f5c       0x14 ext_work.o
                0x08003f5c                rtExtModeCheckInit
 .text.rtExtModeShutdown
                0x08003f70       0x14 ext_work.o
                0x08003f70                rtExtModeShutdown
 .text.rtERTExtModeSetTFinal
                0x08003f84       0x5c ext_work.o
                0x08003f84                rtERTExtModeSetTFinal
 .text.rtSetTFinalForExtMode
                0x08003fe0       0x14 ext_work.o
                0x08003fe0                rtSetTFinalForExtMode
 .text.rtParseArgsForExtMode
                0x08003ff4       0x18 ext_work.o
                0x08003ff4                rtParseArgsForExtMode
 .text.rtERTExtModeStartMsg
                0x0800400c        0xc ext_work.o
                0x0800400c                rtERTExtModeStartMsg
 .text.rtIOStreamBlockingSend
                0x08004018       0x64 rtiostream_utils.o
                0x08004018                rtIOStreamBlockingSend
 .text.rtIOStreamBlockingRecv
                0x0800407c       0x64 rtiostream_utils.o
                0x0800407c                rtIOStreamBlockingRecv
 .text.MPU6050_CustomBlock_Outputs_wrapper
                0x080040e0       0xdc MPU6050_CustomBlock_wrapper.o
                0x080040e0                MPU6050_CustomBlock_Outputs_wrapper
 .text.MPU6050_CustomBlock_Update_wrapper
                0x080041bc       0xb0 MPU6050_CustomBlock_wrapper.o
                0x080041bc                MPU6050_CustomBlock_Update_wrapper
 .text.SensorenFilter_Block_Outputs_wrapper
                0x0800426c      0x668 SensorenFilter_Block_wrapper.o
                0x0800426c                SensorenFilter_Block_Outputs_wrapper
 .text.SensorenFilter_Block_Update_wrapper
                0x080048d4       0x40 SensorenFilter_Block_wrapper.o
                0x080048d4                SensorenFilter_Block_Update_wrapper
 .text.MotorADC_Outputs_wrapper
                0x08004914       0x1c MotorADC_wrapper.o
                0x08004914                MotorADC_Outputs_wrapper
 .text.Motor_Outputs_wrapper
                0x08004930       0x1c Motor_wrapper.o
                0x08004930                Motor_Outputs_wrapper
 .text.bootloaderInit
                0x0800494c        0xc blapp_support.o
                0x0800494c                bootloaderInit
 .text.Default_ResetHandler
                0x08004958       0x5c startup_stm32f4xx.o
                0x08004958                Reset_Handler
                0x08004958                Default_ResetHandler
 .text.Default_Handler
                0x080049b4        0x8 startup_stm32f4xx.o
                0x080049b4                RTC_Alarm_IRQHandler
                0x080049b4                HASH_RNG_IRQHandler
                0x080049b4                EXTI2_IRQHandler
                0x080049b4                TIM8_CC_IRQHandler
                0x080049b4                DebugMon_Handler
                0x080049b4                TIM1_CC_IRQHandler
                0x080049b4                DMA2_Stream5_IRQHandler
                0x080049b4                HardFault_Handler
                0x080049b4                PVD_IRQHandler
                0x080049b4                SDIO_IRQHandler
                0x080049b4                TAMP_STAMP_IRQHandler
                0x080049b4                PendSV_Handler
                0x080049b4                NMI_Handler
                0x080049b4                CAN2_RX1_IRQHandler
                0x080049b4                EXTI3_IRQHandler
                0x080049b4                TIM8_TRG_COM_TIM14_IRQHandler
                0x080049b4                TIM1_UP_TIM10_IRQHandler
                0x080049b4                TIM8_UP_TIM13_IRQHandler
                0x080049b4                I2C3_ER_IRQHandler
                0x080049b4                EXTI0_IRQHandler
                0x080049b4                I2C2_EV_IRQHandler
                0x080049b4                DMA1_Stream2_IRQHandler
                0x080049b4                CAN1_RX0_IRQHandler
                0x080049b4                FPU_IRQHandler
                0x080049b4                OTG_HS_WKUP_IRQHandler
                0x080049b4                UsageFault_Handler
                0x080049b4                CAN2_SCE_IRQHandler
                0x080049b4                DMA2_Stream2_IRQHandler
                0x080049b4                SPI1_IRQHandler
                0x080049b4                TIM6_DAC_IRQHandler
                0x080049b4                TIM1_BRK_TIM9_IRQHandler
                0x080049b4                DCMI_IRQHandler
                0x080049b4                CAN2_RX0_IRQHandler
                0x080049b4                DMA2_Stream3_IRQHandler
                0x080049b4                USART6_IRQHandler
                0x080049b4                USART3_IRQHandler
                0x080049b4                CRYP_IRQHandler
                0x080049b4                CAN1_RX1_IRQHandler
                0x080049b4                UART5_IRQHandler
                0x080049b4                DMA2_Stream0_IRQHandler
                0x080049b4                TIM4_IRQHandler
                0x080049b4                I2C1_EV_IRQHandler
                0x080049b4                DMA1_Stream1_IRQHandler
                0x080049b4                UART4_IRQHandler
                0x080049b4                TIM3_IRQHandler
                0x080049b4                RCC_IRQHandler
                0x080049b4                TIM8_BRK_TIM12_IRQHandler
                0x080049b4                EXTI15_10_IRQHandler
                0x080049b4                ADC_IRQHandler
                0x080049b4                DMA1_Stream7_IRQHandler
                0x080049b4                TIM7_IRQHandler
                0x080049b4                CAN2_TX_IRQHandler
                0x080049b4                TIM5_IRQHandler
                0x080049b4                DMA2_Stream7_IRQHandler
                0x080049b4                I2C3_EV_IRQHandler
                0x080049b4                EXTI9_5_IRQHandler
                0x080049b4                RTC_WKUP_IRQHandler
                0x080049b4                ETH_WKUP_IRQHandler
                0x080049b4                SPI2_IRQHandler
                0x080049b4                OTG_HS_EP1_IN_IRQHandler
                0x080049b4                MemManage_Handler
                0x080049b4                DMA1_Stream0_IRQHandler
                0x080049b4                CAN1_TX_IRQHandler
                0x080049b4                EXTI4_IRQHandler
                0x080049b4                FSMC_IRQHandler
                0x080049b4                ETH_IRQHandler
                0x080049b4                OTG_HS_EP1_OUT_IRQHandler
                0x080049b4                WWDG_IRQHandler
                0x080049b4                TIM2_IRQHandler
                0x080049b4                OTG_FS_WKUP_IRQHandler
                0x080049b4                TIM1_TRG_COM_TIM11_IRQHandler
                0x080049b4                OTG_HS_IRQHandler
                0x080049b4                EXTI1_IRQHandler
                0x080049b4                USART2_IRQHandler
                0x080049b4                I2C2_ER_IRQHandler
                0x080049b4                DMA2_Stream1_IRQHandler
                0x080049b4                CAN1_SCE_IRQHandler
                0x080049b4                FLASH_IRQHandler
                0x080049b4                DMA2_Stream4_IRQHandler
                0x080049b4                BusFault_Handler
                0x080049b4                USART1_IRQHandler
                0x080049b4                OTG_FS_IRQHandler
                0x080049b4                SPI3_IRQHandler
                0x080049b4                DMA1_Stream4_IRQHandler
                0x080049b4                I2C1_ER_IRQHandler
                0x080049b4                DMA2_Stream6_IRQHandler
                0x080049b4                DMA1_Stream3_IRQHandler
 .text._exit    0x080049bc        0xc syscalls_stm32f4xx.o
                0x080049bc                _exit
 .text._sbrk    0x080049c8       0x68 syscalls_stm32f4xx.o
                0x080049c8                _sbrk
 .text.NVIC_SetPriority
                0x08004a30       0x54 stm32f4xx_init_board.o
 .text.stm32f4xx_init_board
                0x08004a84       0x20 stm32f4xx_init_board.o
                0x08004a84                stm32f4xx_init_board
 .text.SystemInit
                0x08004aa4       0x68 system_stm32f4xx.o
                0x08004aa4                SystemInit
 .text.SystemCoreClockUpdate
                0x08004b0c       0xf8 system_stm32f4xx.o
                0x08004b0c                SystemCoreClockUpdate
 .text.SetSysClock
                0x08004c04       0xf4 system_stm32f4xx.o
 .text.NVIC_SetPriority
                0x08004cf8       0x54 SysTickScheduler.o
 .text.SysTick_Config
                0x08004d4c       0x44 SysTickScheduler.o
 .text.SysTick_Isr
                0x08004d90       0x40 SysTickScheduler.o
 .text.SysTick_Handler
                0x08004dd0       0x10 SysTickScheduler.o
                0x08004dd0                SysTick_Handler
 .text.ARMCM_SysTick_Config
                0x08004de0       0x8c SysTickScheduler.o
                0x08004de0                ARMCM_SysTick_Config
 .text.arm_cortex_m_call_thread_with_context_switch
                0x08004e6c       0x2c m3m4m4f_multitasking.o
                0x08004e6c                arm_cortex_m_call_thread_with_context_switch
 .text.SVC_Handler
                0x08004e98       0x38 m3m4m4f_multitasking.o
                0x08004e98                SVC_Handler
 .text.IsEscapeChar
                0x08004ed0       0x30 ext_serial_pkt.o
 .text.Filter   0x08004f00       0x84 ext_serial_pkt.o
 .text.Num2String
                0x08004f84       0x88 ext_serial_pkt.o
 .text.String2Num
                0x0800500c       0x70 ext_serial_pkt.o
 .text.SetExtSerialPacket
                0x0800507c      0x134 ext_serial_pkt.o
                0x0800507c                SetExtSerialPacket
 .text.GetExtSerialPacket
                0x080051b0      0x328 ext_serial_pkt.o
                0x080051b0                GetExtSerialPacket
 .text.ExtSerialPortCreate
                0x080054d8       0x3c rtiostream_serial_interface.o
                0x080054d8                ExtSerialPortCreate
 .text.ExtSerialPortConnect
                0x08005514       0x88 rtiostream_serial_interface.o
                0x08005514                ExtSerialPortConnect
 .text.ExtSerialPortDisconnect
                0x0800559c       0x58 rtiostream_serial_interface.o
                0x0800559c                ExtSerialPortDisconnect
 .text.ExtSerialPortSetData
                0x080055f4       0x48 rtiostream_serial_interface.o
                0x080055f4                ExtSerialPortSetData
 .text.ExtSerialPortDataPending
                0x0800563c       0x90 rtiostream_serial_interface.o
                0x0800563c                ExtSerialPortDataPending
 .text.ExtSerialPortGetData
                0x080056cc       0xd0 rtiostream_serial_interface.o
                0x080056cc                ExtSerialPortGetData
 .text.isFIFOEmpty
                0x0800579c       0x28 ext_svr_serial_transport.o
 .text.InsertFIFO
                0x080057c4       0x54 ext_svr_serial_transport.o
 .text.RemoveFIFO
                0x08005818       0x54 ext_svr_serial_transport.o
 .text.isFIFOFreeEmpty
                0x0800586c       0x24 ext_svr_serial_transport.o
 .text.isFIFOPktEmpty
                0x08005890       0x24 ext_svr_serial_transport.o
 .text.InsertFIFOFree
                0x080058b4       0x20 ext_svr_serial_transport.o
 .text.RemoveFIFOFree
                0x080058d4       0x1c ext_svr_serial_transport.o
 .text.InsertFIFOPkt
                0x080058f0       0x20 ext_svr_serial_transport.o
 .text.RemoveFIFOPkt
                0x08005910       0x1c ext_svr_serial_transport.o
 .text.GetFIFOPkt
                0x0800592c       0x18 ext_svr_serial_transport.o
 .text.AddToFIFOFree
                0x08005944       0x44 ext_svr_serial_transport.o
 .text.SavePkt  0x08005988       0x38 ext_svr_serial_transport.o
 .text.ExtGetPktBlocking
                0x080059c0       0x84 ext_svr_serial_transport.o
 .text.ExtSetPkt
                0x08005a44      0x128 ext_svr_serial_transport.o
 .text.ExtSetPktWithACK
                0x08005b6c       0x68 ext_svr_serial_transport.o
 .text.ExtGetPkt
                0x08005bd4       0xe8 ext_svr_serial_transport.o
 .text.ExtPktPending
                0x08005cbc       0x78 ext_svr_serial_transport.o
 .text.ExtClearSerialConnection
                0x08005d34       0x18 ext_svr_serial_transport.o
 .text.ExtResetSerialConnection
                0x08005d4c       0xa4 ext_svr_serial_transport.o
 .text.ExtOpenSerialConnection
                0x08005df0       0xb8 ext_svr_serial_transport.o
 .text.ExtCloseSerialConnection
                0x08005ea8       0x1c ext_svr_serial_transport.o
 .text.ExtInit  0x08005ec4       0x1c ext_svr_serial_transport.o
                0x08005ec4                ExtInit
 .text.ExtOpenConnection
                0x08005ee0       0x2c ext_svr_serial_transport.o
                0x08005ee0                ExtOpenConnection
 .text.ExtCloseConnection
                0x08005f0c       0x14 ext_svr_serial_transport.o
                0x08005f0c                ExtCloseConnection
 .text.ExtShutDown
                0x08005f20       0x28 ext_svr_serial_transport.o
                0x08005f20                ExtShutDown
 .text.ExtProcessArgs
                0x08005f48       0x90 ext_svr_serial_transport.o
                0x08005f48                ExtProcessArgs
 .text.ExtWaitForStartPktFromHost
                0x08005fd8       0x18 ext_svr_serial_transport.o
                0x08005fd8                ExtWaitForStartPktFromHost
 .text.ExtUserDataCreate
                0x08005ff0       0x14 ext_svr_serial_transport.o
                0x08005ff0                ExtUserDataCreate
 .text.ExtUserDataDestroy
                0x08006004       0x14 ext_svr_serial_transport.o
                0x08006004                ExtUserDataDestroy
 .text.ExtGetHostPkt
                0x08006018       0x64 ext_svr_serial_transport.o
                0x08006018                ExtGetHostPkt
 .text.ExtSetHostPkt
                0x0800607c       0x40 ext_svr_serial_transport.o
                0x0800607c                ExtSetHostPkt
 .text.ExtModeSleep
                0x080060bc       0x18 ext_svr_serial_transport.o
                0x080060bc                ExtModeSleep
 .text.ExtForceDisconnect
                0x080060d4       0x20 ext_svr_serial_transport.o
                0x080060d4                ExtForceDisconnect
 .text.rtIOStreamOpen
                0x080060f4       0x70 rtiostream_serial_dma_stm32f4xx.o
                0x080060f4                rtIOStreamOpen
 .text.rtIOStreamClose
                0x08006164       0x18 rtiostream_serial_dma_stm32f4xx.o
                0x08006164                rtIOStreamClose
 .text.rtIOStreamSend
                0x0800617c       0x84 rtiostream_serial_dma_stm32f4xx.o
                0x0800617c                rtIOStreamSend
 .text.DMA1_Stream6_IRQHandler
                0x08006200       0x24 rtiostream_serial_dma_stm32f4xx.o
                0x08006200                DMA1_Stream6_IRQHandler
 .text.rtIOStreamRecv
                0x08006224       0x90 rtiostream_serial_dma_stm32f4xx.o
                0x08006224                rtIOStreamRecv
 .text.DMA_RxInit
                0x080062b4       0xe8 rtiostream_serial_dma_stm32f4xx.o
 .text.DMA_TxInit
                0x0800639c       0xa8 rtiostream_serial_dma_stm32f4xx.o
 .text.UART_getRxBytes
                0x08006444       0x50 rtiostream_serial_dma_stm32f4xx.o
 .text.DMA1_Stream5_IRQHandler
                0x08006494       0x24 rtiostream_serial_dma_stm32f4xx.o
                0x08006494                DMA1_Stream5_IRQHandler
 .text.USART2_init
                0x080064b8       0xa0 rtiostream_serial_dma_stm32f4xx.o
 .text.USART_Init
                0x08006558      0x178 stm32f4xx_usart.o
                0x08006558                USART_Init
 .text.USART_StructInit
                0x080066d0       0x38 stm32f4xx_usart.o
                0x080066d0                USART_StructInit
 .text.USART_Cmd
                0x08006708       0x40 stm32f4xx_usart.o
                0x08006708                USART_Cmd
 .text.USART_DMACmd
                0x08006748       0x48 stm32f4xx_usart.o
                0x08006748                USART_DMACmd
 .text.RCC_GetClocksFreq
                0x08006790      0x154 stm32f4xx_rcc.o
                0x08006790                RCC_GetClocksFreq
 .text.RCC_AHB1PeriphClockCmd
                0x080068e4       0x3c stm32f4xx_rcc.o
                0x080068e4                RCC_AHB1PeriphClockCmd
 .text.RCC_APB1PeriphClockCmd
                0x08006920       0x3c stm32f4xx_rcc.o
                0x08006920                RCC_APB1PeriphClockCmd
 .text.RCC_APB2PeriphClockCmd
                0x0800695c       0x3c stm32f4xx_rcc.o
                0x0800695c                RCC_APB2PeriphClockCmd
 .text.GPIO_Init
                0x08006998      0x11c stm32f4xx_gpio.o
                0x08006998                GPIO_Init
 .text.GPIO_StructInit
                0x08006ab4       0x34 stm32f4xx_gpio.o
                0x08006ab4                GPIO_StructInit
 .text.GPIO_SetBits
                0x08006ae8       0x1c stm32f4xx_gpio.o
                0x08006ae8                GPIO_SetBits
 .text.GPIO_ResetBits
                0x08006b04       0x1c stm32f4xx_gpio.o
                0x08006b04                GPIO_ResetBits
 .text.GPIO_PinAFConfig
                0x08006b20       0x90 stm32f4xx_gpio.o
                0x08006b20                GPIO_PinAFConfig
 .text.DMA_DeInit
                0x08006bb0      0x1a4 stm32f4xx_dma.o
                0x08006bb0                DMA_DeInit
 .text.DMA_Init
                0x08006d54       0xac stm32f4xx_dma.o
                0x08006d54                DMA_Init
 .text.DMA_Cmd  0x08006e00       0x38 stm32f4xx_dma.o
                0x08006e00                DMA_Cmd
 .text.DMA_GetCurrDataCounter
                0x08006e38       0x1c stm32f4xx_dma.o
                0x08006e38                DMA_GetCurrDataCounter
 .text.DMA_GetCmdStatus
                0x08006e54       0x30 stm32f4xx_dma.o
                0x08006e54                DMA_GetCmdStatus
 .text.DMA_ITConfig
                0x08006e84       0x74 stm32f4xx_dma.o
                0x08006e84                DMA_ITConfig
 .text.DMA_GetITStatus
                0x08006ef8       0xb0 stm32f4xx_dma.o
                0x08006ef8                DMA_GetITStatus
 .text.DMA_ClearITPendingBit
                0x08006fa8       0x5c stm32f4xx_dma.o
                0x08006fa8                DMA_ClearITPendingBit
 .text.NVIC_Init
                0x08007004       0xc0 misc.o
                0x08007004                NVIC_Init
 .text.rt_OneStep
                0x080070c4       0x4c ert_main.o
                0x080070c4                rt_OneStep
 .text.main     0x08007110      0x114 ert_main.o
                0x08007110                main
 .text.atan2    0x08007224        0x4 c:/matlab/suppor~1/r2016a/gcc-ar~1/bin/../lib/gcc/arm-none-eabi/4.9.3/../../../../arm-none-eabi/lib/armv7e-m/fpu\libm.a(lib_a-w_atan2.o)
                0x08007224                atan2
 .text.__ieee754_atan2
                0x08007228      0x228 c:/matlab/suppor~1/r2016a/gcc-ar~1/bin/../lib/gcc/arm-none-eabi/4.9.3/../../../../arm-none-eabi/lib/armv7e-m/fpu\libm.a(lib_a-e_atan2.o)
                0x08007228                __ieee754_atan2
 .text.atan     0x08007450      0x368 c:/matlab/suppor~1/r2016a/gcc-ar~1/bin/../lib/gcc/arm-none-eabi/4.9.3/../../../../arm-none-eabi/lib/armv7e-m/fpu\libm.a(lib_a-s_atan.o)
                0x08007450                atan
 .text.fabs     0x080077b8       0x10 c:/matlab/suppor~1/r2016a/gcc-ar~1/bin/../lib/gcc/arm-none-eabi/4.9.3/../../../../arm-none-eabi/lib/armv7e-m/fpu\libm.a(lib_a-s_fabs.o)
                0x080077b8                fabs
 .text          0x080077c8      0x370 c:/matlab/suppor~1/r2016a/gcc-ar~1/bin/../lib/gcc/arm-none-eabi/4.9.3/armv7e-m/fpu\libgcc.a(_arm_addsubdf3.o)
                0x080077c8                __aeabi_drsub
                0x080077d0                __aeabi_dsub
                0x080077d0                __subdf3
                0x080077d4                __aeabi_dadd
                0x080077d4                __adddf3
                0x08007a4c                __floatunsidf
                0x08007a4c                __aeabi_ui2d
                0x08007a6c                __floatsidf
                0x08007a6c                __aeabi_i2d
                0x08007a90                __aeabi_f2d
                0x08007a90                __extendsfdf2
                0x08007acc                __floatundidf
                0x08007acc                __aeabi_ul2d
                0x08007adc                __floatdidf
                0x08007adc                __aeabi_l2d
 .text          0x08007b38      0x424 c:/matlab/suppor~1/r2016a/gcc-ar~1/bin/../lib/gcc/arm-none-eabi/4.9.3/armv7e-m/fpu\libgcc.a(_arm_muldivdf3.o)
                0x08007b38                __aeabi_dmul
                0x08007b38                __muldf3
                0x08007d8c                __divdf3
                0x08007d8c                __aeabi_ddiv
 .text          0x08007f5c      0x110 c:/matlab/suppor~1/r2016a/gcc-ar~1/bin/../lib/gcc/arm-none-eabi/4.9.3/armv7e-m/fpu\libgcc.a(_arm_cmpdf2.o)
                0x08007f5c                __gtdf2
                0x08007f5c                __gedf2
                0x08007f64                __ltdf2
                0x08007f64                __ledf2
                0x08007f6c                __nedf2
                0x08007f6c                __eqdf2
                0x08007f6c                __cmpdf2
                0x08007fe8                __aeabi_cdrcmple
                0x08007ff8                __aeabi_cdcmpeq
                0x08007ff8                __aeabi_cdcmple
                0x08008008                __aeabi_dcmpeq
                0x0800801c                __aeabi_dcmplt
                0x08008030                __aeabi_dcmple
                0x08008044                __aeabi_dcmpge
                0x08008058                __aeabi_dcmpgt
 .text          0x0800806c       0x50 c:/matlab/suppor~1/r2016a/gcc-ar~1/bin/../lib/gcc/arm-none-eabi/4.9.3/armv7e-m/fpu\libgcc.a(_arm_fixdfsi.o)
                0x0800806c                __aeabi_d2iz
                0x0800806c                __fixdfsi
 .text          0x080080bc       0xa0 c:/matlab/suppor~1/r2016a/gcc-ar~1/bin/../lib/gcc/arm-none-eabi/4.9.3/armv7e-m/fpu\libgcc.a(_arm_truncdfsf2.o)
                0x080080bc                __truncdfsf2
                0x080080bc                __aeabi_d2f
 .text.calloc   0x0800815c       0x14 c:/matlab/suppor~1/r2016a/gcc-ar~1/bin/../lib/gcc/arm-none-eabi/4.9.3/../../../../arm-none-eabi/lib/armv7e-m/fpu\libc_nano.a(lib_a-calloc.o)
                0x0800815c                calloc
 .text.exit     0x08008170       0x28 c:/matlab/suppor~1/r2016a/gcc-ar~1/bin/../lib/gcc/arm-none-eabi/4.9.3/../../../../arm-none-eabi/lib/armv7e-m/fpu\libc_nano.a(lib_a-exit.o)
                0x08008170                exit
 .text.__libc_init_array
                0x08008198       0x4c c:/matlab/suppor~1/r2016a/gcc-ar~1/bin/../lib/gcc/arm-none-eabi/4.9.3/../../../../arm-none-eabi/lib/armv7e-m/fpu\libc_nano.a(lib_a-init.o)
                0x08008198                __libc_init_array
 .text.malloc   0x080081e4       0x10 c:/matlab/suppor~1/r2016a/gcc-ar~1/bin/../lib/gcc/arm-none-eabi/4.9.3/../../../../arm-none-eabi/lib/armv7e-m/fpu\libc_nano.a(lib_a-malloc.o)
                0x080081e4                malloc
 .text.free     0x080081f4       0x10 c:/matlab/suppor~1/r2016a/gcc-ar~1/bin/../lib/gcc/arm-none-eabi/4.9.3/../../../../arm-none-eabi/lib/armv7e-m/fpu\libc_nano.a(lib_a-malloc.o)
                0x080081f4                free
 .text.memcpy   0x08008204       0x16 c:/matlab/suppor~1/r2016a/gcc-ar~1/bin/../lib/gcc/arm-none-eabi/4.9.3/../../../../arm-none-eabi/lib/armv7e-m/fpu\libc_nano.a(lib_a-memcpy.o)
                0x08008204                memcpy
 .text.memset   0x0800821a       0x10 c:/matlab/suppor~1/r2016a/gcc-ar~1/bin/../lib/gcc/arm-none-eabi/4.9.3/../../../../arm-none-eabi/lib/armv7e-m/fpu\libc_nano.a(lib_a-memset.o)
                0x0800821a                memset
 .text._calloc_r
                0x0800822a       0x1c c:/matlab/suppor~1/r2016a/gcc-ar~1/bin/../lib/gcc/arm-none-eabi/4.9.3/../../../../arm-none-eabi/lib/armv7e-m/fpu\libc_nano.a(lib_a-nano-callocr.o)
                0x0800822a                _calloc_r
 *fill*         0x08008246        0x2 
 .text._free_r  0x08008248       0x88 c:/matlab/suppor~1/r2016a/gcc-ar~1/bin/../lib/gcc/arm-none-eabi/4.9.3/../../../../arm-none-eabi/lib/armv7e-m/fpu\libc_nano.a(lib_a-nano-freer.o)
                0x08008248                _free_r
 .text._malloc_r
                0x080082d0       0xac c:/matlab/suppor~1/r2016a/gcc-ar~1/bin/../lib/gcc/arm-none-eabi/4.9.3/../../../../arm-none-eabi/lib/armv7e-m/fpu\libc_nano.a(lib_a-nano-mallocr.o)
                0x080082d0                _malloc_r
 .text._sbrk_r  0x0800837c       0x20 c:/matlab/suppor~1/r2016a/gcc-ar~1/bin/../lib/gcc/arm-none-eabi/4.9.3/../../../../arm-none-eabi/lib/armv7e-m/fpu\libc_nano.a(lib_a-sbrkr.o)
                0x0800837c                _sbrk_r
 .text          0x0800839c       0x14 c:/matlab/suppor~1/r2016a/gcc-ar~1/bin/../lib/gcc/arm-none-eabi/4.9.3/../../../../arm-none-eabi/lib/armv7e-m/fpu\libc_nano.a(lib_a-strcmp.o)
                0x0800839c                strcmp
 *(.init)
 .init          0x080083b0        0x4 c:/matlab/suppor~1/r2016a/gcc-ar~1/bin/../lib/gcc/arm-none-eabi/4.9.3/armv7e-m/fpu/crti.o
                0x080083b0                _init
 .init          0x080083b4        0x8 c:/matlab/suppor~1/r2016a/gcc-ar~1/bin/../lib/gcc/arm-none-eabi/4.9.3/armv7e-m/fpu/crtn.o
 *(.fini)
 .fini          0x080083bc        0x4 c:/matlab/suppor~1/r2016a/gcc-ar~1/bin/../lib/gcc/arm-none-eabi/4.9.3/armv7e-m/fpu/crti.o
                0x080083bc                _fini
 .fini          0x080083c0        0x8 c:/matlab/suppor~1/r2016a/gcc-ar~1/bin/../lib/gcc/arm-none-eabi/4.9.3/armv7e-m/fpu/crtn.o
 *crtbegin.o(.ctors)
 *crtbegin?.o(.ctors)
 *(EXCLUDE_FILE(*crtend.o *crtend?.o) .ctors)
 *(SORT(.ctors.*))
 *(.ctors)
 *crtbegin.o(.dtors)
 *crtbegin?.o(.dtors)
 *(EXCLUDE_FILE(*crtend.o *crtend?.o) .dtors)
 *(SORT(.dtors.*))
 *(.dtors)
 *(.rodata*)
 .rodata        0x080083c8       0xac V6___LQR_Regelung.o
 .rodata.V6___LQR_Regelung_M
                0x08008474        0x4 V6___LQR_Regelung.o
                0x08008474                V6___LQR_Regelung_M
 .rodata.rtAlwaysEnabled.8820
                0x08008478        0x1 V6___LQR_Regelung.o
 *fill*         0x08008479        0x3 
 .rodata        0x0800847c       0x3c ext_svr.o
 .rodata        0x080084b8       0x2c ext_svr_serial_transport.o
 *fill*         0x080084e4        0x4 
 .rodata.atanlo
                0x080084e8       0x20 c:/matlab/suppor~1/r2016a/gcc-ar~1/bin/../lib/gcc/arm-none-eabi/4.9.3/../../../../arm-none-eabi/lib/armv7e-m/fpu\libm.a(lib_a-s_atan.o)
 .rodata.atanhi
                0x08008508       0x20 c:/matlab/suppor~1/r2016a/gcc-ar~1/bin/../lib/gcc/arm-none-eabi/4.9.3/../../../../arm-none-eabi/lib/armv7e-m/fpu\libm.a(lib_a-s_atan.o)
 .rodata.str1.1
                0x08008528        0x2 c:/matlab/suppor~1/r2016a/gcc-ar~1/bin/../lib/gcc/arm-none-eabi/4.9.3/../../../../arm-none-eabi/lib/armv7e-m/fpu\libc_nano.a(lib_a-impure.o)
 *fill*         0x0800852a        0x2 
 .rodata._global_impure_ptr
                0x0800852c        0x4 c:/matlab/suppor~1/r2016a/gcc-ar~1/bin/../lib/gcc/arm-none-eabi/4.9.3/../../../../arm-none-eabi/lib/armv7e-m/fpu\libc_nano.a(lib_a-impure.o)
                0x0800852c                _global_impure_ptr
 *(.eh_fram e*)

.eh_frame       0x08008530        0x0
 .eh_frame      0x08008530        0x0 c:/matlab/suppor~1/r2016a/gcc-ar~1/bin/../lib/gcc/arm-none-eabi/4.9.3/armv7e-m/fpu/crtbegin.o

.glue_7         0x08008530        0x0
 .glue_7        0x00000000        0x0 linker stubs

.glue_7t        0x08008530        0x0
 .glue_7t       0x00000000        0x0 linker stubs

.vfp11_veneer   0x08008530        0x0
 .vfp11_veneer  0x00000000        0x0 linker stubs

.v4_bx          0x08008530        0x0
 .v4_bx         0x00000000        0x0 linker stubs

.iplt           0x08008530        0x0
 .iplt          0x00000000        0x0 c:/matlab/suppor~1/r2016a/gcc-ar~1/bin/../lib/gcc/arm-none-eabi/4.9.3/armv7e-m/fpu/crtbegin.o

.ARM.extab
 *(.ARM.extab* .gnu.linkonce.armextab.*)
                0x08008530                __exidx_start = .

.ARM.exidx      0x08008530        0x8
 *(.ARM.exidx* .gnu.linkonce.armexidx.*)
 .ARM.exidx     0x08008530        0x8 c:/matlab/suppor~1/r2016a/gcc-ar~1/bin/../lib/gcc/arm-none-eabi/4.9.3/../../../../arm-none-eabi/lib/armv7e-m/fpu/crt0.o
                0x08008538                __exidx_end = .

.rel.dyn        0x08008538        0x0
 .rel.iplt      0x00000000        0x0 c:/matlab/suppor~1/r2016a/gcc-ar~1/bin/../lib/gcc/arm-none-eabi/4.9.3/armv7e-m/fpu/crtbegin.o
                0x08008538                . = ALIGN (0x4)
                0x08008538                _etext = .
                0x08008538                _sidata = .

.data           0x20000000      0x2ec load address 0x08008538
                0x20000000                __data_start__ = .
                0x20000000                _sdata = __data_start__
 *(vtable)
 *(.data*)
 .data.rtDataTypeSizes
                0x20000000       0x40 V6___LQR_Regelung.o
 .data.rtDataTypeNames
                0x20000040       0x40 V6___LQR_Regelung.o
 .data.rtBTransitions
                0x20000080       0x90 V6___LQR_Regelung.o
 .data.rtBTransTable
                0x20000110        0x8 V6___LQR_Regelung.o
 .data.rtPTransitions
                0x20000118       0x70 V6___LQR_Regelung.o
 .data.rtPTransTable
                0x20000188        0x8 V6___LQR_Regelung.o
 .data.V6___LQR_Regelung_P
                0x20000190       0xa8 V6___LQR_Regelung_data.o
                0x20000190                V6___LQR_Regelung_P
 .data.firstTime.8583
                0x20000238        0x4 updown.o
 .data.modelStatus
                0x2000023c        0x1 ext_work.o
                0x2000023c                modelStatus
 *fill*         0x2000023d        0x3 
 .data.finaltime
                0x20000240        0x8 ext_work.o
 .data.initialRun.8222
                0x20000248        0x1 SensorenFilter_Block_wrapper.o
 *fill*         0x20000249        0x3 
 .data.sP.8233  0x2000024c        0x4 SensorenFilter_Block_wrapper.o
 .data.SystemCoreClock
                0x20000250        0x4 system_stm32f4xx.o
                0x20000250                SystemCoreClock
 .data.AHBPrescTable
                0x20000254       0x10 system_stm32f4xx.o
                0x20000254                AHBPrescTable
 .data.InBuffer
                0x20000264        0x4 ext_svr_serial_transport.o
 .data.OutBuffer
                0x20000268        0x4 ext_svr_serial_transport.o
 .data.APBAHBPrescTable
                0x2000026c       0x10 stm32f4xx_rcc.o
 .data.impure_data
                0x2000027c       0x60 c:/matlab/suppor~1/r2016a/gcc-ar~1/bin/../lib/gcc/arm-none-eabi/4.9.3/../../../../arm-none-eabi/lib/armv7e-m/fpu\libc_nano.a(lib_a-impure.o)
 .data._impure_ptr
                0x200002dc        0x4 c:/matlab/suppor~1/r2016a/gcc-ar~1/bin/../lib/gcc/arm-none-eabi/4.9.3/../../../../arm-none-eabi/lib/armv7e-m/fpu\libc_nano.a(lib_a-impure.o)
                0x200002dc                _impure_ptr
                0x200002e0                . = ALIGN (0x4)
                0x200002e0                PROVIDE (__preinit_array_start, .)
 *(.preinit_array)
                0x200002e0                PROVIDE (__preinit_array_end, .)
                0x200002e0                . = ALIGN (0x4)
                0x200002e0                PROVIDE (__init_array_start, .)
 *(SORT(.init_array.*))
 *(.init_array)
 .init_array    0x200002e0        0x4 c:/matlab/suppor~1/r2016a/gcc-ar~1/bin/../lib/gcc/arm-none-eabi/4.9.3/armv7e-m/fpu/crtbegin.o
                0x200002e4                PROVIDE (__init_array_end, .)
                0x200002e4                . = ALIGN (0x4)
                0x200002e4                PROVIDE (__fini_array_start, .)
 *(SORT(.fini_array.*))
 *(.fini_array)
 .fini_array    0x200002e4        0x4 c:/matlab/suppor~1/r2016a/gcc-ar~1/bin/../lib/gcc/arm-none-eabi/4.9.3/armv7e-m/fpu/crtbegin.o
                0x200002e8                PROVIDE (__fini_array_end, .)
 *(.jcr*)
 .jcr           0x200002e8        0x0 c:/matlab/suppor~1/r2016a/gcc-ar~1/bin/../lib/gcc/arm-none-eabi/4.9.3/armv7e-m/fpu/crtbegin.o
 .jcr           0x200002e8        0x4 c:/matlab/suppor~1/r2016a/gcc-ar~1/bin/../lib/gcc/arm-none-eabi/4.9.3/armv7e-m/fpu/crtend.o
                0x200002ec                . = ALIGN (0x4)
                0x200002ec                __data_end__ = .
                0x200002ec                _edata = __data_end__

.igot.plt       0x200002ec        0x0 load address 0x08008824
 .igot.plt      0x00000000        0x0 c:/matlab/suppor~1/r2016a/gcc-ar~1/bin/../lib/gcc/arm-none-eabi/4.9.3/armv7e-m/fpu/crtbegin.o

.bss            0x200002f0      0xf7c load address 0x08008828
                0x200002f0                . = ALIGN (0x4)
                0x200002f0                _sbss = .
                0x200002f0                __bss_start__ = _sbss
 *(.bss .bss.*)
 .bss           0x200002f0       0x1c c:/matlab/suppor~1/r2016a/gcc-ar~1/bin/../lib/gcc/arm-none-eabi/4.9.3/armv7e-m/fpu/crtbegin.o
 .bss.rt_ExtModeInfo.8821
                0x2000030c       0x14 V6___LQR_Regelung.o
 .bss.systemRan.8822
                0x20000320        0x4 V6___LQR_Regelung.o
 .bss.dtInfo.8823
                0x20000324       0x24 V6___LQR_Regelung.o
 .bss.initDone.7496
                0x20000348        0x1 MotorControl.o
 .bss.adcInit.7500
                0x20000349        0x1 MotorControl.o
 .bss.initDone.7608
                0x2000034a        0x1 MPU6050.o
 .bss.connected
                0x2000034b        0x1 ext_svr.o
 .bss.commInitialized
                0x2000034c        0x1 ext_svr.o
 .bss.gblSetParamPktReceived
                0x2000034d        0x1 ext_svr.o
                0x2000034d                gblSetParamPktReceived
 *fill*         0x2000034e        0x2 
 .bss.extUD     0x20000350        0x4 ext_svr.o
 .bss.pktBufSize
                0x20000354        0x4 ext_svr.o
 .bss.pktBuf    0x20000358        0x4 ext_svr.o
 .bss.ERRMSG_PROCESSSELECTSIGNAL
                0x2000035c        0x4 ext_svr.o
 .bss.ERRMSG_PROCESSSELECTTRIGGER
                0x20000360        0x4 ext_svr.o
 .bss.buffer.8480
                0x20000364        0x1 ext_svr.o
 .bss.host_upstatus_is_uploading
                0x20000365        0x1 updown.o
                0x20000365                host_upstatus_is_uploading
 *fill*         0x20000366        0x2 
 .bss.uploadInfoArray
                0x20000368       0xe0 updown.o
 .bss.startModel
                0x20000448        0x4 ext_work.o
                0x20000448                startModel
 .bss.recentPhi.8223
                0x2000044c        0x4 SensorenFilter_Block_wrapper.o
 .bss.sOldPhi.8235
                0x20000450        0x4 SensorenFilter_Block_wrapper.o
 .bss.sPhi__d.8231
                0x20000454       0x1c SensorenFilter_Block_wrapper.o
 .bss.sPhi.8232
                0x20000470       0x1c SensorenFilter_Block_wrapper.o
 .bss.index.8236
                0x2000048c        0x4 SensorenFilter_Block_wrapper.o
 .bss.sK.8234   0x20000490        0x4 SensorenFilter_Block_wrapper.o
 .bss.heap_end  0x20000494        0x4 syscalls_stm32f4xx.o
                0x20000494                heap_end
 .bss.UD        0x20000498        0x4 rtiostream_serial_interface.o
 .bss.serialPort.8417
                0x2000049c        0x4 rtiostream_serial_interface.o
 .bss.buffer1st
                0x200004a0       0x24 ext_svr_serial_transport.o
 .bss.buffer2nd
                0x200004c4       0x24 ext_svr_serial_transport.o
 .bss.waitForAck
                0x200004e8        0x1 ext_svr_serial_transport.o
 *fill*         0x200004e9        0x3 
 .bss.FreeFIFOHead
                0x200004ec        0x4 ext_svr_serial_transport.o
 .bss.FreeFIFOTail
                0x200004f0        0x4 ext_svr_serial_transport.o
 .bss.PktFIFOHead
                0x200004f4        0x4 ext_svr_serial_transport.o
 .bss.PktFIFOTail
                0x200004f8        0x4 ext_svr_serial_transport.o
 .bss.UD.8580   0x200004fc        0x8 ext_svr_serial_transport.o
 .bss.MW_USART_ERRNO
                0x20000504        0x4 rtiostream_serial_dma_stm32f4xx.o
                0x20000504                MW_USART_ERRNO
 .bss.UART_rxBuffer
                0x20000508      0x800 rtiostream_serial_dma_stm32f4xx.o
 .bss.UART_txBuffer
                0x20000d08      0x400 rtiostream_serial_dma_stm32f4xx.o
 .bss.UART_Rx   0x20001108        0x8 rtiostream_serial_dma_stm32f4xx.o
 .bss.UART_Tx   0x20001110       0x48 rtiostream_serial_dma_stm32f4xx.o
 .bss.IsrOverrun
                0x20001158        0x4 ert_main.o
                0x20001158                IsrOverrun
 .bss.OverrunFlag
                0x2000115c        0x1 ert_main.o
 *fill*         0x2000115d        0x3 
 .bss.__malloc_sbrk_start
                0x20001160        0x4 c:/matlab/suppor~1/r2016a/gcc-ar~1/bin/../lib/gcc/arm-none-eabi/4.9.3/../../../../arm-none-eabi/lib/armv7e-m/fpu\libc_nano.a(lib_a-nano-mallocr.o)
                0x20001160                __malloc_sbrk_start
 .bss.__malloc_free_list
                0x20001164        0x4 c:/matlab/suppor~1/r2016a/gcc-ar~1/bin/../lib/gcc/arm-none-eabi/4.9.3/../../../../arm-none-eabi/lib/armv7e-m/fpu\libc_nano.a(lib_a-nano-mallocr.o)
                0x20001164                __malloc_free_list
 *(COMMON)
 COMMON         0x20001168       0xf8 V6___LQR_Regelung.o
                0x20001168                V6___LQR_Regelung_DW
                0x200011c8                V6___LQR_Regelung_B
                0x20001218                V6___LQR_Regelung_M_
 COMMON         0x20001260        0x8 SysTickScheduler.o
                0x20001260                schdl_counter_max
                0x20001264                schdl_counter
 COMMON         0x20001268        0x4 c:/matlab/suppor~1/r2016a/gcc-ar~1/bin/../lib/gcc/arm-none-eabi/4.9.3/../../../../arm-none-eabi/lib/armv7e-m/fpu\libc_nano.a(lib_a-reent.o)
                0x20001268                errno
                0x2000126c                . = ALIGN (0x4)
                0x2000126c                _ebss = .
                0x2000126c                __bss_end__ = _ebss

.co_stack       0x10000000     0x2040
                0x10000000                . = ALIGN (0x8)
                0x10000000                __stack_end__ = .
 *(.co_stack .co_stack.*)
 .co_stack      0x10000000     0x2040 startup_stm32f4xx.o
                0x10000000                pulStack
                0x10002040                __stack_start__ = .
                0x10002040                . = ALIGN (0x8)
                0x10002040                _end_ccmram = .
                0x10002040                PROVIDE (_sheap, _end_ccmram)
                0x10010000                PROVIDE (_eheap, ALIGN ((ORIGIN (CCMRAM) + 0x10000), 0x8))
                0x10002040                PROVIDE (__stack, __stack_start__)
OUTPUT(../V6___LQR_Regelung.elf elf32-littlearm)

.ARM.attributes
                0x00000000       0x30
 .ARM.attributes
                0x00000000       0x22 c:/matlab/suppor~1/r2016a/gcc-ar~1/bin/../lib/gcc/arm-none-eabi/4.9.3/armv7e-m/fpu/crti.o
 .ARM.attributes
                0x00000022       0x34 c:/matlab/suppor~1/r2016a/gcc-ar~1/bin/../lib/gcc/arm-none-eabi/4.9.3/armv7e-m/fpu/crtbegin.o
 .ARM.attributes
                0x00000056       0x20 c:/matlab/suppor~1/r2016a/gcc-ar~1/bin/../lib/gcc/arm-none-eabi/4.9.3/../../../../arm-none-eabi/lib/armv7e-m/fpu/crt0.o
 .ARM.attributes
                0x00000076       0x39 V6___LQR_Regelung.o
 .ARM.attributes
                0x000000af       0x39 V6___LQR_Regelung_data.o
 .ARM.attributes
                0x000000e8       0x39 ADC.o
 .ARM.attributes
                0x00000121       0x39 MotorControl.o
 .ARM.attributes
                0x0000015a       0x39 stm32f4xx_adc.o
 .ARM.attributes
                0x00000193       0x39 stm32f4xx_tim.o
 .ARM.attributes
                0x000001cc       0x39 stm32f4xx_i2c.o
 .ARM.attributes
                0x00000205       0x39 MPU6050.o
 .ARM.attributes
                0x0000023e       0x39 ext_svr.o
 .ARM.attributes
                0x00000277       0x39 updown.o
 .ARM.attributes
                0x000002b0       0x39 ext_work.o
 .ARM.attributes
                0x000002e9       0x39 rtiostream_utils.o
 .ARM.attributes
                0x00000322       0x39 MPU6050_CustomBlock_wrapper.o
 .ARM.attributes
                0x0000035b       0x39 SensorenFilter_Block_wrapper.o
 .ARM.attributes
                0x00000394       0x39 MotorADC_wrapper.o
 .ARM.attributes
                0x000003cd       0x39 Motor_wrapper.o
 .ARM.attributes
                0x00000406       0x39 blapp_support.o
 .ARM.attributes
                0x0000043f       0x39 startup_stm32f4xx.o
 .ARM.attributes
                0x00000478       0x39 syscalls_stm32f4xx.o
 .ARM.attributes
                0x000004b1       0x39 stm32f4xx_init_board.o
 .ARM.attributes
                0x000004ea       0x39 system_stm32f4xx.o
 .ARM.attributes
                0x00000523       0x39 SysTickScheduler.o
 .ARM.attributes
                0x0000055c       0x39 m3m4m4f_multitasking.o
 .ARM.attributes
                0x00000595       0x39 ext_serial_pkt.o
 .ARM.attributes
                0x000005ce       0x39 rtiostream_serial_interface.o
 .ARM.attributes
                0x00000607       0x39 ext_svr_serial_transport.o
 .ARM.attributes
                0x00000640       0x39 rtiostream_serial_dma_stm32f4xx.o
 .ARM.attributes
                0x00000679       0x39 stm32f4xx_usart.o
 .ARM.attributes
                0x000006b2       0x39 stm32f4xx_rcc.o
 .ARM.attributes
                0x000006eb       0x39 stm32f4xx_gpio.o
 .ARM.attributes
                0x00000724       0x39 stm32f4xx_dma.o
 .ARM.attributes
                0x0000075d       0x39 misc.o
 .ARM.attributes
                0x00000796       0x39 ert_main.o
 .ARM.attributes
                0x000007cf       0x34 c:/matlab/suppor~1/r2016a/gcc-ar~1/bin/../lib/gcc/arm-none-eabi/4.9.3/../../../../arm-none-eabi/lib/armv7e-m/fpu\libm.a(lib_a-w_atan2.o)
 .ARM.attributes
                0x00000803       0x34 c:/matlab/suppor~1/r2016a/gcc-ar~1/bin/../lib/gcc/arm-none-eabi/4.9.3/../../../../arm-none-eabi/lib/armv7e-m/fpu\libm.a(lib_a-e_atan2.o)
 .ARM.attributes
                0x00000837       0x34 c:/matlab/suppor~1/r2016a/gcc-ar~1/bin/../lib/gcc/arm-none-eabi/4.9.3/../../../../arm-none-eabi/lib/armv7e-m/fpu\libm.a(lib_a-s_atan.o)
 .ARM.attributes
                0x0000086b       0x34 c:/matlab/suppor~1/r2016a/gcc-ar~1/bin/../lib/gcc/arm-none-eabi/4.9.3/../../../../arm-none-eabi/lib/armv7e-m/fpu\libm.a(lib_a-s_fabs.o)
 .ARM.attributes
                0x0000089f       0x22 c:/matlab/suppor~1/r2016a/gcc-ar~1/bin/../lib/gcc/arm-none-eabi/4.9.3/armv7e-m/fpu\libgcc.a(_arm_addsubdf3.o)
 .ARM.attributes
                0x000008c1       0x22 c:/matlab/suppor~1/r2016a/gcc-ar~1/bin/../lib/gcc/arm-none-eabi/4.9.3/armv7e-m/fpu\libgcc.a(_arm_muldivdf3.o)
 .ARM.attributes
                0x000008e3       0x22 c:/matlab/suppor~1/r2016a/gcc-ar~1/bin/../lib/gcc/arm-none-eabi/4.9.3/armv7e-m/fpu\libgcc.a(_arm_cmpdf2.o)
 .ARM.attributes
                0x00000905       0x22 c:/matlab/suppor~1/r2016a/gcc-ar~1/bin/../lib/gcc/arm-none-eabi/4.9.3/armv7e-m/fpu\libgcc.a(_arm_fixdfsi.o)
 .ARM.attributes
                0x00000927       0x22 c:/matlab/suppor~1/r2016a/gcc-ar~1/bin/../lib/gcc/arm-none-eabi/4.9.3/armv7e-m/fpu\libgcc.a(_arm_truncdfsf2.o)
 .ARM.attributes
                0x00000949       0x34 c:/matlab/suppor~1/r2016a/gcc-ar~1/bin/../lib/gcc/arm-none-eabi/4.9.3/../../../../arm-none-eabi/lib/armv7e-m/fpu\libc_nano.a(lib_a-calloc.o)
 .ARM.attributes
                0x0000097d       0x34 c:/matlab/suppor~1/r2016a/gcc-ar~1/bin/../lib/gcc/arm-none-eabi/4.9.3/../../../../arm-none-eabi/lib/armv7e-m/fpu\libc_nano.a(lib_a-exit.o)
 .ARM.attributes
                0x000009b1       0x34 c:/matlab/suppor~1/r2016a/gcc-ar~1/bin/../lib/gcc/arm-none-eabi/4.9.3/../../../../arm-none-eabi/lib/armv7e-m/fpu\libc_nano.a(lib_a-impure.o)
 .ARM.attributes
                0x000009e5       0x34 c:/matlab/suppor~1/r2016a/gcc-ar~1/bin/../lib/gcc/arm-none-eabi/4.9.3/../../../../arm-none-eabi/lib/armv7e-m/fpu\libc_nano.a(lib_a-init.o)
 .ARM.attributes
                0x00000a19       0x34 c:/matlab/suppor~1/r2016a/gcc-ar~1/bin/../lib/gcc/arm-none-eabi/4.9.3/../../../../arm-none-eabi/lib/armv7e-m/fpu\libc_nano.a(lib_a-malloc.o)
 .ARM.attributes
                0x00000a4d       0x34 c:/matlab/suppor~1/r2016a/gcc-ar~1/bin/../lib/gcc/arm-none-eabi/4.9.3/../../../../arm-none-eabi/lib/armv7e-m/fpu\libc_nano.a(lib_a-memcpy.o)
 .ARM.attributes
                0x00000a81       0x34 c:/matlab/suppor~1/r2016a/gcc-ar~1/bin/../lib/gcc/arm-none-eabi/4.9.3/../../../../arm-none-eabi/lib/armv7e-m/fpu\libc_nano.a(lib_a-memset.o)
 .ARM.attributes
                0x00000ab5       0x34 c:/matlab/suppor~1/r2016a/gcc-ar~1/bin/../lib/gcc/arm-none-eabi/4.9.3/../../../../arm-none-eabi/lib/armv7e-m/fpu\libc_nano.a(lib_a-nano-callocr.o)
 .ARM.attributes
                0x00000ae9       0x34 c:/matlab/suppor~1/r2016a/gcc-ar~1/bin/../lib/gcc/arm-none-eabi/4.9.3/../../../../arm-none-eabi/lib/armv7e-m/fpu\libc_nano.a(lib_a-nano-freer.o)
 .ARM.attributes
                0x00000b1d       0x34 c:/matlab/suppor~1/r2016a/gcc-ar~1/bin/../lib/gcc/arm-none-eabi/4.9.3/../../../../arm-none-eabi/lib/armv7e-m/fpu\libc_nano.a(lib_a-nano-mallocr.o)
 .ARM.attributes
                0x00000b51       0x34 c:/matlab/suppor~1/r2016a/gcc-ar~1/bin/../lib/gcc/arm-none-eabi/4.9.3/../../../../arm-none-eabi/lib/armv7e-m/fpu\libc_nano.a(lib_a-reent.o)
 .ARM.attributes
                0x00000b85       0x34 c:/matlab/suppor~1/r2016a/gcc-ar~1/bin/../lib/gcc/arm-none-eabi/4.9.3/../../../../arm-none-eabi/lib/armv7e-m/fpu\libc_nano.a(lib_a-sbrkr.o)
 .ARM.attributes
                0x00000bb9       0x20 c:/matlab/suppor~1/r2016a/gcc-ar~1/bin/../lib/gcc/arm-none-eabi/4.9.3/../../../../arm-none-eabi/lib/armv7e-m/fpu\libc_nano.a(lib_a-strcmp.o)
 .ARM.attributes
                0x00000bd9       0x34 c:/matlab/suppor~1/r2016a/gcc-ar~1/bin/../lib/gcc/arm-none-eabi/4.9.3/armv7e-m/fpu/crtend.o
 .ARM.attributes
                0x00000c0d       0x22 c:/matlab/suppor~1/r2016a/gcc-ar~1/bin/../lib/gcc/arm-none-eabi/4.9.3/armv7e-m/fpu/crtn.o

.comment        0x00000000       0x70
 .comment       0x00000000       0x70 V6___LQR_Regelung.o
                                 0x71 (size before relaxing)
 .comment       0x00000000       0x71 V6___LQR_Regelung_data.o
 .comment       0x00000000       0x71 ADC.o
 .comment       0x00000000       0x71 MotorControl.o
 .comment       0x00000000       0x71 stm32f4xx_adc.o
 .comment       0x00000000       0x71 stm32f4xx_tim.o
 .comment       0x00000000       0x71 stm32f4xx_i2c.o
 .comment       0x00000000       0x71 MPU6050.o
 .comment       0x00000000       0x71 ext_svr.o
 .comment       0x00000000       0x71 updown.o
 .comment       0x00000000       0x71 ext_work.o
 .comment       0x00000000       0x71 rtiostream_utils.o
 .comment       0x00000000       0x71 MPU6050_CustomBlock_wrapper.o
 .comment       0x00000000       0x71 SensorenFilter_Block_wrapper.o
 .comment       0x00000000       0x71 MotorADC_wrapper.o
 .comment       0x00000000       0x71 Motor_wrapper.o
 .comment       0x00000000       0x71 blapp_support.o
 .comment       0x00000000       0x71 startup_stm32f4xx.o
 .comment       0x00000000       0x71 syscalls_stm32f4xx.o
 .comment       0x00000000       0x71 stm32f4xx_init_board.o
 .comment       0x00000000       0x71 system_stm32f4xx.o
 .comment       0x00000000       0x71 SysTickScheduler.o
 .comment       0x00000000       0x71 m3m4m4f_multitasking.o
 .comment       0x00000000       0x71 ext_serial_pkt.o
 .comment       0x00000000       0x71 rtiostream_serial_interface.o
 .comment       0x00000000       0x71 ext_svr_serial_transport.o
 .comment       0x00000000       0x71 rtiostream_serial_dma_stm32f4xx.o
 .comment       0x00000000       0x71 stm32f4xx_usart.o
 .comment       0x00000000       0x71 stm32f4xx_rcc.o
 .comment       0x00000000       0x71 stm32f4xx_gpio.o
 .comment       0x00000000       0x71 stm32f4xx_dma.o
 .comment       0x00000000       0x71 misc.o
 .comment       0x00000000       0x71 ert_main.o

.debug_frame    0x00000000      0x2b4
 .debug_frame   0x00000000       0x20 c:/matlab/suppor~1/r2016a/gcc-ar~1/bin/../lib/gcc/arm-none-eabi/4.9.3/../../../../arm-none-eabi/lib/armv7e-m/fpu\libm.a(lib_a-w_atan2.o)
 .debug_frame   0x00000020       0x44 c:/matlab/suppor~1/r2016a/gcc-ar~1/bin/../lib/gcc/arm-none-eabi/4.9.3/../../../../arm-none-eabi/lib/armv7e-m/fpu\libm.a(lib_a-e_atan2.o)
 .debug_frame   0x00000064       0x38 c:/matlab/suppor~1/r2016a/gcc-ar~1/bin/../lib/gcc/arm-none-eabi/4.9.3/../../../../arm-none-eabi/lib/armv7e-m/fpu\libm.a(lib_a-s_atan.o)
 .debug_frame   0x0000009c       0x20 c:/matlab/suppor~1/r2016a/gcc-ar~1/bin/../lib/gcc/arm-none-eabi/4.9.3/../../../../arm-none-eabi/lib/armv7e-m/fpu\libm.a(lib_a-s_fabs.o)
 .debug_frame   0x000000bc       0x20 c:/matlab/suppor~1/r2016a/gcc-ar~1/bin/../lib/gcc/arm-none-eabi/4.9.3/../../../../arm-none-eabi/lib/armv7e-m/fpu\libc_nano.a(lib_a-calloc.o)
 .debug_frame   0x000000dc       0x28 c:/matlab/suppor~1/r2016a/gcc-ar~1/bin/../lib/gcc/arm-none-eabi/4.9.3/../../../../arm-none-eabi/lib/armv7e-m/fpu\libc_nano.a(lib_a-exit.o)
 .debug_frame   0x00000104       0x2c c:/matlab/suppor~1/r2016a/gcc-ar~1/bin/../lib/gcc/arm-none-eabi/4.9.3/../../../../arm-none-eabi/lib/armv7e-m/fpu\libc_nano.a(lib_a-init.o)
 .debug_frame   0x00000130       0x30 c:/matlab/suppor~1/r2016a/gcc-ar~1/bin/../lib/gcc/arm-none-eabi/4.9.3/../../../../arm-none-eabi/lib/armv7e-m/fpu\libc_nano.a(lib_a-malloc.o)
 .debug_frame   0x00000160       0x28 c:/matlab/suppor~1/r2016a/gcc-ar~1/bin/../lib/gcc/arm-none-eabi/4.9.3/../../../../arm-none-eabi/lib/armv7e-m/fpu\libc_nano.a(lib_a-memcpy.o)
 .debug_frame   0x00000188       0x20 c:/matlab/suppor~1/r2016a/gcc-ar~1/bin/../lib/gcc/arm-none-eabi/4.9.3/../../../../arm-none-eabi/lib/armv7e-m/fpu\libc_nano.a(lib_a-memset.o)
 .debug_frame   0x000001a8       0x2c c:/matlab/suppor~1/r2016a/gcc-ar~1/bin/../lib/gcc/arm-none-eabi/4.9.3/../../../../arm-none-eabi/lib/armv7e-m/fpu\libc_nano.a(lib_a-nano-callocr.o)
 .debug_frame   0x000001d4       0x2c c:/matlab/suppor~1/r2016a/gcc-ar~1/bin/../lib/gcc/arm-none-eabi/4.9.3/../../../../arm-none-eabi/lib/armv7e-m/fpu\libc_nano.a(lib_a-nano-freer.o)
 .debug_frame   0x00000200       0x2c c:/matlab/suppor~1/r2016a/gcc-ar~1/bin/../lib/gcc/arm-none-eabi/4.9.3/../../../../arm-none-eabi/lib/armv7e-m/fpu\libc_nano.a(lib_a-nano-mallocr.o)
 .debug_frame   0x0000022c       0x5c c:/matlab/suppor~1/r2016a/gcc-ar~1/bin/../lib/gcc/arm-none-eabi/4.9.3/../../../../arm-none-eabi/lib/armv7e-m/fpu\libc_nano.a(lib_a-reent.o)
 .debug_frame   0x00000288       0x2c c:/matlab/suppor~1/r2016a/gcc-ar~1/bin/../lib/gcc/arm-none-eabi/4.9.3/../../../../arm-none-eabi/lib/armv7e-m/fpu\libc_nano.a(lib_a-sbrkr.o)
