Archive member included because of file (symbol)

c:/matlab/suppor~1/r2016a/gcc-ar~1/bin/../lib/gcc/arm-none-eabi/4.9.3/../../../../arm-none-eabi/lib/armv7e-m/fpu\libm.a(lib_a-w_atan2.o)
                              SensorenFilter_Block_wrapper.o (atan2)
c:/matlab/suppor~1/r2016a/gcc-ar~1/bin/../lib/gcc/arm-none-eabi/4.9.3/../../../../arm-none-eabi/lib/armv7e-m/fpu\libm.a(lib_a-e_atan2.o)
                              c:/matlab/suppor~1/r2016a/gcc-ar~1/bin/../lib/gcc/arm-none-eabi/4.9.3/../../../../arm-none-eabi/lib/armv7e-m/fpu\libm.a(lib_a-w_atan2.o) (__ieee754_atan2)
c:/matlab/suppor~1/r2016a/gcc-ar~1/bin/../lib/gcc/arm-none-eabi/4.9.3/../../../../arm-none-eabi/lib/armv7e-m/fpu\libm.a(lib_a-s_atan.o)
                              c:/matlab/suppor~1/r2016a/gcc-ar~1/bin/../lib/gcc/arm-none-eabi/4.9.3/../../../../arm-none-eabi/lib/armv7e-m/fpu\libm.a(lib_a-e_atan2.o) (atan)
c:/matlab/suppor~1/r2016a/gcc-ar~1/bin/../lib/gcc/arm-none-eabi/4.9.3/../../../../arm-none-eabi/lib/armv7e-m/fpu\libm.a(lib_a-s_fabs.o)
                              c:/matlab/suppor~1/r2016a/gcc-ar~1/bin/../lib/gcc/arm-none-eabi/4.9.3/../../../../arm-none-eabi/lib/armv7e-m/fpu\libm.a(lib_a-e_atan2.o) (fabs)
c:/matlab/suppor~1/r2016a/gcc-ar~1/bin/../lib/gcc/arm-none-eabi/4.9.3/armv7e-m/fpu\libgcc.a(_arm_addsubdf3.o)
                              TestFilter.o (__aeabi_dsub)
c:/matlab/suppor~1/r2016a/gcc-ar~1/bin/../lib/gcc/arm-none-eabi/4.9.3/armv7e-m/fpu\libgcc.a(_arm_muldivdf3.o)
                              TestFilter.o (__aeabi_dmul)
c:/matlab/suppor~1/r2016a/gcc-ar~1/bin/../lib/gcc/arm-none-eabi/4.9.3/armv7e-m/fpu\libgcc.a(_arm_cmpdf2.o)
                              TestFilter.o (__aeabi_dcmpeq)
c:/matlab/suppor~1/r2016a/gcc-ar~1/bin/../lib/gcc/arm-none-eabi/4.9.3/armv7e-m/fpu\libgcc.a(_arm_truncdfsf2.o)
                              SensorenFilter_Block_wrapper.o (__aeabi_d2f)
c:/matlab/suppor~1/r2016a/gcc-ar~1/bin/../lib/gcc/arm-none-eabi/4.9.3/../../../../arm-none-eabi/lib/armv7e-m/fpu\libc_nano.a(lib_a-calloc.o)
                              updown.o (calloc)
c:/matlab/suppor~1/r2016a/gcc-ar~1/bin/../lib/gcc/arm-none-eabi/4.9.3/../../../../arm-none-eabi/lib/armv7e-m/fpu\libc_nano.a(lib_a-exit.o)
                              c:/matlab/suppor~1/r2016a/gcc-ar~1/bin/../lib/gcc/arm-none-eabi/4.9.3/../../../../arm-none-eabi/lib/armv7e-m/fpu/crt0.o (exit)
c:/matlab/suppor~1/r2016a/gcc-ar~1/bin/../lib/gcc/arm-none-eabi/4.9.3/../../../../arm-none-eabi/lib/armv7e-m/fpu\libc_nano.a(lib_a-impure.o)
                              c:/matlab/suppor~1/r2016a/gcc-ar~1/bin/../lib/gcc/arm-none-eabi/4.9.3/../../../../arm-none-eabi/lib/armv7e-m/fpu\libc_nano.a(lib_a-exit.o) (_global_impure_ptr)
c:/matlab/suppor~1/r2016a/gcc-ar~1/bin/../lib/gcc/arm-none-eabi/4.9.3/../../../../arm-none-eabi/lib/armv7e-m/fpu\libc_nano.a(lib_a-init.o)
                              c:/matlab/suppor~1/r2016a/gcc-ar~1/bin/../lib/gcc/arm-none-eabi/4.9.3/../../../../arm-none-eabi/lib/armv7e-m/fpu/crt0.o (__libc_init_array)
c:/matlab/suppor~1/r2016a/gcc-ar~1/bin/../lib/gcc/arm-none-eabi/4.9.3/../../../../arm-none-eabi/lib/armv7e-m/fpu\libc_nano.a(lib_a-malloc.o)
                              ext_svr.o (malloc)
c:/matlab/suppor~1/r2016a/gcc-ar~1/bin/../lib/gcc/arm-none-eabi/4.9.3/../../../../arm-none-eabi/lib/armv7e-m/fpu\libc_nano.a(lib_a-memcpy.o)
                              ext_svr.o (memcpy)
c:/matlab/suppor~1/r2016a/gcc-ar~1/bin/../lib/gcc/arm-none-eabi/4.9.3/../../../../arm-none-eabi/lib/armv7e-m/fpu\libc_nano.a(lib_a-memset.o)
                              c:/matlab/suppor~1/r2016a/gcc-ar~1/bin/../lib/gcc/arm-none-eabi/4.9.3/../../../../arm-none-eabi/lib/armv7e-m/fpu/crt0.o (memset)
c:/matlab/suppor~1/r2016a/gcc-ar~1/bin/../lib/gcc/arm-none-eabi/4.9.3/../../../../arm-none-eabi/lib/armv7e-m/fpu\libc_nano.a(lib_a-nano-callocr.o)
                              c:/matlab/suppor~1/r2016a/gcc-ar~1/bin/../lib/gcc/arm-none-eabi/4.9.3/../../../../arm-none-eabi/lib/armv7e-m/fpu\libc_nano.a(lib_a-calloc.o) (_calloc_r)
c:/matlab/suppor~1/r2016a/gcc-ar~1/bin/../lib/gcc/arm-none-eabi/4.9.3/../../../../arm-none-eabi/lib/armv7e-m/fpu\libc_nano.a(lib_a-nano-freer.o)
                              c:/matlab/suppor~1/r2016a/gcc-ar~1/bin/../lib/gcc/arm-none-eabi/4.9.3/../../../../arm-none-eabi/lib/armv7e-m/fpu\libc_nano.a(lib_a-malloc.o) (_free_r)
c:/matlab/suppor~1/r2016a/gcc-ar~1/bin/../lib/gcc/arm-none-eabi/4.9.3/../../../../arm-none-eabi/lib/armv7e-m/fpu\libc_nano.a(lib_a-nano-mallocr.o)
                              c:/matlab/suppor~1/r2016a/gcc-ar~1/bin/../lib/gcc/arm-none-eabi/4.9.3/../../../../arm-none-eabi/lib/armv7e-m/fpu\libc_nano.a(lib_a-malloc.o) (_malloc_r)
c:/matlab/suppor~1/r2016a/gcc-ar~1/bin/../lib/gcc/arm-none-eabi/4.9.3/../../../../arm-none-eabi/lib/armv7e-m/fpu\libc_nano.a(lib_a-reent.o)
                              syscalls_stm32f4xx.o (errno)
c:/matlab/suppor~1/r2016a/gcc-ar~1/bin/../lib/gcc/arm-none-eabi/4.9.3/../../../../arm-none-eabi/lib/armv7e-m/fpu\libc_nano.a(lib_a-sbrkr.o)
                              c:/matlab/suppor~1/r2016a/gcc-ar~1/bin/../lib/gcc/arm-none-eabi/4.9.3/../../../../arm-none-eabi/lib/armv7e-m/fpu\libc_nano.a(lib_a-nano-mallocr.o) (_sbrk_r)
c:/matlab/suppor~1/r2016a/gcc-ar~1/bin/../lib/gcc/arm-none-eabi/4.9.3/../../../../arm-none-eabi/lib/armv7e-m/fpu\libc_nano.a(lib_a-strcmp.o)
                              ext_svr_serial_transport.o (strcmp)

Allocating common symbols
Common symbol       size              file

TestFilter_B        0x34              TestFilter.o
errno               0x4               c:/matlab/suppor~1/r2016a/gcc-ar~1/bin/../lib/gcc/arm-none-eabi/4.9.3/../../../../arm-none-eabi/lib/armv7e-m/fpu\libc_nano.a(lib_a-reent.o)
TestFilter_DW       0x28              TestFilter.o
schdl_counter_max   0x4               SysTickScheduler.o
TestFilter_M_       0x48              TestFilter.o
schdl_counter       0x4               SysTickScheduler.o

Discarded input sections

 .text          0x00000000        0x0 c:/matlab/suppor~1/r2016a/gcc-ar~1/bin/../lib/gcc/arm-none-eabi/4.9.3/armv7e-m/fpu/crti.o
 .data          0x00000000        0x0 c:/matlab/suppor~1/r2016a/gcc-ar~1/bin/../lib/gcc/arm-none-eabi/4.9.3/armv7e-m/fpu/crti.o
 .bss           0x00000000        0x0 c:/matlab/suppor~1/r2016a/gcc-ar~1/bin/../lib/gcc/arm-none-eabi/4.9.3/armv7e-m/fpu/crti.o
 .data          0x00000000        0x4 c:/matlab/suppor~1/r2016a/gcc-ar~1/bin/../lib/gcc/arm-none-eabi/4.9.3/armv7e-m/fpu/crtbegin.o
 .data          0x00000000        0x0 c:/matlab/suppor~1/r2016a/gcc-ar~1/bin/../lib/gcc/arm-none-eabi/4.9.3/../../../../arm-none-eabi/lib/armv7e-m/fpu/crt0.o
 .bss           0x00000000        0x0 c:/matlab/suppor~1/r2016a/gcc-ar~1/bin/../lib/gcc/arm-none-eabi/4.9.3/../../../../arm-none-eabi/lib/armv7e-m/fpu/crt0.o
 .ARM.extab     0x00000000        0x0 c:/matlab/suppor~1/r2016a/gcc-ar~1/bin/../lib/gcc/arm-none-eabi/4.9.3/../../../../arm-none-eabi/lib/armv7e-m/fpu/crt0.o
 .text          0x00000000        0x0 TestFilter.o
 .data          0x00000000        0x0 TestFilter.o
 .bss           0x00000000        0x0 TestFilter.o
 .text          0x00000000        0x0 TestFilter_data.o
 .data          0x00000000        0x0 TestFilter_data.o
 .bss           0x00000000        0x0 TestFilter_data.o
 .text          0x00000000        0x0 MPU6050.o
 .data          0x00000000        0x0 MPU6050.o
 .bss           0x00000000        0x0 MPU6050.o
 .text          0x00000000        0x0 stm32f4xx_i2c.o
 .data          0x00000000        0x0 stm32f4xx_i2c.o
 .bss           0x00000000        0x0 stm32f4xx_i2c.o
 .text.I2C_DeInit
                0x00000000       0x74 stm32f4xx_i2c.o
 .text.I2C_StructInit
                0x00000000       0x3c stm32f4xx_i2c.o
 .text.I2C_OwnAddress2Config
                0x00000000       0x40 stm32f4xx_i2c.o
 .text.I2C_DualAddressCmd
                0x00000000       0x40 stm32f4xx_i2c.o
 .text.I2C_GeneralCallCmd
                0x00000000       0x40 stm32f4xx_i2c.o
 .text.I2C_SoftwareResetCmd
                0x00000000       0x44 stm32f4xx_i2c.o
 .text.I2C_StretchClockCmd
                0x00000000       0x40 stm32f4xx_i2c.o
 .text.I2C_FastModeDutyCycleConfig
                0x00000000       0x40 stm32f4xx_i2c.o
 .text.I2C_NACKPositionConfig
                0x00000000       0x40 stm32f4xx_i2c.o
 .text.I2C_SMBusAlertConfig
                0x00000000       0x40 stm32f4xx_i2c.o
 .text.I2C_ARPCmd
                0x00000000       0x40 stm32f4xx_i2c.o
 .text.I2C_TransmitPEC
                0x00000000       0x40 stm32f4xx_i2c.o
 .text.I2C_PECPositionConfig
                0x00000000       0x40 stm32f4xx_i2c.o
 .text.I2C_CalculatePEC
                0x00000000       0x40 stm32f4xx_i2c.o
 .text.I2C_GetPEC
                0x00000000       0x20 stm32f4xx_i2c.o
 .text.I2C_DMACmd
                0x00000000       0x40 stm32f4xx_i2c.o
 .text.I2C_DMALastTransferCmd
                0x00000000       0x40 stm32f4xx_i2c.o
 .text.I2C_ReadRegister
                0x00000000       0x30 stm32f4xx_i2c.o
 .text.I2C_ITConfig
                0x00000000       0x48 stm32f4xx_i2c.o
 .text.I2C_GetLastEvent
                0x00000000       0x44 stm32f4xx_i2c.o
 .text.I2C_ClearFlag
                0x00000000       0x2c stm32f4xx_i2c.o
 .text.I2C_GetITStatus
                0x00000000       0x5c stm32f4xx_i2c.o
 .text.I2C_ClearITPendingBit
                0x00000000       0x2c stm32f4xx_i2c.o
 .text          0x00000000        0x0 ext_svr.o
 .data          0x00000000        0x0 ext_svr.o
 .bss           0x00000000        0x0 ext_svr.o
 .text          0x00000000        0x0 updown.o
 .data          0x00000000        0x0 updown.o
 .bss           0x00000000        0x0 updown.o
 .text          0x00000000        0x0 ext_work.o
 .data          0x00000000        0x0 ext_work.o
 .bss           0x00000000        0x0 ext_work.o
 .text.rtExtModePauseIfNeeded
                0x00000000       0x58 ext_work.o
 .text.rtExtModeParseArgs
                0x00000000       0x1c ext_work.o
 .text.displayUsage
                0x00000000        0xc ext_work.o
 .rodata.RUN_FOREVER
                0x00000000        0x8 ext_work.o
 .text          0x00000000        0x0 rtiostream_utils.o
 .data          0x00000000        0x0 rtiostream_utils.o
 .bss           0x00000000        0x0 rtiostream_utils.o
 .text          0x00000000        0x0 MPU6050_CustomBlock_wrapper.o
 .data          0x00000000        0x0 MPU6050_CustomBlock_wrapper.o
 .bss           0x00000000        0x0 MPU6050_CustomBlock_wrapper.o
 .text          0x00000000        0x0 SensorenFilter_Block_wrapper.o
 .data          0x00000000        0x0 SensorenFilter_Block_wrapper.o
 .bss           0x00000000        0x0 SensorenFilter_Block_wrapper.o
 .text          0x00000000        0x0 blapp_support.o
 .data          0x00000000        0x0 blapp_support.o
 .bss           0x00000000        0x0 blapp_support.o
 .text.bootloaderBackgroundTask
                0x00000000        0xc blapp_support.o
 .text          0x00000000        0x0 startup_stm32f4xx.o
 .data          0x00000000        0x0 startup_stm32f4xx.o
 .bss           0x00000000        0x0 startup_stm32f4xx.o
 .text          0x00000000        0x0 syscalls_stm32f4xx.o
 .data          0x00000000        0x0 syscalls_stm32f4xx.o
 .bss           0x00000000        0x0 syscalls_stm32f4xx.o
 .text._close   0x00000000       0x18 syscalls_stm32f4xx.o
 .text._fstat   0x00000000       0x20 syscalls_stm32f4xx.o
 .text._isatty  0x00000000       0x18 syscalls_stm32f4xx.o
 .text._lseek   0x00000000       0x1c syscalls_stm32f4xx.o
 .text._open    0x00000000       0x1c syscalls_stm32f4xx.o
 .text._read    0x00000000       0x1c syscalls_stm32f4xx.o
 .text._write   0x00000000       0x1c syscalls_stm32f4xx.o
 .text          0x00000000        0x0 stm32f4xx_init_board.o
 .data          0x00000000        0x0 stm32f4xx_init_board.o
 .bss           0x00000000        0x0 stm32f4xx_init_board.o
 .text          0x00000000        0x0 system_stm32f4xx.o
 .data          0x00000000        0x0 system_stm32f4xx.o
 .bss           0x00000000        0x0 system_stm32f4xx.o
 .text          0x00000000        0x0 SysTickScheduler.o
 .data          0x00000000        0x0 SysTickScheduler.o
 .bss           0x00000000        0x0 SysTickScheduler.o
 .text          0x00000000        0x0 m3m4m4f_multitasking.o
 .data          0x00000000        0x0 m3m4m4f_multitasking.o
 .bss           0x00000000        0x0 m3m4m4f_multitasking.o
 .text          0x00000000        0x0 ext_serial_pkt.o
 .data          0x00000000        0x0 ext_serial_pkt.o
 .bss           0x00000000        0x0 ext_serial_pkt.o
 .text          0x00000000        0x0 rtiostream_serial_interface.o
 .data          0x00000000        0x0 rtiostream_serial_interface.o
 .bss           0x00000000        0x0 rtiostream_serial_interface.o
 .text          0x00000000        0x0 ext_svr_serial_transport.o
 .data          0x00000000        0x0 ext_svr_serial_transport.o
 .bss           0x00000000        0x0 ext_svr_serial_transport.o
 .text          0x00000000        0x0 rtiostream_serial_dma_stm32f4xx.o
 .data          0x00000000        0x0 rtiostream_serial_dma_stm32f4xx.o
 .bss           0x00000000        0x0 rtiostream_serial_dma_stm32f4xx.o
 .text.rtIOStreamSend2
                0x00000000       0x60 rtiostream_serial_dma_stm32f4xx.o
 .text          0x00000000        0x0 stm32f4xx_usart.o
 .data          0x00000000        0x0 stm32f4xx_usart.o
 .bss           0x00000000        0x0 stm32f4xx_usart.o
 .text.USART_DeInit
                0x00000000       0xd0 stm32f4xx_usart.o
 .text.USART_ClockInit
                0x00000000       0x54 stm32f4xx_usart.o
 .text.USART_ClockStructInit
                0x00000000       0x2c stm32f4xx_usart.o
 .text.USART_SetPrescaler
                0x00000000       0x38 stm32f4xx_usart.o
 .text.USART_OverSampling8Cmd
                0x00000000       0x44 stm32f4xx_usart.o
 .text.USART_OneBitMethodCmd
                0x00000000       0x40 stm32f4xx_usart.o
 .text.USART_SendData
                0x00000000       0x24 stm32f4xx_usart.o
 .text.USART_ReceiveData
                0x00000000       0x20 stm32f4xx_usart.o
 .text.USART_SetAddress
                0x00000000       0x38 stm32f4xx_usart.o
 .text.USART_ReceiverWakeUpCmd
                0x00000000       0x40 stm32f4xx_usart.o
 .text.USART_WakeUpConfig
                0x00000000       0x38 stm32f4xx_usart.o
 .text.USART_LINBreakDetectLengthConfig
                0x00000000       0x38 stm32f4xx_usart.o
 .text.USART_LINCmd
                0x00000000       0x40 stm32f4xx_usart.o
 .text.USART_SendBreak
                0x00000000       0x24 stm32f4xx_usart.o
 .text.USART_HalfDuplexCmd
                0x00000000       0x40 stm32f4xx_usart.o
 .text.USART_SetGuardTime
                0x00000000       0x3c stm32f4xx_usart.o
 .text.USART_SmartCardCmd
                0x00000000       0x40 stm32f4xx_usart.o
 .text.USART_SmartCardNACKCmd
                0x00000000       0x40 stm32f4xx_usart.o
 .text.USART_IrDAConfig
                0x00000000       0x38 stm32f4xx_usart.o
 .text.USART_IrDACmd
                0x00000000       0x40 stm32f4xx_usart.o
 .text.USART_ITConfig
                0x00000000       0x90 stm32f4xx_usart.o
 .text.USART_GetFlagStatus
                0x00000000       0x38 stm32f4xx_usart.o
 .text.USART_ClearFlag
                0x00000000       0x20 stm32f4xx_usart.o
 .text.USART_GetITStatus
                0x00000000       0xb8 stm32f4xx_usart.o
 .text.USART_ClearITPendingBit
                0x00000000       0x38 stm32f4xx_usart.o
 .text          0x00000000        0x0 stm32f4xx_rcc.o
 .data          0x00000000        0x0 stm32f4xx_rcc.o
 .bss           0x00000000        0x0 stm32f4xx_rcc.o
 .text.RCC_DeInit
                0x00000000       0x50 stm32f4xx_rcc.o
 .text.RCC_HSEConfig
                0x00000000       0x24 stm32f4xx_rcc.o
 .text.RCC_WaitForHSEStartUp
                0x00000000       0x50 stm32f4xx_rcc.o
 .text.RCC_AdjustHSICalibrationValue
                0x00000000       0x3c stm32f4xx_rcc.o
 .text.RCC_HSICmd
                0x00000000       0x20 stm32f4xx_rcc.o
 .text.RCC_LSEConfig
                0x00000000       0x40 stm32f4xx_rcc.o
 .text.RCC_LSICmd
                0x00000000       0x20 stm32f4xx_rcc.o
 .text.RCC_PLLConfig
                0x00000000       0x3c stm32f4xx_rcc.o
 .text.RCC_PLLCmd
                0x00000000       0x20 stm32f4xx_rcc.o
 .text.RCC_PLLI2SConfig
                0x00000000       0x28 stm32f4xx_rcc.o
 .text.RCC_PLLI2SCmd
                0x00000000       0x20 stm32f4xx_rcc.o
 .text.RCC_ClockSecuritySystemCmd
                0x00000000       0x20 stm32f4xx_rcc.o
 .text.RCC_MCO1Config
                0x00000000       0x3c stm32f4xx_rcc.o
 .text.RCC_MCO2Config
                0x00000000       0x3c stm32f4xx_rcc.o
 .text.RCC_SYSCLKConfig
                0x00000000       0x38 stm32f4xx_rcc.o
 .text.RCC_GetSYSCLKSource
                0x00000000       0x20 stm32f4xx_rcc.o
 .text.RCC_HCLKConfig
                0x00000000       0x38 stm32f4xx_rcc.o
 .text.RCC_PCLK1Config
                0x00000000       0x38 stm32f4xx_rcc.o
 .text.RCC_PCLK2Config
                0x00000000       0x38 stm32f4xx_rcc.o
 .text.RCC_RTCCLKConfig
                0x00000000       0x5c stm32f4xx_rcc.o
 .text.RCC_RTCCLKCmd
                0x00000000       0x20 stm32f4xx_rcc.o
 .text.RCC_BackupResetCmd
                0x00000000       0x20 stm32f4xx_rcc.o
 .text.RCC_I2SCLKConfig
                0x00000000       0x1c stm32f4xx_rcc.o
 .text.RCC_AHB2PeriphClockCmd
                0x00000000       0x3c stm32f4xx_rcc.o
 .text.RCC_AHB3PeriphClockCmd
                0x00000000       0x3c stm32f4xx_rcc.o
 .text.RCC_APB2PeriphClockCmd
                0x00000000       0x3c stm32f4xx_rcc.o
 .text.RCC_AHB1PeriphResetCmd
                0x00000000       0x3c stm32f4xx_rcc.o
 .text.RCC_AHB2PeriphResetCmd
                0x00000000       0x3c stm32f4xx_rcc.o
 .text.RCC_AHB3PeriphResetCmd
                0x00000000       0x3c stm32f4xx_rcc.o
 .text.RCC_APB1PeriphResetCmd
                0x00000000       0x3c stm32f4xx_rcc.o
 .text.RCC_APB2PeriphResetCmd
                0x00000000       0x3c stm32f4xx_rcc.o
 .text.RCC_AHB1PeriphClockLPModeCmd
                0x00000000       0x3c stm32f4xx_rcc.o
 .text.RCC_AHB2PeriphClockLPModeCmd
                0x00000000       0x3c stm32f4xx_rcc.o
 .text.RCC_AHB3PeriphClockLPModeCmd
                0x00000000       0x3c stm32f4xx_rcc.o
 .text.RCC_APB1PeriphClockLPModeCmd
                0x00000000       0x3c stm32f4xx_rcc.o
 .text.RCC_APB2PeriphClockLPModeCmd
                0x00000000       0x3c stm32f4xx_rcc.o
 .text.RCC_ITConfig
                0x00000000       0x4c stm32f4xx_rcc.o
 .text.RCC_GetFlagStatus
                0x00000000       0x74 stm32f4xx_rcc.o
 .text.RCC_ClearFlag
                0x00000000       0x1c stm32f4xx_rcc.o
 .text.RCC_GetITStatus
                0x00000000       0x38 stm32f4xx_rcc.o
 .text.RCC_ClearITPendingBit
                0x00000000       0x20 stm32f4xx_rcc.o
 .text          0x00000000        0x0 stm32f4xx_gpio.o
 .data          0x00000000        0x0 stm32f4xx_gpio.o
 .bss           0x00000000        0x0 stm32f4xx_gpio.o
 .text.GPIO_DeInit
                0x00000000      0x120 stm32f4xx_gpio.o
 .text.GPIO_PinLockConfig
                0x00000000       0x44 stm32f4xx_gpio.o
 .text.GPIO_ReadInputDataBit
                0x00000000       0x34 stm32f4xx_gpio.o
 .text.GPIO_ReadInputData
                0x00000000       0x1c stm32f4xx_gpio.o
 .text.GPIO_ReadOutputDataBit
                0x00000000       0x34 stm32f4xx_gpio.o
 .text.GPIO_ReadOutputData
                0x00000000       0x1c stm32f4xx_gpio.o
 .text.GPIO_SetBits
                0x00000000       0x1c stm32f4xx_gpio.o
 .text.GPIO_ResetBits
                0x00000000       0x1c stm32f4xx_gpio.o
 .text.GPIO_WriteBit
                0x00000000       0x30 stm32f4xx_gpio.o
 .text.GPIO_Write
                0x00000000       0x1c stm32f4xx_gpio.o
 .text.GPIO_ToggleBits
                0x00000000       0x24 stm32f4xx_gpio.o
 .text          0x00000000        0x0 stm32f4xx_dma.o
 .data          0x00000000        0x0 stm32f4xx_dma.o
 .bss           0x00000000        0x0 stm32f4xx_dma.o
 .text.DMA_StructInit
                0x00000000       0x6c stm32f4xx_dma.o
 .text.DMA_PeriphIncOffsetSizeConfig
                0x00000000       0x34 stm32f4xx_dma.o
 .text.DMA_FlowControllerConfig
                0x00000000       0x34 stm32f4xx_dma.o
 .text.DMA_SetCurrDataCounter
                0x00000000       0x1c stm32f4xx_dma.o
 .text.DMA_DoubleBufferModeConfig
                0x00000000       0x3c stm32f4xx_dma.o
 .text.DMA_DoubleBufferModeCmd
                0x00000000       0x38 stm32f4xx_dma.o
 .text.DMA_MemoryTargetConfig
                0x00000000       0x2c stm32f4xx_dma.o
 .text.DMA_GetCurrentMemoryTarget
                0x00000000       0x30 stm32f4xx_dma.o
 .text.DMA_GetFIFOStatus
                0x00000000       0x24 stm32f4xx_dma.o
 .text.DMA_GetFlagStatus
                0x00000000       0x78 stm32f4xx_dma.o
 .text.DMA_ClearFlag
                0x00000000       0x5c stm32f4xx_dma.o
 .text          0x00000000        0x0 misc.o
 .data          0x00000000        0x0 misc.o
 .bss           0x00000000        0x0 misc.o
 .text.NVIC_PriorityGroupConfig
                0x00000000       0x24 misc.o
 .text.NVIC_SetVectorTable
                0x00000000       0x2c misc.o
 .text.NVIC_SystemLPConfig
                0x00000000       0x40 misc.o
 .text.SysTick_CLKSourceConfig
                0x00000000       0x38 misc.o
 .text          0x00000000        0x0 ert_main.o
 .data          0x00000000        0x0 ert_main.o
 .bss           0x00000000        0x0 ert_main.o
 .text          0x00000000        0x0 c:/matlab/suppor~1/r2016a/gcc-ar~1/bin/../lib/gcc/arm-none-eabi/4.9.3/../../../../arm-none-eabi/lib/armv7e-m/fpu\libm.a(lib_a-w_atan2.o)
 .data          0x00000000        0x0 c:/matlab/suppor~1/r2016a/gcc-ar~1/bin/../lib/gcc/arm-none-eabi/4.9.3/../../../../arm-none-eabi/lib/armv7e-m/fpu\libm.a(lib_a-w_atan2.o)
 .bss           0x00000000        0x0 c:/matlab/suppor~1/r2016a/gcc-ar~1/bin/../lib/gcc/arm-none-eabi/4.9.3/../../../../arm-none-eabi/lib/armv7e-m/fpu\libm.a(lib_a-w_atan2.o)
 .text          0x00000000        0x0 c:/matlab/suppor~1/r2016a/gcc-ar~1/bin/../lib/gcc/arm-none-eabi/4.9.3/../../../../arm-none-eabi/lib/armv7e-m/fpu\libm.a(lib_a-e_atan2.o)
 .data          0x00000000        0x0 c:/matlab/suppor~1/r2016a/gcc-ar~1/bin/../lib/gcc/arm-none-eabi/4.9.3/../../../../arm-none-eabi/lib/armv7e-m/fpu\libm.a(lib_a-e_atan2.o)
 .bss           0x00000000        0x0 c:/matlab/suppor~1/r2016a/gcc-ar~1/bin/../lib/gcc/arm-none-eabi/4.9.3/../../../../arm-none-eabi/lib/armv7e-m/fpu\libm.a(lib_a-e_atan2.o)
 .text          0x00000000        0x0 c:/matlab/suppor~1/r2016a/gcc-ar~1/bin/../lib/gcc/arm-none-eabi/4.9.3/../../../../arm-none-eabi/lib/armv7e-m/fpu\libm.a(lib_a-s_atan.o)
 .data          0x00000000        0x0 c:/matlab/suppor~1/r2016a/gcc-ar~1/bin/../lib/gcc/arm-none-eabi/4.9.3/../../../../arm-none-eabi/lib/armv7e-m/fpu\libm.a(lib_a-s_atan.o)
 .bss           0x00000000        0x0 c:/matlab/suppor~1/r2016a/gcc-ar~1/bin/../lib/gcc/arm-none-eabi/4.9.3/../../../../arm-none-eabi/lib/armv7e-m/fpu\libm.a(lib_a-s_atan.o)
 .text          0x00000000        0x0 c:/matlab/suppor~1/r2016a/gcc-ar~1/bin/../lib/gcc/arm-none-eabi/4.9.3/../../../../arm-none-eabi/lib/armv7e-m/fpu\libm.a(lib_a-s_fabs.o)
 .data          0x00000000        0x0 c:/matlab/suppor~1/r2016a/gcc-ar~1/bin/../lib/gcc/arm-none-eabi/4.9.3/../../../../arm-none-eabi/lib/armv7e-m/fpu\libm.a(lib_a-s_fabs.o)
 .bss           0x00000000        0x0 c:/matlab/suppor~1/r2016a/gcc-ar~1/bin/../lib/gcc/arm-none-eabi/4.9.3/../../../../arm-none-eabi/lib/armv7e-m/fpu\libm.a(lib_a-s_fabs.o)
 .data          0x00000000        0x0 c:/matlab/suppor~1/r2016a/gcc-ar~1/bin/../lib/gcc/arm-none-eabi/4.9.3/armv7e-m/fpu\libgcc.a(_arm_addsubdf3.o)
 .bss           0x00000000        0x0 c:/matlab/suppor~1/r2016a/gcc-ar~1/bin/../lib/gcc/arm-none-eabi/4.9.3/armv7e-m/fpu\libgcc.a(_arm_addsubdf3.o)
 .data          0x00000000        0x0 c:/matlab/suppor~1/r2016a/gcc-ar~1/bin/../lib/gcc/arm-none-eabi/4.9.3/armv7e-m/fpu\libgcc.a(_arm_muldivdf3.o)
 .bss           0x00000000        0x0 c:/matlab/suppor~1/r2016a/gcc-ar~1/bin/../lib/gcc/arm-none-eabi/4.9.3/armv7e-m/fpu\libgcc.a(_arm_muldivdf3.o)
 .data          0x00000000        0x0 c:/matlab/suppor~1/r2016a/gcc-ar~1/bin/../lib/gcc/arm-none-eabi/4.9.3/armv7e-m/fpu\libgcc.a(_arm_cmpdf2.o)
 .bss           0x00000000        0x0 c:/matlab/suppor~1/r2016a/gcc-ar~1/bin/../lib/gcc/arm-none-eabi/4.9.3/armv7e-m/fpu\libgcc.a(_arm_cmpdf2.o)
 .data          0x00000000        0x0 c:/matlab/suppor~1/r2016a/gcc-ar~1/bin/../lib/gcc/arm-none-eabi/4.9.3/armv7e-m/fpu\libgcc.a(_arm_truncdfsf2.o)
 .bss           0x00000000        0x0 c:/matlab/suppor~1/r2016a/gcc-ar~1/bin/../lib/gcc/arm-none-eabi/4.9.3/armv7e-m/fpu\libgcc.a(_arm_truncdfsf2.o)
 .text          0x00000000        0x0 c:/matlab/suppor~1/r2016a/gcc-ar~1/bin/../lib/gcc/arm-none-eabi/4.9.3/../../../../arm-none-eabi/lib/armv7e-m/fpu\libc_nano.a(lib_a-calloc.o)
 .data          0x00000000        0x0 c:/matlab/suppor~1/r2016a/gcc-ar~1/bin/../lib/gcc/arm-none-eabi/4.9.3/../../../../arm-none-eabi/lib/armv7e-m/fpu\libc_nano.a(lib_a-calloc.o)
 .bss           0x00000000        0x0 c:/matlab/suppor~1/r2016a/gcc-ar~1/bin/../lib/gcc/arm-none-eabi/4.9.3/../../../../arm-none-eabi/lib/armv7e-m/fpu\libc_nano.a(lib_a-calloc.o)
 .text          0x00000000        0x0 c:/matlab/suppor~1/r2016a/gcc-ar~1/bin/../lib/gcc/arm-none-eabi/4.9.3/../../../../arm-none-eabi/lib/armv7e-m/fpu\libc_nano.a(lib_a-exit.o)
 .data          0x00000000        0x0 c:/matlab/suppor~1/r2016a/gcc-ar~1/bin/../lib/gcc/arm-none-eabi/4.9.3/../../../../arm-none-eabi/lib/armv7e-m/fpu\libc_nano.a(lib_a-exit.o)
 .bss           0x00000000        0x0 c:/matlab/suppor~1/r2016a/gcc-ar~1/bin/../lib/gcc/arm-none-eabi/4.9.3/../../../../arm-none-eabi/lib/armv7e-m/fpu\libc_nano.a(lib_a-exit.o)
 .text          0x00000000        0x0 c:/matlab/suppor~1/r2016a/gcc-ar~1/bin/../lib/gcc/arm-none-eabi/4.9.3/../../../../arm-none-eabi/lib/armv7e-m/fpu\libc_nano.a(lib_a-impure.o)
 .data          0x00000000        0x0 c:/matlab/suppor~1/r2016a/gcc-ar~1/bin/../lib/gcc/arm-none-eabi/4.9.3/../../../../arm-none-eabi/lib/armv7e-m/fpu\libc_nano.a(lib_a-impure.o)
 .bss           0x00000000        0x0 c:/matlab/suppor~1/r2016a/gcc-ar~1/bin/../lib/gcc/arm-none-eabi/4.9.3/../../../../arm-none-eabi/lib/armv7e-m/fpu\libc_nano.a(lib_a-impure.o)
 .text          0x00000000        0x0 c:/matlab/suppor~1/r2016a/gcc-ar~1/bin/../lib/gcc/arm-none-eabi/4.9.3/../../../../arm-none-eabi/lib/armv7e-m/fpu\libc_nano.a(lib_a-init.o)
 .data          0x00000000        0x0 c:/matlab/suppor~1/r2016a/gcc-ar~1/bin/../lib/gcc/arm-none-eabi/4.9.3/../../../../arm-none-eabi/lib/armv7e-m/fpu\libc_nano.a(lib_a-init.o)
 .bss           0x00000000        0x0 c:/matlab/suppor~1/r2016a/gcc-ar~1/bin/../lib/gcc/arm-none-eabi/4.9.3/../../../../arm-none-eabi/lib/armv7e-m/fpu\libc_nano.a(lib_a-init.o)
 .text          0x00000000        0x0 c:/matlab/suppor~1/r2016a/gcc-ar~1/bin/../lib/gcc/arm-none-eabi/4.9.3/../../../../arm-none-eabi/lib/armv7e-m/fpu\libc_nano.a(lib_a-malloc.o)
 .data          0x00000000        0x0 c:/matlab/suppor~1/r2016a/gcc-ar~1/bin/../lib/gcc/arm-none-eabi/4.9.3/../../../../arm-none-eabi/lib/armv7e-m/fpu\libc_nano.a(lib_a-malloc.o)
 .bss           0x00000000        0x0 c:/matlab/suppor~1/r2016a/gcc-ar~1/bin/../lib/gcc/arm-none-eabi/4.9.3/../../../../arm-none-eabi/lib/armv7e-m/fpu\libc_nano.a(lib_a-malloc.o)
 .text          0x00000000        0x0 c:/matlab/suppor~1/r2016a/gcc-ar~1/bin/../lib/gcc/arm-none-eabi/4.9.3/../../../../arm-none-eabi/lib/armv7e-m/fpu\libc_nano.a(lib_a-memcpy.o)
 .data          0x00000000        0x0 c:/matlab/suppor~1/r2016a/gcc-ar~1/bin/../lib/gcc/arm-none-eabi/4.9.3/../../../../arm-none-eabi/lib/armv7e-m/fpu\libc_nano.a(lib_a-memcpy.o)
 .bss           0x00000000        0x0 c:/matlab/suppor~1/r2016a/gcc-ar~1/bin/../lib/gcc/arm-none-eabi/4.9.3/../../../../arm-none-eabi/lib/armv7e-m/fpu\libc_nano.a(lib_a-memcpy.o)
 .text          0x00000000        0x0 c:/matlab/suppor~1/r2016a/gcc-ar~1/bin/../lib/gcc/arm-none-eabi/4.9.3/../../../../arm-none-eabi/lib/armv7e-m/fpu\libc_nano.a(lib_a-memset.o)
 .data          0x00000000        0x0 c:/matlab/suppor~1/r2016a/gcc-ar~1/bin/../lib/gcc/arm-none-eabi/4.9.3/../../../../arm-none-eabi/lib/armv7e-m/fpu\libc_nano.a(lib_a-memset.o)
 .bss           0x00000000        0x0 c:/matlab/suppor~1/r2016a/gcc-ar~1/bin/../lib/gcc/arm-none-eabi/4.9.3/../../../../arm-none-eabi/lib/armv7e-m/fpu\libc_nano.a(lib_a-memset.o)
 .text          0x00000000        0x0 c:/matlab/suppor~1/r2016a/gcc-ar~1/bin/../lib/gcc/arm-none-eabi/4.9.3/../../../../arm-none-eabi/lib/armv7e-m/fpu\libc_nano.a(lib_a-nano-callocr.o)
 .data          0x00000000        0x0 c:/matlab/suppor~1/r2016a/gcc-ar~1/bin/../lib/gcc/arm-none-eabi/4.9.3/../../../../arm-none-eabi/lib/armv7e-m/fpu\libc_nano.a(lib_a-nano-callocr.o)
 .bss           0x00000000        0x0 c:/matlab/suppor~1/r2016a/gcc-ar~1/bin/../lib/gcc/arm-none-eabi/4.9.3/../../../../arm-none-eabi/lib/armv7e-m/fpu\libc_nano.a(lib_a-nano-callocr.o)
 .text          0x00000000        0x0 c:/matlab/suppor~1/r2016a/gcc-ar~1/bin/../lib/gcc/arm-none-eabi/4.9.3/../../../../arm-none-eabi/lib/armv7e-m/fpu\libc_nano.a(lib_a-nano-freer.o)
 .data          0x00000000        0x0 c:/matlab/suppor~1/r2016a/gcc-ar~1/bin/../lib/gcc/arm-none-eabi/4.9.3/../../../../arm-none-eabi/lib/armv7e-m/fpu\libc_nano.a(lib_a-nano-freer.o)
 .bss           0x00000000        0x0 c:/matlab/suppor~1/r2016a/gcc-ar~1/bin/../lib/gcc/arm-none-eabi/4.9.3/../../../../arm-none-eabi/lib/armv7e-m/fpu\libc_nano.a(lib_a-nano-freer.o)
 .text          0x00000000        0x0 c:/matlab/suppor~1/r2016a/gcc-ar~1/bin/../lib/gcc/arm-none-eabi/4.9.3/../../../../arm-none-eabi/lib/armv7e-m/fpu\libc_nano.a(lib_a-nano-mallocr.o)
 .data          0x00000000        0x0 c:/matlab/suppor~1/r2016a/gcc-ar~1/bin/../lib/gcc/arm-none-eabi/4.9.3/../../../../arm-none-eabi/lib/armv7e-m/fpu\libc_nano.a(lib_a-nano-mallocr.o)
 .bss           0x00000000        0x0 c:/matlab/suppor~1/r2016a/gcc-ar~1/bin/../lib/gcc/arm-none-eabi/4.9.3/../../../../arm-none-eabi/lib/armv7e-m/fpu\libc_nano.a(lib_a-nano-mallocr.o)
 .text          0x00000000        0x0 c:/matlab/suppor~1/r2016a/gcc-ar~1/bin/../lib/gcc/arm-none-eabi/4.9.3/../../../../arm-none-eabi/lib/armv7e-m/fpu\libc_nano.a(lib_a-reent.o)
 .data          0x00000000        0x0 c:/matlab/suppor~1/r2016a/gcc-ar~1/bin/../lib/gcc/arm-none-eabi/4.9.3/../../../../arm-none-eabi/lib/armv7e-m/fpu\libc_nano.a(lib_a-reent.o)
 .bss           0x00000000        0x0 c:/matlab/suppor~1/r2016a/gcc-ar~1/bin/../lib/gcc/arm-none-eabi/4.9.3/../../../../arm-none-eabi/lib/armv7e-m/fpu\libc_nano.a(lib_a-reent.o)
 .text.cleanup_glue
                0x00000000       0x1a c:/matlab/suppor~1/r2016a/gcc-ar~1/bin/../lib/gcc/arm-none-eabi/4.9.3/../../../../arm-none-eabi/lib/armv7e-m/fpu\libc_nano.a(lib_a-reent.o)
 .text._reclaim_reent
                0x00000000       0xb4 c:/matlab/suppor~1/r2016a/gcc-ar~1/bin/../lib/gcc/arm-none-eabi/4.9.3/../../../../arm-none-eabi/lib/armv7e-m/fpu\libc_nano.a(lib_a-reent.o)
 .text          0x00000000        0x0 c:/matlab/suppor~1/r2016a/gcc-ar~1/bin/../lib/gcc/arm-none-eabi/4.9.3/../../../../arm-none-eabi/lib/armv7e-m/fpu\libc_nano.a(lib_a-sbrkr.o)
 .data          0x00000000        0x0 c:/matlab/suppor~1/r2016a/gcc-ar~1/bin/../lib/gcc/arm-none-eabi/4.9.3/../../../../arm-none-eabi/lib/armv7e-m/fpu\libc_nano.a(lib_a-sbrkr.o)
 .bss           0x00000000        0x0 c:/matlab/suppor~1/r2016a/gcc-ar~1/bin/../lib/gcc/arm-none-eabi/4.9.3/../../../../arm-none-eabi/lib/armv7e-m/fpu\libc_nano.a(lib_a-sbrkr.o)
 .data          0x00000000        0x0 c:/matlab/suppor~1/r2016a/gcc-ar~1/bin/../lib/gcc/arm-none-eabi/4.9.3/../../../../arm-none-eabi/lib/armv7e-m/fpu\libc_nano.a(lib_a-strcmp.o)
 .bss           0x00000000        0x0 c:/matlab/suppor~1/r2016a/gcc-ar~1/bin/../lib/gcc/arm-none-eabi/4.9.3/../../../../arm-none-eabi/lib/armv7e-m/fpu\libc_nano.a(lib_a-strcmp.o)
 .eh_frame      0x00000000       0x28 c:/matlab/suppor~1/r2016a/gcc-ar~1/bin/../lib/gcc/arm-none-eabi/4.9.3/../../../../arm-none-eabi/lib/armv7e-m/fpu\libc_nano.a(lib_a-strcmp.o)
 .text          0x00000000        0x0 c:/matlab/suppor~1/r2016a/gcc-ar~1/bin/../lib/gcc/arm-none-eabi/4.9.3/armv7e-m/fpu/crtend.o
 .data          0x00000000        0x0 c:/matlab/suppor~1/r2016a/gcc-ar~1/bin/../lib/gcc/arm-none-eabi/4.9.3/armv7e-m/fpu/crtend.o
 .bss           0x00000000        0x0 c:/matlab/suppor~1/r2016a/gcc-ar~1/bin/../lib/gcc/arm-none-eabi/4.9.3/armv7e-m/fpu/crtend.o
 .eh_frame      0x00000000        0x4 c:/matlab/suppor~1/r2016a/gcc-ar~1/bin/../lib/gcc/arm-none-eabi/4.9.3/armv7e-m/fpu/crtend.o
 .text          0x00000000        0x0 c:/matlab/suppor~1/r2016a/gcc-ar~1/bin/../lib/gcc/arm-none-eabi/4.9.3/armv7e-m/fpu/crtn.o
 .data          0x00000000        0x0 c:/matlab/suppor~1/r2016a/gcc-ar~1/bin/../lib/gcc/arm-none-eabi/4.9.3/armv7e-m/fpu/crtn.o
 .bss           0x00000000        0x0 c:/matlab/suppor~1/r2016a/gcc-ar~1/bin/../lib/gcc/arm-none-eabi/4.9.3/armv7e-m/fpu/crtn.o

Memory Configuration

Name             Origin             Length             Attributes
FLASH            0x08000000         0x00100000         xr
SRAM             0x20000000         0x00020000         xrw
CCMRAM           0x10000000         0x00010000         rw
BACKUPRAM        0x40024000         0x00001000         rw
*default*        0x00000000         0xffffffff

Linker script and memory map

LOAD c:/matlab/suppor~1/r2016a/gcc-ar~1/bin/../lib/gcc/arm-none-eabi/4.9.3/armv7e-m/fpu/crti.o
LOAD c:/matlab/suppor~1/r2016a/gcc-ar~1/bin/../lib/gcc/arm-none-eabi/4.9.3/armv7e-m/fpu/crtbegin.o
LOAD c:/matlab/suppor~1/r2016a/gcc-ar~1/bin/../lib/gcc/arm-none-eabi/4.9.3/../../../../arm-none-eabi/lib/armv7e-m/fpu/crt0.o
LOAD TestFilter.o
LOAD TestFilter_data.o
LOAD MPU6050.o
LOAD stm32f4xx_i2c.o
LOAD ext_svr.o
LOAD updown.o
LOAD ext_work.o
LOAD rtiostream_utils.o
LOAD MPU6050_CustomBlock_wrapper.o
LOAD SensorenFilter_Block_wrapper.o
LOAD blapp_support.o
LOAD startup_stm32f4xx.o
LOAD syscalls_stm32f4xx.o
LOAD stm32f4xx_init_board.o
LOAD system_stm32f4xx.o
LOAD SysTickScheduler.o
LOAD m3m4m4f_multitasking.o
LOAD ext_serial_pkt.o
LOAD rtiostream_serial_interface.o
LOAD ext_svr_serial_transport.o
LOAD rtiostream_serial_dma_stm32f4xx.o
LOAD stm32f4xx_usart.o
LOAD stm32f4xx_rcc.o
LOAD stm32f4xx_gpio.o
LOAD stm32f4xx_dma.o
LOAD misc.o
LOAD ert_main.o
LOAD C:/MATLAB/SupportPackages/R2016a/CMSIS/CMSIS/Lib/GCC/libarm_cortexM4lf_math.a
LOAD C:/MATLAB/SupportPackages/R2016a/CMSIS/CMSIS/RTOS/RTX/LIB/GCC/libRTX_CM4.a
LOAD c:/matlab/suppor~1/r2016a/gcc-ar~1/bin/../lib/gcc/arm-none-eabi/4.9.3/../../../../arm-none-eabi/lib/armv7e-m/fpu\libm.a
LOAD c:/matlab/suppor~1/r2016a/gcc-ar~1/bin/../lib/gcc/arm-none-eabi/4.9.3/../../../../arm-none-eabi/lib/armv7e-m/fpu\libstdc++_nano.a
LOAD c:/matlab/suppor~1/r2016a/gcc-ar~1/bin/../lib/gcc/arm-none-eabi/4.9.3/../../../../arm-none-eabi/lib/armv7e-m/fpu\libm.a
START GROUP
LOAD c:/matlab/suppor~1/r2016a/gcc-ar~1/bin/../lib/gcc/arm-none-eabi/4.9.3/armv7e-m/fpu\libgcc.a
LOAD c:/matlab/suppor~1/r2016a/gcc-ar~1/bin/../lib/gcc/arm-none-eabi/4.9.3/../../../../arm-none-eabi/lib/armv7e-m/fpu\libc_nano.a
END GROUP
START GROUP
LOAD c:/matlab/suppor~1/r2016a/gcc-ar~1/bin/../lib/gcc/arm-none-eabi/4.9.3/armv7e-m/fpu\libgcc.a
LOAD c:/matlab/suppor~1/r2016a/gcc-ar~1/bin/../lib/gcc/arm-none-eabi/4.9.3/../../../../arm-none-eabi/lib/armv7e-m/fpu\libc_nano.a
END GROUP
LOAD c:/matlab/suppor~1/r2016a/gcc-ar~1/bin/../lib/gcc/arm-none-eabi/4.9.3/armv7e-m/fpu/crtend.o
LOAD c:/matlab/suppor~1/r2016a/gcc-ar~1/bin/../lib/gcc/arm-none-eabi/4.9.3/armv7e-m/fpu/crtn.o

.text           0x08000000     0x7758
 *(.vectors)
 .vectors       0x08000000      0x188 startup_stm32f4xx.o
                0x08000000                g_pfnVectors
 *(.text*)
 .text          0x08000188       0x5c c:/matlab/suppor~1/r2016a/gcc-ar~1/bin/../lib/gcc/arm-none-eabi/4.9.3/armv7e-m/fpu/crtbegin.o
 .text          0x080001e4       0x74 c:/matlab/suppor~1/r2016a/gcc-ar~1/bin/../lib/gcc/arm-none-eabi/4.9.3/../../../../arm-none-eabi/lib/armv7e-m/fpu/crt0.o
                0x080001e4                _start
                0x080001e4                _mainCRTStartup
 .text.TestFilter_step
                0x08000258      0x28c TestFilter.o
                0x08000258                TestFilter_step
 *fill*         0x080004e4        0x4 
 .text.TestFilter_initialize
                0x080004e8      0x180 TestFilter.o
                0x080004e8                TestFilter_initialize
 .text.TestFilter_terminate
                0x08000668        0xc TestFilter.o
                0x08000668                TestFilter_terminate
 .text.initMPU6050
                0x08000674       0x4c MPU6050.o
                0x08000674                initMPU6050
 .text.readMPU6050_XAcceleration
                0x080006c0       0x38 MPU6050.o
                0x080006c0                readMPU6050_XAcceleration
 .text.readMPU6050_YAcceleration
                0x080006f8       0x38 MPU6050.o
                0x080006f8                readMPU6050_YAcceleration
 .text.readMPU6050_ZAcceleration
                0x08000730       0x38 MPU6050.o
                0x08000730                readMPU6050_ZAcceleration
 .text.readMPU6050_XGyroscope
                0x08000768       0x38 MPU6050.o
                0x08000768                readMPU6050_XGyroscope
 .text.readMPU6050_YGyroscope
                0x080007a0       0x38 MPU6050.o
                0x080007a0                readMPU6050_YGyroscope
 .text.readMPU6050_ZGyroscope
                0x080007d8       0x38 MPU6050.o
                0x080007d8                readMPU6050_ZGyroscope
 .text.readByte
                0x08000810       0x8c MPU6050.o
                0x08000810                readByte
 .text.writeByte
                0x0800089c       0x88 MPU6050.o
                0x0800089c                writeByte
 .text.startTransmission
                0x08000924       0x7c MPU6050.o
 .text.initI2CPins
                0x080009a0       0x4c MPU6050.o
 .text.initI2C  0x080009ec       0x68 MPU6050.o
 .text.I2C_Init
                0x08000a54      0x184 stm32f4xx_i2c.o
                0x08000a54                I2C_Init
 .text.I2C_Cmd  0x08000bd8       0x40 stm32f4xx_i2c.o
                0x08000bd8                I2C_Cmd
 .text.I2C_GenerateSTART
                0x08000c18       0x40 stm32f4xx_i2c.o
                0x08000c18                I2C_GenerateSTART
 .text.I2C_GenerateSTOP
                0x08000c58       0x40 stm32f4xx_i2c.o
                0x08000c58                I2C_GenerateSTOP
 .text.I2C_Send7bitAddress
                0x08000c98       0x3c stm32f4xx_i2c.o
                0x08000c98                I2C_Send7bitAddress
 .text.I2C_AcknowledgeConfig
                0x08000cd4       0x40 stm32f4xx_i2c.o
                0x08000cd4                I2C_AcknowledgeConfig
 .text.I2C_SendData
                0x08000d14       0x20 stm32f4xx_i2c.o
                0x08000d14                I2C_SendData
 .text.I2C_ReceiveData
                0x08000d34       0x1c stm32f4xx_i2c.o
                0x08000d34                I2C_ReceiveData
 .text.I2C_CheckEvent
                0x08000d50       0x60 stm32f4xx_i2c.o
                0x08000d50                I2C_CheckEvent
 .text.I2C_GetFlagStatus
                0x08000db0       0x68 stm32f4xx_i2c.o
                0x08000db0                I2C_GetFlagStatus
 .text.GrowRecvBufIfNeeded
                0x08000e18       0x60 ext_svr.o
 .text.GetPktHdr
                0x08000e78       0x78 ext_svr.o
 .text.ClearPkt
                0x08000ef0       0x54 ext_svr.o
 .text.GetPkt   0x08000f44       0x80 ext_svr.o
 .text.DisconnectFromHost
                0x08000fc4       0x64 ext_svr.o
 .text.ForceDisconnectFromHost
                0x08001028       0x4c ext_svr.o
 .text.ProcessConnectPkt
                0x08001074      0x17c ext_svr.o
 .text.SendPktHdrToHost
                0x080011f0       0x50 ext_svr.o
 .text.SendPktDataToHost
                0x08001240       0x48 ext_svr.o
 .text.SendPktToHost
                0x08001288       0x4c ext_svr.o
                0x08001288                SendPktToHost
 .text.SendResponseStatus
                0x080012d4       0x3c ext_svr.o
 .text.ProcessSetParamPkt
                0x08001310       0x64 ext_svr.o
 .text.ProcessGetParamsPkt
                0x08001374      0x12c ext_svr.o
 .text.ProcessSelectTriggerSignalPkt
                0x080014a0       0xac ext_svr.o
 .text.ProcessCancelLoggingArmTriggerPkt
                0x0800154c       0x80 ext_svr.o
 .text.ExtParseArgsAndInitUD
                0x080015cc       0x68 ext_svr.o
                0x080015cc                ExtParseArgsAndInitUD
 .text.ExtWaitForStartPkt
                0x08001634       0x18 ext_svr.o
                0x08001634                ExtWaitForStartPkt
 .text.UploadServerWork
                0x0800164c       0xc4 ext_svr.o
                0x0800164c                UploadServerWork
 .text.rt_UploadServerWork
                0x08001710       0x28 ext_svr.o
                0x08001710                rt_UploadServerWork
 .text.rt_ExtModeInit
                0x08001738       0x50 ext_svr.o
                0x08001738                rt_ExtModeInit
 .text.rt_ExtModeSleep
                0x08001788       0x24 ext_svr.o
                0x08001788                rt_ExtModeSleep
 .text.rt_PktServerWork
                0x080017ac      0x26c ext_svr.o
                0x080017ac                rt_PktServerWork
 .text.ExtModeShutdown
                0x08001a18       0x44 ext_svr.o
 .text.rt_ExtModeShutdown
                0x08001a5c       0x84 ext_svr.o
                0x08001a5c                rt_ExtModeShutdown
 .text.rt_UploadCheckTrigger
                0x08001ae0       0x28 ext_svr.o
                0x08001ae0                rt_UploadCheckTrigger
 .text.rt_UploadCheckEndTrigger
                0x08001b08       0x24 ext_svr.o
                0x08001b08                rt_UploadCheckEndTrigger
 .text.rt_UploadBufAddTimePoint
                0x08001b2c       0x30 ext_svr.o
                0x08001b2c                rt_UploadBufAddTimePoint
 .text.SetParam
                0x08001b5c      0x120 updown.o
                0x08001b5c                SetParam
 .text.InitUploadSection
                0x08001c7c       0xc0 updown.o
 .text.InitSysUploadTable
                0x08001d3c      0x174 updown.o
 .text.UploadBufInit
                0x08001eb0       0x70 updown.o
 .text.UploadDestroyTrigger
                0x08001f20       0xcc updown.o
 .text.UploadLogInfoReset
                0x08001fec       0x6c updown.o
                0x08001fec                UploadLogInfoReset
 .text.UploadLogInfoTerm
                0x08002058      0x104 updown.o
                0x08002058                UploadLogInfoTerm
 .text.UploadPrepareForFinalFlush
                0x0800215c       0x60 updown.o
                0x0800215c                UploadPrepareForFinalFlush
 .text.UploadLogInfoInit
                0x080021bc      0x180 updown.o
                0x080021bc                UploadLogInfoInit
 .text.UploadInitTrigger
                0x0800233c      0x1cc updown.o
                0x0800233c                UploadInitTrigger
 .text.UploadArmTrigger
                0x08002508       0x9c updown.o
                0x08002508                UploadArmTrigger
 .text.UploadEndLoggingSession
                0x080025a4       0x34 updown.o
                0x080025a4                UploadEndLoggingSession
 .text.UploadCancelLogging
                0x080025d8       0x6c updown.o
                0x080025d8                UploadCancelLogging
 .text.UploadBufDataSent
                0x08002644       0x64 updown.o
                0x08002644                UploadBufDataSent
 .text.UploadBufAssignMem
                0x080026a8      0x124 updown.o
 .text.UploadCheckTriggerSignals
                0x080027cc      0x1bc updown.o
 .text.UploadBufAddTimePoint
                0x08002988      0x4d8 updown.o
                0x08002988                UploadBufAddTimePoint
 .text.UploadCheckTrigger
                0x08002e60       0x90 updown.o
                0x08002e60                UploadCheckTrigger
 .text.UploadCheckEndTrigger
                0x08002ef0       0x5c updown.o
                0x08002ef0                UploadCheckEndTrigger
 .text.SetExtBufListFields
                0x08002f4c      0x108 updown.o
 .text.SetExtBufListFieldsForEmptyList
                0x08003054       0x44 updown.o
 .text.UploadBufGetData
                0x08003098       0xb8 updown.o
                0x08003098                UploadBufGetData
 .text.rtExtModeWaitForStartPkt
                0x08003150       0x64 ext_work.o
                0x08003150                rtExtModeWaitForStartPkt
 .text.rtExtModeOneStep
                0x080031b4       0x30 ext_work.o
                0x080031b4                rtExtModeOneStep
 .text.rtExtModeUpload
                0x080031e4       0x1c ext_work.o
                0x080031e4                rtExtModeUpload
 .text.rtExtModeCheckEndTrigger
                0x08003200        0xc ext_work.o
                0x08003200                rtExtModeCheckEndTrigger
 .text.rtExtModeUploadCheckTrigger
                0x0800320c       0x14 ext_work.o
                0x0800320c                rtExtModeUploadCheckTrigger
 .text.rtExtModeCheckInit
                0x08003220       0x14 ext_work.o
                0x08003220                rtExtModeCheckInit
 .text.rtExtModeShutdown
                0x08003234       0x14 ext_work.o
                0x08003234                rtExtModeShutdown
 .text.rtERTExtModeSetTFinal
                0x08003248       0x5c ext_work.o
                0x08003248                rtERTExtModeSetTFinal
 .text.rtSetTFinalForExtMode
                0x080032a4       0x14 ext_work.o
                0x080032a4                rtSetTFinalForExtMode
 .text.rtParseArgsForExtMode
                0x080032b8       0x18 ext_work.o
                0x080032b8                rtParseArgsForExtMode
 .text.rtERTExtModeStartMsg
                0x080032d0        0xc ext_work.o
                0x080032d0                rtERTExtModeStartMsg
 .text.rtIOStreamBlockingSend
                0x080032dc       0x64 rtiostream_utils.o
                0x080032dc                rtIOStreamBlockingSend
 .text.rtIOStreamBlockingRecv
                0x08003340       0x64 rtiostream_utils.o
                0x08003340                rtIOStreamBlockingRecv
 .text.MPU6050_CustomBlock_Outputs_wrapper
                0x080033a4       0xdc MPU6050_CustomBlock_wrapper.o
                0x080033a4                MPU6050_CustomBlock_Outputs_wrapper
 .text.MPU6050_CustomBlock_Update_wrapper
                0x08003480       0xb0 MPU6050_CustomBlock_wrapper.o
                0x08003480                MPU6050_CustomBlock_Update_wrapper
 .text.SensorenFilter_Block_Outputs_wrapper
                0x08003530      0x6c8 SensorenFilter_Block_wrapper.o
                0x08003530                SensorenFilter_Block_Outputs_wrapper
 .text.SensorenFilter_Block_Update_wrapper
                0x08003bf8       0x40 SensorenFilter_Block_wrapper.o
                0x08003bf8                SensorenFilter_Block_Update_wrapper
 .text.bootloaderInit
                0x08003c38        0xc blapp_support.o
                0x08003c38                bootloaderInit
 .text.Default_ResetHandler
                0x08003c44       0x5c startup_stm32f4xx.o
                0x08003c44                Reset_Handler
                0x08003c44                Default_ResetHandler
 .text.Default_Handler
                0x08003ca0        0x8 startup_stm32f4xx.o
                0x08003ca0                RTC_Alarm_IRQHandler
                0x08003ca0                HASH_RNG_IRQHandler
                0x08003ca0                EXTI2_IRQHandler
                0x08003ca0                TIM8_CC_IRQHandler
                0x08003ca0                DebugMon_Handler
                0x08003ca0                TIM1_CC_IRQHandler
                0x08003ca0                DMA2_Stream5_IRQHandler
                0x08003ca0                HardFault_Handler
                0x08003ca0                PVD_IRQHandler
                0x08003ca0                SDIO_IRQHandler
                0x08003ca0                TAMP_STAMP_IRQHandler
                0x08003ca0                PendSV_Handler
                0x08003ca0                NMI_Handler
                0x08003ca0                CAN2_RX1_IRQHandler
                0x08003ca0                EXTI3_IRQHandler
                0x08003ca0                TIM8_TRG_COM_TIM14_IRQHandler
                0x08003ca0                TIM1_UP_TIM10_IRQHandler
                0x08003ca0                TIM8_UP_TIM13_IRQHandler
                0x08003ca0                I2C3_ER_IRQHandler
                0x08003ca0                EXTI0_IRQHandler
                0x08003ca0                I2C2_EV_IRQHandler
                0x08003ca0                DMA1_Stream2_IRQHandler
                0x08003ca0                CAN1_RX0_IRQHandler
                0x08003ca0                FPU_IRQHandler
                0x08003ca0                OTG_HS_WKUP_IRQHandler
                0x08003ca0                UsageFault_Handler
                0x08003ca0                CAN2_SCE_IRQHandler
                0x08003ca0                DMA2_Stream2_IRQHandler
                0x08003ca0                SPI1_IRQHandler
                0x08003ca0                TIM6_DAC_IRQHandler
                0x08003ca0                TIM1_BRK_TIM9_IRQHandler
                0x08003ca0                DCMI_IRQHandler
                0x08003ca0                CAN2_RX0_IRQHandler
                0x08003ca0                DMA2_Stream3_IRQHandler
                0x08003ca0                USART6_IRQHandler
                0x08003ca0                USART3_IRQHandler
                0x08003ca0                CRYP_IRQHandler
                0x08003ca0                CAN1_RX1_IRQHandler
                0x08003ca0                UART5_IRQHandler
                0x08003ca0                DMA2_Stream0_IRQHandler
                0x08003ca0                TIM4_IRQHandler
                0x08003ca0                I2C1_EV_IRQHandler
                0x08003ca0                DMA1_Stream1_IRQHandler
                0x08003ca0                UART4_IRQHandler
                0x08003ca0                TIM3_IRQHandler
                0x08003ca0                RCC_IRQHandler
                0x08003ca0                TIM8_BRK_TIM12_IRQHandler
                0x08003ca0                EXTI15_10_IRQHandler
                0x08003ca0                ADC_IRQHandler
                0x08003ca0                DMA1_Stream7_IRQHandler
                0x08003ca0                TIM7_IRQHandler
                0x08003ca0                CAN2_TX_IRQHandler
                0x08003ca0                TIM5_IRQHandler
                0x08003ca0                DMA2_Stream7_IRQHandler
                0x08003ca0                I2C3_EV_IRQHandler
                0x08003ca0                EXTI9_5_IRQHandler
                0x08003ca0                RTC_WKUP_IRQHandler
                0x08003ca0                ETH_WKUP_IRQHandler
                0x08003ca0                SPI2_IRQHandler
                0x08003ca0                OTG_HS_EP1_IN_IRQHandler
                0x08003ca0                MemManage_Handler
                0x08003ca0                DMA1_Stream0_IRQHandler
                0x08003ca0                CAN1_TX_IRQHandler
                0x08003ca0                EXTI4_IRQHandler
                0x08003ca0                FSMC_IRQHandler
                0x08003ca0                ETH_IRQHandler
                0x08003ca0                OTG_HS_EP1_OUT_IRQHandler
                0x08003ca0                WWDG_IRQHandler
                0x08003ca0                TIM2_IRQHandler
                0x08003ca0                OTG_FS_WKUP_IRQHandler
                0x08003ca0                TIM1_TRG_COM_TIM11_IRQHandler
                0x08003ca0                OTG_HS_IRQHandler
                0x08003ca0                EXTI1_IRQHandler
                0x08003ca0                USART2_IRQHandler
                0x08003ca0                I2C2_ER_IRQHandler
                0x08003ca0                DMA2_Stream1_IRQHandler
                0x08003ca0                CAN1_SCE_IRQHandler
                0x08003ca0                FLASH_IRQHandler
                0x08003ca0                DMA2_Stream4_IRQHandler
                0x08003ca0                BusFault_Handler
                0x08003ca0                USART1_IRQHandler
                0x08003ca0                OTG_FS_IRQHandler
                0x08003ca0                SPI3_IRQHandler
                0x08003ca0                DMA1_Stream4_IRQHandler
                0x08003ca0                I2C1_ER_IRQHandler
                0x08003ca0                DMA2_Stream6_IRQHandler
                0x08003ca0                DMA1_Stream3_IRQHandler
 .text._exit    0x08003ca8        0xc syscalls_stm32f4xx.o
                0x08003ca8                _exit
 .text._sbrk    0x08003cb4       0x68 syscalls_stm32f4xx.o
                0x08003cb4                _sbrk
 .text.NVIC_SetPriority
                0x08003d1c       0x54 stm32f4xx_init_board.o
 .text.stm32f4xx_init_board
                0x08003d70       0x20 stm32f4xx_init_board.o
                0x08003d70                stm32f4xx_init_board
 .text.SystemInit
                0x08003d90       0x68 system_stm32f4xx.o
                0x08003d90                SystemInit
 .text.SystemCoreClockUpdate
                0x08003df8       0xf8 system_stm32f4xx.o
                0x08003df8                SystemCoreClockUpdate
 .text.SetSysClock
                0x08003ef0       0xf4 system_stm32f4xx.o
 .text.NVIC_SetPriority
                0x08003fe4       0x54 SysTickScheduler.o
 .text.SysTick_Config
                0x08004038       0x44 SysTickScheduler.o
 .text.SysTick_Isr
                0x0800407c       0x40 SysTickScheduler.o
 .text.SysTick_Handler
                0x080040bc       0x10 SysTickScheduler.o
                0x080040bc                SysTick_Handler
 .text.ARMCM_SysTick_Config
                0x080040cc       0x8c SysTickScheduler.o
                0x080040cc                ARMCM_SysTick_Config
 .text.arm_cortex_m_call_thread_with_context_switch
                0x08004158       0x2c m3m4m4f_multitasking.o
                0x08004158                arm_cortex_m_call_thread_with_context_switch
 .text.SVC_Handler
                0x08004184       0x38 m3m4m4f_multitasking.o
                0x08004184                SVC_Handler
 .text.IsEscapeChar
                0x080041bc       0x30 ext_serial_pkt.o
 .text.Filter   0x080041ec       0x84 ext_serial_pkt.o
 .text.Num2String
                0x08004270       0x88 ext_serial_pkt.o
 .text.String2Num
                0x080042f8       0x70 ext_serial_pkt.o
 .text.SetExtSerialPacket
                0x08004368      0x134 ext_serial_pkt.o
                0x08004368                SetExtSerialPacket
 .text.GetExtSerialPacket
                0x0800449c      0x328 ext_serial_pkt.o
                0x0800449c                GetExtSerialPacket
 .text.ExtSerialPortCreate
                0x080047c4       0x3c rtiostream_serial_interface.o
                0x080047c4                ExtSerialPortCreate
 .text.ExtSerialPortConnect
                0x08004800       0x88 rtiostream_serial_interface.o
                0x08004800                ExtSerialPortConnect
 .text.ExtSerialPortDisconnect
                0x08004888       0x58 rtiostream_serial_interface.o
                0x08004888                ExtSerialPortDisconnect
 .text.ExtSerialPortSetData
                0x080048e0       0x48 rtiostream_serial_interface.o
                0x080048e0                ExtSerialPortSetData
 .text.ExtSerialPortDataPending
                0x08004928       0x90 rtiostream_serial_interface.o
                0x08004928                ExtSerialPortDataPending
 .text.ExtSerialPortGetData
                0x080049b8       0xd0 rtiostream_serial_interface.o
                0x080049b8                ExtSerialPortGetData
 .text.isFIFOEmpty
                0x08004a88       0x28 ext_svr_serial_transport.o
 .text.InsertFIFO
                0x08004ab0       0x54 ext_svr_serial_transport.o
 .text.RemoveFIFO
                0x08004b04       0x54 ext_svr_serial_transport.o
 .text.isFIFOFreeEmpty
                0x08004b58       0x24 ext_svr_serial_transport.o
 .text.isFIFOPktEmpty
                0x08004b7c       0x24 ext_svr_serial_transport.o
 .text.InsertFIFOFree
                0x08004ba0       0x20 ext_svr_serial_transport.o
 .text.RemoveFIFOFree
                0x08004bc0       0x1c ext_svr_serial_transport.o
 .text.InsertFIFOPkt
                0x08004bdc       0x20 ext_svr_serial_transport.o
 .text.RemoveFIFOPkt
                0x08004bfc       0x1c ext_svr_serial_transport.o
 .text.GetFIFOPkt
                0x08004c18       0x18 ext_svr_serial_transport.o
 .text.AddToFIFOFree
                0x08004c30       0x44 ext_svr_serial_transport.o
 .text.SavePkt  0x08004c74       0x38 ext_svr_serial_transport.o
 .text.ExtGetPktBlocking
                0x08004cac       0x84 ext_svr_serial_transport.o
 .text.ExtSetPkt
                0x08004d30      0x128 ext_svr_serial_transport.o
 .text.ExtSetPktWithACK
                0x08004e58       0x68 ext_svr_serial_transport.o
 .text.ExtGetPkt
                0x08004ec0       0xe8 ext_svr_serial_transport.o
 .text.ExtPktPending
                0x08004fa8       0x78 ext_svr_serial_transport.o
 .text.ExtClearSerialConnection
                0x08005020       0x18 ext_svr_serial_transport.o
 .text.ExtResetSerialConnection
                0x08005038       0xa4 ext_svr_serial_transport.o
 .text.ExtOpenSerialConnection
                0x080050dc       0xb8 ext_svr_serial_transport.o
 .text.ExtCloseSerialConnection
                0x08005194       0x1c ext_svr_serial_transport.o
 .text.ExtInit  0x080051b0       0x1c ext_svr_serial_transport.o
                0x080051b0                ExtInit
 .text.ExtOpenConnection
                0x080051cc       0x2c ext_svr_serial_transport.o
                0x080051cc                ExtOpenConnection
 .text.ExtCloseConnection
                0x080051f8       0x14 ext_svr_serial_transport.o
                0x080051f8                ExtCloseConnection
 .text.ExtShutDown
                0x0800520c       0x28 ext_svr_serial_transport.o
                0x0800520c                ExtShutDown
 .text.ExtProcessArgs
                0x08005234       0x90 ext_svr_serial_transport.o
                0x08005234                ExtProcessArgs
 .text.ExtWaitForStartPktFromHost
                0x080052c4       0x18 ext_svr_serial_transport.o
                0x080052c4                ExtWaitForStartPktFromHost
 .text.ExtUserDataCreate
                0x080052dc       0x14 ext_svr_serial_transport.o
                0x080052dc                ExtUserDataCreate
 .text.ExtUserDataDestroy
                0x080052f0       0x14 ext_svr_serial_transport.o
                0x080052f0                ExtUserDataDestroy
 .text.ExtGetHostPkt
                0x08005304       0x64 ext_svr_serial_transport.o
                0x08005304                ExtGetHostPkt
 .text.ExtSetHostPkt
                0x08005368       0x40 ext_svr_serial_transport.o
                0x08005368                ExtSetHostPkt
 .text.ExtModeSleep
                0x080053a8       0x18 ext_svr_serial_transport.o
                0x080053a8                ExtModeSleep
 .text.ExtForceDisconnect
                0x080053c0       0x20 ext_svr_serial_transport.o
                0x080053c0                ExtForceDisconnect
 .text.rtIOStreamOpen
                0x080053e0       0x70 rtiostream_serial_dma_stm32f4xx.o
                0x080053e0                rtIOStreamOpen
 .text.rtIOStreamClose
                0x08005450       0x18 rtiostream_serial_dma_stm32f4xx.o
                0x08005450                rtIOStreamClose
 .text.rtIOStreamSend
                0x08005468       0x84 rtiostream_serial_dma_stm32f4xx.o
                0x08005468                rtIOStreamSend
 .text.DMA1_Stream6_IRQHandler
                0x080054ec       0x24 rtiostream_serial_dma_stm32f4xx.o
                0x080054ec                DMA1_Stream6_IRQHandler
 .text.rtIOStreamRecv
                0x08005510       0x90 rtiostream_serial_dma_stm32f4xx.o
                0x08005510                rtIOStreamRecv
 .text.DMA_RxInit
                0x080055a0       0xe8 rtiostream_serial_dma_stm32f4xx.o
 .text.DMA_TxInit
                0x08005688       0xa8 rtiostream_serial_dma_stm32f4xx.o
 .text.UART_getRxBytes
                0x08005730       0x50 rtiostream_serial_dma_stm32f4xx.o
 .text.DMA1_Stream5_IRQHandler
                0x08005780       0x24 rtiostream_serial_dma_stm32f4xx.o
                0x08005780                DMA1_Stream5_IRQHandler
 .text.USART2_init
                0x080057a4       0xa0 rtiostream_serial_dma_stm32f4xx.o
 .text.USART_Init
                0x08005844      0x178 stm32f4xx_usart.o
                0x08005844                USART_Init
 .text.USART_StructInit
                0x080059bc       0x38 stm32f4xx_usart.o
                0x080059bc                USART_StructInit
 .text.USART_Cmd
                0x080059f4       0x40 stm32f4xx_usart.o
                0x080059f4                USART_Cmd
 .text.USART_DMACmd
                0x08005a34       0x48 stm32f4xx_usart.o
                0x08005a34                USART_DMACmd
 .text.RCC_GetClocksFreq
                0x08005a7c      0x154 stm32f4xx_rcc.o
                0x08005a7c                RCC_GetClocksFreq
 .text.RCC_AHB1PeriphClockCmd
                0x08005bd0       0x3c stm32f4xx_rcc.o
                0x08005bd0                RCC_AHB1PeriphClockCmd
 .text.RCC_APB1PeriphClockCmd
                0x08005c0c       0x3c stm32f4xx_rcc.o
                0x08005c0c                RCC_APB1PeriphClockCmd
 .text.GPIO_Init
                0x08005c48      0x11c stm32f4xx_gpio.o
                0x08005c48                GPIO_Init
 .text.GPIO_StructInit
                0x08005d64       0x34 stm32f4xx_gpio.o
                0x08005d64                GPIO_StructInit
 .text.GPIO_PinAFConfig
                0x08005d98       0x90 stm32f4xx_gpio.o
                0x08005d98                GPIO_PinAFConfig
 .text.DMA_DeInit
                0x08005e28      0x1a4 stm32f4xx_dma.o
                0x08005e28                DMA_DeInit
 .text.DMA_Init
                0x08005fcc       0xac stm32f4xx_dma.o
                0x08005fcc                DMA_Init
 .text.DMA_Cmd  0x08006078       0x38 stm32f4xx_dma.o
                0x08006078                DMA_Cmd
 .text.DMA_GetCurrDataCounter
                0x080060b0       0x1c stm32f4xx_dma.o
                0x080060b0                DMA_GetCurrDataCounter
 .text.DMA_GetCmdStatus
                0x080060cc       0x30 stm32f4xx_dma.o
                0x080060cc                DMA_GetCmdStatus
 .text.DMA_ITConfig
                0x080060fc       0x74 stm32f4xx_dma.o
                0x080060fc                DMA_ITConfig
 .text.DMA_GetITStatus
                0x08006170       0xb0 stm32f4xx_dma.o
                0x08006170                DMA_GetITStatus
 .text.DMA_ClearITPendingBit
                0x08006220       0x5c stm32f4xx_dma.o
                0x08006220                DMA_ClearITPendingBit
 .text.NVIC_Init
                0x0800627c       0xc0 misc.o
                0x0800627c                NVIC_Init
 .text.rt_OneStep
                0x0800633c       0x4c ert_main.o
                0x0800633c                rt_OneStep
 .text.main     0x08006388      0x114 ert_main.o
                0x08006388                main
 .text.atan2    0x0800649c        0x4 c:/matlab/suppor~1/r2016a/gcc-ar~1/bin/../lib/gcc/arm-none-eabi/4.9.3/../../../../arm-none-eabi/lib/armv7e-m/fpu\libm.a(lib_a-w_atan2.o)
                0x0800649c                atan2
 .text.__ieee754_atan2
                0x080064a0      0x228 c:/matlab/suppor~1/r2016a/gcc-ar~1/bin/../lib/gcc/arm-none-eabi/4.9.3/../../../../arm-none-eabi/lib/armv7e-m/fpu\libm.a(lib_a-e_atan2.o)
                0x080064a0                __ieee754_atan2
 .text.atan     0x080066c8      0x368 c:/matlab/suppor~1/r2016a/gcc-ar~1/bin/../lib/gcc/arm-none-eabi/4.9.3/../../../../arm-none-eabi/lib/armv7e-m/fpu\libm.a(lib_a-s_atan.o)
                0x080066c8                atan
 .text.fabs     0x08006a30       0x10 c:/matlab/suppor~1/r2016a/gcc-ar~1/bin/../lib/gcc/arm-none-eabi/4.9.3/../../../../arm-none-eabi/lib/armv7e-m/fpu\libm.a(lib_a-s_fabs.o)
                0x08006a30                fabs
 .text          0x08006a40      0x370 c:/matlab/suppor~1/r2016a/gcc-ar~1/bin/../lib/gcc/arm-none-eabi/4.9.3/armv7e-m/fpu\libgcc.a(_arm_addsubdf3.o)
                0x08006a40                __aeabi_drsub
                0x08006a48                __aeabi_dsub
                0x08006a48                __subdf3
                0x08006a4c                __aeabi_dadd
                0x08006a4c                __adddf3
                0x08006cc4                __floatunsidf
                0x08006cc4                __aeabi_ui2d
                0x08006ce4                __floatsidf
                0x08006ce4                __aeabi_i2d
                0x08006d08                __aeabi_f2d
                0x08006d08                __extendsfdf2
                0x08006d44                __floatundidf
                0x08006d44                __aeabi_ul2d
                0x08006d54                __floatdidf
                0x08006d54                __aeabi_l2d
 .text          0x08006db0      0x424 c:/matlab/suppor~1/r2016a/gcc-ar~1/bin/../lib/gcc/arm-none-eabi/4.9.3/armv7e-m/fpu\libgcc.a(_arm_muldivdf3.o)
                0x08006db0                __aeabi_dmul
                0x08006db0                __muldf3
                0x08007004                __divdf3
                0x08007004                __aeabi_ddiv
 .text          0x080071d4      0x110 c:/matlab/suppor~1/r2016a/gcc-ar~1/bin/../lib/gcc/arm-none-eabi/4.9.3/armv7e-m/fpu\libgcc.a(_arm_cmpdf2.o)
                0x080071d4                __gtdf2
                0x080071d4                __gedf2
                0x080071dc                __ltdf2
                0x080071dc                __ledf2
                0x080071e4                __nedf2
                0x080071e4                __eqdf2
                0x080071e4                __cmpdf2
                0x08007260                __aeabi_cdrcmple
                0x08007270                __aeabi_cdcmpeq
                0x08007270                __aeabi_cdcmple
                0x08007280                __aeabi_dcmpeq
                0x08007294                __aeabi_dcmplt
                0x080072a8                __aeabi_dcmple
                0x080072bc                __aeabi_dcmpge
                0x080072d0                __aeabi_dcmpgt
 .text          0x080072e4       0xa0 c:/matlab/suppor~1/r2016a/gcc-ar~1/bin/../lib/gcc/arm-none-eabi/4.9.3/armv7e-m/fpu\libgcc.a(_arm_truncdfsf2.o)
                0x080072e4                __truncdfsf2
                0x080072e4                __aeabi_d2f
 .text.calloc   0x08007384       0x14 c:/matlab/suppor~1/r2016a/gcc-ar~1/bin/../lib/gcc/arm-none-eabi/4.9.3/../../../../arm-none-eabi/lib/armv7e-m/fpu\libc_nano.a(lib_a-calloc.o)
                0x08007384                calloc
 .text.exit     0x08007398       0x28 c:/matlab/suppor~1/r2016a/gcc-ar~1/bin/../lib/gcc/arm-none-eabi/4.9.3/../../../../arm-none-eabi/lib/armv7e-m/fpu\libc_nano.a(lib_a-exit.o)
                0x08007398                exit
 .text.__libc_init_array
                0x080073c0       0x4c c:/matlab/suppor~1/r2016a/gcc-ar~1/bin/../lib/gcc/arm-none-eabi/4.9.3/../../../../arm-none-eabi/lib/armv7e-m/fpu\libc_nano.a(lib_a-init.o)
                0x080073c0                __libc_init_array
 .text.malloc   0x0800740c       0x10 c:/matlab/suppor~1/r2016a/gcc-ar~1/bin/../lib/gcc/arm-none-eabi/4.9.3/../../../../arm-none-eabi/lib/armv7e-m/fpu\libc_nano.a(lib_a-malloc.o)
                0x0800740c                malloc
 .text.free     0x0800741c       0x10 c:/matlab/suppor~1/r2016a/gcc-ar~1/bin/../lib/gcc/arm-none-eabi/4.9.3/../../../../arm-none-eabi/lib/armv7e-m/fpu\libc_nano.a(lib_a-malloc.o)
                0x0800741c                free
 .text.memcpy   0x0800742c       0x16 c:/matlab/suppor~1/r2016a/gcc-ar~1/bin/../lib/gcc/arm-none-eabi/4.9.3/../../../../arm-none-eabi/lib/armv7e-m/fpu\libc_nano.a(lib_a-memcpy.o)
                0x0800742c                memcpy
 .text.memset   0x08007442       0x10 c:/matlab/suppor~1/r2016a/gcc-ar~1/bin/../lib/gcc/arm-none-eabi/4.9.3/../../../../arm-none-eabi/lib/armv7e-m/fpu\libc_nano.a(lib_a-memset.o)
                0x08007442                memset
 .text._calloc_r
                0x08007452       0x1c c:/matlab/suppor~1/r2016a/gcc-ar~1/bin/../lib/gcc/arm-none-eabi/4.9.3/../../../../arm-none-eabi/lib/armv7e-m/fpu\libc_nano.a(lib_a-nano-callocr.o)
                0x08007452                _calloc_r
 *fill*         0x0800746e        0x2 
 .text._free_r  0x08007470       0x88 c:/matlab/suppor~1/r2016a/gcc-ar~1/bin/../lib/gcc/arm-none-eabi/4.9.3/../../../../arm-none-eabi/lib/armv7e-m/fpu\libc_nano.a(lib_a-nano-freer.o)
                0x08007470                _free_r
 .text._malloc_r
                0x080074f8       0xac c:/matlab/suppor~1/r2016a/gcc-ar~1/bin/../lib/gcc/arm-none-eabi/4.9.3/../../../../arm-none-eabi/lib/armv7e-m/fpu\libc_nano.a(lib_a-nano-mallocr.o)
                0x080074f8                _malloc_r
 .text._sbrk_r  0x080075a4       0x20 c:/matlab/suppor~1/r2016a/gcc-ar~1/bin/../lib/gcc/arm-none-eabi/4.9.3/../../../../arm-none-eabi/lib/armv7e-m/fpu\libc_nano.a(lib_a-sbrkr.o)
                0x080075a4                _sbrk_r
 .text          0x080075c4       0x14 c:/matlab/suppor~1/r2016a/gcc-ar~1/bin/../lib/gcc/arm-none-eabi/4.9.3/../../../../arm-none-eabi/lib/armv7e-m/fpu\libc_nano.a(lib_a-strcmp.o)
                0x080075c4                strcmp
 *(.init)
 .init          0x080075d8        0x4 c:/matlab/suppor~1/r2016a/gcc-ar~1/bin/../lib/gcc/arm-none-eabi/4.9.3/armv7e-m/fpu/crti.o
                0x080075d8                _init
 .init          0x080075dc        0x8 c:/matlab/suppor~1/r2016a/gcc-ar~1/bin/../lib/gcc/arm-none-eabi/4.9.3/armv7e-m/fpu/crtn.o
 *(.fini)
 .fini          0x080075e4        0x4 c:/matlab/suppor~1/r2016a/gcc-ar~1/bin/../lib/gcc/arm-none-eabi/4.9.3/armv7e-m/fpu/crti.o
                0x080075e4                _fini
 .fini          0x080075e8        0x8 c:/matlab/suppor~1/r2016a/gcc-ar~1/bin/../lib/gcc/arm-none-eabi/4.9.3/armv7e-m/fpu/crtn.o
 *crtbegin.o(.ctors)
 *crtbegin?.o(.ctors)
 *(EXCLUDE_FILE(*crtend.o *crtend?.o) .ctors)
 *(SORT(.ctors.*))
 *(.ctors)
 *crtbegin.o(.dtors)
 *crtbegin?.o(.dtors)
 *(EXCLUDE_FILE(*crtend.o *crtend?.o) .dtors)
 *(SORT(.dtors.*))
 *(.dtors)
 *(.rodata*)
 .rodata        0x080075f0       0xac TestFilter.o
 .rodata.TestFilter_M
                0x0800769c        0x4 TestFilter.o
                0x0800769c                TestFilter_M
 .rodata.rtAlwaysEnabled.8245
                0x080076a0        0x1 TestFilter.o
 *fill*         0x080076a1        0x3 
 .rodata        0x080076a4       0x3c ext_svr.o
 .rodata        0x080076e0       0x2c ext_svr_serial_transport.o
 *fill*         0x0800770c        0x4 
 .rodata.atanlo
                0x08007710       0x20 c:/matlab/suppor~1/r2016a/gcc-ar~1/bin/../lib/gcc/arm-none-eabi/4.9.3/../../../../arm-none-eabi/lib/armv7e-m/fpu\libm.a(lib_a-s_atan.o)
 .rodata.atanhi
                0x08007730       0x20 c:/matlab/suppor~1/r2016a/gcc-ar~1/bin/../lib/gcc/arm-none-eabi/4.9.3/../../../../arm-none-eabi/lib/armv7e-m/fpu\libm.a(lib_a-s_atan.o)
 .rodata.str1.1
                0x08007750        0x2 c:/matlab/suppor~1/r2016a/gcc-ar~1/bin/../lib/gcc/arm-none-eabi/4.9.3/../../../../arm-none-eabi/lib/armv7e-m/fpu\libc_nano.a(lib_a-impure.o)
 *fill*         0x08007752        0x2 
 .rodata._global_impure_ptr
                0x08007754        0x4 c:/matlab/suppor~1/r2016a/gcc-ar~1/bin/../lib/gcc/arm-none-eabi/4.9.3/../../../../arm-none-eabi/lib/armv7e-m/fpu\libc_nano.a(lib_a-impure.o)
                0x08007754                _global_impure_ptr
 *(.eh_fram e*)

.eh_frame       0x08007758        0x0
 .eh_frame      0x08007758        0x0 c:/matlab/suppor~1/r2016a/gcc-ar~1/bin/../lib/gcc/arm-none-eabi/4.9.3/armv7e-m/fpu/crtbegin.o

.glue_7         0x08007758        0x0
 .glue_7        0x00000000        0x0 linker stubs

.glue_7t        0x08007758        0x0
 .glue_7t       0x00000000        0x0 linker stubs

.vfp11_veneer   0x08007758        0x0
 .vfp11_veneer  0x00000000        0x0 linker stubs

.v4_bx          0x08007758        0x0
 .v4_bx         0x00000000        0x0 linker stubs

.iplt           0x08007758        0x0
 .iplt          0x00000000        0x0 c:/matlab/suppor~1/r2016a/gcc-ar~1/bin/../lib/gcc/arm-none-eabi/4.9.3/armv7e-m/fpu/crtbegin.o

.ARM.extab
 *(.ARM.extab* .gnu.linkonce.armextab.*)
                0x08007758                __exidx_start = .

.ARM.exidx      0x08007758        0x8
 *(.ARM.exidx* .gnu.linkonce.armexidx.*)
 .ARM.exidx     0x08007758        0x8 c:/matlab/suppor~1/r2016a/gcc-ar~1/bin/../lib/gcc/arm-none-eabi/4.9.3/../../../../arm-none-eabi/lib/armv7e-m/fpu/crt0.o
                0x08007760                __exidx_end = .

.rel.dyn        0x08007760        0x0
 .rel.iplt      0x00000000        0x0 c:/matlab/suppor~1/r2016a/gcc-ar~1/bin/../lib/gcc/arm-none-eabi/4.9.3/armv7e-m/fpu/crtbegin.o
                0x08007760                . = ALIGN (0x4)
                0x08007760                _etext = .
                0x08007760                _sidata = .

.data           0x20000000      0x1c4 load address 0x08007760
                0x20000000                __data_start__ = .
                0x20000000                _sdata = __data_start__
 *(vtable)
 *(.data*)
 .data.rtDataTypeSizes
                0x20000000       0x38 TestFilter.o
 .data.rtDataTypeNames
                0x20000038       0x38 TestFilter.o
 .data.rtBTransitions
                0x20000070       0x40 TestFilter.o
 .data.rtBTransTable
                0x200000b0        0x8 TestFilter.o
 .data.rtPTransitions
                0x200000b8       0x30 TestFilter.o
 .data.rtPTransTable
                0x200000e8        0x8 TestFilter.o
 .data.TestFilter_P
                0x200000f0       0x1c TestFilter_data.o
                0x200000f0                TestFilter_P
 .data.firstTime.8583
                0x2000010c        0x4 updown.o
 .data.modelStatus
                0x20000110        0x1 ext_work.o
                0x20000110                modelStatus
 *fill*         0x20000111        0x7 
 .data.finaltime
                0x20000118        0x8 ext_work.o
 .data.initialRun.8222
                0x20000120        0x1 SensorenFilter_Block_wrapper.o
 *fill*         0x20000121        0x3 
 .data.sP.8233  0x20000124        0x4 SensorenFilter_Block_wrapper.o
 .data.SystemCoreClock
                0x20000128        0x4 system_stm32f4xx.o
                0x20000128                SystemCoreClock
 .data.AHBPrescTable
                0x2000012c       0x10 system_stm32f4xx.o
                0x2000012c                AHBPrescTable
 .data.InBuffer
                0x2000013c        0x4 ext_svr_serial_transport.o
 .data.OutBuffer
                0x20000140        0x4 ext_svr_serial_transport.o
 .data.APBAHBPrescTable
                0x20000144       0x10 stm32f4xx_rcc.o
 .data.impure_data
                0x20000154       0x60 c:/matlab/suppor~1/r2016a/gcc-ar~1/bin/../lib/gcc/arm-none-eabi/4.9.3/../../../../arm-none-eabi/lib/armv7e-m/fpu\libc_nano.a(lib_a-impure.o)
 .data._impure_ptr
                0x200001b4        0x4 c:/matlab/suppor~1/r2016a/gcc-ar~1/bin/../lib/gcc/arm-none-eabi/4.9.3/../../../../arm-none-eabi/lib/armv7e-m/fpu\libc_nano.a(lib_a-impure.o)
                0x200001b4                _impure_ptr
                0x200001b8                . = ALIGN (0x4)
                0x200001b8                PROVIDE (__preinit_array_start, .)
 *(.preinit_array)
                0x200001b8                PROVIDE (__preinit_array_end, .)
                0x200001b8                . = ALIGN (0x4)
                0x200001b8                PROVIDE (__init_array_start, .)
 *(SORT(.init_array.*))
 *(.init_array)
 .init_array    0x200001b8        0x4 c:/matlab/suppor~1/r2016a/gcc-ar~1/bin/../lib/gcc/arm-none-eabi/4.9.3/armv7e-m/fpu/crtbegin.o
                0x200001bc                PROVIDE (__init_array_end, .)
                0x200001bc                . = ALIGN (0x4)
                0x200001bc                PROVIDE (__fini_array_start, .)
 *(SORT(.fini_array.*))
 *(.fini_array)
 .fini_array    0x200001bc        0x4 c:/matlab/suppor~1/r2016a/gcc-ar~1/bin/../lib/gcc/arm-none-eabi/4.9.3/armv7e-m/fpu/crtbegin.o
                0x200001c0                PROVIDE (__fini_array_end, .)
 *(.jcr*)
 .jcr           0x200001c0        0x0 c:/matlab/suppor~1/r2016a/gcc-ar~1/bin/../lib/gcc/arm-none-eabi/4.9.3/armv7e-m/fpu/crtbegin.o
 .jcr           0x200001c0        0x4 c:/matlab/suppor~1/r2016a/gcc-ar~1/bin/../lib/gcc/arm-none-eabi/4.9.3/armv7e-m/fpu/crtend.o
                0x200001c4                . = ALIGN (0x4)
                0x200001c4                __data_end__ = .
                0x200001c4                _edata = __data_end__

.igot.plt       0x200001c4        0x0 load address 0x08007924
 .igot.plt      0x00000000        0x0 c:/matlab/suppor~1/r2016a/gcc-ar~1/bin/../lib/gcc/arm-none-eabi/4.9.3/armv7e-m/fpu/crtbegin.o

.bss            0x200001c8      0xf2c load address 0x08007928
                0x200001c8                . = ALIGN (0x4)
                0x200001c8                _sbss = .
                0x200001c8                __bss_start__ = _sbss
 *(.bss .bss.*)
 .bss           0x200001c8       0x1c c:/matlab/suppor~1/r2016a/gcc-ar~1/bin/../lib/gcc/arm-none-eabi/4.9.3/armv7e-m/fpu/crtbegin.o
 .bss.rt_ExtModeInfo.8246
                0x200001e4       0x14 TestFilter.o
 .bss.systemRan.8247
                0x200001f8        0x4 TestFilter.o
 .bss.dtInfo.8248
                0x200001fc       0x24 TestFilter.o
 .bss.initDone.7608
                0x20000220        0x1 MPU6050.o
 .bss.connected
                0x20000221        0x1 ext_svr.o
 .bss.commInitialized
                0x20000222        0x1 ext_svr.o
 .bss.gblSetParamPktReceived
                0x20000223        0x1 ext_svr.o
                0x20000223                gblSetParamPktReceived
 .bss.extUD     0x20000224        0x4 ext_svr.o
 .bss.pktBufSize
                0x20000228        0x4 ext_svr.o
 .bss.pktBuf    0x2000022c        0x4 ext_svr.o
 .bss.ERRMSG_PROCESSSELECTSIGNAL
                0x20000230        0x4 ext_svr.o
 .bss.ERRMSG_PROCESSSELECTTRIGGER
                0x20000234        0x4 ext_svr.o
 .bss.buffer.8480
                0x20000238        0x1 ext_svr.o
 .bss.host_upstatus_is_uploading
                0x20000239        0x1 updown.o
                0x20000239                host_upstatus_is_uploading
 *fill*         0x2000023a        0x6 
 .bss.uploadInfoArray
                0x20000240       0xe0 updown.o
 .bss.startModel
                0x20000320        0x4 ext_work.o
                0x20000320                startModel
 .bss.recentPhi.8223
                0x20000324        0x4 SensorenFilter_Block_wrapper.o
 .bss.sPhi__d.8231
                0x20000328       0x1c SensorenFilter_Block_wrapper.o
 .bss.sPhi.8232
                0x20000344       0x1c SensorenFilter_Block_wrapper.o
 .bss.index.8235
                0x20000360        0x4 SensorenFilter_Block_wrapper.o
 .bss.sK.8234   0x20000364        0x4 SensorenFilter_Block_wrapper.o
 .bss.heap_end  0x20000368        0x4 syscalls_stm32f4xx.o
                0x20000368                heap_end
 .bss.UD        0x2000036c        0x4 rtiostream_serial_interface.o
 .bss.serialPort.8417
                0x20000370        0x4 rtiostream_serial_interface.o
 .bss.buffer1st
                0x20000374       0x24 ext_svr_serial_transport.o
 .bss.buffer2nd
                0x20000398       0x24 ext_svr_serial_transport.o
 .bss.waitForAck
                0x200003bc        0x1 ext_svr_serial_transport.o
 *fill*         0x200003bd        0x3 
 .bss.FreeFIFOHead
                0x200003c0        0x4 ext_svr_serial_transport.o
 .bss.FreeFIFOTail
                0x200003c4        0x4 ext_svr_serial_transport.o
 .bss.PktFIFOHead
                0x200003c8        0x4 ext_svr_serial_transport.o
 .bss.PktFIFOTail
                0x200003cc        0x4 ext_svr_serial_transport.o
 .bss.UD.8580   0x200003d0        0x8 ext_svr_serial_transport.o
 .bss.MW_USART_ERRNO
                0x200003d8        0x4 rtiostream_serial_dma_stm32f4xx.o
                0x200003d8                MW_USART_ERRNO
 .bss.UART_rxBuffer
                0x200003dc      0x800 rtiostream_serial_dma_stm32f4xx.o
 .bss.UART_txBuffer
                0x20000bdc      0x400 rtiostream_serial_dma_stm32f4xx.o
 .bss.UART_Rx   0x20000fdc        0x8 rtiostream_serial_dma_stm32f4xx.o
 .bss.UART_Tx   0x20000fe4       0x48 rtiostream_serial_dma_stm32f4xx.o
 .bss.IsrOverrun
                0x2000102c        0x4 ert_main.o
                0x2000102c                IsrOverrun
 .bss.OverrunFlag
                0x20001030        0x1 ert_main.o
 *fill*         0x20001031        0x3 
 .bss.__malloc_sbrk_start
                0x20001034        0x4 c:/matlab/suppor~1/r2016a/gcc-ar~1/bin/../lib/gcc/arm-none-eabi/4.9.3/../../../../arm-none-eabi/lib/armv7e-m/fpu\libc_nano.a(lib_a-nano-mallocr.o)
                0x20001034                __malloc_sbrk_start
 .bss.__malloc_free_list
                0x20001038        0x4 c:/matlab/suppor~1/r2016a/gcc-ar~1/bin/../lib/gcc/arm-none-eabi/4.9.3/../../../../arm-none-eabi/lib/armv7e-m/fpu\libc_nano.a(lib_a-nano-mallocr.o)
                0x20001038                __malloc_free_list
 *(COMMON)
 *fill*         0x2000103c        0x4 
 COMMON         0x20001040       0xa8 TestFilter.o
                0x20001040                TestFilter_B
                0x20001078                TestFilter_DW
                0x200010a0                TestFilter_M_
 COMMON         0x200010e8        0x8 SysTickScheduler.o
                0x200010e8                schdl_counter_max
                0x200010ec                schdl_counter
 COMMON         0x200010f0        0x4 c:/matlab/suppor~1/r2016a/gcc-ar~1/bin/../lib/gcc/arm-none-eabi/4.9.3/../../../../arm-none-eabi/lib/armv7e-m/fpu\libc_nano.a(lib_a-reent.o)
                0x200010f0                errno
                0x200010f4                . = ALIGN (0x4)
                0x200010f4                _ebss = .
                0x200010f4                __bss_end__ = _ebss

.co_stack       0x10000000     0x2040
                0x10000000                . = ALIGN (0x8)
                0x10000000                __stack_end__ = .
 *(.co_stack .co_stack.*)
 .co_stack      0x10000000     0x2040 startup_stm32f4xx.o
                0x10000000                pulStack
                0x10002040                __stack_start__ = .
                0x10002040                . = ALIGN (0x8)
                0x10002040                _end_ccmram = .
                0x10002040                PROVIDE (_sheap, _end_ccmram)
                0x10010000                PROVIDE (_eheap, ALIGN ((ORIGIN (CCMRAM) + 0x10000), 0x8))
                0x10002040                PROVIDE (__stack, __stack_start__)
OUTPUT(../TestFilter.elf elf32-littlearm)

.ARM.attributes
                0x00000000       0x30
 .ARM.attributes
                0x00000000       0x22 c:/matlab/suppor~1/r2016a/gcc-ar~1/bin/../lib/gcc/arm-none-eabi/4.9.3/armv7e-m/fpu/crti.o
 .ARM.attributes
                0x00000022       0x34 c:/matlab/suppor~1/r2016a/gcc-ar~1/bin/../lib/gcc/arm-none-eabi/4.9.3/armv7e-m/fpu/crtbegin.o
 .ARM.attributes
                0x00000056       0x20 c:/matlab/suppor~1/r2016a/gcc-ar~1/bin/../lib/gcc/arm-none-eabi/4.9.3/../../../../arm-none-eabi/lib/armv7e-m/fpu/crt0.o
 .ARM.attributes
                0x00000076       0x39 TestFilter.o
 .ARM.attributes
                0x000000af       0x39 TestFilter_data.o
 .ARM.attributes
                0x000000e8       0x39 MPU6050.o
 .ARM.attributes
                0x00000121       0x39 stm32f4xx_i2c.o
 .ARM.attributes
                0x0000015a       0x39 ext_svr.o
 .ARM.attributes
                0x00000193       0x39 updown.o
 .ARM.attributes
                0x000001cc       0x39 ext_work.o
 .ARM.attributes
                0x00000205       0x39 rtiostream_utils.o
 .ARM.attributes
                0x0000023e       0x39 MPU6050_CustomBlock_wrapper.o
 .ARM.attributes
                0x00000277       0x39 SensorenFilter_Block_wrapper.o
 .ARM.attributes
                0x000002b0       0x39 blapp_support.o
 .ARM.attributes
                0x000002e9       0x39 startup_stm32f4xx.o
 .ARM.attributes
                0x00000322       0x39 syscalls_stm32f4xx.o
 .ARM.attributes
                0x0000035b       0x39 stm32f4xx_init_board.o
 .ARM.attributes
                0x00000394       0x39 system_stm32f4xx.o
 .ARM.attributes
                0x000003cd       0x39 SysTickScheduler.o
 .ARM.attributes
                0x00000406       0x39 m3m4m4f_multitasking.o
 .ARM.attributes
                0x0000043f       0x39 ext_serial_pkt.o
 .ARM.attributes
                0x00000478       0x39 rtiostream_serial_interface.o
 .ARM.attributes
                0x000004b1       0x39 ext_svr_serial_transport.o
 .ARM.attributes
                0x000004ea       0x39 rtiostream_serial_dma_stm32f4xx.o
 .ARM.attributes
                0x00000523       0x39 stm32f4xx_usart.o
 .ARM.attributes
                0x0000055c       0x39 stm32f4xx_rcc.o
 .ARM.attributes
                0x00000595       0x39 stm32f4xx_gpio.o
 .ARM.attributes
                0x000005ce       0x39 stm32f4xx_dma.o
 .ARM.attributes
                0x00000607       0x39 misc.o
 .ARM.attributes
                0x00000640       0x39 ert_main.o
 .ARM.attributes
                0x00000679       0x34 c:/matlab/suppor~1/r2016a/gcc-ar~1/bin/../lib/gcc/arm-none-eabi/4.9.3/../../../../arm-none-eabi/lib/armv7e-m/fpu\libm.a(lib_a-w_atan2.o)
 .ARM.attributes
                0x000006ad       0x34 c:/matlab/suppor~1/r2016a/gcc-ar~1/bin/../lib/gcc/arm-none-eabi/4.9.3/../../../../arm-none-eabi/lib/armv7e-m/fpu\libm.a(lib_a-e_atan2.o)
 .ARM.attributes
                0x000006e1       0x34 c:/matlab/suppor~1/r2016a/gcc-ar~1/bin/../lib/gcc/arm-none-eabi/4.9.3/../../../../arm-none-eabi/lib/armv7e-m/fpu\libm.a(lib_a-s_atan.o)
 .ARM.attributes
                0x00000715       0x34 c:/matlab/suppor~1/r2016a/gcc-ar~1/bin/../lib/gcc/arm-none-eabi/4.9.3/../../../../arm-none-eabi/lib/armv7e-m/fpu\libm.a(lib_a-s_fabs.o)
 .ARM.attributes
                0x00000749       0x22 c:/matlab/suppor~1/r2016a/gcc-ar~1/bin/../lib/gcc/arm-none-eabi/4.9.3/armv7e-m/fpu\libgcc.a(_arm_addsubdf3.o)
 .ARM.attributes
                0x0000076b       0x22 c:/matlab/suppor~1/r2016a/gcc-ar~1/bin/../lib/gcc/arm-none-eabi/4.9.3/armv7e-m/fpu\libgcc.a(_arm_muldivdf3.o)
 .ARM.attributes
                0x0000078d       0x22 c:/matlab/suppor~1/r2016a/gcc-ar~1/bin/../lib/gcc/arm-none-eabi/4.9.3/armv7e-m/fpu\libgcc.a(_arm_cmpdf2.o)
 .ARM.attributes
                0x000007af       0x22 c:/matlab/suppor~1/r2016a/gcc-ar~1/bin/../lib/gcc/arm-none-eabi/4.9.3/armv7e-m/fpu\libgcc.a(_arm_truncdfsf2.o)
 .ARM.attributes
                0x000007d1       0x34 c:/matlab/suppor~1/r2016a/gcc-ar~1/bin/../lib/gcc/arm-none-eabi/4.9.3/../../../../arm-none-eabi/lib/armv7e-m/fpu\libc_nano.a(lib_a-calloc.o)
 .ARM.attributes
                0x00000805       0x34 c:/matlab/suppor~1/r2016a/gcc-ar~1/bin/../lib/gcc/arm-none-eabi/4.9.3/../../../../arm-none-eabi/lib/armv7e-m/fpu\libc_nano.a(lib_a-exit.o)
 .ARM.attributes
                0x00000839       0x34 c:/matlab/suppor~1/r2016a/gcc-ar~1/bin/../lib/gcc/arm-none-eabi/4.9.3/../../../../arm-none-eabi/lib/armv7e-m/fpu\libc_nano.a(lib_a-impure.o)
 .ARM.attributes
                0x0000086d       0x34 c:/matlab/suppor~1/r2016a/gcc-ar~1/bin/../lib/gcc/arm-none-eabi/4.9.3/../../../../arm-none-eabi/lib/armv7e-m/fpu\libc_nano.a(lib_a-init.o)
 .ARM.attributes
                0x000008a1       0x34 c:/matlab/suppor~1/r2016a/gcc-ar~1/bin/../lib/gcc/arm-none-eabi/4.9.3/../../../../arm-none-eabi/lib/armv7e-m/fpu\libc_nano.a(lib_a-malloc.o)
 .ARM.attributes
                0x000008d5       0x34 c:/matlab/suppor~1/r2016a/gcc-ar~1/bin/../lib/gcc/arm-none-eabi/4.9.3/../../../../arm-none-eabi/lib/armv7e-m/fpu\libc_nano.a(lib_a-memcpy.o)
 .ARM.attributes
                0x00000909       0x34 c:/matlab/suppor~1/r2016a/gcc-ar~1/bin/../lib/gcc/arm-none-eabi/4.9.3/../../../../arm-none-eabi/lib/armv7e-m/fpu\libc_nano.a(lib_a-memset.o)
 .ARM.attributes
                0x0000093d       0x34 c:/matlab/suppor~1/r2016a/gcc-ar~1/bin/../lib/gcc/arm-none-eabi/4.9.3/../../../../arm-none-eabi/lib/armv7e-m/fpu\libc_nano.a(lib_a-nano-callocr.o)
 .ARM.attributes
                0x00000971       0x34 c:/matlab/suppor~1/r2016a/gcc-ar~1/bin/../lib/gcc/arm-none-eabi/4.9.3/../../../../arm-none-eabi/lib/armv7e-m/fpu\libc_nano.a(lib_a-nano-freer.o)
 .ARM.attributes
                0x000009a5       0x34 c:/matlab/suppor~1/r2016a/gcc-ar~1/bin/../lib/gcc/arm-none-eabi/4.9.3/../../../../arm-none-eabi/lib/armv7e-m/fpu\libc_nano.a(lib_a-nano-mallocr.o)
 .ARM.attributes
                0x000009d9       0x34 c:/matlab/suppor~1/r2016a/gcc-ar~1/bin/../lib/gcc/arm-none-eabi/4.9.3/../../../../arm-none-eabi/lib/armv7e-m/fpu\libc_nano.a(lib_a-reent.o)
 .ARM.attributes
                0x00000a0d       0x34 c:/matlab/suppor~1/r2016a/gcc-ar~1/bin/../lib/gcc/arm-none-eabi/4.9.3/../../../../arm-none-eabi/lib/armv7e-m/fpu\libc_nano.a(lib_a-sbrkr.o)
 .ARM.attributes
                0x00000a41       0x20 c:/matlab/suppor~1/r2016a/gcc-ar~1/bin/../lib/gcc/arm-none-eabi/4.9.3/../../../../arm-none-eabi/lib/armv7e-m/fpu\libc_nano.a(lib_a-strcmp.o)
 .ARM.attributes
                0x00000a61       0x34 c:/matlab/suppor~1/r2016a/gcc-ar~1/bin/../lib/gcc/arm-none-eabi/4.9.3/armv7e-m/fpu/crtend.o
 .ARM.attributes
                0x00000a95       0x22 c:/matlab/suppor~1/r2016a/gcc-ar~1/bin/../lib/gcc/arm-none-eabi/4.9.3/armv7e-m/fpu/crtn.o

.comment        0x00000000       0x70
 .comment       0x00000000       0x70 TestFilter.o
                                 0x71 (size before relaxing)
 .comment       0x00000000       0x71 TestFilter_data.o
 .comment       0x00000000       0x71 MPU6050.o
 .comment       0x00000000       0x71 stm32f4xx_i2c.o
 .comment       0x00000000       0x71 ext_svr.o
 .comment       0x00000000       0x71 updown.o
 .comment       0x00000000       0x71 ext_work.o
 .comment       0x00000000       0x71 rtiostream_utils.o
 .comment       0x00000000       0x71 MPU6050_CustomBlock_wrapper.o
 .comment       0x00000000       0x71 SensorenFilter_Block_wrapper.o
 .comment       0x00000000       0x71 blapp_support.o
 .comment       0x00000000       0x71 startup_stm32f4xx.o
 .comment       0x00000000       0x71 syscalls_stm32f4xx.o
 .comment       0x00000000       0x71 stm32f4xx_init_board.o
 .comment       0x00000000       0x71 system_stm32f4xx.o
 .comment       0x00000000       0x71 SysTickScheduler.o
 .comment       0x00000000       0x71 m3m4m4f_multitasking.o
 .comment       0x00000000       0x71 ext_serial_pkt.o
 .comment       0x00000000       0x71 rtiostream_serial_interface.o
 .comment       0x00000000       0x71 ext_svr_serial_transport.o
 .comment       0x00000000       0x71 rtiostream_serial_dma_stm32f4xx.o
 .comment       0x00000000       0x71 stm32f4xx_usart.o
 .comment       0x00000000       0x71 stm32f4xx_rcc.o
 .comment       0x00000000       0x71 stm32f4xx_gpio.o
 .comment       0x00000000       0x71 stm32f4xx_dma.o
 .comment       0x00000000       0x71 misc.o
 .comment       0x00000000       0x71 ert_main.o

.debug_frame    0x00000000      0x2b4
 .debug_frame   0x00000000       0x20 c:/matlab/suppor~1/r2016a/gcc-ar~1/bin/../lib/gcc/arm-none-eabi/4.9.3/../../../../arm-none-eabi/lib/armv7e-m/fpu\libm.a(lib_a-w_atan2.o)
 .debug_frame   0x00000020       0x44 c:/matlab/suppor~1/r2016a/gcc-ar~1/bin/../lib/gcc/arm-none-eabi/4.9.3/../../../../arm-none-eabi/lib/armv7e-m/fpu\libm.a(lib_a-e_atan2.o)
 .debug_frame   0x00000064       0x38 c:/matlab/suppor~1/r2016a/gcc-ar~1/bin/../lib/gcc/arm-none-eabi/4.9.3/../../../../arm-none-eabi/lib/armv7e-m/fpu\libm.a(lib_a-s_atan.o)
 .debug_frame   0x0000009c       0x20 c:/matlab/suppor~1/r2016a/gcc-ar~1/bin/../lib/gcc/arm-none-eabi/4.9.3/../../../../arm-none-eabi/lib/armv7e-m/fpu\libm.a(lib_a-s_fabs.o)
 .debug_frame   0x000000bc       0x20 c:/matlab/suppor~1/r2016a/gcc-ar~1/bin/../lib/gcc/arm-none-eabi/4.9.3/../../../../arm-none-eabi/lib/armv7e-m/fpu\libc_nano.a(lib_a-calloc.o)
 .debug_frame   0x000000dc       0x28 c:/matlab/suppor~1/r2016a/gcc-ar~1/bin/../lib/gcc/arm-none-eabi/4.9.3/../../../../arm-none-eabi/lib/armv7e-m/fpu\libc_nano.a(lib_a-exit.o)
 .debug_frame   0x00000104       0x2c c:/matlab/suppor~1/r2016a/gcc-ar~1/bin/../lib/gcc/arm-none-eabi/4.9.3/../../../../arm-none-eabi/lib/armv7e-m/fpu\libc_nano.a(lib_a-init.o)
 .debug_frame   0x00000130       0x30 c:/matlab/suppor~1/r2016a/gcc-ar~1/bin/../lib/gcc/arm-none-eabi/4.9.3/../../../../arm-none-eabi/lib/armv7e-m/fpu\libc_nano.a(lib_a-malloc.o)
 .debug_frame   0x00000160       0x28 c:/matlab/suppor~1/r2016a/gcc-ar~1/bin/../lib/gcc/arm-none-eabi/4.9.3/../../../../arm-none-eabi/lib/armv7e-m/fpu\libc_nano.a(lib_a-memcpy.o)
 .debug_frame   0x00000188       0x20 c:/matlab/suppor~1/r2016a/gcc-ar~1/bin/../lib/gcc/arm-none-eabi/4.9.3/../../../../arm-none-eabi/lib/armv7e-m/fpu\libc_nano.a(lib_a-memset.o)
 .debug_frame   0x000001a8       0x2c c:/matlab/suppor~1/r2016a/gcc-ar~1/bin/../lib/gcc/arm-none-eabi/4.9.3/../../../../arm-none-eabi/lib/armv7e-m/fpu\libc_nano.a(lib_a-nano-callocr.o)
 .debug_frame   0x000001d4       0x2c c:/matlab/suppor~1/r2016a/gcc-ar~1/bin/../lib/gcc/arm-none-eabi/4.9.3/../../../../arm-none-eabi/lib/armv7e-m/fpu\libc_nano.a(lib_a-nano-freer.o)
 .debug_frame   0x00000200       0x2c c:/matlab/suppor~1/r2016a/gcc-ar~1/bin/../lib/gcc/arm-none-eabi/4.9.3/../../../../arm-none-eabi/lib/armv7e-m/fpu\libc_nano.a(lib_a-nano-mallocr.o)
 .debug_frame   0x0000022c       0x5c c:/matlab/suppor~1/r2016a/gcc-ar~1/bin/../lib/gcc/arm-none-eabi/4.9.3/../../../../arm-none-eabi/lib/armv7e-m/fpu\libc_nano.a(lib_a-reent.o)
 .debug_frame   0x00000288       0x2c c:/matlab/suppor~1/r2016a/gcc-ar~1/bin/../lib/gcc/arm-none-eabi/4.9.3/../../../../arm-none-eabi/lib/armv7e-m/fpu\libc_nano.a(lib_a-sbrkr.o)
