Archive member included because of file (symbol)

c:/matlab/suppor~1/r2016a/gcc-ar~1/bin/../lib/gcc/arm-none-eabi/4.9.3/armv7e-m/fpu\libgcc.a(_arm_addsubdf3.o)
                              TestMotorBlock.o (__aeabi_dsub)
c:/matlab/suppor~1/r2016a/gcc-ar~1/bin/../lib/gcc/arm-none-eabi/4.9.3/armv7e-m/fpu\libgcc.a(_arm_muldivdf3.o)
                              TestMotorBlock.o (__aeabi_dmul)
c:/matlab/suppor~1/r2016a/gcc-ar~1/bin/../lib/gcc/arm-none-eabi/4.9.3/armv7e-m/fpu\libgcc.a(_arm_cmpdf2.o)
                              TestMotorBlock.o (__aeabi_dcmpeq)
c:/matlab/suppor~1/r2016a/gcc-ar~1/bin/../lib/gcc/arm-none-eabi/4.9.3/../../../../arm-none-eabi/lib/armv7e-m/fpu\libc_nano.a(lib_a-calloc.o)
                              updown.o (calloc)
c:/matlab/suppor~1/r2016a/gcc-ar~1/bin/../lib/gcc/arm-none-eabi/4.9.3/../../../../arm-none-eabi/lib/armv7e-m/fpu\libc_nano.a(lib_a-exit.o)
                              c:/matlab/suppor~1/r2016a/gcc-ar~1/bin/../lib/gcc/arm-none-eabi/4.9.3/../../../../arm-none-eabi/lib/armv7e-m/fpu/crt0.o (exit)
c:/matlab/suppor~1/r2016a/gcc-ar~1/bin/../lib/gcc/arm-none-eabi/4.9.3/../../../../arm-none-eabi/lib/armv7e-m/fpu\libc_nano.a(lib_a-impure.o)
                              c:/matlab/suppor~1/r2016a/gcc-ar~1/bin/../lib/gcc/arm-none-eabi/4.9.3/../../../../arm-none-eabi/lib/armv7e-m/fpu\libc_nano.a(lib_a-exit.o) (_global_impure_ptr)
c:/matlab/suppor~1/r2016a/gcc-ar~1/bin/../lib/gcc/arm-none-eabi/4.9.3/../../../../arm-none-eabi/lib/armv7e-m/fpu\libc_nano.a(lib_a-init.o)
                              c:/matlab/suppor~1/r2016a/gcc-ar~1/bin/../lib/gcc/arm-none-eabi/4.9.3/../../../../arm-none-eabi/lib/armv7e-m/fpu/crt0.o (__libc_init_array)
c:/matlab/suppor~1/r2016a/gcc-ar~1/bin/../lib/gcc/arm-none-eabi/4.9.3/../../../../arm-none-eabi/lib/armv7e-m/fpu\libc_nano.a(lib_a-malloc.o)
                              ext_svr.o (malloc)
c:/matlab/suppor~1/r2016a/gcc-ar~1/bin/../lib/gcc/arm-none-eabi/4.9.3/../../../../arm-none-eabi/lib/armv7e-m/fpu\libc_nano.a(lib_a-memcpy.o)
                              ext_svr.o (memcpy)
c:/matlab/suppor~1/r2016a/gcc-ar~1/bin/../lib/gcc/arm-none-eabi/4.9.3/../../../../arm-none-eabi/lib/armv7e-m/fpu\libc_nano.a(lib_a-memset.o)
                              c:/matlab/suppor~1/r2016a/gcc-ar~1/bin/../lib/gcc/arm-none-eabi/4.9.3/../../../../arm-none-eabi/lib/armv7e-m/fpu/crt0.o (memset)
c:/matlab/suppor~1/r2016a/gcc-ar~1/bin/../lib/gcc/arm-none-eabi/4.9.3/../../../../arm-none-eabi/lib/armv7e-m/fpu\libc_nano.a(lib_a-nano-callocr.o)
                              c:/matlab/suppor~1/r2016a/gcc-ar~1/bin/../lib/gcc/arm-none-eabi/4.9.3/../../../../arm-none-eabi/lib/armv7e-m/fpu\libc_nano.a(lib_a-calloc.o) (_calloc_r)
c:/matlab/suppor~1/r2016a/gcc-ar~1/bin/../lib/gcc/arm-none-eabi/4.9.3/../../../../arm-none-eabi/lib/armv7e-m/fpu\libc_nano.a(lib_a-nano-freer.o)
                              c:/matlab/suppor~1/r2016a/gcc-ar~1/bin/../lib/gcc/arm-none-eabi/4.9.3/../../../../arm-none-eabi/lib/armv7e-m/fpu\libc_nano.a(lib_a-malloc.o) (_free_r)
c:/matlab/suppor~1/r2016a/gcc-ar~1/bin/../lib/gcc/arm-none-eabi/4.9.3/../../../../arm-none-eabi/lib/armv7e-m/fpu\libc_nano.a(lib_a-nano-mallocr.o)
                              c:/matlab/suppor~1/r2016a/gcc-ar~1/bin/../lib/gcc/arm-none-eabi/4.9.3/../../../../arm-none-eabi/lib/armv7e-m/fpu\libc_nano.a(lib_a-malloc.o) (_malloc_r)
c:/matlab/suppor~1/r2016a/gcc-ar~1/bin/../lib/gcc/arm-none-eabi/4.9.3/../../../../arm-none-eabi/lib/armv7e-m/fpu\libc_nano.a(lib_a-reent.o)
                              syscalls_stm32f4xx.o (errno)
c:/matlab/suppor~1/r2016a/gcc-ar~1/bin/../lib/gcc/arm-none-eabi/4.9.3/../../../../arm-none-eabi/lib/armv7e-m/fpu\libc_nano.a(lib_a-sbrkr.o)
                              c:/matlab/suppor~1/r2016a/gcc-ar~1/bin/../lib/gcc/arm-none-eabi/4.9.3/../../../../arm-none-eabi/lib/armv7e-m/fpu\libc_nano.a(lib_a-nano-mallocr.o) (_sbrk_r)
c:/matlab/suppor~1/r2016a/gcc-ar~1/bin/../lib/gcc/arm-none-eabi/4.9.3/../../../../arm-none-eabi/lib/armv7e-m/fpu\libc_nano.a(lib_a-strcmp.o)
                              ext_svr_serial_transport.o (strcmp)

Allocating common symbols
Common symbol       size              file

errno               0x4               c:/matlab/suppor~1/r2016a/gcc-ar~1/bin/../lib/gcc/arm-none-eabi/4.9.3/../../../../arm-none-eabi/lib/armv7e-m/fpu\libc_nano.a(lib_a-reent.o)
TestMotorBlock_DW   0x4               TestMotorBlock.o
TestMotorBlock_M_   0x48              TestMotorBlock.o
schdl_counter_max   0x4               SysTickScheduler.o
schdl_counter       0x4               SysTickScheduler.o
TestMotorBlock_B    0x2               TestMotorBlock.o

Discarded input sections

 .text          0x00000000        0x0 c:/matlab/suppor~1/r2016a/gcc-ar~1/bin/../lib/gcc/arm-none-eabi/4.9.3/armv7e-m/fpu/crti.o
 .data          0x00000000        0x0 c:/matlab/suppor~1/r2016a/gcc-ar~1/bin/../lib/gcc/arm-none-eabi/4.9.3/armv7e-m/fpu/crti.o
 .bss           0x00000000        0x0 c:/matlab/suppor~1/r2016a/gcc-ar~1/bin/../lib/gcc/arm-none-eabi/4.9.3/armv7e-m/fpu/crti.o
 .data          0x00000000        0x4 c:/matlab/suppor~1/r2016a/gcc-ar~1/bin/../lib/gcc/arm-none-eabi/4.9.3/armv7e-m/fpu/crtbegin.o
 .data          0x00000000        0x0 c:/matlab/suppor~1/r2016a/gcc-ar~1/bin/../lib/gcc/arm-none-eabi/4.9.3/../../../../arm-none-eabi/lib/armv7e-m/fpu/crt0.o
 .bss           0x00000000        0x0 c:/matlab/suppor~1/r2016a/gcc-ar~1/bin/../lib/gcc/arm-none-eabi/4.9.3/../../../../arm-none-eabi/lib/armv7e-m/fpu/crt0.o
 .ARM.extab     0x00000000        0x0 c:/matlab/suppor~1/r2016a/gcc-ar~1/bin/../lib/gcc/arm-none-eabi/4.9.3/../../../../arm-none-eabi/lib/armv7e-m/fpu/crt0.o
 .text          0x00000000        0x0 TestMotorBlock.o
 .data          0x00000000        0x0 TestMotorBlock.o
 .bss           0x00000000        0x0 TestMotorBlock.o
 .text          0x00000000        0x0 TestMotorBlock_data.o
 .data          0x00000000        0x0 TestMotorBlock_data.o
 .bss           0x00000000        0x0 TestMotorBlock_data.o
 .text          0x00000000        0x0 ADC.o
 .data          0x00000000        0x0 ADC.o
 .bss           0x00000000        0x0 ADC.o
 .text          0x00000000        0x0 stm32f4xx_adc.o
 .data          0x00000000        0x0 stm32f4xx_adc.o
 .bss           0x00000000        0x0 stm32f4xx_adc.o
 .text.ADC_DeInit
                0x00000000       0x1c stm32f4xx_adc.o
 .text.ADC_StructInit
                0x00000000       0x3c stm32f4xx_adc.o
 .text.ADC_CommonInit
                0x00000000       0x50 stm32f4xx_adc.o
 .text.ADC_CommonStructInit
                0x00000000       0x2c stm32f4xx_adc.o
 .text.ADC_AnalogWatchdogCmd
                0x00000000       0x38 stm32f4xx_adc.o
 .text.ADC_AnalogWatchdogThresholdsConfig
                0x00000000       0x28 stm32f4xx_adc.o
 .text.ADC_AnalogWatchdogSingleChannelConfig
                0x00000000       0x38 stm32f4xx_adc.o
 .text.ADC_TempSensorVrefintCmd
                0x00000000       0x38 stm32f4xx_adc.o
 .text.ADC_VBATCmd
                0x00000000       0x38 stm32f4xx_adc.o
 .text.ADC_GetSoftwareStartConvStatus
                0x00000000       0x30 stm32f4xx_adc.o
 .text.ADC_EOCOnEachRegularChannelCmd
                0x00000000       0x38 stm32f4xx_adc.o
 .text.ADC_ContinuousModeCmd
                0x00000000       0x38 stm32f4xx_adc.o
 .text.ADC_DiscModeChannelCountConfig
                0x00000000       0x44 stm32f4xx_adc.o
 .text.ADC_DiscModeCmd
                0x00000000       0x38 stm32f4xx_adc.o
 .text.ADC_GetMultiModeConversionValue
                0x00000000       0x18 stm32f4xx_adc.o
 .text.ADC_DMACmd
                0x00000000       0x38 stm32f4xx_adc.o
 .text.ADC_DMARequestAfterLastTransferCmd
                0x00000000       0x38 stm32f4xx_adc.o
 .text.ADC_MultiModeDMARequestAfterLastTransferCmd
                0x00000000       0x38 stm32f4xx_adc.o
 .text.ADC_InjectedChannelConfig
                0x00000000      0x120 stm32f4xx_adc.o
 .text.ADC_InjectedSequencerLengthConfig
                0x00000000       0x44 stm32f4xx_adc.o
 .text.ADC_SetInjectedOffset
                0x00000000       0x34 stm32f4xx_adc.o
 .text.ADC_ExternalTrigInjectedConvConfig
                0x00000000       0x34 stm32f4xx_adc.o
 .text.ADC_ExternalTrigInjectedConvEdgeConfig
                0x00000000       0x34 stm32f4xx_adc.o
 .text.ADC_SoftwareStartInjectedConv
                0x00000000       0x20 stm32f4xx_adc.o
 .text.ADC_GetSoftwareStartInjectedConvCmdStatus
                0x00000000       0x30 stm32f4xx_adc.o
 .text.ADC_AutoInjectedConvCmd
                0x00000000       0x38 stm32f4xx_adc.o
 .text.ADC_InjectedDiscModeCmd
                0x00000000       0x38 stm32f4xx_adc.o
 .text.ADC_GetInjectedConversionValue
                0x00000000       0x30 stm32f4xx_adc.o
 .text.ADC_ITConfig
                0x00000000       0x50 stm32f4xx_adc.o
 .text.ADC_GetFlagStatus
                0x00000000       0x34 stm32f4xx_adc.o
 .text.ADC_ClearFlag
                0x00000000       0x20 stm32f4xx_adc.o
 .text.ADC_GetITStatus
                0x00000000       0x5c stm32f4xx_adc.o
 .text.ADC_ClearITPendingBit
                0x00000000       0x2c stm32f4xx_adc.o
 .text          0x00000000        0x0 stm32f4xx_tim.o
 .data          0x00000000        0x0 stm32f4xx_tim.o
 .bss           0x00000000        0x0 stm32f4xx_tim.o
 .text.TIM_DeInit
                0x00000000      0x1bc stm32f4xx_tim.o
 .text.TIM_TimeBaseStructInit
                0x00000000       0x34 stm32f4xx_tim.o
 .text.TIM_PrescalerConfig
                0x00000000       0x28 stm32f4xx_tim.o
 .text.TIM_CounterModeConfig
                0x00000000       0x38 stm32f4xx_tim.o
 .text.TIM_SetCounter
                0x00000000       0x1c stm32f4xx_tim.o
 .text.TIM_SetAutoreload
                0x00000000       0x1c stm32f4xx_tim.o
 .text.TIM_GetCounter
                0x00000000       0x18 stm32f4xx_tim.o
 .text.TIM_GetPrescaler
                0x00000000       0x1c stm32f4xx_tim.o
 .text.TIM_UpdateDisableConfig
                0x00000000       0x40 stm32f4xx_tim.o
 .text.TIM_UpdateRequestConfig
                0x00000000       0x40 stm32f4xx_tim.o
 .text.TIM_SelectOnePulseMode
                0x00000000       0x38 stm32f4xx_tim.o
 .text.TIM_SetClockDivision
                0x00000000       0x38 stm32f4xx_tim.o
 .text.TIM_OC2Init
                0x00000000      0x110 stm32f4xx_tim.o
 .text.TIM_OC3Init
                0x00000000      0x10c stm32f4xx_tim.o
 .text.TIM_OC4Init
                0x00000000       0xcc stm32f4xx_tim.o
 .text.TIM_OCStructInit
                0x00000000       0x44 stm32f4xx_tim.o
 .text.TIM_SelectOCxM
                0x00000000       0xb0 stm32f4xx_tim.o
 .text.TIM_SetCompare2
                0x00000000       0x1c stm32f4xx_tim.o
 .text.TIM_SetCompare3
                0x00000000       0x1c stm32f4xx_tim.o
 .text.TIM_SetCompare4
                0x00000000       0x1c stm32f4xx_tim.o
 .text.TIM_ForcedOC1Config
                0x00000000       0x38 stm32f4xx_tim.o
 .text.TIM_ForcedOC2Config
                0x00000000       0x3c stm32f4xx_tim.o
 .text.TIM_ForcedOC3Config
                0x00000000       0x38 stm32f4xx_tim.o
 .text.TIM_ForcedOC4Config
                0x00000000       0x3c stm32f4xx_tim.o
 .text.TIM_OC2PreloadConfig
                0x00000000       0x3c stm32f4xx_tim.o
 .text.TIM_OC3PreloadConfig
                0x00000000       0x38 stm32f4xx_tim.o
 .text.TIM_OC4PreloadConfig
                0x00000000       0x3c stm32f4xx_tim.o
 .text.TIM_OC1FastConfig
                0x00000000       0x38 stm32f4xx_tim.o
 .text.TIM_OC2FastConfig
                0x00000000       0x3c stm32f4xx_tim.o
 .text.TIM_OC3FastConfig
                0x00000000       0x38 stm32f4xx_tim.o
 .text.TIM_OC4FastConfig
                0x00000000       0x3c stm32f4xx_tim.o
 .text.TIM_ClearOC1Ref
                0x00000000       0x38 stm32f4xx_tim.o
 .text.TIM_ClearOC2Ref
                0x00000000       0x3c stm32f4xx_tim.o
 .text.TIM_ClearOC3Ref
                0x00000000       0x38 stm32f4xx_tim.o
 .text.TIM_ClearOC4Ref
                0x00000000       0x3c stm32f4xx_tim.o
 .text.TIM_OC1PolarityConfig
                0x00000000       0x38 stm32f4xx_tim.o
 .text.TIM_OC1NPolarityConfig
                0x00000000       0x38 stm32f4xx_tim.o
 .text.TIM_OC2PolarityConfig
                0x00000000       0x3c stm32f4xx_tim.o
 .text.TIM_OC2NPolarityConfig
                0x00000000       0x3c stm32f4xx_tim.o
 .text.TIM_OC3PolarityConfig
                0x00000000       0x3c stm32f4xx_tim.o
 .text.TIM_OC3NPolarityConfig
                0x00000000       0x3c stm32f4xx_tim.o
 .text.TIM_OC4PolarityConfig
                0x00000000       0x3c stm32f4xx_tim.o
 .text.TIM_CCxCmd
                0x00000000       0x54 stm32f4xx_tim.o
 .text.TIM_CCxNCmd
                0x00000000       0x54 stm32f4xx_tim.o
 .text.TIM_ICInit
                0x00000000       0xa8 stm32f4xx_tim.o
 .text.TIM_ICStructInit
                0x00000000       0x30 stm32f4xx_tim.o
 .text.TIM_PWMIConfig
                0x00000000       0xb8 stm32f4xx_tim.o
 .text.TIM_GetCapture1
                0x00000000       0x18 stm32f4xx_tim.o
 .text.TIM_GetCapture2
                0x00000000       0x18 stm32f4xx_tim.o
 .text.TIM_GetCapture3
                0x00000000       0x18 stm32f4xx_tim.o
 .text.TIM_GetCapture4
                0x00000000       0x18 stm32f4xx_tim.o
 .text.TIM_SetIC1Prescaler
                0x00000000       0x38 stm32f4xx_tim.o
 .text.TIM_SetIC2Prescaler
                0x00000000       0x3c stm32f4xx_tim.o
 .text.TIM_SetIC3Prescaler
                0x00000000       0x38 stm32f4xx_tim.o
 .text.TIM_SetIC4Prescaler
                0x00000000       0x3c stm32f4xx_tim.o
 .text.TIM_BDTRConfig
                0x00000000       0x50 stm32f4xx_tim.o
 .text.TIM_BDTRStructInit
                0x00000000       0x3c stm32f4xx_tim.o
 .text.TIM_CtrlPWMOutputs
                0x00000000       0x4c stm32f4xx_tim.o
 .text.TIM_SelectCOM
                0x00000000       0x40 stm32f4xx_tim.o
 .text.TIM_CCPreloadControl
                0x00000000       0x40 stm32f4xx_tim.o
 .text.TIM_ITConfig
                0x00000000       0x48 stm32f4xx_tim.o
 .text.TIM_GenerateEvent
                0x00000000       0x1c stm32f4xx_tim.o
 .text.TIM_GetFlagStatus
                0x00000000       0x38 stm32f4xx_tim.o
 .text.TIM_ClearFlag
                0x00000000       0x20 stm32f4xx_tim.o
 .text.TIM_GetITStatus
                0x00000000       0x54 stm32f4xx_tim.o
 .text.TIM_ClearITPendingBit
                0x00000000       0x20 stm32f4xx_tim.o
 .text.TIM_DMAConfig
                0x00000000       0x28 stm32f4xx_tim.o
 .text.TIM_DMACmd
                0x00000000       0x48 stm32f4xx_tim.o
 .text.TIM_SelectCCDMA
                0x00000000       0x40 stm32f4xx_tim.o
 .text.TIM_InternalClockConfig
                0x00000000       0x24 stm32f4xx_tim.o
 .text.TIM_ITRxExternalClockConfig
                0x00000000       0x2c stm32f4xx_tim.o
 .text.TIM_TIxExternalClockConfig
                0x00000000       0x60 stm32f4xx_tim.o
 .text.TIM_ETRClockMode1Config
                0x00000000       0x5c stm32f4xx_tim.o
 .text.TIM_ETRClockMode2Config
                0x00000000       0x3c stm32f4xx_tim.o
 .text.TIM_SelectInputTrigger
                0x00000000       0x38 stm32f4xx_tim.o
 .text.TIM_SelectOutputTrigger
                0x00000000       0x38 stm32f4xx_tim.o
 .text.TIM_SelectSlaveMode
                0x00000000       0x38 stm32f4xx_tim.o
 .text.TIM_SelectMasterSlaveMode
                0x00000000       0x38 stm32f4xx_tim.o
 .text.TIM_ETRConfig
                0x00000000       0x54 stm32f4xx_tim.o
 .text.TIM_EncoderInterfaceConfig
                0x00000000       0x98 stm32f4xx_tim.o
 .text.TIM_SelectHallSensor
                0x00000000       0x40 stm32f4xx_tim.o
 .text.TIM_RemapConfig
                0x00000000       0x20 stm32f4xx_tim.o
 .text.TI1_Config
                0x00000000       0x84 stm32f4xx_tim.o
 .text.TI2_Config
                0x00000000       0x98 stm32f4xx_tim.o
 .text.TI3_Config
                0x00000000       0x90 stm32f4xx_tim.o
 .text.TI4_Config
                0x00000000       0x9c stm32f4xx_tim.o
 .text          0x00000000        0x0 MotorControl.o
 .data          0x00000000        0x0 MotorControl.o
 .bss           0x00000000        0x0 MotorControl.o
 .text          0x00000000        0x0 Motor_wrapper.o
 .data          0x00000000        0x0 Motor_wrapper.o
 .bss           0x00000000        0x0 Motor_wrapper.o
 .text          0x00000000        0x0 ext_svr.o
 .data          0x00000000        0x0 ext_svr.o
 .bss           0x00000000        0x0 ext_svr.o
 .text          0x00000000        0x0 updown.o
 .data          0x00000000        0x0 updown.o
 .bss           0x00000000        0x0 updown.o
 .text          0x00000000        0x0 ext_work.o
 .data          0x00000000        0x0 ext_work.o
 .bss           0x00000000        0x0 ext_work.o
 .text.rtExtModePauseIfNeeded
                0x00000000       0x58 ext_work.o
 .text.rtExtModeParseArgs
                0x00000000       0x1c ext_work.o
 .text.displayUsage
                0x00000000        0xc ext_work.o
 .rodata.RUN_FOREVER
                0x00000000        0x8 ext_work.o
 .text          0x00000000        0x0 rtiostream_utils.o
 .data          0x00000000        0x0 rtiostream_utils.o
 .bss           0x00000000        0x0 rtiostream_utils.o
 .text          0x00000000        0x0 blapp_support.o
 .data          0x00000000        0x0 blapp_support.o
 .bss           0x00000000        0x0 blapp_support.o
 .text.bootloaderBackgroundTask
                0x00000000        0xc blapp_support.o
 .text          0x00000000        0x0 startup_stm32f4xx.o
 .data          0x00000000        0x0 startup_stm32f4xx.o
 .bss           0x00000000        0x0 startup_stm32f4xx.o
 .text          0x00000000        0x0 syscalls_stm32f4xx.o
 .data          0x00000000        0x0 syscalls_stm32f4xx.o
 .bss           0x00000000        0x0 syscalls_stm32f4xx.o
 .text._close   0x00000000       0x18 syscalls_stm32f4xx.o
 .text._fstat   0x00000000       0x20 syscalls_stm32f4xx.o
 .text._isatty  0x00000000       0x18 syscalls_stm32f4xx.o
 .text._lseek   0x00000000       0x1c syscalls_stm32f4xx.o
 .text._open    0x00000000       0x1c syscalls_stm32f4xx.o
 .text._read    0x00000000       0x1c syscalls_stm32f4xx.o
 .text._write   0x00000000       0x1c syscalls_stm32f4xx.o
 .text          0x00000000        0x0 stm32f4xx_init_board.o
 .data          0x00000000        0x0 stm32f4xx_init_board.o
 .bss           0x00000000        0x0 stm32f4xx_init_board.o
 .text          0x00000000        0x0 system_stm32f4xx.o
 .data          0x00000000        0x0 system_stm32f4xx.o
 .bss           0x00000000        0x0 system_stm32f4xx.o
 .text          0x00000000        0x0 SysTickScheduler.o
 .data          0x00000000        0x0 SysTickScheduler.o
 .bss           0x00000000        0x0 SysTickScheduler.o
 .text          0x00000000        0x0 m3m4m4f_multitasking.o
 .data          0x00000000        0x0 m3m4m4f_multitasking.o
 .bss           0x00000000        0x0 m3m4m4f_multitasking.o
 .text          0x00000000        0x0 ext_serial_pkt.o
 .data          0x00000000        0x0 ext_serial_pkt.o
 .bss           0x00000000        0x0 ext_serial_pkt.o
 .text          0x00000000        0x0 rtiostream_serial_interface.o
 .data          0x00000000        0x0 rtiostream_serial_interface.o
 .bss           0x00000000        0x0 rtiostream_serial_interface.o
 .text          0x00000000        0x0 ext_svr_serial_transport.o
 .data          0x00000000        0x0 ext_svr_serial_transport.o
 .bss           0x00000000        0x0 ext_svr_serial_transport.o
 .text          0x00000000        0x0 rtiostream_serial_dma_stm32f4xx.o
 .data          0x00000000        0x0 rtiostream_serial_dma_stm32f4xx.o
 .bss           0x00000000        0x0 rtiostream_serial_dma_stm32f4xx.o
 .text.rtIOStreamSend2
                0x00000000       0x60 rtiostream_serial_dma_stm32f4xx.o
 .text          0x00000000        0x0 stm32f4xx_usart.o
 .data          0x00000000        0x0 stm32f4xx_usart.o
 .bss           0x00000000        0x0 stm32f4xx_usart.o
 .text.USART_DeInit
                0x00000000       0xd0 stm32f4xx_usart.o
 .text.USART_ClockInit
                0x00000000       0x54 stm32f4xx_usart.o
 .text.USART_ClockStructInit
                0x00000000       0x2c stm32f4xx_usart.o
 .text.USART_SetPrescaler
                0x00000000       0x38 stm32f4xx_usart.o
 .text.USART_OverSampling8Cmd
                0x00000000       0x44 stm32f4xx_usart.o
 .text.USART_OneBitMethodCmd
                0x00000000       0x40 stm32f4xx_usart.o
 .text.USART_SendData
                0x00000000       0x24 stm32f4xx_usart.o
 .text.USART_ReceiveData
                0x00000000       0x20 stm32f4xx_usart.o
 .text.USART_SetAddress
                0x00000000       0x38 stm32f4xx_usart.o
 .text.USART_ReceiverWakeUpCmd
                0x00000000       0x40 stm32f4xx_usart.o
 .text.USART_WakeUpConfig
                0x00000000       0x38 stm32f4xx_usart.o
 .text.USART_LINBreakDetectLengthConfig
                0x00000000       0x38 stm32f4xx_usart.o
 .text.USART_LINCmd
                0x00000000       0x40 stm32f4xx_usart.o
 .text.USART_SendBreak
                0x00000000       0x24 stm32f4xx_usart.o
 .text.USART_HalfDuplexCmd
                0x00000000       0x40 stm32f4xx_usart.o
 .text.USART_SetGuardTime
                0x00000000       0x3c stm32f4xx_usart.o
 .text.USART_SmartCardCmd
                0x00000000       0x40 stm32f4xx_usart.o
 .text.USART_SmartCardNACKCmd
                0x00000000       0x40 stm32f4xx_usart.o
 .text.USART_IrDAConfig
                0x00000000       0x38 stm32f4xx_usart.o
 .text.USART_IrDACmd
                0x00000000       0x40 stm32f4xx_usart.o
 .text.USART_ITConfig
                0x00000000       0x90 stm32f4xx_usart.o
 .text.USART_GetFlagStatus
                0x00000000       0x38 stm32f4xx_usart.o
 .text.USART_ClearFlag
                0x00000000       0x20 stm32f4xx_usart.o
 .text.USART_GetITStatus
                0x00000000       0xb8 stm32f4xx_usart.o
 .text.USART_ClearITPendingBit
                0x00000000       0x38 stm32f4xx_usart.o
 .text          0x00000000        0x0 stm32f4xx_rcc.o
 .data          0x00000000        0x0 stm32f4xx_rcc.o
 .bss           0x00000000        0x0 stm32f4xx_rcc.o
 .text.RCC_DeInit
                0x00000000       0x50 stm32f4xx_rcc.o
 .text.RCC_HSEConfig
                0x00000000       0x24 stm32f4xx_rcc.o
 .text.RCC_WaitForHSEStartUp
                0x00000000       0x50 stm32f4xx_rcc.o
 .text.RCC_AdjustHSICalibrationValue
                0x00000000       0x3c stm32f4xx_rcc.o
 .text.RCC_HSICmd
                0x00000000       0x20 stm32f4xx_rcc.o
 .text.RCC_LSEConfig
                0x00000000       0x40 stm32f4xx_rcc.o
 .text.RCC_LSICmd
                0x00000000       0x20 stm32f4xx_rcc.o
 .text.RCC_PLLConfig
                0x00000000       0x3c stm32f4xx_rcc.o
 .text.RCC_PLLCmd
                0x00000000       0x20 stm32f4xx_rcc.o
 .text.RCC_PLLI2SConfig
                0x00000000       0x28 stm32f4xx_rcc.o
 .text.RCC_PLLI2SCmd
                0x00000000       0x20 stm32f4xx_rcc.o
 .text.RCC_ClockSecuritySystemCmd
                0x00000000       0x20 stm32f4xx_rcc.o
 .text.RCC_MCO1Config
                0x00000000       0x3c stm32f4xx_rcc.o
 .text.RCC_MCO2Config
                0x00000000       0x3c stm32f4xx_rcc.o
 .text.RCC_SYSCLKConfig
                0x00000000       0x38 stm32f4xx_rcc.o
 .text.RCC_GetSYSCLKSource
                0x00000000       0x20 stm32f4xx_rcc.o
 .text.RCC_HCLKConfig
                0x00000000       0x38 stm32f4xx_rcc.o
 .text.RCC_PCLK1Config
                0x00000000       0x38 stm32f4xx_rcc.o
 .text.RCC_PCLK2Config
                0x00000000       0x38 stm32f4xx_rcc.o
 .text.RCC_RTCCLKConfig
                0x00000000       0x5c stm32f4xx_rcc.o
 .text.RCC_RTCCLKCmd
                0x00000000       0x20 stm32f4xx_rcc.o
 .text.RCC_BackupResetCmd
                0x00000000       0x20 stm32f4xx_rcc.o
 .text.RCC_I2SCLKConfig
                0x00000000       0x1c stm32f4xx_rcc.o
 .text.RCC_AHB2PeriphClockCmd
                0x00000000       0x3c stm32f4xx_rcc.o
 .text.RCC_AHB3PeriphClockCmd
                0x00000000       0x3c stm32f4xx_rcc.o
 .text.RCC_AHB1PeriphResetCmd
                0x00000000       0x3c stm32f4xx_rcc.o
 .text.RCC_AHB2PeriphResetCmd
                0x00000000       0x3c stm32f4xx_rcc.o
 .text.RCC_AHB3PeriphResetCmd
                0x00000000       0x3c stm32f4xx_rcc.o
 .text.RCC_APB1PeriphResetCmd
                0x00000000       0x3c stm32f4xx_rcc.o
 .text.RCC_APB2PeriphResetCmd
                0x00000000       0x3c stm32f4xx_rcc.o
 .text.RCC_AHB1PeriphClockLPModeCmd
                0x00000000       0x3c stm32f4xx_rcc.o
 .text.RCC_AHB2PeriphClockLPModeCmd
                0x00000000       0x3c stm32f4xx_rcc.o
 .text.RCC_AHB3PeriphClockLPModeCmd
                0x00000000       0x3c stm32f4xx_rcc.o
 .text.RCC_APB1PeriphClockLPModeCmd
                0x00000000       0x3c stm32f4xx_rcc.o
 .text.RCC_APB2PeriphClockLPModeCmd
                0x00000000       0x3c stm32f4xx_rcc.o
 .text.RCC_ITConfig
                0x00000000       0x4c stm32f4xx_rcc.o
 .text.RCC_GetFlagStatus
                0x00000000       0x74 stm32f4xx_rcc.o
 .text.RCC_ClearFlag
                0x00000000       0x1c stm32f4xx_rcc.o
 .text.RCC_GetITStatus
                0x00000000       0x38 stm32f4xx_rcc.o
 .text.RCC_ClearITPendingBit
                0x00000000       0x20 stm32f4xx_rcc.o
 .text          0x00000000        0x0 stm32f4xx_gpio.o
 .data          0x00000000        0x0 stm32f4xx_gpio.o
 .bss           0x00000000        0x0 stm32f4xx_gpio.o
 .text.GPIO_DeInit
                0x00000000      0x120 stm32f4xx_gpio.o
 .text.GPIO_PinLockConfig
                0x00000000       0x44 stm32f4xx_gpio.o
 .text.GPIO_ReadInputDataBit
                0x00000000       0x34 stm32f4xx_gpio.o
 .text.GPIO_ReadInputData
                0x00000000       0x1c stm32f4xx_gpio.o
 .text.GPIO_ReadOutputDataBit
                0x00000000       0x34 stm32f4xx_gpio.o
 .text.GPIO_ReadOutputData
                0x00000000       0x1c stm32f4xx_gpio.o
 .text.GPIO_WriteBit
                0x00000000       0x30 stm32f4xx_gpio.o
 .text.GPIO_Write
                0x00000000       0x1c stm32f4xx_gpio.o
 .text.GPIO_ToggleBits
                0x00000000       0x24 stm32f4xx_gpio.o
 .text          0x00000000        0x0 stm32f4xx_dma.o
 .data          0x00000000        0x0 stm32f4xx_dma.o
 .bss           0x00000000        0x0 stm32f4xx_dma.o
 .text.DMA_StructInit
                0x00000000       0x6c stm32f4xx_dma.o
 .text.DMA_PeriphIncOffsetSizeConfig
                0x00000000       0x34 stm32f4xx_dma.o
 .text.DMA_FlowControllerConfig
                0x00000000       0x34 stm32f4xx_dma.o
 .text.DMA_SetCurrDataCounter
                0x00000000       0x1c stm32f4xx_dma.o
 .text.DMA_DoubleBufferModeConfig
                0x00000000       0x3c stm32f4xx_dma.o
 .text.DMA_DoubleBufferModeCmd
                0x00000000       0x38 stm32f4xx_dma.o
 .text.DMA_MemoryTargetConfig
                0x00000000       0x2c stm32f4xx_dma.o
 .text.DMA_GetCurrentMemoryTarget
                0x00000000       0x30 stm32f4xx_dma.o
 .text.DMA_GetFIFOStatus
                0x00000000       0x24 stm32f4xx_dma.o
 .text.DMA_GetFlagStatus
                0x00000000       0x78 stm32f4xx_dma.o
 .text.DMA_ClearFlag
                0x00000000       0x5c stm32f4xx_dma.o
 .text          0x00000000        0x0 misc.o
 .data          0x00000000        0x0 misc.o
 .bss           0x00000000        0x0 misc.o
 .text.NVIC_PriorityGroupConfig
                0x00000000       0x24 misc.o
 .text.NVIC_SetVectorTable
                0x00000000       0x2c misc.o
 .text.NVIC_SystemLPConfig
                0x00000000       0x40 misc.o
 .text.SysTick_CLKSourceConfig
                0x00000000       0x38 misc.o
 .text          0x00000000        0x0 ert_main.o
 .data          0x00000000        0x0 ert_main.o
 .bss           0x00000000        0x0 ert_main.o
 .data          0x00000000        0x0 c:/matlab/suppor~1/r2016a/gcc-ar~1/bin/../lib/gcc/arm-none-eabi/4.9.3/armv7e-m/fpu\libgcc.a(_arm_addsubdf3.o)
 .bss           0x00000000        0x0 c:/matlab/suppor~1/r2016a/gcc-ar~1/bin/../lib/gcc/arm-none-eabi/4.9.3/armv7e-m/fpu\libgcc.a(_arm_addsubdf3.o)
 .data          0x00000000        0x0 c:/matlab/suppor~1/r2016a/gcc-ar~1/bin/../lib/gcc/arm-none-eabi/4.9.3/armv7e-m/fpu\libgcc.a(_arm_muldivdf3.o)
 .bss           0x00000000        0x0 c:/matlab/suppor~1/r2016a/gcc-ar~1/bin/../lib/gcc/arm-none-eabi/4.9.3/armv7e-m/fpu\libgcc.a(_arm_muldivdf3.o)
 .data          0x00000000        0x0 c:/matlab/suppor~1/r2016a/gcc-ar~1/bin/../lib/gcc/arm-none-eabi/4.9.3/armv7e-m/fpu\libgcc.a(_arm_cmpdf2.o)
 .bss           0x00000000        0x0 c:/matlab/suppor~1/r2016a/gcc-ar~1/bin/../lib/gcc/arm-none-eabi/4.9.3/armv7e-m/fpu\libgcc.a(_arm_cmpdf2.o)
 .text          0x00000000        0x0 c:/matlab/suppor~1/r2016a/gcc-ar~1/bin/../lib/gcc/arm-none-eabi/4.9.3/../../../../arm-none-eabi/lib/armv7e-m/fpu\libc_nano.a(lib_a-calloc.o)
 .data          0x00000000        0x0 c:/matlab/suppor~1/r2016a/gcc-ar~1/bin/../lib/gcc/arm-none-eabi/4.9.3/../../../../arm-none-eabi/lib/armv7e-m/fpu\libc_nano.a(lib_a-calloc.o)
 .bss           0x00000000        0x0 c:/matlab/suppor~1/r2016a/gcc-ar~1/bin/../lib/gcc/arm-none-eabi/4.9.3/../../../../arm-none-eabi/lib/armv7e-m/fpu\libc_nano.a(lib_a-calloc.o)
 .text          0x00000000        0x0 c:/matlab/suppor~1/r2016a/gcc-ar~1/bin/../lib/gcc/arm-none-eabi/4.9.3/../../../../arm-none-eabi/lib/armv7e-m/fpu\libc_nano.a(lib_a-exit.o)
 .data          0x00000000        0x0 c:/matlab/suppor~1/r2016a/gcc-ar~1/bin/../lib/gcc/arm-none-eabi/4.9.3/../../../../arm-none-eabi/lib/armv7e-m/fpu\libc_nano.a(lib_a-exit.o)
 .bss           0x00000000        0x0 c:/matlab/suppor~1/r2016a/gcc-ar~1/bin/../lib/gcc/arm-none-eabi/4.9.3/../../../../arm-none-eabi/lib/armv7e-m/fpu\libc_nano.a(lib_a-exit.o)
 .text          0x00000000        0x0 c:/matlab/suppor~1/r2016a/gcc-ar~1/bin/../lib/gcc/arm-none-eabi/4.9.3/../../../../arm-none-eabi/lib/armv7e-m/fpu\libc_nano.a(lib_a-impure.o)
 .data          0x00000000        0x0 c:/matlab/suppor~1/r2016a/gcc-ar~1/bin/../lib/gcc/arm-none-eabi/4.9.3/../../../../arm-none-eabi/lib/armv7e-m/fpu\libc_nano.a(lib_a-impure.o)
 .bss           0x00000000        0x0 c:/matlab/suppor~1/r2016a/gcc-ar~1/bin/../lib/gcc/arm-none-eabi/4.9.3/../../../../arm-none-eabi/lib/armv7e-m/fpu\libc_nano.a(lib_a-impure.o)
 .text          0x00000000        0x0 c:/matlab/suppor~1/r2016a/gcc-ar~1/bin/../lib/gcc/arm-none-eabi/4.9.3/../../../../arm-none-eabi/lib/armv7e-m/fpu\libc_nano.a(lib_a-init.o)
 .data          0x00000000        0x0 c:/matlab/suppor~1/r2016a/gcc-ar~1/bin/../lib/gcc/arm-none-eabi/4.9.3/../../../../arm-none-eabi/lib/armv7e-m/fpu\libc_nano.a(lib_a-init.o)
 .bss           0x00000000        0x0 c:/matlab/suppor~1/r2016a/gcc-ar~1/bin/../lib/gcc/arm-none-eabi/4.9.3/../../../../arm-none-eabi/lib/armv7e-m/fpu\libc_nano.a(lib_a-init.o)
 .text          0x00000000        0x0 c:/matlab/suppor~1/r2016a/gcc-ar~1/bin/../lib/gcc/arm-none-eabi/4.9.3/../../../../arm-none-eabi/lib/armv7e-m/fpu\libc_nano.a(lib_a-malloc.o)
 .data          0x00000000        0x0 c:/matlab/suppor~1/r2016a/gcc-ar~1/bin/../lib/gcc/arm-none-eabi/4.9.3/../../../../arm-none-eabi/lib/armv7e-m/fpu\libc_nano.a(lib_a-malloc.o)
 .bss           0x00000000        0x0 c:/matlab/suppor~1/r2016a/gcc-ar~1/bin/../lib/gcc/arm-none-eabi/4.9.3/../../../../arm-none-eabi/lib/armv7e-m/fpu\libc_nano.a(lib_a-malloc.o)
 .text          0x00000000        0x0 c:/matlab/suppor~1/r2016a/gcc-ar~1/bin/../lib/gcc/arm-none-eabi/4.9.3/../../../../arm-none-eabi/lib/armv7e-m/fpu\libc_nano.a(lib_a-memcpy.o)
 .data          0x00000000        0x0 c:/matlab/suppor~1/r2016a/gcc-ar~1/bin/../lib/gcc/arm-none-eabi/4.9.3/../../../../arm-none-eabi/lib/armv7e-m/fpu\libc_nano.a(lib_a-memcpy.o)
 .bss           0x00000000        0x0 c:/matlab/suppor~1/r2016a/gcc-ar~1/bin/../lib/gcc/arm-none-eabi/4.9.3/../../../../arm-none-eabi/lib/armv7e-m/fpu\libc_nano.a(lib_a-memcpy.o)
 .text          0x00000000        0x0 c:/matlab/suppor~1/r2016a/gcc-ar~1/bin/../lib/gcc/arm-none-eabi/4.9.3/../../../../arm-none-eabi/lib/armv7e-m/fpu\libc_nano.a(lib_a-memset.o)
 .data          0x00000000        0x0 c:/matlab/suppor~1/r2016a/gcc-ar~1/bin/../lib/gcc/arm-none-eabi/4.9.3/../../../../arm-none-eabi/lib/armv7e-m/fpu\libc_nano.a(lib_a-memset.o)
 .bss           0x00000000        0x0 c:/matlab/suppor~1/r2016a/gcc-ar~1/bin/../lib/gcc/arm-none-eabi/4.9.3/../../../../arm-none-eabi/lib/armv7e-m/fpu\libc_nano.a(lib_a-memset.o)
 .text          0x00000000        0x0 c:/matlab/suppor~1/r2016a/gcc-ar~1/bin/../lib/gcc/arm-none-eabi/4.9.3/../../../../arm-none-eabi/lib/armv7e-m/fpu\libc_nano.a(lib_a-nano-callocr.o)
 .data          0x00000000        0x0 c:/matlab/suppor~1/r2016a/gcc-ar~1/bin/../lib/gcc/arm-none-eabi/4.9.3/../../../../arm-none-eabi/lib/armv7e-m/fpu\libc_nano.a(lib_a-nano-callocr.o)
 .bss           0x00000000        0x0 c:/matlab/suppor~1/r2016a/gcc-ar~1/bin/../lib/gcc/arm-none-eabi/4.9.3/../../../../arm-none-eabi/lib/armv7e-m/fpu\libc_nano.a(lib_a-nano-callocr.o)
 .text          0x00000000        0x0 c:/matlab/suppor~1/r2016a/gcc-ar~1/bin/../lib/gcc/arm-none-eabi/4.9.3/../../../../arm-none-eabi/lib/armv7e-m/fpu\libc_nano.a(lib_a-nano-freer.o)
 .data          0x00000000        0x0 c:/matlab/suppor~1/r2016a/gcc-ar~1/bin/../lib/gcc/arm-none-eabi/4.9.3/../../../../arm-none-eabi/lib/armv7e-m/fpu\libc_nano.a(lib_a-nano-freer.o)
 .bss           0x00000000        0x0 c:/matlab/suppor~1/r2016a/gcc-ar~1/bin/../lib/gcc/arm-none-eabi/4.9.3/../../../../arm-none-eabi/lib/armv7e-m/fpu\libc_nano.a(lib_a-nano-freer.o)
 .text          0x00000000        0x0 c:/matlab/suppor~1/r2016a/gcc-ar~1/bin/../lib/gcc/arm-none-eabi/4.9.3/../../../../arm-none-eabi/lib/armv7e-m/fpu\libc_nano.a(lib_a-nano-mallocr.o)
 .data          0x00000000        0x0 c:/matlab/suppor~1/r2016a/gcc-ar~1/bin/../lib/gcc/arm-none-eabi/4.9.3/../../../../arm-none-eabi/lib/armv7e-m/fpu\libc_nano.a(lib_a-nano-mallocr.o)
 .bss           0x00000000        0x0 c:/matlab/suppor~1/r2016a/gcc-ar~1/bin/../lib/gcc/arm-none-eabi/4.9.3/../../../../arm-none-eabi/lib/armv7e-m/fpu\libc_nano.a(lib_a-nano-mallocr.o)
 .text          0x00000000        0x0 c:/matlab/suppor~1/r2016a/gcc-ar~1/bin/../lib/gcc/arm-none-eabi/4.9.3/../../../../arm-none-eabi/lib/armv7e-m/fpu\libc_nano.a(lib_a-reent.o)
 .data          0x00000000        0x0 c:/matlab/suppor~1/r2016a/gcc-ar~1/bin/../lib/gcc/arm-none-eabi/4.9.3/../../../../arm-none-eabi/lib/armv7e-m/fpu\libc_nano.a(lib_a-reent.o)
 .bss           0x00000000        0x0 c:/matlab/suppor~1/r2016a/gcc-ar~1/bin/../lib/gcc/arm-none-eabi/4.9.3/../../../../arm-none-eabi/lib/armv7e-m/fpu\libc_nano.a(lib_a-reent.o)
 .text.cleanup_glue
                0x00000000       0x1a c:/matlab/suppor~1/r2016a/gcc-ar~1/bin/../lib/gcc/arm-none-eabi/4.9.3/../../../../arm-none-eabi/lib/armv7e-m/fpu\libc_nano.a(lib_a-reent.o)
 .text._reclaim_reent
                0x00000000       0xb4 c:/matlab/suppor~1/r2016a/gcc-ar~1/bin/../lib/gcc/arm-none-eabi/4.9.3/../../../../arm-none-eabi/lib/armv7e-m/fpu\libc_nano.a(lib_a-reent.o)
 .text          0x00000000        0x0 c:/matlab/suppor~1/r2016a/gcc-ar~1/bin/../lib/gcc/arm-none-eabi/4.9.3/../../../../arm-none-eabi/lib/armv7e-m/fpu\libc_nano.a(lib_a-sbrkr.o)
 .data          0x00000000        0x0 c:/matlab/suppor~1/r2016a/gcc-ar~1/bin/../lib/gcc/arm-none-eabi/4.9.3/../../../../arm-none-eabi/lib/armv7e-m/fpu\libc_nano.a(lib_a-sbrkr.o)
 .bss           0x00000000        0x0 c:/matlab/suppor~1/r2016a/gcc-ar~1/bin/../lib/gcc/arm-none-eabi/4.9.3/../../../../arm-none-eabi/lib/armv7e-m/fpu\libc_nano.a(lib_a-sbrkr.o)
 .data          0x00000000        0x0 c:/matlab/suppor~1/r2016a/gcc-ar~1/bin/../lib/gcc/arm-none-eabi/4.9.3/../../../../arm-none-eabi/lib/armv7e-m/fpu\libc_nano.a(lib_a-strcmp.o)
 .bss           0x00000000        0x0 c:/matlab/suppor~1/r2016a/gcc-ar~1/bin/../lib/gcc/arm-none-eabi/4.9.3/../../../../arm-none-eabi/lib/armv7e-m/fpu\libc_nano.a(lib_a-strcmp.o)
 .eh_frame      0x00000000       0x28 c:/matlab/suppor~1/r2016a/gcc-ar~1/bin/../lib/gcc/arm-none-eabi/4.9.3/../../../../arm-none-eabi/lib/armv7e-m/fpu\libc_nano.a(lib_a-strcmp.o)
 .text          0x00000000        0x0 c:/matlab/suppor~1/r2016a/gcc-ar~1/bin/../lib/gcc/arm-none-eabi/4.9.3/armv7e-m/fpu/crtend.o
 .data          0x00000000        0x0 c:/matlab/suppor~1/r2016a/gcc-ar~1/bin/../lib/gcc/arm-none-eabi/4.9.3/armv7e-m/fpu/crtend.o
 .bss           0x00000000        0x0 c:/matlab/suppor~1/r2016a/gcc-ar~1/bin/../lib/gcc/arm-none-eabi/4.9.3/armv7e-m/fpu/crtend.o
 .eh_frame      0x00000000        0x4 c:/matlab/suppor~1/r2016a/gcc-ar~1/bin/../lib/gcc/arm-none-eabi/4.9.3/armv7e-m/fpu/crtend.o
 .text          0x00000000        0x0 c:/matlab/suppor~1/r2016a/gcc-ar~1/bin/../lib/gcc/arm-none-eabi/4.9.3/armv7e-m/fpu/crtn.o
 .data          0x00000000        0x0 c:/matlab/suppor~1/r2016a/gcc-ar~1/bin/../lib/gcc/arm-none-eabi/4.9.3/armv7e-m/fpu/crtn.o
 .bss           0x00000000        0x0 c:/matlab/suppor~1/r2016a/gcc-ar~1/bin/../lib/gcc/arm-none-eabi/4.9.3/armv7e-m/fpu/crtn.o

Memory Configuration

Name             Origin             Length             Attributes
FLASH            0x08000000         0x00100000         xr
SRAM             0x20000000         0x00020000         xrw
CCMRAM           0x10000000         0x00010000         rw
BACKUPRAM        0x40024000         0x00001000         rw
*default*        0x00000000         0xffffffff

Linker script and memory map

LOAD c:/matlab/suppor~1/r2016a/gcc-ar~1/bin/../lib/gcc/arm-none-eabi/4.9.3/armv7e-m/fpu/crti.o
LOAD c:/matlab/suppor~1/r2016a/gcc-ar~1/bin/../lib/gcc/arm-none-eabi/4.9.3/armv7e-m/fpu/crtbegin.o
LOAD c:/matlab/suppor~1/r2016a/gcc-ar~1/bin/../lib/gcc/arm-none-eabi/4.9.3/../../../../arm-none-eabi/lib/armv7e-m/fpu/crt0.o
LOAD TestMotorBlock.o
LOAD TestMotorBlock_data.o
LOAD ADC.o
LOAD stm32f4xx_adc.o
LOAD stm32f4xx_tim.o
LOAD MotorControl.o
LOAD Motor_wrapper.o
LOAD ext_svr.o
LOAD updown.o
LOAD ext_work.o
LOAD rtiostream_utils.o
LOAD blapp_support.o
LOAD startup_stm32f4xx.o
LOAD syscalls_stm32f4xx.o
LOAD stm32f4xx_init_board.o
LOAD system_stm32f4xx.o
LOAD SysTickScheduler.o
LOAD m3m4m4f_multitasking.o
LOAD ext_serial_pkt.o
LOAD rtiostream_serial_interface.o
LOAD ext_svr_serial_transport.o
LOAD rtiostream_serial_dma_stm32f4xx.o
LOAD stm32f4xx_usart.o
LOAD stm32f4xx_rcc.o
LOAD stm32f4xx_gpio.o
LOAD stm32f4xx_dma.o
LOAD misc.o
LOAD ert_main.o
LOAD C:/MATLAB/SupportPackages/R2016a/CMSIS/CMSIS/Lib/GCC/libarm_cortexM4lf_math.a
LOAD C:/MATLAB/SupportPackages/R2016a/CMSIS/CMSIS/RTOS/RTX/LIB/GCC/libRTX_CM4.a
LOAD c:/matlab/suppor~1/r2016a/gcc-ar~1/bin/../lib/gcc/arm-none-eabi/4.9.3/../../../../arm-none-eabi/lib/armv7e-m/fpu\libm.a
LOAD c:/matlab/suppor~1/r2016a/gcc-ar~1/bin/../lib/gcc/arm-none-eabi/4.9.3/../../../../arm-none-eabi/lib/armv7e-m/fpu\libstdc++_nano.a
LOAD c:/matlab/suppor~1/r2016a/gcc-ar~1/bin/../lib/gcc/arm-none-eabi/4.9.3/../../../../arm-none-eabi/lib/armv7e-m/fpu\libm.a
START GROUP
LOAD c:/matlab/suppor~1/r2016a/gcc-ar~1/bin/../lib/gcc/arm-none-eabi/4.9.3/armv7e-m/fpu\libgcc.a
LOAD c:/matlab/suppor~1/r2016a/gcc-ar~1/bin/../lib/gcc/arm-none-eabi/4.9.3/../../../../arm-none-eabi/lib/armv7e-m/fpu\libc_nano.a
END GROUP
START GROUP
LOAD c:/matlab/suppor~1/r2016a/gcc-ar~1/bin/../lib/gcc/arm-none-eabi/4.9.3/armv7e-m/fpu\libgcc.a
LOAD c:/matlab/suppor~1/r2016a/gcc-ar~1/bin/../lib/gcc/arm-none-eabi/4.9.3/../../../../arm-none-eabi/lib/armv7e-m/fpu\libc_nano.a
END GROUP
LOAD c:/matlab/suppor~1/r2016a/gcc-ar~1/bin/../lib/gcc/arm-none-eabi/4.9.3/armv7e-m/fpu/crtend.o
LOAD c:/matlab/suppor~1/r2016a/gcc-ar~1/bin/../lib/gcc/arm-none-eabi/4.9.3/armv7e-m/fpu/crtn.o

.text           0x08000000     0x6744
 *(.vectors)
 .vectors       0x08000000      0x188 startup_stm32f4xx.o
                0x08000000                g_pfnVectors
 *(.text*)
 .text          0x08000188       0x5c c:/matlab/suppor~1/r2016a/gcc-ar~1/bin/../lib/gcc/arm-none-eabi/4.9.3/armv7e-m/fpu/crtbegin.o
 .text          0x080001e4       0x74 c:/matlab/suppor~1/r2016a/gcc-ar~1/bin/../lib/gcc/arm-none-eabi/4.9.3/../../../../arm-none-eabi/lib/armv7e-m/fpu/crt0.o
                0x080001e4                _start
                0x080001e4                _mainCRTStartup
 .text.TestMotorBlock_step
                0x08000258       0xf8 TestMotorBlock.o
                0x08000258                TestMotorBlock_step
 .text.TestMotorBlock_initialize
                0x08000350      0x100 TestMotorBlock.o
                0x08000350                TestMotorBlock_initialize
 .text.TestMotorBlock_terminate
                0x08000450        0xc TestMotorBlock.o
                0x08000450                TestMotorBlock_terminate
 .text.getADCValue
                0x0800045c       0x14 ADC.o
                0x0800045c                getADCValue
 .text.initADC  0x08000470       0x5c ADC.o
                0x08000470                initADC
 .text.initADCGPIO
                0x080004cc       0x2c ADC.o
 .text.ADC_Init
                0x080004f8       0xa8 stm32f4xx_adc.o
                0x080004f8                ADC_Init
 .text.ADC_Cmd  0x080005a0       0x38 stm32f4xx_adc.o
                0x080005a0                ADC_Cmd
 .text.ADC_RegularChannelConfig
                0x080005d8      0x194 stm32f4xx_adc.o
                0x080005d8                ADC_RegularChannelConfig
 .text.ADC_SoftwareStartConv
                0x0800076c       0x20 stm32f4xx_adc.o
                0x0800076c                ADC_SoftwareStartConv
 .text.ADC_GetConversionValue
                0x0800078c       0x1c stm32f4xx_adc.o
                0x0800078c                ADC_GetConversionValue
 .text.TIM_TimeBaseInit
                0x080007a8       0xd4 stm32f4xx_tim.o
                0x080007a8                TIM_TimeBaseInit
 .text.TIM_ARRPreloadConfig
                0x0800087c       0x40 stm32f4xx_tim.o
                0x0800087c                TIM_ARRPreloadConfig
 .text.TIM_Cmd  0x080008bc       0x40 stm32f4xx_tim.o
                0x080008bc                TIM_Cmd
 .text.TIM_OC1Init
                0x080008fc       0xf4 stm32f4xx_tim.o
                0x080008fc                TIM_OC1Init
 .text.TIM_SetCompare1
                0x080009f0       0x1c stm32f4xx_tim.o
                0x080009f0                TIM_SetCompare1
 .text.TIM_OC1PreloadConfig
                0x08000a0c       0x38 stm32f4xx_tim.o
                0x08000a0c                TIM_OC1PreloadConfig
 .text.motorIteration
                0x08000a44       0x6c MotorControl.o
                0x08000a44                motorIteration
 .text.getMotorADCValue
                0x08000ab0       0x10 MotorControl.o
                0x08000ab0                getMotorADCValue
 .text.setTorque
                0x08000ac0       0xe4 MotorControl.o
 .text.initMotorGPIO
                0x08000ba4       0x6c MotorControl.o
 .text.initMotorPWM
                0x08000c10       0x70 MotorControl.o
 .text.Motor_Outputs_wrapper
                0x08000c80       0x2c Motor_wrapper.o
                0x08000c80                Motor_Outputs_wrapper
 .text.GrowRecvBufIfNeeded
                0x08000cac       0x60 ext_svr.o
 .text.GetPktHdr
                0x08000d0c       0x78 ext_svr.o
 .text.ClearPkt
                0x08000d84       0x54 ext_svr.o
 .text.GetPkt   0x08000dd8       0x80 ext_svr.o
 .text.DisconnectFromHost
                0x08000e58       0x64 ext_svr.o
 .text.ForceDisconnectFromHost
                0x08000ebc       0x4c ext_svr.o
 .text.ProcessConnectPkt
                0x08000f08      0x17c ext_svr.o
 .text.SendPktHdrToHost
                0x08001084       0x50 ext_svr.o
 .text.SendPktDataToHost
                0x080010d4       0x48 ext_svr.o
 .text.SendPktToHost
                0x0800111c       0x4c ext_svr.o
                0x0800111c                SendPktToHost
 .text.SendResponseStatus
                0x08001168       0x3c ext_svr.o
 .text.ProcessSetParamPkt
                0x080011a4       0x64 ext_svr.o
 .text.ProcessGetParamsPkt
                0x08001208      0x12c ext_svr.o
 .text.ProcessSelectTriggerSignalPkt
                0x08001334       0xac ext_svr.o
 .text.ProcessCancelLoggingArmTriggerPkt
                0x080013e0       0x80 ext_svr.o
 .text.ExtParseArgsAndInitUD
                0x08001460       0x68 ext_svr.o
                0x08001460                ExtParseArgsAndInitUD
 .text.ExtWaitForStartPkt
                0x080014c8       0x18 ext_svr.o
                0x080014c8                ExtWaitForStartPkt
 .text.UploadServerWork
                0x080014e0       0xc4 ext_svr.o
                0x080014e0                UploadServerWork
 .text.rt_UploadServerWork
                0x080015a4       0x28 ext_svr.o
                0x080015a4                rt_UploadServerWork
 .text.rt_ExtModeInit
                0x080015cc       0x50 ext_svr.o
                0x080015cc                rt_ExtModeInit
 .text.rt_ExtModeSleep
                0x0800161c       0x24 ext_svr.o
                0x0800161c                rt_ExtModeSleep
 .text.rt_PktServerWork
                0x08001640      0x26c ext_svr.o
                0x08001640                rt_PktServerWork
 .text.ExtModeShutdown
                0x080018ac       0x44 ext_svr.o
 .text.rt_ExtModeShutdown
                0x080018f0       0x84 ext_svr.o
                0x080018f0                rt_ExtModeShutdown
 .text.rt_UploadCheckTrigger
                0x08001974       0x28 ext_svr.o
                0x08001974                rt_UploadCheckTrigger
 .text.rt_UploadCheckEndTrigger
                0x0800199c       0x24 ext_svr.o
                0x0800199c                rt_UploadCheckEndTrigger
 .text.rt_UploadBufAddTimePoint
                0x080019c0       0x30 ext_svr.o
                0x080019c0                rt_UploadBufAddTimePoint
 .text.SetParam
                0x080019f0      0x120 updown.o
                0x080019f0                SetParam
 .text.InitUploadSection
                0x08001b10       0xc0 updown.o
 .text.InitSysUploadTable
                0x08001bd0      0x174 updown.o
 .text.UploadBufInit
                0x08001d44       0x70 updown.o
 .text.UploadDestroyTrigger
                0x08001db4       0xcc updown.o
 .text.UploadLogInfoReset
                0x08001e80       0x6c updown.o
                0x08001e80                UploadLogInfoReset
 .text.UploadLogInfoTerm
                0x08001eec      0x104 updown.o
                0x08001eec                UploadLogInfoTerm
 .text.UploadPrepareForFinalFlush
                0x08001ff0       0x60 updown.o
                0x08001ff0                UploadPrepareForFinalFlush
 .text.UploadLogInfoInit
                0x08002050      0x180 updown.o
                0x08002050                UploadLogInfoInit
 .text.UploadInitTrigger
                0x080021d0      0x1cc updown.o
                0x080021d0                UploadInitTrigger
 .text.UploadArmTrigger
                0x0800239c       0x9c updown.o
                0x0800239c                UploadArmTrigger
 .text.UploadEndLoggingSession
                0x08002438       0x34 updown.o
                0x08002438                UploadEndLoggingSession
 .text.UploadCancelLogging
                0x0800246c       0x6c updown.o
                0x0800246c                UploadCancelLogging
 .text.UploadBufDataSent
                0x080024d8       0x64 updown.o
                0x080024d8                UploadBufDataSent
 .text.UploadBufAssignMem
                0x0800253c      0x124 updown.o
 .text.UploadCheckTriggerSignals
                0x08002660      0x1bc updown.o
 .text.UploadBufAddTimePoint
                0x0800281c      0x4d8 updown.o
                0x0800281c                UploadBufAddTimePoint
 .text.UploadCheckTrigger
                0x08002cf4       0x90 updown.o
                0x08002cf4                UploadCheckTrigger
 .text.UploadCheckEndTrigger
                0x08002d84       0x5c updown.o
                0x08002d84                UploadCheckEndTrigger
 .text.SetExtBufListFields
                0x08002de0      0x108 updown.o
 .text.SetExtBufListFieldsForEmptyList
                0x08002ee8       0x44 updown.o
 .text.UploadBufGetData
                0x08002f2c       0xb8 updown.o
                0x08002f2c                UploadBufGetData
 .text.rtExtModeWaitForStartPkt
                0x08002fe4       0x64 ext_work.o
                0x08002fe4                rtExtModeWaitForStartPkt
 .text.rtExtModeOneStep
                0x08003048       0x30 ext_work.o
                0x08003048                rtExtModeOneStep
 .text.rtExtModeUpload
                0x08003078       0x1c ext_work.o
                0x08003078                rtExtModeUpload
 .text.rtExtModeCheckEndTrigger
                0x08003094        0xc ext_work.o
                0x08003094                rtExtModeCheckEndTrigger
 .text.rtExtModeUploadCheckTrigger
                0x080030a0       0x14 ext_work.o
                0x080030a0                rtExtModeUploadCheckTrigger
 .text.rtExtModeCheckInit
                0x080030b4       0x14 ext_work.o
                0x080030b4                rtExtModeCheckInit
 .text.rtExtModeShutdown
                0x080030c8       0x14 ext_work.o
                0x080030c8                rtExtModeShutdown
 .text.rtERTExtModeSetTFinal
                0x080030dc       0x5c ext_work.o
                0x080030dc                rtERTExtModeSetTFinal
 .text.rtSetTFinalForExtMode
                0x08003138       0x14 ext_work.o
                0x08003138                rtSetTFinalForExtMode
 .text.rtParseArgsForExtMode
                0x0800314c       0x18 ext_work.o
                0x0800314c                rtParseArgsForExtMode
 .text.rtERTExtModeStartMsg
                0x08003164        0xc ext_work.o
                0x08003164                rtERTExtModeStartMsg
 .text.rtIOStreamBlockingSend
                0x08003170       0x64 rtiostream_utils.o
                0x08003170                rtIOStreamBlockingSend
 .text.rtIOStreamBlockingRecv
                0x080031d4       0x64 rtiostream_utils.o
                0x080031d4                rtIOStreamBlockingRecv
 .text.bootloaderInit
                0x08003238        0xc blapp_support.o
                0x08003238                bootloaderInit
 .text.Default_ResetHandler
                0x08003244       0x5c startup_stm32f4xx.o
                0x08003244                Reset_Handler
                0x08003244                Default_ResetHandler
 .text.Default_Handler
                0x080032a0        0x8 startup_stm32f4xx.o
                0x080032a0                RTC_Alarm_IRQHandler
                0x080032a0                HASH_RNG_IRQHandler
                0x080032a0                EXTI2_IRQHandler
                0x080032a0                TIM8_CC_IRQHandler
                0x080032a0                DebugMon_Handler
                0x080032a0                TIM1_CC_IRQHandler
                0x080032a0                DMA2_Stream5_IRQHandler
                0x080032a0                HardFault_Handler
                0x080032a0                PVD_IRQHandler
                0x080032a0                SDIO_IRQHandler
                0x080032a0                TAMP_STAMP_IRQHandler
                0x080032a0                PendSV_Handler
                0x080032a0                NMI_Handler
                0x080032a0                CAN2_RX1_IRQHandler
                0x080032a0                EXTI3_IRQHandler
                0x080032a0                TIM8_TRG_COM_TIM14_IRQHandler
                0x080032a0                TIM1_UP_TIM10_IRQHandler
                0x080032a0                TIM8_UP_TIM13_IRQHandler
                0x080032a0                I2C3_ER_IRQHandler
                0x080032a0                EXTI0_IRQHandler
                0x080032a0                I2C2_EV_IRQHandler
                0x080032a0                DMA1_Stream2_IRQHandler
                0x080032a0                CAN1_RX0_IRQHandler
                0x080032a0                FPU_IRQHandler
                0x080032a0                OTG_HS_WKUP_IRQHandler
                0x080032a0                UsageFault_Handler
                0x080032a0                CAN2_SCE_IRQHandler
                0x080032a0                DMA2_Stream2_IRQHandler
                0x080032a0                SPI1_IRQHandler
                0x080032a0                TIM6_DAC_IRQHandler
                0x080032a0                TIM1_BRK_TIM9_IRQHandler
                0x080032a0                DCMI_IRQHandler
                0x080032a0                CAN2_RX0_IRQHandler
                0x080032a0                DMA2_Stream3_IRQHandler
                0x080032a0                USART6_IRQHandler
                0x080032a0                USART3_IRQHandler
                0x080032a0                CRYP_IRQHandler
                0x080032a0                CAN1_RX1_IRQHandler
                0x080032a0                UART5_IRQHandler
                0x080032a0                DMA2_Stream0_IRQHandler
                0x080032a0                TIM4_IRQHandler
                0x080032a0                I2C1_EV_IRQHandler
                0x080032a0                DMA1_Stream1_IRQHandler
                0x080032a0                UART4_IRQHandler
                0x080032a0                TIM3_IRQHandler
                0x080032a0                RCC_IRQHandler
                0x080032a0                TIM8_BRK_TIM12_IRQHandler
                0x080032a0                EXTI15_10_IRQHandler
                0x080032a0                ADC_IRQHandler
                0x080032a0                DMA1_Stream7_IRQHandler
                0x080032a0                TIM7_IRQHandler
                0x080032a0                CAN2_TX_IRQHandler
                0x080032a0                TIM5_IRQHandler
                0x080032a0                DMA2_Stream7_IRQHandler
                0x080032a0                I2C3_EV_IRQHandler
                0x080032a0                EXTI9_5_IRQHandler
                0x080032a0                RTC_WKUP_IRQHandler
                0x080032a0                ETH_WKUP_IRQHandler
                0x080032a0                SPI2_IRQHandler
                0x080032a0                OTG_HS_EP1_IN_IRQHandler
                0x080032a0                MemManage_Handler
                0x080032a0                DMA1_Stream0_IRQHandler
                0x080032a0                CAN1_TX_IRQHandler
                0x080032a0                EXTI4_IRQHandler
                0x080032a0                FSMC_IRQHandler
                0x080032a0                ETH_IRQHandler
                0x080032a0                OTG_HS_EP1_OUT_IRQHandler
                0x080032a0                WWDG_IRQHandler
                0x080032a0                TIM2_IRQHandler
                0x080032a0                OTG_FS_WKUP_IRQHandler
                0x080032a0                TIM1_TRG_COM_TIM11_IRQHandler
                0x080032a0                OTG_HS_IRQHandler
                0x080032a0                EXTI1_IRQHandler
                0x080032a0                USART2_IRQHandler
                0x080032a0                I2C2_ER_IRQHandler
                0x080032a0                DMA2_Stream1_IRQHandler
                0x080032a0                CAN1_SCE_IRQHandler
                0x080032a0                FLASH_IRQHandler
                0x080032a0                DMA2_Stream4_IRQHandler
                0x080032a0                BusFault_Handler
                0x080032a0                USART1_IRQHandler
                0x080032a0                OTG_FS_IRQHandler
                0x080032a0                SPI3_IRQHandler
                0x080032a0                DMA1_Stream4_IRQHandler
                0x080032a0                I2C1_ER_IRQHandler
                0x080032a0                DMA2_Stream6_IRQHandler
                0x080032a0                DMA1_Stream3_IRQHandler
 .text._exit    0x080032a8        0xc syscalls_stm32f4xx.o
                0x080032a8                _exit
 .text._sbrk    0x080032b4       0x68 syscalls_stm32f4xx.o
                0x080032b4                _sbrk
 .text.NVIC_SetPriority
                0x0800331c       0x54 stm32f4xx_init_board.o
 .text.stm32f4xx_init_board
                0x08003370       0x20 stm32f4xx_init_board.o
                0x08003370                stm32f4xx_init_board
 .text.SystemInit
                0x08003390       0x68 system_stm32f4xx.o
                0x08003390                SystemInit
 .text.SystemCoreClockUpdate
                0x080033f8       0xf8 system_stm32f4xx.o
                0x080033f8                SystemCoreClockUpdate
 .text.SetSysClock
                0x080034f0       0xf4 system_stm32f4xx.o
 .text.NVIC_SetPriority
                0x080035e4       0x54 SysTickScheduler.o
 .text.SysTick_Config
                0x08003638       0x44 SysTickScheduler.o
 .text.SysTick_Isr
                0x0800367c       0x40 SysTickScheduler.o
 .text.SysTick_Handler
                0x080036bc       0x10 SysTickScheduler.o
                0x080036bc                SysTick_Handler
 .text.ARMCM_SysTick_Config
                0x080036cc       0x8c SysTickScheduler.o
                0x080036cc                ARMCM_SysTick_Config
 .text.arm_cortex_m_call_thread_with_context_switch
                0x08003758       0x2c m3m4m4f_multitasking.o
                0x08003758                arm_cortex_m_call_thread_with_context_switch
 .text.SVC_Handler
                0x08003784       0x38 m3m4m4f_multitasking.o
                0x08003784                SVC_Handler
 .text.IsEscapeChar
                0x080037bc       0x30 ext_serial_pkt.o
 .text.Filter   0x080037ec       0x84 ext_serial_pkt.o
 .text.Num2String
                0x08003870       0x88 ext_serial_pkt.o
 .text.String2Num
                0x080038f8       0x70 ext_serial_pkt.o
 .text.SetExtSerialPacket
                0x08003968      0x134 ext_serial_pkt.o
                0x08003968                SetExtSerialPacket
 .text.GetExtSerialPacket
                0x08003a9c      0x328 ext_serial_pkt.o
                0x08003a9c                GetExtSerialPacket
 .text.ExtSerialPortCreate
                0x08003dc4       0x3c rtiostream_serial_interface.o
                0x08003dc4                ExtSerialPortCreate
 .text.ExtSerialPortConnect
                0x08003e00       0x88 rtiostream_serial_interface.o
                0x08003e00                ExtSerialPortConnect
 .text.ExtSerialPortDisconnect
                0x08003e88       0x58 rtiostream_serial_interface.o
                0x08003e88                ExtSerialPortDisconnect
 .text.ExtSerialPortSetData
                0x08003ee0       0x48 rtiostream_serial_interface.o
                0x08003ee0                ExtSerialPortSetData
 .text.ExtSerialPortDataPending
                0x08003f28       0x90 rtiostream_serial_interface.o
                0x08003f28                ExtSerialPortDataPending
 .text.ExtSerialPortGetData
                0x08003fb8       0xd0 rtiostream_serial_interface.o
                0x08003fb8                ExtSerialPortGetData
 .text.isFIFOEmpty
                0x08004088       0x28 ext_svr_serial_transport.o
 .text.InsertFIFO
                0x080040b0       0x54 ext_svr_serial_transport.o
 .text.RemoveFIFO
                0x08004104       0x54 ext_svr_serial_transport.o
 .text.isFIFOFreeEmpty
                0x08004158       0x24 ext_svr_serial_transport.o
 .text.isFIFOPktEmpty
                0x0800417c       0x24 ext_svr_serial_transport.o
 .text.InsertFIFOFree
                0x080041a0       0x20 ext_svr_serial_transport.o
 .text.RemoveFIFOFree
                0x080041c0       0x1c ext_svr_serial_transport.o
 .text.InsertFIFOPkt
                0x080041dc       0x20 ext_svr_serial_transport.o
 .text.RemoveFIFOPkt
                0x080041fc       0x1c ext_svr_serial_transport.o
 .text.GetFIFOPkt
                0x08004218       0x18 ext_svr_serial_transport.o
 .text.AddToFIFOFree
                0x08004230       0x44 ext_svr_serial_transport.o
 .text.SavePkt  0x08004274       0x38 ext_svr_serial_transport.o
 .text.ExtGetPktBlocking
                0x080042ac       0x84 ext_svr_serial_transport.o
 .text.ExtSetPkt
                0x08004330      0x128 ext_svr_serial_transport.o
 .text.ExtSetPktWithACK
                0x08004458       0x68 ext_svr_serial_transport.o
 .text.ExtGetPkt
                0x080044c0       0xe8 ext_svr_serial_transport.o
 .text.ExtPktPending
                0x080045a8       0x78 ext_svr_serial_transport.o
 .text.ExtClearSerialConnection
                0x08004620       0x18 ext_svr_serial_transport.o
 .text.ExtResetSerialConnection
                0x08004638       0xa4 ext_svr_serial_transport.o
 .text.ExtOpenSerialConnection
                0x080046dc       0xb8 ext_svr_serial_transport.o
 .text.ExtCloseSerialConnection
                0x08004794       0x1c ext_svr_serial_transport.o
 .text.ExtInit  0x080047b0       0x1c ext_svr_serial_transport.o
                0x080047b0                ExtInit
 .text.ExtOpenConnection
                0x080047cc       0x2c ext_svr_serial_transport.o
                0x080047cc                ExtOpenConnection
 .text.ExtCloseConnection
                0x080047f8       0x14 ext_svr_serial_transport.o
                0x080047f8                ExtCloseConnection
 .text.ExtShutDown
                0x0800480c       0x28 ext_svr_serial_transport.o
                0x0800480c                ExtShutDown
 .text.ExtProcessArgs
                0x08004834       0x90 ext_svr_serial_transport.o
                0x08004834                ExtProcessArgs
 .text.ExtWaitForStartPktFromHost
                0x080048c4       0x18 ext_svr_serial_transport.o
                0x080048c4                ExtWaitForStartPktFromHost
 .text.ExtUserDataCreate
                0x080048dc       0x14 ext_svr_serial_transport.o
                0x080048dc                ExtUserDataCreate
 .text.ExtUserDataDestroy
                0x080048f0       0x14 ext_svr_serial_transport.o
                0x080048f0                ExtUserDataDestroy
 .text.ExtGetHostPkt
                0x08004904       0x64 ext_svr_serial_transport.o
                0x08004904                ExtGetHostPkt
 .text.ExtSetHostPkt
                0x08004968       0x40 ext_svr_serial_transport.o
                0x08004968                ExtSetHostPkt
 .text.ExtModeSleep
                0x080049a8       0x18 ext_svr_serial_transport.o
                0x080049a8                ExtModeSleep
 .text.ExtForceDisconnect
                0x080049c0       0x20 ext_svr_serial_transport.o
                0x080049c0                ExtForceDisconnect
 .text.rtIOStreamOpen
                0x080049e0       0x70 rtiostream_serial_dma_stm32f4xx.o
                0x080049e0                rtIOStreamOpen
 .text.rtIOStreamClose
                0x08004a50       0x18 rtiostream_serial_dma_stm32f4xx.o
                0x08004a50                rtIOStreamClose
 .text.rtIOStreamSend
                0x08004a68       0x84 rtiostream_serial_dma_stm32f4xx.o
                0x08004a68                rtIOStreamSend
 .text.DMA1_Stream6_IRQHandler
                0x08004aec       0x24 rtiostream_serial_dma_stm32f4xx.o
                0x08004aec                DMA1_Stream6_IRQHandler
 .text.rtIOStreamRecv
                0x08004b10       0x90 rtiostream_serial_dma_stm32f4xx.o
                0x08004b10                rtIOStreamRecv
 .text.DMA_RxInit
                0x08004ba0       0xe8 rtiostream_serial_dma_stm32f4xx.o
 .text.DMA_TxInit
                0x08004c88       0xa8 rtiostream_serial_dma_stm32f4xx.o
 .text.UART_getRxBytes
                0x08004d30       0x50 rtiostream_serial_dma_stm32f4xx.o
 .text.DMA1_Stream5_IRQHandler
                0x08004d80       0x24 rtiostream_serial_dma_stm32f4xx.o
                0x08004d80                DMA1_Stream5_IRQHandler
 .text.USART2_init
                0x08004da4       0xa0 rtiostream_serial_dma_stm32f4xx.o
 .text.USART_Init
                0x08004e44      0x178 stm32f4xx_usart.o
                0x08004e44                USART_Init
 .text.USART_StructInit
                0x08004fbc       0x38 stm32f4xx_usart.o
                0x08004fbc                USART_StructInit
 .text.USART_Cmd
                0x08004ff4       0x40 stm32f4xx_usart.o
                0x08004ff4                USART_Cmd
 .text.USART_DMACmd
                0x08005034       0x48 stm32f4xx_usart.o
                0x08005034                USART_DMACmd
 .text.RCC_GetClocksFreq
                0x0800507c      0x154 stm32f4xx_rcc.o
                0x0800507c                RCC_GetClocksFreq
 .text.RCC_AHB1PeriphClockCmd
                0x080051d0       0x3c stm32f4xx_rcc.o
                0x080051d0                RCC_AHB1PeriphClockCmd
 .text.RCC_APB1PeriphClockCmd
                0x0800520c       0x3c stm32f4xx_rcc.o
                0x0800520c                RCC_APB1PeriphClockCmd
 .text.RCC_APB2PeriphClockCmd
                0x08005248       0x3c stm32f4xx_rcc.o
                0x08005248                RCC_APB2PeriphClockCmd
 .text.GPIO_Init
                0x08005284      0x11c stm32f4xx_gpio.o
                0x08005284                GPIO_Init
 .text.GPIO_StructInit
                0x080053a0       0x34 stm32f4xx_gpio.o
                0x080053a0                GPIO_StructInit
 .text.GPIO_SetBits
                0x080053d4       0x1c stm32f4xx_gpio.o
                0x080053d4                GPIO_SetBits
 .text.GPIO_ResetBits
                0x080053f0       0x1c stm32f4xx_gpio.o
                0x080053f0                GPIO_ResetBits
 .text.GPIO_PinAFConfig
                0x0800540c       0x90 stm32f4xx_gpio.o
                0x0800540c                GPIO_PinAFConfig
 .text.DMA_DeInit
                0x0800549c      0x1a4 stm32f4xx_dma.o
                0x0800549c                DMA_DeInit
 .text.DMA_Init
                0x08005640       0xac stm32f4xx_dma.o
                0x08005640                DMA_Init
 .text.DMA_Cmd  0x080056ec       0x38 stm32f4xx_dma.o
                0x080056ec                DMA_Cmd
 .text.DMA_GetCurrDataCounter
                0x08005724       0x1c stm32f4xx_dma.o
                0x08005724                DMA_GetCurrDataCounter
 .text.DMA_GetCmdStatus
                0x08005740       0x30 stm32f4xx_dma.o
                0x08005740                DMA_GetCmdStatus
 .text.DMA_ITConfig
                0x08005770       0x74 stm32f4xx_dma.o
                0x08005770                DMA_ITConfig
 .text.DMA_GetITStatus
                0x080057e4       0xb0 stm32f4xx_dma.o
                0x080057e4                DMA_GetITStatus
 .text.DMA_ClearITPendingBit
                0x08005894       0x5c stm32f4xx_dma.o
                0x08005894                DMA_ClearITPendingBit
 .text.NVIC_Init
                0x080058f0       0xc0 misc.o
                0x080058f0                NVIC_Init
 .text.rt_OneStep
                0x080059b0       0x4c ert_main.o
                0x080059b0                rt_OneStep
 .text.main     0x080059fc      0x114 ert_main.o
                0x080059fc                main
 .text          0x08005b10      0x370 c:/matlab/suppor~1/r2016a/gcc-ar~1/bin/../lib/gcc/arm-none-eabi/4.9.3/armv7e-m/fpu\libgcc.a(_arm_addsubdf3.o)
                0x08005b10                __aeabi_drsub
                0x08005b18                __aeabi_dsub
                0x08005b18                __subdf3
                0x08005b1c                __aeabi_dadd
                0x08005b1c                __adddf3
                0x08005d94                __floatunsidf
                0x08005d94                __aeabi_ui2d
                0x08005db4                __floatsidf
                0x08005db4                __aeabi_i2d
                0x08005dd8                __aeabi_f2d
                0x08005dd8                __extendsfdf2
                0x08005e14                __floatundidf
                0x08005e14                __aeabi_ul2d
                0x08005e24                __floatdidf
                0x08005e24                __aeabi_l2d
 .text          0x08005e80      0x424 c:/matlab/suppor~1/r2016a/gcc-ar~1/bin/../lib/gcc/arm-none-eabi/4.9.3/armv7e-m/fpu\libgcc.a(_arm_muldivdf3.o)
                0x08005e80                __aeabi_dmul
                0x08005e80                __muldf3
                0x080060d4                __divdf3
                0x080060d4                __aeabi_ddiv
 .text          0x080062a4      0x110 c:/matlab/suppor~1/r2016a/gcc-ar~1/bin/../lib/gcc/arm-none-eabi/4.9.3/armv7e-m/fpu\libgcc.a(_arm_cmpdf2.o)
                0x080062a4                __gtdf2
                0x080062a4                __gedf2
                0x080062ac                __ltdf2
                0x080062ac                __ledf2
                0x080062b4                __nedf2
                0x080062b4                __eqdf2
                0x080062b4                __cmpdf2
                0x08006330                __aeabi_cdrcmple
                0x08006340                __aeabi_cdcmpeq
                0x08006340                __aeabi_cdcmple
                0x08006350                __aeabi_dcmpeq
                0x08006364                __aeabi_dcmplt
                0x08006378                __aeabi_dcmple
                0x0800638c                __aeabi_dcmpge
                0x080063a0                __aeabi_dcmpgt
 .text.calloc   0x080063b4       0x14 c:/matlab/suppor~1/r2016a/gcc-ar~1/bin/../lib/gcc/arm-none-eabi/4.9.3/../../../../arm-none-eabi/lib/armv7e-m/fpu\libc_nano.a(lib_a-calloc.o)
                0x080063b4                calloc
 .text.exit     0x080063c8       0x28 c:/matlab/suppor~1/r2016a/gcc-ar~1/bin/../lib/gcc/arm-none-eabi/4.9.3/../../../../arm-none-eabi/lib/armv7e-m/fpu\libc_nano.a(lib_a-exit.o)
                0x080063c8                exit
 .text.__libc_init_array
                0x080063f0       0x4c c:/matlab/suppor~1/r2016a/gcc-ar~1/bin/../lib/gcc/arm-none-eabi/4.9.3/../../../../arm-none-eabi/lib/armv7e-m/fpu\libc_nano.a(lib_a-init.o)
                0x080063f0                __libc_init_array
 .text.malloc   0x0800643c       0x10 c:/matlab/suppor~1/r2016a/gcc-ar~1/bin/../lib/gcc/arm-none-eabi/4.9.3/../../../../arm-none-eabi/lib/armv7e-m/fpu\libc_nano.a(lib_a-malloc.o)
                0x0800643c                malloc
 .text.free     0x0800644c       0x10 c:/matlab/suppor~1/r2016a/gcc-ar~1/bin/../lib/gcc/arm-none-eabi/4.9.3/../../../../arm-none-eabi/lib/armv7e-m/fpu\libc_nano.a(lib_a-malloc.o)
                0x0800644c                free
 .text.memcpy   0x0800645c       0x16 c:/matlab/suppor~1/r2016a/gcc-ar~1/bin/../lib/gcc/arm-none-eabi/4.9.3/../../../../arm-none-eabi/lib/armv7e-m/fpu\libc_nano.a(lib_a-memcpy.o)
                0x0800645c                memcpy
 .text.memset   0x08006472       0x10 c:/matlab/suppor~1/r2016a/gcc-ar~1/bin/../lib/gcc/arm-none-eabi/4.9.3/../../../../arm-none-eabi/lib/armv7e-m/fpu\libc_nano.a(lib_a-memset.o)
                0x08006472                memset
 .text._calloc_r
                0x08006482       0x1c c:/matlab/suppor~1/r2016a/gcc-ar~1/bin/../lib/gcc/arm-none-eabi/4.9.3/../../../../arm-none-eabi/lib/armv7e-m/fpu\libc_nano.a(lib_a-nano-callocr.o)
                0x08006482                _calloc_r
 *fill*         0x0800649e        0x2 
 .text._free_r  0x080064a0       0x88 c:/matlab/suppor~1/r2016a/gcc-ar~1/bin/../lib/gcc/arm-none-eabi/4.9.3/../../../../arm-none-eabi/lib/armv7e-m/fpu\libc_nano.a(lib_a-nano-freer.o)
                0x080064a0                _free_r
 .text._malloc_r
                0x08006528       0xac c:/matlab/suppor~1/r2016a/gcc-ar~1/bin/../lib/gcc/arm-none-eabi/4.9.3/../../../../arm-none-eabi/lib/armv7e-m/fpu\libc_nano.a(lib_a-nano-mallocr.o)
                0x08006528                _malloc_r
 .text._sbrk_r  0x080065d4       0x20 c:/matlab/suppor~1/r2016a/gcc-ar~1/bin/../lib/gcc/arm-none-eabi/4.9.3/../../../../arm-none-eabi/lib/armv7e-m/fpu\libc_nano.a(lib_a-sbrkr.o)
                0x080065d4                _sbrk_r
 .text          0x080065f4       0x14 c:/matlab/suppor~1/r2016a/gcc-ar~1/bin/../lib/gcc/arm-none-eabi/4.9.3/../../../../arm-none-eabi/lib/armv7e-m/fpu\libc_nano.a(lib_a-strcmp.o)
                0x080065f4                strcmp
 *(.init)
 .init          0x08006608        0x4 c:/matlab/suppor~1/r2016a/gcc-ar~1/bin/../lib/gcc/arm-none-eabi/4.9.3/armv7e-m/fpu/crti.o
                0x08006608                _init
 .init          0x0800660c        0x8 c:/matlab/suppor~1/r2016a/gcc-ar~1/bin/../lib/gcc/arm-none-eabi/4.9.3/armv7e-m/fpu/crtn.o
 *(.fini)
 .fini          0x08006614        0x4 c:/matlab/suppor~1/r2016a/gcc-ar~1/bin/../lib/gcc/arm-none-eabi/4.9.3/armv7e-m/fpu/crti.o
                0x08006614                _fini
 .fini          0x08006618        0x8 c:/matlab/suppor~1/r2016a/gcc-ar~1/bin/../lib/gcc/arm-none-eabi/4.9.3/armv7e-m/fpu/crtn.o
 *crtbegin.o(.ctors)
 *crtbegin?.o(.ctors)
 *(EXCLUDE_FILE(*crtend.o *crtend?.o) .ctors)
 *(SORT(.ctors.*))
 *(.ctors)
 *crtbegin.o(.dtors)
 *crtbegin?.o(.dtors)
 *(EXCLUDE_FILE(*crtend.o *crtend?.o) .dtors)
 *(SORT(.dtors.*))
 *(.dtors)
 *(.rodata*)
 .rodata        0x08006620       0xac TestMotorBlock.o
 .rodata.TestMotorBlock_M
                0x080066cc        0x4 TestMotorBlock.o
                0x080066cc                TestMotorBlock_M
 .rodata.rtAlwaysEnabled.8170
                0x080066d0        0x1 TestMotorBlock.o
 *fill*         0x080066d1        0x3 
 .rodata        0x080066d4       0x3c ext_svr.o
 .rodata        0x08006710       0x2c ext_svr_serial_transport.o
 .rodata.str1.1
                0x0800673c        0x2 c:/matlab/suppor~1/r2016a/gcc-ar~1/bin/../lib/gcc/arm-none-eabi/4.9.3/../../../../arm-none-eabi/lib/armv7e-m/fpu\libc_nano.a(lib_a-impure.o)
 *fill*         0x0800673e        0x2 
 .rodata._global_impure_ptr
                0x08006740        0x4 c:/matlab/suppor~1/r2016a/gcc-ar~1/bin/../lib/gcc/arm-none-eabi/4.9.3/../../../../arm-none-eabi/lib/armv7e-m/fpu\libc_nano.a(lib_a-impure.o)
                0x08006740                _global_impure_ptr
 *(.eh_fram e*)

.eh_frame       0x08006744        0x0
 .eh_frame      0x08006744        0x0 c:/matlab/suppor~1/r2016a/gcc-ar~1/bin/../lib/gcc/arm-none-eabi/4.9.3/armv7e-m/fpu/crtbegin.o

.glue_7         0x08006744        0x0
 .glue_7        0x00000000        0x0 linker stubs

.glue_7t        0x08006744        0x0
 .glue_7t       0x00000000        0x0 linker stubs

.vfp11_veneer   0x08006744        0x0
 .vfp11_veneer  0x00000000        0x0 linker stubs

.v4_bx          0x08006744        0x0
 .v4_bx         0x00000000        0x0 linker stubs

.iplt           0x08006744        0x0
 .iplt          0x00000000        0x0 c:/matlab/suppor~1/r2016a/gcc-ar~1/bin/../lib/gcc/arm-none-eabi/4.9.3/armv7e-m/fpu/crtbegin.o

.ARM.extab
 *(.ARM.extab* .gnu.linkonce.armextab.*)
                0x08006744                __exidx_start = .

.ARM.exidx      0x08006744        0x8
 *(.ARM.exidx* .gnu.linkonce.armexidx.*)
 .ARM.exidx     0x08006744        0x8 c:/matlab/suppor~1/r2016a/gcc-ar~1/bin/../lib/gcc/arm-none-eabi/4.9.3/../../../../arm-none-eabi/lib/armv7e-m/fpu/crt0.o
                0x0800674c                __exidx_end = .

.rel.dyn        0x0800674c        0x0
 .rel.iplt      0x00000000        0x0 c:/matlab/suppor~1/r2016a/gcc-ar~1/bin/../lib/gcc/arm-none-eabi/4.9.3/armv7e-m/fpu/crtbegin.o
                0x0800674c                . = ALIGN (0x4)
                0x0800674c                _etext = .
                0x0800674c                _sidata = .

.data           0x20000000      0x174 load address 0x0800674c
                0x20000000                __data_start__ = .
                0x20000000                _sdata = __data_start__
 *(vtable)
 *(.data*)
 .data.rtDataTypeSizes
                0x20000000       0x38 TestMotorBlock.o
 .data.rtDataTypeNames
                0x20000038       0x38 TestMotorBlock.o
 .data.rtBTransitions
                0x20000070       0x20 TestMotorBlock.o
 .data.rtBTransTable
                0x20000090        0x8 TestMotorBlock.o
 .data.rtPTransitions
                0x20000098       0x20 TestMotorBlock.o
 .data.rtPTransTable
                0x200000b8        0x8 TestMotorBlock.o
 .data.TestMotorBlock_P
                0x200000c0        0x8 TestMotorBlock_data.o
                0x200000c0                TestMotorBlock_P
 .data.firstTime.8583
                0x200000c8        0x4 updown.o
 .data.modelStatus
                0x200000cc        0x1 ext_work.o
                0x200000cc                modelStatus
 *fill*         0x200000cd        0x3 
 .data.finaltime
                0x200000d0        0x8 ext_work.o
 .data.SystemCoreClock
                0x200000d8        0x4 system_stm32f4xx.o
                0x200000d8                SystemCoreClock
 .data.AHBPrescTable
                0x200000dc       0x10 system_stm32f4xx.o
                0x200000dc                AHBPrescTable
 .data.InBuffer
                0x200000ec        0x4 ext_svr_serial_transport.o
 .data.OutBuffer
                0x200000f0        0x4 ext_svr_serial_transport.o
 .data.APBAHBPrescTable
                0x200000f4       0x10 stm32f4xx_rcc.o
 .data.impure_data
                0x20000104       0x60 c:/matlab/suppor~1/r2016a/gcc-ar~1/bin/../lib/gcc/arm-none-eabi/4.9.3/../../../../arm-none-eabi/lib/armv7e-m/fpu\libc_nano.a(lib_a-impure.o)
 .data._impure_ptr
                0x20000164        0x4 c:/matlab/suppor~1/r2016a/gcc-ar~1/bin/../lib/gcc/arm-none-eabi/4.9.3/../../../../arm-none-eabi/lib/armv7e-m/fpu\libc_nano.a(lib_a-impure.o)
                0x20000164                _impure_ptr
                0x20000168                . = ALIGN (0x4)
                0x20000168                PROVIDE (__preinit_array_start, .)
 *(.preinit_array)
                0x20000168                PROVIDE (__preinit_array_end, .)
                0x20000168                . = ALIGN (0x4)
                0x20000168                PROVIDE (__init_array_start, .)
 *(SORT(.init_array.*))
 *(.init_array)
 .init_array    0x20000168        0x4 c:/matlab/suppor~1/r2016a/gcc-ar~1/bin/../lib/gcc/arm-none-eabi/4.9.3/armv7e-m/fpu/crtbegin.o
                0x2000016c                PROVIDE (__init_array_end, .)
                0x2000016c                . = ALIGN (0x4)
                0x2000016c                PROVIDE (__fini_array_start, .)
 *(SORT(.fini_array.*))
 *(.fini_array)
 .fini_array    0x2000016c        0x4 c:/matlab/suppor~1/r2016a/gcc-ar~1/bin/../lib/gcc/arm-none-eabi/4.9.3/armv7e-m/fpu/crtbegin.o
                0x20000170                PROVIDE (__fini_array_end, .)
 *(.jcr*)
 .jcr           0x20000170        0x0 c:/matlab/suppor~1/r2016a/gcc-ar~1/bin/../lib/gcc/arm-none-eabi/4.9.3/armv7e-m/fpu/crtbegin.o
 .jcr           0x20000170        0x4 c:/matlab/suppor~1/r2016a/gcc-ar~1/bin/../lib/gcc/arm-none-eabi/4.9.3/armv7e-m/fpu/crtend.o
                0x20000174                . = ALIGN (0x4)
                0x20000174                __data_end__ = .
                0x20000174                _edata = __data_end__

.igot.plt       0x20000174        0x0 load address 0x080068c0
 .igot.plt      0x00000000        0x0 c:/matlab/suppor~1/r2016a/gcc-ar~1/bin/../lib/gcc/arm-none-eabi/4.9.3/armv7e-m/fpu/crtbegin.o

.bss            0x20000178      0xe90 load address 0x080068c8
                0x20000178                . = ALIGN (0x4)
                0x20000178                _sbss = .
                0x20000178                __bss_start__ = _sbss
 *(.bss .bss.*)
 .bss           0x20000178       0x1c c:/matlab/suppor~1/r2016a/gcc-ar~1/bin/../lib/gcc/arm-none-eabi/4.9.3/armv7e-m/fpu/crtbegin.o
 .bss.rt_ExtModeInfo.8171
                0x20000194       0x14 TestMotorBlock.o
 .bss.systemRan.8172
                0x200001a8        0x4 TestMotorBlock.o
 .bss.dtInfo.8173
                0x200001ac       0x24 TestMotorBlock.o
 .bss.initDone.7496
                0x200001d0        0x1 MotorControl.o
 .bss.connected
                0x200001d1        0x1 ext_svr.o
 .bss.commInitialized
                0x200001d2        0x1 ext_svr.o
 .bss.gblSetParamPktReceived
                0x200001d3        0x1 ext_svr.o
                0x200001d3                gblSetParamPktReceived
 .bss.extUD     0x200001d4        0x4 ext_svr.o
 .bss.pktBufSize
                0x200001d8        0x4 ext_svr.o
 .bss.pktBuf    0x200001dc        0x4 ext_svr.o
 .bss.ERRMSG_PROCESSSELECTSIGNAL
                0x200001e0        0x4 ext_svr.o
 .bss.ERRMSG_PROCESSSELECTTRIGGER
                0x200001e4        0x4 ext_svr.o
 .bss.buffer.8480
                0x200001e8        0x1 ext_svr.o
 .bss.host_upstatus_is_uploading
                0x200001e9        0x1 updown.o
                0x200001e9                host_upstatus_is_uploading
 *fill*         0x200001ea        0x6 
 .bss.uploadInfoArray
                0x200001f0       0xe0 updown.o
 .bss.startModel
                0x200002d0        0x4 ext_work.o
                0x200002d0                startModel
 .bss.heap_end  0x200002d4        0x4 syscalls_stm32f4xx.o
                0x200002d4                heap_end
 .bss.UD        0x200002d8        0x4 rtiostream_serial_interface.o
 .bss.serialPort.8417
                0x200002dc        0x4 rtiostream_serial_interface.o
 .bss.buffer1st
                0x200002e0       0x24 ext_svr_serial_transport.o
 .bss.buffer2nd
                0x20000304       0x24 ext_svr_serial_transport.o
 .bss.waitForAck
                0x20000328        0x1 ext_svr_serial_transport.o
 *fill*         0x20000329        0x3 
 .bss.FreeFIFOHead
                0x2000032c        0x4 ext_svr_serial_transport.o
 .bss.FreeFIFOTail
                0x20000330        0x4 ext_svr_serial_transport.o
 .bss.PktFIFOHead
                0x20000334        0x4 ext_svr_serial_transport.o
 .bss.PktFIFOTail
                0x20000338        0x4 ext_svr_serial_transport.o
 .bss.UD.8580   0x2000033c        0x8 ext_svr_serial_transport.o
 .bss.MW_USART_ERRNO
                0x20000344        0x4 rtiostream_serial_dma_stm32f4xx.o
                0x20000344                MW_USART_ERRNO
 .bss.UART_rxBuffer
                0x20000348      0x800 rtiostream_serial_dma_stm32f4xx.o
 .bss.UART_txBuffer
                0x20000b48      0x400 rtiostream_serial_dma_stm32f4xx.o
 .bss.UART_Rx   0x20000f48        0x8 rtiostream_serial_dma_stm32f4xx.o
 .bss.UART_Tx   0x20000f50       0x48 rtiostream_serial_dma_stm32f4xx.o
 .bss.IsrOverrun
                0x20000f98        0x4 ert_main.o
                0x20000f98                IsrOverrun
 .bss.OverrunFlag
                0x20000f9c        0x1 ert_main.o
 *fill*         0x20000f9d        0x3 
 .bss.__malloc_sbrk_start
                0x20000fa0        0x4 c:/matlab/suppor~1/r2016a/gcc-ar~1/bin/../lib/gcc/arm-none-eabi/4.9.3/../../../../arm-none-eabi/lib/armv7e-m/fpu\libc_nano.a(lib_a-nano-mallocr.o)
                0x20000fa0                __malloc_sbrk_start
 .bss.__malloc_free_list
                0x20000fa4        0x4 c:/matlab/suppor~1/r2016a/gcc-ar~1/bin/../lib/gcc/arm-none-eabi/4.9.3/../../../../arm-none-eabi/lib/armv7e-m/fpu\libc_nano.a(lib_a-nano-mallocr.o)
                0x20000fa4                __malloc_free_list
 *(COMMON)
 COMMON         0x20000fa8       0x52 TestMotorBlock.o
                0x20000fa8                TestMotorBlock_DW
                0x20000fb0                TestMotorBlock_M_
                0x20000ff8                TestMotorBlock_B
 *fill*         0x20000ffa        0x2 
 COMMON         0x20000ffc        0x8 SysTickScheduler.o
                0x20000ffc                schdl_counter_max
                0x20001000                schdl_counter
 COMMON         0x20001004        0x4 c:/matlab/suppor~1/r2016a/gcc-ar~1/bin/../lib/gcc/arm-none-eabi/4.9.3/../../../../arm-none-eabi/lib/armv7e-m/fpu\libc_nano.a(lib_a-reent.o)
                0x20001004                errno
                0x20001008                . = ALIGN (0x4)
                0x20001008                _ebss = .
                0x20001008                __bss_end__ = _ebss

.co_stack       0x10000000     0x2040
                0x10000000                . = ALIGN (0x8)
                0x10000000                __stack_end__ = .
 *(.co_stack .co_stack.*)
 .co_stack      0x10000000     0x2040 startup_stm32f4xx.o
                0x10000000                pulStack
                0x10002040                __stack_start__ = .
                0x10002040                . = ALIGN (0x8)
                0x10002040                _end_ccmram = .
                0x10002040                PROVIDE (_sheap, _end_ccmram)
                0x10010000                PROVIDE (_eheap, ALIGN ((ORIGIN (CCMRAM) + 0x10000), 0x8))
                0x10002040                PROVIDE (__stack, __stack_start__)
OUTPUT(../TestMotorBlock.elf elf32-littlearm)

.ARM.attributes
                0x00000000       0x30
 .ARM.attributes
                0x00000000       0x22 c:/matlab/suppor~1/r2016a/gcc-ar~1/bin/../lib/gcc/arm-none-eabi/4.9.3/armv7e-m/fpu/crti.o
 .ARM.attributes
                0x00000022       0x34 c:/matlab/suppor~1/r2016a/gcc-ar~1/bin/../lib/gcc/arm-none-eabi/4.9.3/armv7e-m/fpu/crtbegin.o
 .ARM.attributes
                0x00000056       0x20 c:/matlab/suppor~1/r2016a/gcc-ar~1/bin/../lib/gcc/arm-none-eabi/4.9.3/../../../../arm-none-eabi/lib/armv7e-m/fpu/crt0.o
 .ARM.attributes
                0x00000076       0x39 TestMotorBlock.o
 .ARM.attributes
                0x000000af       0x39 TestMotorBlock_data.o
 .ARM.attributes
                0x000000e8       0x39 ADC.o
 .ARM.attributes
                0x00000121       0x39 stm32f4xx_adc.o
 .ARM.attributes
                0x0000015a       0x39 stm32f4xx_tim.o
 .ARM.attributes
                0x00000193       0x39 MotorControl.o
 .ARM.attributes
                0x000001cc       0x39 Motor_wrapper.o
 .ARM.attributes
                0x00000205       0x39 ext_svr.o
 .ARM.attributes
                0x0000023e       0x39 updown.o
 .ARM.attributes
                0x00000277       0x39 ext_work.o
 .ARM.attributes
                0x000002b0       0x39 rtiostream_utils.o
 .ARM.attributes
                0x000002e9       0x39 blapp_support.o
 .ARM.attributes
                0x00000322       0x39 startup_stm32f4xx.o
 .ARM.attributes
                0x0000035b       0x39 syscalls_stm32f4xx.o
 .ARM.attributes
                0x00000394       0x39 stm32f4xx_init_board.o
 .ARM.attributes
                0x000003cd       0x39 system_stm32f4xx.o
 .ARM.attributes
                0x00000406       0x39 SysTickScheduler.o
 .ARM.attributes
                0x0000043f       0x39 m3m4m4f_multitasking.o
 .ARM.attributes
                0x00000478       0x39 ext_serial_pkt.o
 .ARM.attributes
                0x000004b1       0x39 rtiostream_serial_interface.o
 .ARM.attributes
                0x000004ea       0x39 ext_svr_serial_transport.o
 .ARM.attributes
                0x00000523       0x39 rtiostream_serial_dma_stm32f4xx.o
 .ARM.attributes
                0x0000055c       0x39 stm32f4xx_usart.o
 .ARM.attributes
                0x00000595       0x39 stm32f4xx_rcc.o
 .ARM.attributes
                0x000005ce       0x39 stm32f4xx_gpio.o
 .ARM.attributes
                0x00000607       0x39 stm32f4xx_dma.o
 .ARM.attributes
                0x00000640       0x39 misc.o
 .ARM.attributes
                0x00000679       0x39 ert_main.o
 .ARM.attributes
                0x000006b2       0x22 c:/matlab/suppor~1/r2016a/gcc-ar~1/bin/../lib/gcc/arm-none-eabi/4.9.3/armv7e-m/fpu\libgcc.a(_arm_addsubdf3.o)
 .ARM.attributes
                0x000006d4       0x22 c:/matlab/suppor~1/r2016a/gcc-ar~1/bin/../lib/gcc/arm-none-eabi/4.9.3/armv7e-m/fpu\libgcc.a(_arm_muldivdf3.o)
 .ARM.attributes
                0x000006f6       0x22 c:/matlab/suppor~1/r2016a/gcc-ar~1/bin/../lib/gcc/arm-none-eabi/4.9.3/armv7e-m/fpu\libgcc.a(_arm_cmpdf2.o)
 .ARM.attributes
                0x00000718       0x34 c:/matlab/suppor~1/r2016a/gcc-ar~1/bin/../lib/gcc/arm-none-eabi/4.9.3/../../../../arm-none-eabi/lib/armv7e-m/fpu\libc_nano.a(lib_a-calloc.o)
 .ARM.attributes
                0x0000074c       0x34 c:/matlab/suppor~1/r2016a/gcc-ar~1/bin/../lib/gcc/arm-none-eabi/4.9.3/../../../../arm-none-eabi/lib/armv7e-m/fpu\libc_nano.a(lib_a-exit.o)
 .ARM.attributes
                0x00000780       0x34 c:/matlab/suppor~1/r2016a/gcc-ar~1/bin/../lib/gcc/arm-none-eabi/4.9.3/../../../../arm-none-eabi/lib/armv7e-m/fpu\libc_nano.a(lib_a-impure.o)
 .ARM.attributes
                0x000007b4       0x34 c:/matlab/suppor~1/r2016a/gcc-ar~1/bin/../lib/gcc/arm-none-eabi/4.9.3/../../../../arm-none-eabi/lib/armv7e-m/fpu\libc_nano.a(lib_a-init.o)
 .ARM.attributes
                0x000007e8       0x34 c:/matlab/suppor~1/r2016a/gcc-ar~1/bin/../lib/gcc/arm-none-eabi/4.9.3/../../../../arm-none-eabi/lib/armv7e-m/fpu\libc_nano.a(lib_a-malloc.o)
 .ARM.attributes
                0x0000081c       0x34 c:/matlab/suppor~1/r2016a/gcc-ar~1/bin/../lib/gcc/arm-none-eabi/4.9.3/../../../../arm-none-eabi/lib/armv7e-m/fpu\libc_nano.a(lib_a-memcpy.o)
 .ARM.attributes
                0x00000850       0x34 c:/matlab/suppor~1/r2016a/gcc-ar~1/bin/../lib/gcc/arm-none-eabi/4.9.3/../../../../arm-none-eabi/lib/armv7e-m/fpu\libc_nano.a(lib_a-memset.o)
 .ARM.attributes
                0x00000884       0x34 c:/matlab/suppor~1/r2016a/gcc-ar~1/bin/../lib/gcc/arm-none-eabi/4.9.3/../../../../arm-none-eabi/lib/armv7e-m/fpu\libc_nano.a(lib_a-nano-callocr.o)
 .ARM.attributes
                0x000008b8       0x34 c:/matlab/suppor~1/r2016a/gcc-ar~1/bin/../lib/gcc/arm-none-eabi/4.9.3/../../../../arm-none-eabi/lib/armv7e-m/fpu\libc_nano.a(lib_a-nano-freer.o)
 .ARM.attributes
                0x000008ec       0x34 c:/matlab/suppor~1/r2016a/gcc-ar~1/bin/../lib/gcc/arm-none-eabi/4.9.3/../../../../arm-none-eabi/lib/armv7e-m/fpu\libc_nano.a(lib_a-nano-mallocr.o)
 .ARM.attributes
                0x00000920       0x34 c:/matlab/suppor~1/r2016a/gcc-ar~1/bin/../lib/gcc/arm-none-eabi/4.9.3/../../../../arm-none-eabi/lib/armv7e-m/fpu\libc_nano.a(lib_a-reent.o)
 .ARM.attributes
                0x00000954       0x34 c:/matlab/suppor~1/r2016a/gcc-ar~1/bin/../lib/gcc/arm-none-eabi/4.9.3/../../../../arm-none-eabi/lib/armv7e-m/fpu\libc_nano.a(lib_a-sbrkr.o)
 .ARM.attributes
                0x00000988       0x20 c:/matlab/suppor~1/r2016a/gcc-ar~1/bin/../lib/gcc/arm-none-eabi/4.9.3/../../../../arm-none-eabi/lib/armv7e-m/fpu\libc_nano.a(lib_a-strcmp.o)
 .ARM.attributes
                0x000009a8       0x34 c:/matlab/suppor~1/r2016a/gcc-ar~1/bin/../lib/gcc/arm-none-eabi/4.9.3/armv7e-m/fpu/crtend.o
 .ARM.attributes
                0x000009dc       0x22 c:/matlab/suppor~1/r2016a/gcc-ar~1/bin/../lib/gcc/arm-none-eabi/4.9.3/armv7e-m/fpu/crtn.o

.comment        0x00000000       0x70
 .comment       0x00000000       0x70 TestMotorBlock.o
                                 0x71 (size before relaxing)
 .comment       0x00000000       0x71 TestMotorBlock_data.o
 .comment       0x00000000       0x71 ADC.o
 .comment       0x00000000       0x71 stm32f4xx_adc.o
 .comment       0x00000000       0x71 stm32f4xx_tim.o
 .comment       0x00000000       0x71 MotorControl.o
 .comment       0x00000000       0x71 Motor_wrapper.o
 .comment       0x00000000       0x71 ext_svr.o
 .comment       0x00000000       0x71 updown.o
 .comment       0x00000000       0x71 ext_work.o
 .comment       0x00000000       0x71 rtiostream_utils.o
 .comment       0x00000000       0x71 blapp_support.o
 .comment       0x00000000       0x71 startup_stm32f4xx.o
 .comment       0x00000000       0x71 syscalls_stm32f4xx.o
 .comment       0x00000000       0x71 stm32f4xx_init_board.o
 .comment       0x00000000       0x71 system_stm32f4xx.o
 .comment       0x00000000       0x71 SysTickScheduler.o
 .comment       0x00000000       0x71 m3m4m4f_multitasking.o
 .comment       0x00000000       0x71 ext_serial_pkt.o
 .comment       0x00000000       0x71 rtiostream_serial_interface.o
 .comment       0x00000000       0x71 ext_svr_serial_transport.o
 .comment       0x00000000       0x71 rtiostream_serial_dma_stm32f4xx.o
 .comment       0x00000000       0x71 stm32f4xx_usart.o
 .comment       0x00000000       0x71 stm32f4xx_rcc.o
 .comment       0x00000000       0x71 stm32f4xx_gpio.o
 .comment       0x00000000       0x71 stm32f4xx_dma.o
 .comment       0x00000000       0x71 misc.o
 .comment       0x00000000       0x71 ert_main.o

.debug_frame    0x00000000      0x1f8
 .debug_frame   0x00000000       0x20 c:/matlab/suppor~1/r2016a/gcc-ar~1/bin/../lib/gcc/arm-none-eabi/4.9.3/../../../../arm-none-eabi/lib/armv7e-m/fpu\libc_nano.a(lib_a-calloc.o)
 .debug_frame   0x00000020       0x28 c:/matlab/suppor~1/r2016a/gcc-ar~1/bin/../lib/gcc/arm-none-eabi/4.9.3/../../../../arm-none-eabi/lib/armv7e-m/fpu\libc_nano.a(lib_a-exit.o)
 .debug_frame   0x00000048       0x2c c:/matlab/suppor~1/r2016a/gcc-ar~1/bin/../lib/gcc/arm-none-eabi/4.9.3/../../../../arm-none-eabi/lib/armv7e-m/fpu\libc_nano.a(lib_a-init.o)
 .debug_frame   0x00000074       0x30 c:/matlab/suppor~1/r2016a/gcc-ar~1/bin/../lib/gcc/arm-none-eabi/4.9.3/../../../../arm-none-eabi/lib/armv7e-m/fpu\libc_nano.a(lib_a-malloc.o)
 .debug_frame   0x000000a4       0x28 c:/matlab/suppor~1/r2016a/gcc-ar~1/bin/../lib/gcc/arm-none-eabi/4.9.3/../../../../arm-none-eabi/lib/armv7e-m/fpu\libc_nano.a(lib_a-memcpy.o)
 .debug_frame   0x000000cc       0x20 c:/matlab/suppor~1/r2016a/gcc-ar~1/bin/../lib/gcc/arm-none-eabi/4.9.3/../../../../arm-none-eabi/lib/armv7e-m/fpu\libc_nano.a(lib_a-memset.o)
 .debug_frame   0x000000ec       0x2c c:/matlab/suppor~1/r2016a/gcc-ar~1/bin/../lib/gcc/arm-none-eabi/4.9.3/../../../../arm-none-eabi/lib/armv7e-m/fpu\libc_nano.a(lib_a-nano-callocr.o)
 .debug_frame   0x00000118       0x2c c:/matlab/suppor~1/r2016a/gcc-ar~1/bin/../lib/gcc/arm-none-eabi/4.9.3/../../../../arm-none-eabi/lib/armv7e-m/fpu\libc_nano.a(lib_a-nano-freer.o)
 .debug_frame   0x00000144       0x2c c:/matlab/suppor~1/r2016a/gcc-ar~1/bin/../lib/gcc/arm-none-eabi/4.9.3/../../../../arm-none-eabi/lib/armv7e-m/fpu\libc_nano.a(lib_a-nano-mallocr.o)
 .debug_frame   0x00000170       0x5c c:/matlab/suppor~1/r2016a/gcc-ar~1/bin/../lib/gcc/arm-none-eabi/4.9.3/../../../../arm-none-eabi/lib/armv7e-m/fpu\libc_nano.a(lib_a-reent.o)
 .debug_frame   0x000001cc       0x2c c:/matlab/suppor~1/r2016a/gcc-ar~1/bin/../lib/gcc/arm-none-eabi/4.9.3/../../../../arm-none-eabi/lib/armv7e-m/fpu\libc_nano.a(lib_a-sbrkr.o)
