Archive member included because of file (symbol)

c:/matlab/suppor~1/r2016a/gcc-ar~1/bin/../lib/gcc/arm-none-eabi/4.9.3/armv7e-m/fpu\libgcc.a(_arm_addsubdf3.o)
                              SingleBlockSensoren.o (__aeabi_dsub)
c:/matlab/suppor~1/r2016a/gcc-ar~1/bin/../lib/gcc/arm-none-eabi/4.9.3/armv7e-m/fpu\libgcc.a(_arm_muldivdf3.o)
                              SingleBlockSensoren.o (__aeabi_dmul)
c:/matlab/suppor~1/r2016a/gcc-ar~1/bin/../lib/gcc/arm-none-eabi/4.9.3/armv7e-m/fpu\libgcc.a(_arm_cmpdf2.o)
                              SingleBlockSensoren.o (__aeabi_dcmpeq)
c:/matlab/suppor~1/r2016a/gcc-ar~1/bin/../lib/gcc/arm-none-eabi/4.9.3/../../../../arm-none-eabi/lib/armv7e-m/fpu\libc_nano.a(lib_a-calloc.o)
                              updown.o (calloc)
c:/matlab/suppor~1/r2016a/gcc-ar~1/bin/../lib/gcc/arm-none-eabi/4.9.3/../../../../arm-none-eabi/lib/armv7e-m/fpu\libc_nano.a(lib_a-exit.o)
                              c:/matlab/suppor~1/r2016a/gcc-ar~1/bin/../lib/gcc/arm-none-eabi/4.9.3/../../../../arm-none-eabi/lib/armv7e-m/fpu/crt0.o (exit)
c:/matlab/suppor~1/r2016a/gcc-ar~1/bin/../lib/gcc/arm-none-eabi/4.9.3/../../../../arm-none-eabi/lib/armv7e-m/fpu\libc_nano.a(lib_a-impure.o)
                              c:/matlab/suppor~1/r2016a/gcc-ar~1/bin/../lib/gcc/arm-none-eabi/4.9.3/../../../../arm-none-eabi/lib/armv7e-m/fpu\libc_nano.a(lib_a-exit.o) (_global_impure_ptr)
c:/matlab/suppor~1/r2016a/gcc-ar~1/bin/../lib/gcc/arm-none-eabi/4.9.3/../../../../arm-none-eabi/lib/armv7e-m/fpu\libc_nano.a(lib_a-init.o)
                              c:/matlab/suppor~1/r2016a/gcc-ar~1/bin/../lib/gcc/arm-none-eabi/4.9.3/../../../../arm-none-eabi/lib/armv7e-m/fpu/crt0.o (__libc_init_array)
c:/matlab/suppor~1/r2016a/gcc-ar~1/bin/../lib/gcc/arm-none-eabi/4.9.3/../../../../arm-none-eabi/lib/armv7e-m/fpu\libc_nano.a(lib_a-malloc.o)
                              ext_svr.o (malloc)
c:/matlab/suppor~1/r2016a/gcc-ar~1/bin/../lib/gcc/arm-none-eabi/4.9.3/../../../../arm-none-eabi/lib/armv7e-m/fpu\libc_nano.a(lib_a-memcpy.o)
                              ext_svr.o (memcpy)
c:/matlab/suppor~1/r2016a/gcc-ar~1/bin/../lib/gcc/arm-none-eabi/4.9.3/../../../../arm-none-eabi/lib/armv7e-m/fpu\libc_nano.a(lib_a-memset.o)
                              c:/matlab/suppor~1/r2016a/gcc-ar~1/bin/../lib/gcc/arm-none-eabi/4.9.3/../../../../arm-none-eabi/lib/armv7e-m/fpu/crt0.o (memset)
c:/matlab/suppor~1/r2016a/gcc-ar~1/bin/../lib/gcc/arm-none-eabi/4.9.3/../../../../arm-none-eabi/lib/armv7e-m/fpu\libc_nano.a(lib_a-nano-callocr.o)
                              c:/matlab/suppor~1/r2016a/gcc-ar~1/bin/../lib/gcc/arm-none-eabi/4.9.3/../../../../arm-none-eabi/lib/armv7e-m/fpu\libc_nano.a(lib_a-calloc.o) (_calloc_r)
c:/matlab/suppor~1/r2016a/gcc-ar~1/bin/../lib/gcc/arm-none-eabi/4.9.3/../../../../arm-none-eabi/lib/armv7e-m/fpu\libc_nano.a(lib_a-nano-freer.o)
                              c:/matlab/suppor~1/r2016a/gcc-ar~1/bin/../lib/gcc/arm-none-eabi/4.9.3/../../../../arm-none-eabi/lib/armv7e-m/fpu\libc_nano.a(lib_a-malloc.o) (_free_r)
c:/matlab/suppor~1/r2016a/gcc-ar~1/bin/../lib/gcc/arm-none-eabi/4.9.3/../../../../arm-none-eabi/lib/armv7e-m/fpu\libc_nano.a(lib_a-nano-mallocr.o)
                              c:/matlab/suppor~1/r2016a/gcc-ar~1/bin/../lib/gcc/arm-none-eabi/4.9.3/../../../../arm-none-eabi/lib/armv7e-m/fpu\libc_nano.a(lib_a-malloc.o) (_malloc_r)
c:/matlab/suppor~1/r2016a/gcc-ar~1/bin/../lib/gcc/arm-none-eabi/4.9.3/../../../../arm-none-eabi/lib/armv7e-m/fpu\libc_nano.a(lib_a-reent.o)
                              syscalls_stm32f4xx.o (errno)
c:/matlab/suppor~1/r2016a/gcc-ar~1/bin/../lib/gcc/arm-none-eabi/4.9.3/../../../../arm-none-eabi/lib/armv7e-m/fpu\libc_nano.a(lib_a-sbrkr.o)
                              c:/matlab/suppor~1/r2016a/gcc-ar~1/bin/../lib/gcc/arm-none-eabi/4.9.3/../../../../arm-none-eabi/lib/armv7e-m/fpu\libc_nano.a(lib_a-nano-mallocr.o) (_sbrk_r)
c:/matlab/suppor~1/r2016a/gcc-ar~1/bin/../lib/gcc/arm-none-eabi/4.9.3/../../../../arm-none-eabi/lib/armv7e-m/fpu\libc_nano.a(lib_a-strcmp.o)
                              ext_svr_serial_transport.o (strcmp)

Allocating common symbols
Common symbol       size              file

errno               0x4               c:/matlab/suppor~1/r2016a/gcc-ar~1/bin/../lib/gcc/arm-none-eabi/4.9.3/../../../../arm-none-eabi/lib/armv7e-m/fpu\libc_nano.a(lib_a-reent.o)
SingleBlockSensoren_B
                    0x4               SingleBlockSensoren.o
SingleBlockSensoren_DW
                    0x10              SingleBlockSensoren.o
schdl_counter_max   0x4               SysTickScheduler.o
SingleBlockSensoren_M_
                    0x48              SingleBlockSensoren.o
schdl_counter       0x4               SysTickScheduler.o

Discarded input sections

 .text          0x00000000        0x0 c:/matlab/suppor~1/r2016a/gcc-ar~1/bin/../lib/gcc/arm-none-eabi/4.9.3/armv7e-m/fpu/crti.o
 .data          0x00000000        0x0 c:/matlab/suppor~1/r2016a/gcc-ar~1/bin/../lib/gcc/arm-none-eabi/4.9.3/armv7e-m/fpu/crti.o
 .bss           0x00000000        0x0 c:/matlab/suppor~1/r2016a/gcc-ar~1/bin/../lib/gcc/arm-none-eabi/4.9.3/armv7e-m/fpu/crti.o
 .data          0x00000000        0x4 c:/matlab/suppor~1/r2016a/gcc-ar~1/bin/../lib/gcc/arm-none-eabi/4.9.3/armv7e-m/fpu/crtbegin.o
 .data          0x00000000        0x0 c:/matlab/suppor~1/r2016a/gcc-ar~1/bin/../lib/gcc/arm-none-eabi/4.9.3/../../../../arm-none-eabi/lib/armv7e-m/fpu/crt0.o
 .bss           0x00000000        0x0 c:/matlab/suppor~1/r2016a/gcc-ar~1/bin/../lib/gcc/arm-none-eabi/4.9.3/../../../../arm-none-eabi/lib/armv7e-m/fpu/crt0.o
 .ARM.extab     0x00000000        0x0 c:/matlab/suppor~1/r2016a/gcc-ar~1/bin/../lib/gcc/arm-none-eabi/4.9.3/../../../../arm-none-eabi/lib/armv7e-m/fpu/crt0.o
 .text          0x00000000        0x0 SingleBlockSensoren.o
 .data          0x00000000        0x0 SingleBlockSensoren.o
 .bss           0x00000000        0x0 SingleBlockSensoren.o
 .text          0x00000000        0x0 SingleBlockSensoren_data.o
 .data          0x00000000        0x0 SingleBlockSensoren_data.o
 .bss           0x00000000        0x0 SingleBlockSensoren_data.o
 .text          0x00000000        0x0 MPU6050.o
 .data          0x00000000        0x0 MPU6050.o
 .bss           0x00000000        0x0 MPU6050.o
 .text.readMPU6050_YAcceleration
                0x00000000       0x38 MPU6050.o
 .text.readMPU6050_ZAcceleration
                0x00000000       0x38 MPU6050.o
 .text.readMPU6050_XGyroscope
                0x00000000       0x38 MPU6050.o
 .text.readMPU6050_YGyroscope
                0x00000000       0x38 MPU6050.o
 .text          0x00000000        0x0 stm32f4xx_i2c.o
 .data          0x00000000        0x0 stm32f4xx_i2c.o
 .bss           0x00000000        0x0 stm32f4xx_i2c.o
 .text.I2C_DeInit
                0x00000000       0x74 stm32f4xx_i2c.o
 .text.I2C_StructInit
                0x00000000       0x3c stm32f4xx_i2c.o
 .text.I2C_OwnAddress2Config
                0x00000000       0x40 stm32f4xx_i2c.o
 .text.I2C_DualAddressCmd
                0x00000000       0x40 stm32f4xx_i2c.o
 .text.I2C_GeneralCallCmd
                0x00000000       0x40 stm32f4xx_i2c.o
 .text.I2C_SoftwareResetCmd
                0x00000000       0x44 stm32f4xx_i2c.o
 .text.I2C_StretchClockCmd
                0x00000000       0x40 stm32f4xx_i2c.o
 .text.I2C_FastModeDutyCycleConfig
                0x00000000       0x40 stm32f4xx_i2c.o
 .text.I2C_NACKPositionConfig
                0x00000000       0x40 stm32f4xx_i2c.o
 .text.I2C_SMBusAlertConfig
                0x00000000       0x40 stm32f4xx_i2c.o
 .text.I2C_ARPCmd
                0x00000000       0x40 stm32f4xx_i2c.o
 .text.I2C_TransmitPEC
                0x00000000       0x40 stm32f4xx_i2c.o
 .text.I2C_PECPositionConfig
                0x00000000       0x40 stm32f4xx_i2c.o
 .text.I2C_CalculatePEC
                0x00000000       0x40 stm32f4xx_i2c.o
 .text.I2C_GetPEC
                0x00000000       0x20 stm32f4xx_i2c.o
 .text.I2C_DMACmd
                0x00000000       0x40 stm32f4xx_i2c.o
 .text.I2C_DMALastTransferCmd
                0x00000000       0x40 stm32f4xx_i2c.o
 .text.I2C_ReadRegister
                0x00000000       0x30 stm32f4xx_i2c.o
 .text.I2C_ITConfig
                0x00000000       0x48 stm32f4xx_i2c.o
 .text.I2C_GetLastEvent
                0x00000000       0x44 stm32f4xx_i2c.o
 .text.I2C_GetFlagStatus
                0x00000000       0x68 stm32f4xx_i2c.o
 .text.I2C_ClearFlag
                0x00000000       0x2c stm32f4xx_i2c.o
 .text.I2C_GetITStatus
                0x00000000       0x5c stm32f4xx_i2c.o
 .text.I2C_ClearITPendingBit
                0x00000000       0x2c stm32f4xx_i2c.o
 .text          0x00000000        0x0 ext_svr.o
 .data          0x00000000        0x0 ext_svr.o
 .bss           0x00000000        0x0 ext_svr.o
 .text          0x00000000        0x0 updown.o
 .data          0x00000000        0x0 updown.o
 .bss           0x00000000        0x0 updown.o
 .text          0x00000000        0x0 ext_work.o
 .data          0x00000000        0x0 ext_work.o
 .bss           0x00000000        0x0 ext_work.o
 .text.rtExtModePauseIfNeeded
                0x00000000       0x58 ext_work.o
 .text.rtExtModeParseArgs
                0x00000000       0x1c ext_work.o
 .text.displayUsage
                0x00000000        0xc ext_work.o
 .rodata.RUN_FOREVER
                0x00000000        0x8 ext_work.o
 .text          0x00000000        0x0 rtiostream_utils.o
 .data          0x00000000        0x0 rtiostream_utils.o
 .bss           0x00000000        0x0 rtiostream_utils.o
 .text          0x00000000        0x0 Sensoren_CustomBlock_wrapper.o
 .data          0x00000000        0x0 Sensoren_CustomBlock_wrapper.o
 .bss           0x00000000        0x0 Sensoren_CustomBlock_wrapper.o
 .text          0x00000000        0x0 blapp_support.o
 .data          0x00000000        0x0 blapp_support.o
 .bss           0x00000000        0x0 blapp_support.o
 .text.bootloaderBackgroundTask
                0x00000000        0xc blapp_support.o
 .text          0x00000000        0x0 startup_stm32f4xx.o
 .data          0x00000000        0x0 startup_stm32f4xx.o
 .bss           0x00000000        0x0 startup_stm32f4xx.o
 .text          0x00000000        0x0 syscalls_stm32f4xx.o
 .data          0x00000000        0x0 syscalls_stm32f4xx.o
 .bss           0x00000000        0x0 syscalls_stm32f4xx.o
 .text._close   0x00000000       0x18 syscalls_stm32f4xx.o
 .text._fstat   0x00000000       0x20 syscalls_stm32f4xx.o
 .text._isatty  0x00000000       0x18 syscalls_stm32f4xx.o
 .text._lseek   0x00000000       0x1c syscalls_stm32f4xx.o
 .text._open    0x00000000       0x1c syscalls_stm32f4xx.o
 .text._read    0x00000000       0x1c syscalls_stm32f4xx.o
 .text._write   0x00000000       0x1c syscalls_stm32f4xx.o
 .text          0x00000000        0x0 stm32f4xx_init_board.o
 .data          0x00000000        0x0 stm32f4xx_init_board.o
 .bss           0x00000000        0x0 stm32f4xx_init_board.o
 .text          0x00000000        0x0 system_stm32f4xx.o
 .data          0x00000000        0x0 system_stm32f4xx.o
 .bss           0x00000000        0x0 system_stm32f4xx.o
 .text          0x00000000        0x0 SysTickScheduler.o
 .data          0x00000000        0x0 SysTickScheduler.o
 .bss           0x00000000        0x0 SysTickScheduler.o
 .text          0x00000000        0x0 m3m4m4f_multitasking.o
 .data          0x00000000        0x0 m3m4m4f_multitasking.o
 .bss           0x00000000        0x0 m3m4m4f_multitasking.o
 .text          0x00000000        0x0 ext_serial_pkt.o
 .data          0x00000000        0x0 ext_serial_pkt.o
 .bss           0x00000000        0x0 ext_serial_pkt.o
 .text          0x00000000        0x0 rtiostream_serial_interface.o
 .data          0x00000000        0x0 rtiostream_serial_interface.o
 .bss           0x00000000        0x0 rtiostream_serial_interface.o
 .text          0x00000000        0x0 ext_svr_serial_transport.o
 .data          0x00000000        0x0 ext_svr_serial_transport.o
 .bss           0x00000000        0x0 ext_svr_serial_transport.o
 .text          0x00000000        0x0 rtiostream_serial_dma_stm32f4xx.o
 .data          0x00000000        0x0 rtiostream_serial_dma_stm32f4xx.o
 .bss           0x00000000        0x0 rtiostream_serial_dma_stm32f4xx.o
 .text.rtIOStreamSend2
                0x00000000       0x60 rtiostream_serial_dma_stm32f4xx.o
 .text          0x00000000        0x0 stm32f4xx_usart.o
 .data          0x00000000        0x0 stm32f4xx_usart.o
 .bss           0x00000000        0x0 stm32f4xx_usart.o
 .text.USART_DeInit
                0x00000000       0xd0 stm32f4xx_usart.o
 .text.USART_ClockInit
                0x00000000       0x54 stm32f4xx_usart.o
 .text.USART_ClockStructInit
                0x00000000       0x2c stm32f4xx_usart.o
 .text.USART_SetPrescaler
                0x00000000       0x38 stm32f4xx_usart.o
 .text.USART_OverSampling8Cmd
                0x00000000       0x44 stm32f4xx_usart.o
 .text.USART_OneBitMethodCmd
                0x00000000       0x40 stm32f4xx_usart.o
 .text.USART_SendData
                0x00000000       0x24 stm32f4xx_usart.o
 .text.USART_ReceiveData
                0x00000000       0x20 stm32f4xx_usart.o
 .text.USART_SetAddress
                0x00000000       0x38 stm32f4xx_usart.o
 .text.USART_ReceiverWakeUpCmd
                0x00000000       0x40 stm32f4xx_usart.o
 .text.USART_WakeUpConfig
                0x00000000       0x38 stm32f4xx_usart.o
 .text.USART_LINBreakDetectLengthConfig
                0x00000000       0x38 stm32f4xx_usart.o
 .text.USART_LINCmd
                0x00000000       0x40 stm32f4xx_usart.o
 .text.USART_SendBreak
                0x00000000       0x24 stm32f4xx_usart.o
 .text.USART_HalfDuplexCmd
                0x00000000       0x40 stm32f4xx_usart.o
 .text.USART_SetGuardTime
                0x00000000       0x3c stm32f4xx_usart.o
 .text.USART_SmartCardCmd
                0x00000000       0x40 stm32f4xx_usart.o
 .text.USART_SmartCardNACKCmd
                0x00000000       0x40 stm32f4xx_usart.o
 .text.USART_IrDAConfig
                0x00000000       0x38 stm32f4xx_usart.o
 .text.USART_IrDACmd
                0x00000000       0x40 stm32f4xx_usart.o
 .text.USART_ITConfig
                0x00000000       0x90 stm32f4xx_usart.o
 .text.USART_GetFlagStatus
                0x00000000       0x38 stm32f4xx_usart.o
 .text.USART_ClearFlag
                0x00000000       0x20 stm32f4xx_usart.o
 .text.USART_GetITStatus
                0x00000000       0xb8 stm32f4xx_usart.o
 .text.USART_ClearITPendingBit
                0x00000000       0x38 stm32f4xx_usart.o
 .text          0x00000000        0x0 stm32f4xx_rcc.o
 .data          0x00000000        0x0 stm32f4xx_rcc.o
 .bss           0x00000000        0x0 stm32f4xx_rcc.o
 .text.RCC_DeInit
                0x00000000       0x50 stm32f4xx_rcc.o
 .text.RCC_HSEConfig
                0x00000000       0x24 stm32f4xx_rcc.o
 .text.RCC_WaitForHSEStartUp
                0x00000000       0x50 stm32f4xx_rcc.o
 .text.RCC_AdjustHSICalibrationValue
                0x00000000       0x3c stm32f4xx_rcc.o
 .text.RCC_HSICmd
                0x00000000       0x20 stm32f4xx_rcc.o
 .text.RCC_LSEConfig
                0x00000000       0x40 stm32f4xx_rcc.o
 .text.RCC_LSICmd
                0x00000000       0x20 stm32f4xx_rcc.o
 .text.RCC_PLLConfig
                0x00000000       0x3c stm32f4xx_rcc.o
 .text.RCC_PLLCmd
                0x00000000       0x20 stm32f4xx_rcc.o
 .text.RCC_PLLI2SConfig
                0x00000000       0x28 stm32f4xx_rcc.o
 .text.RCC_PLLI2SCmd
                0x00000000       0x20 stm32f4xx_rcc.o
 .text.RCC_ClockSecuritySystemCmd
                0x00000000       0x20 stm32f4xx_rcc.o
 .text.RCC_MCO1Config
                0x00000000       0x3c stm32f4xx_rcc.o
 .text.RCC_MCO2Config
                0x00000000       0x3c stm32f4xx_rcc.o
 .text.RCC_SYSCLKConfig
                0x00000000       0x38 stm32f4xx_rcc.o
 .text.RCC_GetSYSCLKSource
                0x00000000       0x20 stm32f4xx_rcc.o
 .text.RCC_HCLKConfig
                0x00000000       0x38 stm32f4xx_rcc.o
 .text.RCC_PCLK1Config
                0x00000000       0x38 stm32f4xx_rcc.o
 .text.RCC_PCLK2Config
                0x00000000       0x38 stm32f4xx_rcc.o
 .text.RCC_RTCCLKConfig
                0x00000000       0x5c stm32f4xx_rcc.o
 .text.RCC_RTCCLKCmd
                0x00000000       0x20 stm32f4xx_rcc.o
 .text.RCC_BackupResetCmd
                0x00000000       0x20 stm32f4xx_rcc.o
 .text.RCC_I2SCLKConfig
                0x00000000       0x1c stm32f4xx_rcc.o
 .text.RCC_AHB2PeriphClockCmd
                0x00000000       0x3c stm32f4xx_rcc.o
 .text.RCC_AHB3PeriphClockCmd
                0x00000000       0x3c stm32f4xx_rcc.o
 .text.RCC_APB2PeriphClockCmd
                0x00000000       0x3c stm32f4xx_rcc.o
 .text.RCC_AHB1PeriphResetCmd
                0x00000000       0x3c stm32f4xx_rcc.o
 .text.RCC_AHB2PeriphResetCmd
                0x00000000       0x3c stm32f4xx_rcc.o
 .text.RCC_AHB3PeriphResetCmd
                0x00000000       0x3c stm32f4xx_rcc.o
 .text.RCC_APB1PeriphResetCmd
                0x00000000       0x3c stm32f4xx_rcc.o
 .text.RCC_APB2PeriphResetCmd
                0x00000000       0x3c stm32f4xx_rcc.o
 .text.RCC_AHB1PeriphClockLPModeCmd
                0x00000000       0x3c stm32f4xx_rcc.o
 .text.RCC_AHB2PeriphClockLPModeCmd
                0x00000000       0x3c stm32f4xx_rcc.o
 .text.RCC_AHB3PeriphClockLPModeCmd
                0x00000000       0x3c stm32f4xx_rcc.o
 .text.RCC_APB1PeriphClockLPModeCmd
                0x00000000       0x3c stm32f4xx_rcc.o
 .text.RCC_APB2PeriphClockLPModeCmd
                0x00000000       0x3c stm32f4xx_rcc.o
 .text.RCC_ITConfig
                0x00000000       0x4c stm32f4xx_rcc.o
 .text.RCC_GetFlagStatus
                0x00000000       0x74 stm32f4xx_rcc.o
 .text.RCC_ClearFlag
                0x00000000       0x1c stm32f4xx_rcc.o
 .text.RCC_GetITStatus
                0x00000000       0x38 stm32f4xx_rcc.o
 .text.RCC_ClearITPendingBit
                0x00000000       0x20 stm32f4xx_rcc.o
 .text          0x00000000        0x0 stm32f4xx_gpio.o
 .data          0x00000000        0x0 stm32f4xx_gpio.o
 .bss           0x00000000        0x0 stm32f4xx_gpio.o
 .text.GPIO_DeInit
                0x00000000      0x120 stm32f4xx_gpio.o
 .text.GPIO_PinLockConfig
                0x00000000       0x44 stm32f4xx_gpio.o
 .text.GPIO_ReadInputDataBit
                0x00000000       0x34 stm32f4xx_gpio.o
 .text.GPIO_ReadInputData
                0x00000000       0x1c stm32f4xx_gpio.o
 .text.GPIO_ReadOutputDataBit
                0x00000000       0x34 stm32f4xx_gpio.o
 .text.GPIO_ReadOutputData
                0x00000000       0x1c stm32f4xx_gpio.o
 .text.GPIO_SetBits
                0x00000000       0x1c stm32f4xx_gpio.o
 .text.GPIO_ResetBits
                0x00000000       0x1c stm32f4xx_gpio.o
 .text.GPIO_WriteBit
                0x00000000       0x30 stm32f4xx_gpio.o
 .text.GPIO_Write
                0x00000000       0x1c stm32f4xx_gpio.o
 .text.GPIO_ToggleBits
                0x00000000       0x24 stm32f4xx_gpio.o
 .text          0x00000000        0x0 stm32f4xx_dma.o
 .data          0x00000000        0x0 stm32f4xx_dma.o
 .bss           0x00000000        0x0 stm32f4xx_dma.o
 .text.DMA_StructInit
                0x00000000       0x6c stm32f4xx_dma.o
 .text.DMA_PeriphIncOffsetSizeConfig
                0x00000000       0x34 stm32f4xx_dma.o
 .text.DMA_FlowControllerConfig
                0x00000000       0x34 stm32f4xx_dma.o
 .text.DMA_SetCurrDataCounter
                0x00000000       0x1c stm32f4xx_dma.o
 .text.DMA_DoubleBufferModeConfig
                0x00000000       0x3c stm32f4xx_dma.o
 .text.DMA_DoubleBufferModeCmd
                0x00000000       0x38 stm32f4xx_dma.o
 .text.DMA_MemoryTargetConfig
                0x00000000       0x2c stm32f4xx_dma.o
 .text.DMA_GetCurrentMemoryTarget
                0x00000000       0x30 stm32f4xx_dma.o
 .text.DMA_GetFIFOStatus
                0x00000000       0x24 stm32f4xx_dma.o
 .text.DMA_GetFlagStatus
                0x00000000       0x78 stm32f4xx_dma.o
 .text.DMA_ClearFlag
                0x00000000       0x5c stm32f4xx_dma.o
 .text          0x00000000        0x0 misc.o
 .data          0x00000000        0x0 misc.o
 .bss           0x00000000        0x0 misc.o
 .text.NVIC_PriorityGroupConfig
                0x00000000       0x24 misc.o
 .text.NVIC_SetVectorTable
                0x00000000       0x2c misc.o
 .text.NVIC_SystemLPConfig
                0x00000000       0x40 misc.o
 .text.SysTick_CLKSourceConfig
                0x00000000       0x38 misc.o
 .text          0x00000000        0x0 ert_main.o
 .data          0x00000000        0x0 ert_main.o
 .bss           0x00000000        0x0 ert_main.o
 .data          0x00000000        0x0 c:/matlab/suppor~1/r2016a/gcc-ar~1/bin/../lib/gcc/arm-none-eabi/4.9.3/armv7e-m/fpu\libgcc.a(_arm_addsubdf3.o)
 .bss           0x00000000        0x0 c:/matlab/suppor~1/r2016a/gcc-ar~1/bin/../lib/gcc/arm-none-eabi/4.9.3/armv7e-m/fpu\libgcc.a(_arm_addsubdf3.o)
 .data          0x00000000        0x0 c:/matlab/suppor~1/r2016a/gcc-ar~1/bin/../lib/gcc/arm-none-eabi/4.9.3/armv7e-m/fpu\libgcc.a(_arm_muldivdf3.o)
 .bss           0x00000000        0x0 c:/matlab/suppor~1/r2016a/gcc-ar~1/bin/../lib/gcc/arm-none-eabi/4.9.3/armv7e-m/fpu\libgcc.a(_arm_muldivdf3.o)
 .data          0x00000000        0x0 c:/matlab/suppor~1/r2016a/gcc-ar~1/bin/../lib/gcc/arm-none-eabi/4.9.3/armv7e-m/fpu\libgcc.a(_arm_cmpdf2.o)
 .bss           0x00000000        0x0 c:/matlab/suppor~1/r2016a/gcc-ar~1/bin/../lib/gcc/arm-none-eabi/4.9.3/armv7e-m/fpu\libgcc.a(_arm_cmpdf2.o)
 .text          0x00000000        0x0 c:/matlab/suppor~1/r2016a/gcc-ar~1/bin/../lib/gcc/arm-none-eabi/4.9.3/../../../../arm-none-eabi/lib/armv7e-m/fpu\libc_nano.a(lib_a-calloc.o)
 .data          0x00000000        0x0 c:/matlab/suppor~1/r2016a/gcc-ar~1/bin/../lib/gcc/arm-none-eabi/4.9.3/../../../../arm-none-eabi/lib/armv7e-m/fpu\libc_nano.a(lib_a-calloc.o)
 .bss           0x00000000        0x0 c:/matlab/suppor~1/r2016a/gcc-ar~1/bin/../lib/gcc/arm-none-eabi/4.9.3/../../../../arm-none-eabi/lib/armv7e-m/fpu\libc_nano.a(lib_a-calloc.o)
 .text          0x00000000        0x0 c:/matlab/suppor~1/r2016a/gcc-ar~1/bin/../lib/gcc/arm-none-eabi/4.9.3/../../../../arm-none-eabi/lib/armv7e-m/fpu\libc_nano.a(lib_a-exit.o)
 .data          0x00000000        0x0 c:/matlab/suppor~1/r2016a/gcc-ar~1/bin/../lib/gcc/arm-none-eabi/4.9.3/../../../../arm-none-eabi/lib/armv7e-m/fpu\libc_nano.a(lib_a-exit.o)
 .bss           0x00000000        0x0 c:/matlab/suppor~1/r2016a/gcc-ar~1/bin/../lib/gcc/arm-none-eabi/4.9.3/../../../../arm-none-eabi/lib/armv7e-m/fpu\libc_nano.a(lib_a-exit.o)
 .text          0x00000000        0x0 c:/matlab/suppor~1/r2016a/gcc-ar~1/bin/../lib/gcc/arm-none-eabi/4.9.3/../../../../arm-none-eabi/lib/armv7e-m/fpu\libc_nano.a(lib_a-impure.o)
 .data          0x00000000        0x0 c:/matlab/suppor~1/r2016a/gcc-ar~1/bin/../lib/gcc/arm-none-eabi/4.9.3/../../../../arm-none-eabi/lib/armv7e-m/fpu\libc_nano.a(lib_a-impure.o)
 .bss           0x00000000        0x0 c:/matlab/suppor~1/r2016a/gcc-ar~1/bin/../lib/gcc/arm-none-eabi/4.9.3/../../../../arm-none-eabi/lib/armv7e-m/fpu\libc_nano.a(lib_a-impure.o)
 .text          0x00000000        0x0 c:/matlab/suppor~1/r2016a/gcc-ar~1/bin/../lib/gcc/arm-none-eabi/4.9.3/../../../../arm-none-eabi/lib/armv7e-m/fpu\libc_nano.a(lib_a-init.o)
 .data          0x00000000        0x0 c:/matlab/suppor~1/r2016a/gcc-ar~1/bin/../lib/gcc/arm-none-eabi/4.9.3/../../../../arm-none-eabi/lib/armv7e-m/fpu\libc_nano.a(lib_a-init.o)
 .bss           0x00000000        0x0 c:/matlab/suppor~1/r2016a/gcc-ar~1/bin/../lib/gcc/arm-none-eabi/4.9.3/../../../../arm-none-eabi/lib/armv7e-m/fpu\libc_nano.a(lib_a-init.o)
 .text          0x00000000        0x0 c:/matlab/suppor~1/r2016a/gcc-ar~1/bin/../lib/gcc/arm-none-eabi/4.9.3/../../../../arm-none-eabi/lib/armv7e-m/fpu\libc_nano.a(lib_a-malloc.o)
 .data          0x00000000        0x0 c:/matlab/suppor~1/r2016a/gcc-ar~1/bin/../lib/gcc/arm-none-eabi/4.9.3/../../../../arm-none-eabi/lib/armv7e-m/fpu\libc_nano.a(lib_a-malloc.o)
 .bss           0x00000000        0x0 c:/matlab/suppor~1/r2016a/gcc-ar~1/bin/../lib/gcc/arm-none-eabi/4.9.3/../../../../arm-none-eabi/lib/armv7e-m/fpu\libc_nano.a(lib_a-malloc.o)
 .text          0x00000000        0x0 c:/matlab/suppor~1/r2016a/gcc-ar~1/bin/../lib/gcc/arm-none-eabi/4.9.3/../../../../arm-none-eabi/lib/armv7e-m/fpu\libc_nano.a(lib_a-memcpy.o)
 .data          0x00000000        0x0 c:/matlab/suppor~1/r2016a/gcc-ar~1/bin/../lib/gcc/arm-none-eabi/4.9.3/../../../../arm-none-eabi/lib/armv7e-m/fpu\libc_nano.a(lib_a-memcpy.o)
 .bss           0x00000000        0x0 c:/matlab/suppor~1/r2016a/gcc-ar~1/bin/../lib/gcc/arm-none-eabi/4.9.3/../../../../arm-none-eabi/lib/armv7e-m/fpu\libc_nano.a(lib_a-memcpy.o)
 .text          0x00000000        0x0 c:/matlab/suppor~1/r2016a/gcc-ar~1/bin/../lib/gcc/arm-none-eabi/4.9.3/../../../../arm-none-eabi/lib/armv7e-m/fpu\libc_nano.a(lib_a-memset.o)
 .data          0x00000000        0x0 c:/matlab/suppor~1/r2016a/gcc-ar~1/bin/../lib/gcc/arm-none-eabi/4.9.3/../../../../arm-none-eabi/lib/armv7e-m/fpu\libc_nano.a(lib_a-memset.o)
 .bss           0x00000000        0x0 c:/matlab/suppor~1/r2016a/gcc-ar~1/bin/../lib/gcc/arm-none-eabi/4.9.3/../../../../arm-none-eabi/lib/armv7e-m/fpu\libc_nano.a(lib_a-memset.o)
 .text          0x00000000        0x0 c:/matlab/suppor~1/r2016a/gcc-ar~1/bin/../lib/gcc/arm-none-eabi/4.9.3/../../../../arm-none-eabi/lib/armv7e-m/fpu\libc_nano.a(lib_a-nano-callocr.o)
 .data          0x00000000        0x0 c:/matlab/suppor~1/r2016a/gcc-ar~1/bin/../lib/gcc/arm-none-eabi/4.9.3/../../../../arm-none-eabi/lib/armv7e-m/fpu\libc_nano.a(lib_a-nano-callocr.o)
 .bss           0x00000000        0x0 c:/matlab/suppor~1/r2016a/gcc-ar~1/bin/../lib/gcc/arm-none-eabi/4.9.3/../../../../arm-none-eabi/lib/armv7e-m/fpu\libc_nano.a(lib_a-nano-callocr.o)
 .text          0x00000000        0x0 c:/matlab/suppor~1/r2016a/gcc-ar~1/bin/../lib/gcc/arm-none-eabi/4.9.3/../../../../arm-none-eabi/lib/armv7e-m/fpu\libc_nano.a(lib_a-nano-freer.o)
 .data          0x00000000        0x0 c:/matlab/suppor~1/r2016a/gcc-ar~1/bin/../lib/gcc/arm-none-eabi/4.9.3/../../../../arm-none-eabi/lib/armv7e-m/fpu\libc_nano.a(lib_a-nano-freer.o)
 .bss           0x00000000        0x0 c:/matlab/suppor~1/r2016a/gcc-ar~1/bin/../lib/gcc/arm-none-eabi/4.9.3/../../../../arm-none-eabi/lib/armv7e-m/fpu\libc_nano.a(lib_a-nano-freer.o)
 .text          0x00000000        0x0 c:/matlab/suppor~1/r2016a/gcc-ar~1/bin/../lib/gcc/arm-none-eabi/4.9.3/../../../../arm-none-eabi/lib/armv7e-m/fpu\libc_nano.a(lib_a-nano-mallocr.o)
 .data          0x00000000        0x0 c:/matlab/suppor~1/r2016a/gcc-ar~1/bin/../lib/gcc/arm-none-eabi/4.9.3/../../../../arm-none-eabi/lib/armv7e-m/fpu\libc_nano.a(lib_a-nano-mallocr.o)
 .bss           0x00000000        0x0 c:/matlab/suppor~1/r2016a/gcc-ar~1/bin/../lib/gcc/arm-none-eabi/4.9.3/../../../../arm-none-eabi/lib/armv7e-m/fpu\libc_nano.a(lib_a-nano-mallocr.o)
 .text          0x00000000        0x0 c:/matlab/suppor~1/r2016a/gcc-ar~1/bin/../lib/gcc/arm-none-eabi/4.9.3/../../../../arm-none-eabi/lib/armv7e-m/fpu\libc_nano.a(lib_a-reent.o)
 .data          0x00000000        0x0 c:/matlab/suppor~1/r2016a/gcc-ar~1/bin/../lib/gcc/arm-none-eabi/4.9.3/../../../../arm-none-eabi/lib/armv7e-m/fpu\libc_nano.a(lib_a-reent.o)
 .bss           0x00000000        0x0 c:/matlab/suppor~1/r2016a/gcc-ar~1/bin/../lib/gcc/arm-none-eabi/4.9.3/../../../../arm-none-eabi/lib/armv7e-m/fpu\libc_nano.a(lib_a-reent.o)
 .text.cleanup_glue
                0x00000000       0x1a c:/matlab/suppor~1/r2016a/gcc-ar~1/bin/../lib/gcc/arm-none-eabi/4.9.3/../../../../arm-none-eabi/lib/armv7e-m/fpu\libc_nano.a(lib_a-reent.o)
 .text._reclaim_reent
                0x00000000       0xb4 c:/matlab/suppor~1/r2016a/gcc-ar~1/bin/../lib/gcc/arm-none-eabi/4.9.3/../../../../arm-none-eabi/lib/armv7e-m/fpu\libc_nano.a(lib_a-reent.o)
 .text          0x00000000        0x0 c:/matlab/suppor~1/r2016a/gcc-ar~1/bin/../lib/gcc/arm-none-eabi/4.9.3/../../../../arm-none-eabi/lib/armv7e-m/fpu\libc_nano.a(lib_a-sbrkr.o)
 .data          0x00000000        0x0 c:/matlab/suppor~1/r2016a/gcc-ar~1/bin/../lib/gcc/arm-none-eabi/4.9.3/../../../../arm-none-eabi/lib/armv7e-m/fpu\libc_nano.a(lib_a-sbrkr.o)
 .bss           0x00000000        0x0 c:/matlab/suppor~1/r2016a/gcc-ar~1/bin/../lib/gcc/arm-none-eabi/4.9.3/../../../../arm-none-eabi/lib/armv7e-m/fpu\libc_nano.a(lib_a-sbrkr.o)
 .data          0x00000000        0x0 c:/matlab/suppor~1/r2016a/gcc-ar~1/bin/../lib/gcc/arm-none-eabi/4.9.3/../../../../arm-none-eabi/lib/armv7e-m/fpu\libc_nano.a(lib_a-strcmp.o)
 .bss           0x00000000        0x0 c:/matlab/suppor~1/r2016a/gcc-ar~1/bin/../lib/gcc/arm-none-eabi/4.9.3/../../../../arm-none-eabi/lib/armv7e-m/fpu\libc_nano.a(lib_a-strcmp.o)
 .eh_frame      0x00000000       0x28 c:/matlab/suppor~1/r2016a/gcc-ar~1/bin/../lib/gcc/arm-none-eabi/4.9.3/../../../../arm-none-eabi/lib/armv7e-m/fpu\libc_nano.a(lib_a-strcmp.o)
 .text          0x00000000        0x0 c:/matlab/suppor~1/r2016a/gcc-ar~1/bin/../lib/gcc/arm-none-eabi/4.9.3/armv7e-m/fpu/crtend.o
 .data          0x00000000        0x0 c:/matlab/suppor~1/r2016a/gcc-ar~1/bin/../lib/gcc/arm-none-eabi/4.9.3/armv7e-m/fpu/crtend.o
 .bss           0x00000000        0x0 c:/matlab/suppor~1/r2016a/gcc-ar~1/bin/../lib/gcc/arm-none-eabi/4.9.3/armv7e-m/fpu/crtend.o
 .eh_frame      0x00000000        0x4 c:/matlab/suppor~1/r2016a/gcc-ar~1/bin/../lib/gcc/arm-none-eabi/4.9.3/armv7e-m/fpu/crtend.o
 .text          0x00000000        0x0 c:/matlab/suppor~1/r2016a/gcc-ar~1/bin/../lib/gcc/arm-none-eabi/4.9.3/armv7e-m/fpu/crtn.o
 .data          0x00000000        0x0 c:/matlab/suppor~1/r2016a/gcc-ar~1/bin/../lib/gcc/arm-none-eabi/4.9.3/armv7e-m/fpu/crtn.o
 .bss           0x00000000        0x0 c:/matlab/suppor~1/r2016a/gcc-ar~1/bin/../lib/gcc/arm-none-eabi/4.9.3/armv7e-m/fpu/crtn.o

Memory Configuration

Name             Origin             Length             Attributes
FLASH            0x08000000         0x00100000         xr
SRAM             0x20000000         0x00020000         xrw
CCMRAM           0x10000000         0x00010000         rw
BACKUPRAM        0x40024000         0x00001000         rw
*default*        0x00000000         0xffffffff

Linker script and memory map

LOAD c:/matlab/suppor~1/r2016a/gcc-ar~1/bin/../lib/gcc/arm-none-eabi/4.9.3/armv7e-m/fpu/crti.o
LOAD c:/matlab/suppor~1/r2016a/gcc-ar~1/bin/../lib/gcc/arm-none-eabi/4.9.3/armv7e-m/fpu/crtbegin.o
LOAD c:/matlab/suppor~1/r2016a/gcc-ar~1/bin/../lib/gcc/arm-none-eabi/4.9.3/../../../../arm-none-eabi/lib/armv7e-m/fpu/crt0.o
LOAD SingleBlockSensoren.o
LOAD SingleBlockSensoren_data.o
LOAD MPU6050.o
LOAD stm32f4xx_i2c.o
LOAD ext_svr.o
LOAD updown.o
LOAD ext_work.o
LOAD rtiostream_utils.o
LOAD Sensoren_CustomBlock_wrapper.o
LOAD blapp_support.o
LOAD startup_stm32f4xx.o
LOAD syscalls_stm32f4xx.o
LOAD stm32f4xx_init_board.o
LOAD system_stm32f4xx.o
LOAD SysTickScheduler.o
LOAD m3m4m4f_multitasking.o
LOAD ext_serial_pkt.o
LOAD rtiostream_serial_interface.o
LOAD ext_svr_serial_transport.o
LOAD rtiostream_serial_dma_stm32f4xx.o
LOAD stm32f4xx_usart.o
LOAD stm32f4xx_rcc.o
LOAD stm32f4xx_gpio.o
LOAD stm32f4xx_dma.o
LOAD misc.o
LOAD ert_main.o
LOAD C:/MATLAB/SupportPackages/R2016a/CMSIS/CMSIS/Lib/GCC/libarm_cortexM4lf_math.a
LOAD C:/MATLAB/SupportPackages/R2016a/CMSIS/CMSIS/RTOS/RTX/LIB/GCC/libRTX_CM4.a
LOAD c:/matlab/suppor~1/r2016a/gcc-ar~1/bin/../lib/gcc/arm-none-eabi/4.9.3/../../../../arm-none-eabi/lib/armv7e-m/fpu\libm.a
LOAD c:/matlab/suppor~1/r2016a/gcc-ar~1/bin/../lib/gcc/arm-none-eabi/4.9.3/../../../../arm-none-eabi/lib/armv7e-m/fpu\libstdc++_nano.a
LOAD c:/matlab/suppor~1/r2016a/gcc-ar~1/bin/../lib/gcc/arm-none-eabi/4.9.3/../../../../arm-none-eabi/lib/armv7e-m/fpu\libm.a
START GROUP
LOAD c:/matlab/suppor~1/r2016a/gcc-ar~1/bin/../lib/gcc/arm-none-eabi/4.9.3/armv7e-m/fpu\libgcc.a
LOAD c:/matlab/suppor~1/r2016a/gcc-ar~1/bin/../lib/gcc/arm-none-eabi/4.9.3/../../../../arm-none-eabi/lib/armv7e-m/fpu\libc_nano.a
END GROUP
START GROUP
LOAD c:/matlab/suppor~1/r2016a/gcc-ar~1/bin/../lib/gcc/arm-none-eabi/4.9.3/armv7e-m/fpu\libgcc.a
LOAD c:/matlab/suppor~1/r2016a/gcc-ar~1/bin/../lib/gcc/arm-none-eabi/4.9.3/../../../../arm-none-eabi/lib/armv7e-m/fpu\libc_nano.a
END GROUP
LOAD c:/matlab/suppor~1/r2016a/gcc-ar~1/bin/../lib/gcc/arm-none-eabi/4.9.3/armv7e-m/fpu/crtend.o
LOAD c:/matlab/suppor~1/r2016a/gcc-ar~1/bin/../lib/gcc/arm-none-eabi/4.9.3/armv7e-m/fpu/crtn.o

.text           0x08000000     0x6638
 *(.vectors)
 .vectors       0x08000000      0x188 startup_stm32f4xx.o
                0x08000000                g_pfnVectors
 *(.text*)
 .text          0x08000188       0x5c c:/matlab/suppor~1/r2016a/gcc-ar~1/bin/../lib/gcc/arm-none-eabi/4.9.3/armv7e-m/fpu/crtbegin.o
 .text          0x080001e4       0x74 c:/matlab/suppor~1/r2016a/gcc-ar~1/bin/../lib/gcc/arm-none-eabi/4.9.3/../../../../arm-none-eabi/lib/armv7e-m/fpu/crt0.o
                0x080001e4                _start
                0x080001e4                _mainCRTStartup
 .text.SingleBlockSensoren_step
                0x08000258      0x168 SingleBlockSensoren.o
                0x08000258                SingleBlockSensoren_step
 .text.SingleBlockSensoren_initialize
                0x080003c0      0x130 SingleBlockSensoren.o
                0x080003c0                SingleBlockSensoren_initialize
 .text.SingleBlockSensoren_terminate
                0x080004f0        0xc SingleBlockSensoren.o
                0x080004f0                SingleBlockSensoren_terminate
 .text.initMPU6050
                0x080004fc       0x4c MPU6050.o
                0x080004fc                initMPU6050
 .text.readMPU6050_XAcceleration
                0x08000548       0x38 MPU6050.o
                0x08000548                readMPU6050_XAcceleration
 .text.readMPU6050_ZGyroscope
                0x08000580       0x38 MPU6050.o
                0x08000580                readMPU6050_ZGyroscope
 .text.readByte
                0x080005b8       0x78 MPU6050.o
                0x080005b8                readByte
 .text.writeByte
                0x08000630       0x74 MPU6050.o
                0x08000630                writeByte
 .text.startTransmission
                0x080006a4       0x7c MPU6050.o
 .text.initI2CPins
                0x08000720       0x4c MPU6050.o
 .text.initI2C  0x0800076c       0x50 MPU6050.o
 .text.I2C_Init
                0x080007bc      0x184 stm32f4xx_i2c.o
                0x080007bc                I2C_Init
 .text.I2C_Cmd  0x08000940       0x40 stm32f4xx_i2c.o
                0x08000940                I2C_Cmd
 .text.I2C_GenerateSTART
                0x08000980       0x40 stm32f4xx_i2c.o
                0x08000980                I2C_GenerateSTART
 .text.I2C_GenerateSTOP
                0x080009c0       0x40 stm32f4xx_i2c.o
                0x080009c0                I2C_GenerateSTOP
 .text.I2C_Send7bitAddress
                0x08000a00       0x3c stm32f4xx_i2c.o
                0x08000a00                I2C_Send7bitAddress
 .text.I2C_AcknowledgeConfig
                0x08000a3c       0x40 stm32f4xx_i2c.o
                0x08000a3c                I2C_AcknowledgeConfig
 .text.I2C_SendData
                0x08000a7c       0x20 stm32f4xx_i2c.o
                0x08000a7c                I2C_SendData
 .text.I2C_ReceiveData
                0x08000a9c       0x1c stm32f4xx_i2c.o
                0x08000a9c                I2C_ReceiveData
 .text.I2C_CheckEvent
                0x08000ab8       0x60 stm32f4xx_i2c.o
                0x08000ab8                I2C_CheckEvent
 .text.GrowRecvBufIfNeeded
                0x08000b18       0x60 ext_svr.o
 .text.GetPktHdr
                0x08000b78       0x78 ext_svr.o
 .text.ClearPkt
                0x08000bf0       0x54 ext_svr.o
 .text.GetPkt   0x08000c44       0x80 ext_svr.o
 .text.DisconnectFromHost
                0x08000cc4       0x64 ext_svr.o
 .text.ForceDisconnectFromHost
                0x08000d28       0x4c ext_svr.o
 .text.ProcessConnectPkt
                0x08000d74      0x17c ext_svr.o
 .text.SendPktHdrToHost
                0x08000ef0       0x50 ext_svr.o
 .text.SendPktDataToHost
                0x08000f40       0x48 ext_svr.o
 .text.SendPktToHost
                0x08000f88       0x4c ext_svr.o
                0x08000f88                SendPktToHost
 .text.SendResponseStatus
                0x08000fd4       0x3c ext_svr.o
 .text.ProcessSetParamPkt
                0x08001010       0x64 ext_svr.o
 .text.ProcessGetParamsPkt
                0x08001074      0x12c ext_svr.o
 .text.ProcessSelectTriggerSignalPkt
                0x080011a0       0xac ext_svr.o
 .text.ProcessCancelLoggingArmTriggerPkt
                0x0800124c       0x80 ext_svr.o
 .text.ExtParseArgsAndInitUD
                0x080012cc       0x68 ext_svr.o
                0x080012cc                ExtParseArgsAndInitUD
 .text.ExtWaitForStartPkt
                0x08001334       0x18 ext_svr.o
                0x08001334                ExtWaitForStartPkt
 .text.UploadServerWork
                0x0800134c       0xc4 ext_svr.o
                0x0800134c                UploadServerWork
 .text.rt_UploadServerWork
                0x08001410       0x28 ext_svr.o
                0x08001410                rt_UploadServerWork
 .text.rt_ExtModeInit
                0x08001438       0x50 ext_svr.o
                0x08001438                rt_ExtModeInit
 .text.rt_ExtModeSleep
                0x08001488       0x24 ext_svr.o
                0x08001488                rt_ExtModeSleep
 .text.rt_PktServerWork
                0x080014ac      0x26c ext_svr.o
                0x080014ac                rt_PktServerWork
 .text.ExtModeShutdown
                0x08001718       0x44 ext_svr.o
 .text.rt_ExtModeShutdown
                0x0800175c       0x84 ext_svr.o
                0x0800175c                rt_ExtModeShutdown
 .text.rt_UploadCheckTrigger
                0x080017e0       0x28 ext_svr.o
                0x080017e0                rt_UploadCheckTrigger
 .text.rt_UploadCheckEndTrigger
                0x08001808       0x24 ext_svr.o
                0x08001808                rt_UploadCheckEndTrigger
 .text.rt_UploadBufAddTimePoint
                0x0800182c       0x30 ext_svr.o
                0x0800182c                rt_UploadBufAddTimePoint
 .text.SetParam
                0x0800185c      0x120 updown.o
                0x0800185c                SetParam
 .text.InitUploadSection
                0x0800197c       0xc0 updown.o
 .text.InitSysUploadTable
                0x08001a3c      0x174 updown.o
 .text.UploadBufInit
                0x08001bb0       0x70 updown.o
 .text.UploadDestroyTrigger
                0x08001c20       0xcc updown.o
 .text.UploadLogInfoReset
                0x08001cec       0x6c updown.o
                0x08001cec                UploadLogInfoReset
 .text.UploadLogInfoTerm
                0x08001d58      0x104 updown.o
                0x08001d58                UploadLogInfoTerm
 .text.UploadPrepareForFinalFlush
                0x08001e5c       0x60 updown.o
                0x08001e5c                UploadPrepareForFinalFlush
 .text.UploadLogInfoInit
                0x08001ebc      0x180 updown.o
                0x08001ebc                UploadLogInfoInit
 .text.UploadInitTrigger
                0x0800203c      0x1cc updown.o
                0x0800203c                UploadInitTrigger
 .text.UploadArmTrigger
                0x08002208       0x9c updown.o
                0x08002208                UploadArmTrigger
 .text.UploadEndLoggingSession
                0x080022a4       0x34 updown.o
                0x080022a4                UploadEndLoggingSession
 .text.UploadCancelLogging
                0x080022d8       0x6c updown.o
                0x080022d8                UploadCancelLogging
 .text.UploadBufDataSent
                0x08002344       0x64 updown.o
                0x08002344                UploadBufDataSent
 .text.UploadBufAssignMem
                0x080023a8      0x124 updown.o
 .text.UploadCheckTriggerSignals
                0x080024cc      0x1bc updown.o
 .text.UploadBufAddTimePoint
                0x08002688      0x4d8 updown.o
                0x08002688                UploadBufAddTimePoint
 .text.UploadCheckTrigger
                0x08002b60       0x90 updown.o
                0x08002b60                UploadCheckTrigger
 .text.UploadCheckEndTrigger
                0x08002bf0       0x5c updown.o
                0x08002bf0                UploadCheckEndTrigger
 .text.SetExtBufListFields
                0x08002c4c      0x108 updown.o
 .text.SetExtBufListFieldsForEmptyList
                0x08002d54       0x44 updown.o
 .text.UploadBufGetData
                0x08002d98       0xb8 updown.o
                0x08002d98                UploadBufGetData
 .text.rtExtModeWaitForStartPkt
                0x08002e50       0x64 ext_work.o
                0x08002e50                rtExtModeWaitForStartPkt
 .text.rtExtModeOneStep
                0x08002eb4       0x30 ext_work.o
                0x08002eb4                rtExtModeOneStep
 .text.rtExtModeUpload
                0x08002ee4       0x1c ext_work.o
                0x08002ee4                rtExtModeUpload
 .text.rtExtModeCheckEndTrigger
                0x08002f00        0xc ext_work.o
                0x08002f00                rtExtModeCheckEndTrigger
 .text.rtExtModeUploadCheckTrigger
                0x08002f0c       0x14 ext_work.o
                0x08002f0c                rtExtModeUploadCheckTrigger
 .text.rtExtModeCheckInit
                0x08002f20       0x14 ext_work.o
                0x08002f20                rtExtModeCheckInit
 .text.rtExtModeShutdown
                0x08002f34       0x14 ext_work.o
                0x08002f34                rtExtModeShutdown
 .text.rtERTExtModeSetTFinal
                0x08002f48       0x5c ext_work.o
                0x08002f48                rtERTExtModeSetTFinal
 .text.rtSetTFinalForExtMode
                0x08002fa4       0x14 ext_work.o
                0x08002fa4                rtSetTFinalForExtMode
 .text.rtParseArgsForExtMode
                0x08002fb8       0x18 ext_work.o
                0x08002fb8                rtParseArgsForExtMode
 .text.rtERTExtModeStartMsg
                0x08002fd0        0xc ext_work.o
                0x08002fd0                rtERTExtModeStartMsg
 .text.rtIOStreamBlockingSend
                0x08002fdc       0x64 rtiostream_utils.o
                0x08002fdc                rtIOStreamBlockingSend
 .text.rtIOStreamBlockingRecv
                0x08003040       0x64 rtiostream_utils.o
                0x08003040                rtIOStreamBlockingRecv
 .text.Sensoren_CustomBlock_Outputs_wrapper
                0x080030a4       0x50 Sensoren_CustomBlock_wrapper.o
                0x080030a4                Sensoren_CustomBlock_Outputs_wrapper
 .text.Sensoren_CustomBlock_Update_wrapper
                0x080030f4       0xac Sensoren_CustomBlock_wrapper.o
                0x080030f4                Sensoren_CustomBlock_Update_wrapper
 .text.bootloaderInit
                0x080031a0        0xc blapp_support.o
                0x080031a0                bootloaderInit
 .text.Default_ResetHandler
                0x080031ac       0x5c startup_stm32f4xx.o
                0x080031ac                Reset_Handler
                0x080031ac                Default_ResetHandler
 .text.Default_Handler
                0x08003208        0x8 startup_stm32f4xx.o
                0x08003208                RTC_Alarm_IRQHandler
                0x08003208                HASH_RNG_IRQHandler
                0x08003208                EXTI2_IRQHandler
                0x08003208                TIM8_CC_IRQHandler
                0x08003208                DebugMon_Handler
                0x08003208                TIM1_CC_IRQHandler
                0x08003208                DMA2_Stream5_IRQHandler
                0x08003208                HardFault_Handler
                0x08003208                PVD_IRQHandler
                0x08003208                SDIO_IRQHandler
                0x08003208                TAMP_STAMP_IRQHandler
                0x08003208                PendSV_Handler
                0x08003208                NMI_Handler
                0x08003208                CAN2_RX1_IRQHandler
                0x08003208                EXTI3_IRQHandler
                0x08003208                TIM8_TRG_COM_TIM14_IRQHandler
                0x08003208                TIM1_UP_TIM10_IRQHandler
                0x08003208                TIM8_UP_TIM13_IRQHandler
                0x08003208                I2C3_ER_IRQHandler
                0x08003208                EXTI0_IRQHandler
                0x08003208                I2C2_EV_IRQHandler
                0x08003208                DMA1_Stream2_IRQHandler
                0x08003208                CAN1_RX0_IRQHandler
                0x08003208                FPU_IRQHandler
                0x08003208                OTG_HS_WKUP_IRQHandler
                0x08003208                UsageFault_Handler
                0x08003208                CAN2_SCE_IRQHandler
                0x08003208                DMA2_Stream2_IRQHandler
                0x08003208                SPI1_IRQHandler
                0x08003208                TIM6_DAC_IRQHandler
                0x08003208                TIM1_BRK_TIM9_IRQHandler
                0x08003208                DCMI_IRQHandler
                0x08003208                CAN2_RX0_IRQHandler
                0x08003208                DMA2_Stream3_IRQHandler
                0x08003208                USART6_IRQHandler
                0x08003208                USART3_IRQHandler
                0x08003208                CRYP_IRQHandler
                0x08003208                CAN1_RX1_IRQHandler
                0x08003208                UART5_IRQHandler
                0x08003208                DMA2_Stream0_IRQHandler
                0x08003208                TIM4_IRQHandler
                0x08003208                I2C1_EV_IRQHandler
                0x08003208                DMA1_Stream1_IRQHandler
                0x08003208                UART4_IRQHandler
                0x08003208                TIM3_IRQHandler
                0x08003208                RCC_IRQHandler
                0x08003208                TIM8_BRK_TIM12_IRQHandler
                0x08003208                EXTI15_10_IRQHandler
                0x08003208                ADC_IRQHandler
                0x08003208                DMA1_Stream7_IRQHandler
                0x08003208                TIM7_IRQHandler
                0x08003208                CAN2_TX_IRQHandler
                0x08003208                TIM5_IRQHandler
                0x08003208                DMA2_Stream7_IRQHandler
                0x08003208                I2C3_EV_IRQHandler
                0x08003208                EXTI9_5_IRQHandler
                0x08003208                RTC_WKUP_IRQHandler
                0x08003208                ETH_WKUP_IRQHandler
                0x08003208                SPI2_IRQHandler
                0x08003208                OTG_HS_EP1_IN_IRQHandler
                0x08003208                MemManage_Handler
                0x08003208                DMA1_Stream0_IRQHandler
                0x08003208                CAN1_TX_IRQHandler
                0x08003208                EXTI4_IRQHandler
                0x08003208                FSMC_IRQHandler
                0x08003208                ETH_IRQHandler
                0x08003208                OTG_HS_EP1_OUT_IRQHandler
                0x08003208                WWDG_IRQHandler
                0x08003208                TIM2_IRQHandler
                0x08003208                OTG_FS_WKUP_IRQHandler
                0x08003208                TIM1_TRG_COM_TIM11_IRQHandler
                0x08003208                OTG_HS_IRQHandler
                0x08003208                EXTI1_IRQHandler
                0x08003208                USART2_IRQHandler
                0x08003208                I2C2_ER_IRQHandler
                0x08003208                DMA2_Stream1_IRQHandler
                0x08003208                CAN1_SCE_IRQHandler
                0x08003208                FLASH_IRQHandler
                0x08003208                DMA2_Stream4_IRQHandler
                0x08003208                BusFault_Handler
                0x08003208                USART1_IRQHandler
                0x08003208                OTG_FS_IRQHandler
                0x08003208                SPI3_IRQHandler
                0x08003208                DMA1_Stream4_IRQHandler
                0x08003208                I2C1_ER_IRQHandler
                0x08003208                DMA2_Stream6_IRQHandler
                0x08003208                DMA1_Stream3_IRQHandler
 .text._exit    0x08003210        0xc syscalls_stm32f4xx.o
                0x08003210                _exit
 .text._sbrk    0x0800321c       0x68 syscalls_stm32f4xx.o
                0x0800321c                _sbrk
 .text.NVIC_SetPriority
                0x08003284       0x54 stm32f4xx_init_board.o
 .text.stm32f4xx_init_board
                0x080032d8       0x20 stm32f4xx_init_board.o
                0x080032d8                stm32f4xx_init_board
 .text.SystemInit
                0x080032f8       0x68 system_stm32f4xx.o
                0x080032f8                SystemInit
 .text.SystemCoreClockUpdate
                0x08003360       0xf8 system_stm32f4xx.o
                0x08003360                SystemCoreClockUpdate
 .text.SetSysClock
                0x08003458       0xf4 system_stm32f4xx.o
 .text.NVIC_SetPriority
                0x0800354c       0x54 SysTickScheduler.o
 .text.SysTick_Config
                0x080035a0       0x44 SysTickScheduler.o
 .text.SysTick_Isr
                0x080035e4       0x40 SysTickScheduler.o
 .text.SysTick_Handler
                0x08003624       0x10 SysTickScheduler.o
                0x08003624                SysTick_Handler
 .text.ARMCM_SysTick_Config
                0x08003634       0x8c SysTickScheduler.o
                0x08003634                ARMCM_SysTick_Config
 .text.arm_cortex_m_call_thread_with_context_switch
                0x080036c0       0x2c m3m4m4f_multitasking.o
                0x080036c0                arm_cortex_m_call_thread_with_context_switch
 .text.SVC_Handler
                0x080036ec       0x38 m3m4m4f_multitasking.o
                0x080036ec                SVC_Handler
 .text.IsEscapeChar
                0x08003724       0x30 ext_serial_pkt.o
 .text.Filter   0x08003754       0x84 ext_serial_pkt.o
 .text.Num2String
                0x080037d8       0x88 ext_serial_pkt.o
 .text.String2Num
                0x08003860       0x70 ext_serial_pkt.o
 .text.SetExtSerialPacket
                0x080038d0      0x134 ext_serial_pkt.o
                0x080038d0                SetExtSerialPacket
 .text.GetExtSerialPacket
                0x08003a04      0x328 ext_serial_pkt.o
                0x08003a04                GetExtSerialPacket
 .text.ExtSerialPortCreate
                0x08003d2c       0x3c rtiostream_serial_interface.o
                0x08003d2c                ExtSerialPortCreate
 .text.ExtSerialPortConnect
                0x08003d68       0x88 rtiostream_serial_interface.o
                0x08003d68                ExtSerialPortConnect
 .text.ExtSerialPortDisconnect
                0x08003df0       0x58 rtiostream_serial_interface.o
                0x08003df0                ExtSerialPortDisconnect
 .text.ExtSerialPortSetData
                0x08003e48       0x48 rtiostream_serial_interface.o
                0x08003e48                ExtSerialPortSetData
 .text.ExtSerialPortDataPending
                0x08003e90       0x90 rtiostream_serial_interface.o
                0x08003e90                ExtSerialPortDataPending
 .text.ExtSerialPortGetData
                0x08003f20       0xd0 rtiostream_serial_interface.o
                0x08003f20                ExtSerialPortGetData
 .text.isFIFOEmpty
                0x08003ff0       0x28 ext_svr_serial_transport.o
 .text.InsertFIFO
                0x08004018       0x54 ext_svr_serial_transport.o
 .text.RemoveFIFO
                0x0800406c       0x54 ext_svr_serial_transport.o
 .text.isFIFOFreeEmpty
                0x080040c0       0x24 ext_svr_serial_transport.o
 .text.isFIFOPktEmpty
                0x080040e4       0x24 ext_svr_serial_transport.o
 .text.InsertFIFOFree
                0x08004108       0x20 ext_svr_serial_transport.o
 .text.RemoveFIFOFree
                0x08004128       0x1c ext_svr_serial_transport.o
 .text.InsertFIFOPkt
                0x08004144       0x20 ext_svr_serial_transport.o
 .text.RemoveFIFOPkt
                0x08004164       0x1c ext_svr_serial_transport.o
 .text.GetFIFOPkt
                0x08004180       0x18 ext_svr_serial_transport.o
 .text.AddToFIFOFree
                0x08004198       0x44 ext_svr_serial_transport.o
 .text.SavePkt  0x080041dc       0x38 ext_svr_serial_transport.o
 .text.ExtGetPktBlocking
                0x08004214       0x84 ext_svr_serial_transport.o
 .text.ExtSetPkt
                0x08004298      0x128 ext_svr_serial_transport.o
 .text.ExtSetPktWithACK
                0x080043c0       0x68 ext_svr_serial_transport.o
 .text.ExtGetPkt
                0x08004428       0xe8 ext_svr_serial_transport.o
 .text.ExtPktPending
                0x08004510       0x78 ext_svr_serial_transport.o
 .text.ExtClearSerialConnection
                0x08004588       0x18 ext_svr_serial_transport.o
 .text.ExtResetSerialConnection
                0x080045a0       0xa4 ext_svr_serial_transport.o
 .text.ExtOpenSerialConnection
                0x08004644       0xb8 ext_svr_serial_transport.o
 .text.ExtCloseSerialConnection
                0x080046fc       0x1c ext_svr_serial_transport.o
 .text.ExtInit  0x08004718       0x1c ext_svr_serial_transport.o
                0x08004718                ExtInit
 .text.ExtOpenConnection
                0x08004734       0x2c ext_svr_serial_transport.o
                0x08004734                ExtOpenConnection
 .text.ExtCloseConnection
                0x08004760       0x14 ext_svr_serial_transport.o
                0x08004760                ExtCloseConnection
 .text.ExtShutDown
                0x08004774       0x28 ext_svr_serial_transport.o
                0x08004774                ExtShutDown
 .text.ExtProcessArgs
                0x0800479c       0x90 ext_svr_serial_transport.o
                0x0800479c                ExtProcessArgs
 .text.ExtWaitForStartPktFromHost
                0x0800482c       0x18 ext_svr_serial_transport.o
                0x0800482c                ExtWaitForStartPktFromHost
 .text.ExtUserDataCreate
                0x08004844       0x14 ext_svr_serial_transport.o
                0x08004844                ExtUserDataCreate
 .text.ExtUserDataDestroy
                0x08004858       0x14 ext_svr_serial_transport.o
                0x08004858                ExtUserDataDestroy
 .text.ExtGetHostPkt
                0x0800486c       0x64 ext_svr_serial_transport.o
                0x0800486c                ExtGetHostPkt
 .text.ExtSetHostPkt
                0x080048d0       0x40 ext_svr_serial_transport.o
                0x080048d0                ExtSetHostPkt
 .text.ExtModeSleep
                0x08004910       0x18 ext_svr_serial_transport.o
                0x08004910                ExtModeSleep
 .text.ExtForceDisconnect
                0x08004928       0x20 ext_svr_serial_transport.o
                0x08004928                ExtForceDisconnect
 .text.rtIOStreamOpen
                0x08004948       0x70 rtiostream_serial_dma_stm32f4xx.o
                0x08004948                rtIOStreamOpen
 .text.rtIOStreamClose
                0x080049b8       0x18 rtiostream_serial_dma_stm32f4xx.o
                0x080049b8                rtIOStreamClose
 .text.rtIOStreamSend
                0x080049d0       0x84 rtiostream_serial_dma_stm32f4xx.o
                0x080049d0                rtIOStreamSend
 .text.DMA1_Stream6_IRQHandler
                0x08004a54       0x24 rtiostream_serial_dma_stm32f4xx.o
                0x08004a54                DMA1_Stream6_IRQHandler
 .text.rtIOStreamRecv
                0x08004a78       0x90 rtiostream_serial_dma_stm32f4xx.o
                0x08004a78                rtIOStreamRecv
 .text.DMA_RxInit
                0x08004b08       0xe8 rtiostream_serial_dma_stm32f4xx.o
 .text.DMA_TxInit
                0x08004bf0       0xa8 rtiostream_serial_dma_stm32f4xx.o
 .text.UART_getRxBytes
                0x08004c98       0x50 rtiostream_serial_dma_stm32f4xx.o
 .text.DMA1_Stream5_IRQHandler
                0x08004ce8       0x24 rtiostream_serial_dma_stm32f4xx.o
                0x08004ce8                DMA1_Stream5_IRQHandler
 .text.USART2_init
                0x08004d0c       0xa0 rtiostream_serial_dma_stm32f4xx.o
 .text.USART_Init
                0x08004dac      0x178 stm32f4xx_usart.o
                0x08004dac                USART_Init
 .text.USART_StructInit
                0x08004f24       0x38 stm32f4xx_usart.o
                0x08004f24                USART_StructInit
 .text.USART_Cmd
                0x08004f5c       0x40 stm32f4xx_usart.o
                0x08004f5c                USART_Cmd
 .text.USART_DMACmd
                0x08004f9c       0x48 stm32f4xx_usart.o
                0x08004f9c                USART_DMACmd
 .text.RCC_GetClocksFreq
                0x08004fe4      0x154 stm32f4xx_rcc.o
                0x08004fe4                RCC_GetClocksFreq
 .text.RCC_AHB1PeriphClockCmd
                0x08005138       0x3c stm32f4xx_rcc.o
                0x08005138                RCC_AHB1PeriphClockCmd
 .text.RCC_APB1PeriphClockCmd
                0x08005174       0x3c stm32f4xx_rcc.o
                0x08005174                RCC_APB1PeriphClockCmd
 .text.GPIO_Init
                0x080051b0      0x11c stm32f4xx_gpio.o
                0x080051b0                GPIO_Init
 .text.GPIO_StructInit
                0x080052cc       0x34 stm32f4xx_gpio.o
                0x080052cc                GPIO_StructInit
 .text.GPIO_PinAFConfig
                0x08005300       0x90 stm32f4xx_gpio.o
                0x08005300                GPIO_PinAFConfig
 .text.DMA_DeInit
                0x08005390      0x1a4 stm32f4xx_dma.o
                0x08005390                DMA_DeInit
 .text.DMA_Init
                0x08005534       0xac stm32f4xx_dma.o
                0x08005534                DMA_Init
 .text.DMA_Cmd  0x080055e0       0x38 stm32f4xx_dma.o
                0x080055e0                DMA_Cmd
 .text.DMA_GetCurrDataCounter
                0x08005618       0x1c stm32f4xx_dma.o
                0x08005618                DMA_GetCurrDataCounter
 .text.DMA_GetCmdStatus
                0x08005634       0x30 stm32f4xx_dma.o
                0x08005634                DMA_GetCmdStatus
 .text.DMA_ITConfig
                0x08005664       0x74 stm32f4xx_dma.o
                0x08005664                DMA_ITConfig
 .text.DMA_GetITStatus
                0x080056d8       0xb0 stm32f4xx_dma.o
                0x080056d8                DMA_GetITStatus
 .text.DMA_ClearITPendingBit
                0x08005788       0x5c stm32f4xx_dma.o
                0x08005788                DMA_ClearITPendingBit
 .text.NVIC_Init
                0x080057e4       0xc0 misc.o
                0x080057e4                NVIC_Init
 .text.rt_OneStep
                0x080058a4       0x4c ert_main.o
                0x080058a4                rt_OneStep
 .text.main     0x080058f0      0x114 ert_main.o
                0x080058f0                main
 .text          0x08005a04      0x370 c:/matlab/suppor~1/r2016a/gcc-ar~1/bin/../lib/gcc/arm-none-eabi/4.9.3/armv7e-m/fpu\libgcc.a(_arm_addsubdf3.o)
                0x08005a04                __aeabi_drsub
                0x08005a0c                __aeabi_dsub
                0x08005a0c                __subdf3
                0x08005a10                __aeabi_dadd
                0x08005a10                __adddf3
                0x08005c88                __floatunsidf
                0x08005c88                __aeabi_ui2d
                0x08005ca8                __floatsidf
                0x08005ca8                __aeabi_i2d
                0x08005ccc                __aeabi_f2d
                0x08005ccc                __extendsfdf2
                0x08005d08                __floatundidf
                0x08005d08                __aeabi_ul2d
                0x08005d18                __floatdidf
                0x08005d18                __aeabi_l2d
 .text          0x08005d74      0x424 c:/matlab/suppor~1/r2016a/gcc-ar~1/bin/../lib/gcc/arm-none-eabi/4.9.3/armv7e-m/fpu\libgcc.a(_arm_muldivdf3.o)
                0x08005d74                __aeabi_dmul
                0x08005d74                __muldf3
                0x08005fc8                __divdf3
                0x08005fc8                __aeabi_ddiv
 .text          0x08006198      0x110 c:/matlab/suppor~1/r2016a/gcc-ar~1/bin/../lib/gcc/arm-none-eabi/4.9.3/armv7e-m/fpu\libgcc.a(_arm_cmpdf2.o)
                0x08006198                __gtdf2
                0x08006198                __gedf2
                0x080061a0                __ltdf2
                0x080061a0                __ledf2
                0x080061a8                __nedf2
                0x080061a8                __eqdf2
                0x080061a8                __cmpdf2
                0x08006224                __aeabi_cdrcmple
                0x08006234                __aeabi_cdcmpeq
                0x08006234                __aeabi_cdcmple
                0x08006244                __aeabi_dcmpeq
                0x08006258                __aeabi_dcmplt
                0x0800626c                __aeabi_dcmple
                0x08006280                __aeabi_dcmpge
                0x08006294                __aeabi_dcmpgt
 .text.calloc   0x080062a8       0x14 c:/matlab/suppor~1/r2016a/gcc-ar~1/bin/../lib/gcc/arm-none-eabi/4.9.3/../../../../arm-none-eabi/lib/armv7e-m/fpu\libc_nano.a(lib_a-calloc.o)
                0x080062a8                calloc
 .text.exit     0x080062bc       0x28 c:/matlab/suppor~1/r2016a/gcc-ar~1/bin/../lib/gcc/arm-none-eabi/4.9.3/../../../../arm-none-eabi/lib/armv7e-m/fpu\libc_nano.a(lib_a-exit.o)
                0x080062bc                exit
 .text.__libc_init_array
                0x080062e4       0x4c c:/matlab/suppor~1/r2016a/gcc-ar~1/bin/../lib/gcc/arm-none-eabi/4.9.3/../../../../arm-none-eabi/lib/armv7e-m/fpu\libc_nano.a(lib_a-init.o)
                0x080062e4                __libc_init_array
 .text.malloc   0x08006330       0x10 c:/matlab/suppor~1/r2016a/gcc-ar~1/bin/../lib/gcc/arm-none-eabi/4.9.3/../../../../arm-none-eabi/lib/armv7e-m/fpu\libc_nano.a(lib_a-malloc.o)
                0x08006330                malloc
 .text.free     0x08006340       0x10 c:/matlab/suppor~1/r2016a/gcc-ar~1/bin/../lib/gcc/arm-none-eabi/4.9.3/../../../../arm-none-eabi/lib/armv7e-m/fpu\libc_nano.a(lib_a-malloc.o)
                0x08006340                free
 .text.memcpy   0x08006350       0x16 c:/matlab/suppor~1/r2016a/gcc-ar~1/bin/../lib/gcc/arm-none-eabi/4.9.3/../../../../arm-none-eabi/lib/armv7e-m/fpu\libc_nano.a(lib_a-memcpy.o)
                0x08006350                memcpy
 .text.memset   0x08006366       0x10 c:/matlab/suppor~1/r2016a/gcc-ar~1/bin/../lib/gcc/arm-none-eabi/4.9.3/../../../../arm-none-eabi/lib/armv7e-m/fpu\libc_nano.a(lib_a-memset.o)
                0x08006366                memset
 .text._calloc_r
                0x08006376       0x1c c:/matlab/suppor~1/r2016a/gcc-ar~1/bin/../lib/gcc/arm-none-eabi/4.9.3/../../../../arm-none-eabi/lib/armv7e-m/fpu\libc_nano.a(lib_a-nano-callocr.o)
                0x08006376                _calloc_r
 *fill*         0x08006392        0x2 
 .text._free_r  0x08006394       0x88 c:/matlab/suppor~1/r2016a/gcc-ar~1/bin/../lib/gcc/arm-none-eabi/4.9.3/../../../../arm-none-eabi/lib/armv7e-m/fpu\libc_nano.a(lib_a-nano-freer.o)
                0x08006394                _free_r
 .text._malloc_r
                0x0800641c       0xac c:/matlab/suppor~1/r2016a/gcc-ar~1/bin/../lib/gcc/arm-none-eabi/4.9.3/../../../../arm-none-eabi/lib/armv7e-m/fpu\libc_nano.a(lib_a-nano-mallocr.o)
                0x0800641c                _malloc_r
 .text._sbrk_r  0x080064c8       0x20 c:/matlab/suppor~1/r2016a/gcc-ar~1/bin/../lib/gcc/arm-none-eabi/4.9.3/../../../../arm-none-eabi/lib/armv7e-m/fpu\libc_nano.a(lib_a-sbrkr.o)
                0x080064c8                _sbrk_r
 .text          0x080064e8       0x14 c:/matlab/suppor~1/r2016a/gcc-ar~1/bin/../lib/gcc/arm-none-eabi/4.9.3/../../../../arm-none-eabi/lib/armv7e-m/fpu\libc_nano.a(lib_a-strcmp.o)
                0x080064e8                strcmp
 *(.init)
 .init          0x080064fc        0x4 c:/matlab/suppor~1/r2016a/gcc-ar~1/bin/../lib/gcc/arm-none-eabi/4.9.3/armv7e-m/fpu/crti.o
                0x080064fc                _init
 .init          0x08006500        0x8 c:/matlab/suppor~1/r2016a/gcc-ar~1/bin/../lib/gcc/arm-none-eabi/4.9.3/armv7e-m/fpu/crtn.o
 *(.fini)
 .fini          0x08006508        0x4 c:/matlab/suppor~1/r2016a/gcc-ar~1/bin/../lib/gcc/arm-none-eabi/4.9.3/armv7e-m/fpu/crti.o
                0x08006508                _fini
 .fini          0x0800650c        0x8 c:/matlab/suppor~1/r2016a/gcc-ar~1/bin/../lib/gcc/arm-none-eabi/4.9.3/armv7e-m/fpu/crtn.o
 *crtbegin.o(.ctors)
 *crtbegin?.o(.ctors)
 *(EXCLUDE_FILE(*crtend.o *crtend?.o) .ctors)
 *(SORT(.ctors.*))
 *(.ctors)
 *crtbegin.o(.dtors)
 *crtbegin?.o(.dtors)
 *(EXCLUDE_FILE(*crtend.o *crtend?.o) .dtors)
 *(SORT(.dtors.*))
 *(.dtors)
 *(.rodata*)
 .rodata        0x08006514       0xac SingleBlockSensoren.o
 .rodata.SingleBlockSensoren_M
                0x080065c0        0x4 SingleBlockSensoren.o
                0x080065c0                SingleBlockSensoren_M
 .rodata.rtAlwaysEnabled.8180
                0x080065c4        0x1 SingleBlockSensoren.o
 *fill*         0x080065c5        0x3 
 .rodata        0x080065c8       0x3c ext_svr.o
 .rodata        0x08006604       0x2c ext_svr_serial_transport.o
 .rodata.str1.1
                0x08006630        0x2 c:/matlab/suppor~1/r2016a/gcc-ar~1/bin/../lib/gcc/arm-none-eabi/4.9.3/../../../../arm-none-eabi/lib/armv7e-m/fpu\libc_nano.a(lib_a-impure.o)
 *fill*         0x08006632        0x2 
 .rodata._global_impure_ptr
                0x08006634        0x4 c:/matlab/suppor~1/r2016a/gcc-ar~1/bin/../lib/gcc/arm-none-eabi/4.9.3/../../../../arm-none-eabi/lib/armv7e-m/fpu\libc_nano.a(lib_a-impure.o)
                0x08006634                _global_impure_ptr
 *(.eh_fram e*)

.eh_frame       0x08006638        0x0
 .eh_frame      0x08006638        0x0 c:/matlab/suppor~1/r2016a/gcc-ar~1/bin/../lib/gcc/arm-none-eabi/4.9.3/armv7e-m/fpu/crtbegin.o

.glue_7         0x08006638        0x0
 .glue_7        0x00000000        0x0 linker stubs

.glue_7t        0x08006638        0x0
 .glue_7t       0x00000000        0x0 linker stubs

.vfp11_veneer   0x08006638        0x0
 .vfp11_veneer  0x00000000        0x0 linker stubs

.v4_bx          0x08006638        0x0
 .v4_bx         0x00000000        0x0 linker stubs

.iplt           0x08006638        0x0
 .iplt          0x00000000        0x0 c:/matlab/suppor~1/r2016a/gcc-ar~1/bin/../lib/gcc/arm-none-eabi/4.9.3/armv7e-m/fpu/crtbegin.o

.ARM.extab
 *(.ARM.extab* .gnu.linkonce.armextab.*)
                0x08006638                __exidx_start = .

.ARM.exidx      0x08006638        0x8
 *(.ARM.exidx* .gnu.linkonce.armexidx.*)
 .ARM.exidx     0x08006638        0x8 c:/matlab/suppor~1/r2016a/gcc-ar~1/bin/../lib/gcc/arm-none-eabi/4.9.3/../../../../arm-none-eabi/lib/armv7e-m/fpu/crt0.o
                0x08006640                __exidx_end = .

.rel.dyn        0x08006640        0x0
 .rel.iplt      0x00000000        0x0 c:/matlab/suppor~1/r2016a/gcc-ar~1/bin/../lib/gcc/arm-none-eabi/4.9.3/armv7e-m/fpu/crtbegin.o
                0x08006640                . = ALIGN (0x4)
                0x08006640                _etext = .
                0x08006640                _sidata = .

.data           0x20000000      0x174 load address 0x08006640
                0x20000000                __data_start__ = .
                0x20000000                _sdata = __data_start__
 *(vtable)
 *(.data*)
 .data.rtDataTypeSizes
                0x20000000       0x38 SingleBlockSensoren.o
 .data.rtDataTypeNames
                0x20000038       0x38 SingleBlockSensoren.o
 .data.rtBTransitions
                0x20000070       0x30 SingleBlockSensoren.o
 .data.rtBTransTable
                0x200000a0        0x8 SingleBlockSensoren.o
 .data.rtPTransitions
                0x200000a8       0x10 SingleBlockSensoren.o
 .data.rtPTransTable
                0x200000b8        0x8 SingleBlockSensoren.o
 .data.SingleBlockSensoren_P
                0x200000c0        0x4 SingleBlockSensoren_data.o
                0x200000c0                SingleBlockSensoren_P
 .data.firstTime.8583
                0x200000c4        0x4 updown.o
 .data.modelStatus
                0x200000c8        0x1 ext_work.o
                0x200000c8                modelStatus
 *fill*         0x200000c9        0x7 
 .data.finaltime
                0x200000d0        0x8 ext_work.o
 .data.SystemCoreClock
                0x200000d8        0x4 system_stm32f4xx.o
                0x200000d8                SystemCoreClock
 .data.AHBPrescTable
                0x200000dc       0x10 system_stm32f4xx.o
                0x200000dc                AHBPrescTable
 .data.InBuffer
                0x200000ec        0x4 ext_svr_serial_transport.o
 .data.OutBuffer
                0x200000f0        0x4 ext_svr_serial_transport.o
 .data.APBAHBPrescTable
                0x200000f4       0x10 stm32f4xx_rcc.o
 .data.impure_data
                0x20000104       0x60 c:/matlab/suppor~1/r2016a/gcc-ar~1/bin/../lib/gcc/arm-none-eabi/4.9.3/../../../../arm-none-eabi/lib/armv7e-m/fpu\libc_nano.a(lib_a-impure.o)
 .data._impure_ptr
                0x20000164        0x4 c:/matlab/suppor~1/r2016a/gcc-ar~1/bin/../lib/gcc/arm-none-eabi/4.9.3/../../../../arm-none-eabi/lib/armv7e-m/fpu\libc_nano.a(lib_a-impure.o)
                0x20000164                _impure_ptr
                0x20000168                . = ALIGN (0x4)
                0x20000168                PROVIDE (__preinit_array_start, .)
 *(.preinit_array)
                0x20000168                PROVIDE (__preinit_array_end, .)
                0x20000168                . = ALIGN (0x4)
                0x20000168                PROVIDE (__init_array_start, .)
 *(SORT(.init_array.*))
 *(.init_array)
 .init_array    0x20000168        0x4 c:/matlab/suppor~1/r2016a/gcc-ar~1/bin/../lib/gcc/arm-none-eabi/4.9.3/armv7e-m/fpu/crtbegin.o
                0x2000016c                PROVIDE (__init_array_end, .)
                0x2000016c                . = ALIGN (0x4)
                0x2000016c                PROVIDE (__fini_array_start, .)
 *(SORT(.fini_array.*))
 *(.fini_array)
 .fini_array    0x2000016c        0x4 c:/matlab/suppor~1/r2016a/gcc-ar~1/bin/../lib/gcc/arm-none-eabi/4.9.3/armv7e-m/fpu/crtbegin.o
                0x20000170                PROVIDE (__fini_array_end, .)
 *(.jcr*)
 .jcr           0x20000170        0x0 c:/matlab/suppor~1/r2016a/gcc-ar~1/bin/../lib/gcc/arm-none-eabi/4.9.3/armv7e-m/fpu/crtbegin.o
 .jcr           0x20000170        0x4 c:/matlab/suppor~1/r2016a/gcc-ar~1/bin/../lib/gcc/arm-none-eabi/4.9.3/armv7e-m/fpu/crtend.o
                0x20000174                . = ALIGN (0x4)
                0x20000174                __data_end__ = .
                0x20000174                _edata = __data_end__

.igot.plt       0x20000174        0x0 load address 0x080067b4
 .igot.plt      0x00000000        0x0 c:/matlab/suppor~1/r2016a/gcc-ar~1/bin/../lib/gcc/arm-none-eabi/4.9.3/armv7e-m/fpu/crtbegin.o

.bss            0x20000178      0xe9c load address 0x080067b8
                0x20000178                . = ALIGN (0x4)
                0x20000178                _sbss = .
                0x20000178                __bss_start__ = _sbss
 *(.bss .bss.*)
 .bss           0x20000178       0x1c c:/matlab/suppor~1/r2016a/gcc-ar~1/bin/../lib/gcc/arm-none-eabi/4.9.3/armv7e-m/fpu/crtbegin.o
 .bss.rt_ExtModeInfo.8181
                0x20000194       0x14 SingleBlockSensoren.o
 .bss.systemRan.8182
                0x200001a8        0x4 SingleBlockSensoren.o
 .bss.dtInfo.8183
                0x200001ac       0x24 SingleBlockSensoren.o
 .bss.connected
                0x200001d0        0x1 ext_svr.o
 .bss.commInitialized
                0x200001d1        0x1 ext_svr.o
 .bss.gblSetParamPktReceived
                0x200001d2        0x1 ext_svr.o
                0x200001d2                gblSetParamPktReceived
 *fill*         0x200001d3        0x1 
 .bss.extUD     0x200001d4        0x4 ext_svr.o
 .bss.pktBufSize
                0x200001d8        0x4 ext_svr.o
 .bss.pktBuf    0x200001dc        0x4 ext_svr.o
 .bss.ERRMSG_PROCESSSELECTSIGNAL
                0x200001e0        0x4 ext_svr.o
 .bss.ERRMSG_PROCESSSELECTTRIGGER
                0x200001e4        0x4 ext_svr.o
 .bss.buffer.8480
                0x200001e8        0x1 ext_svr.o
 .bss.host_upstatus_is_uploading
                0x200001e9        0x1 updown.o
                0x200001e9                host_upstatus_is_uploading
 *fill*         0x200001ea        0x6 
 .bss.uploadInfoArray
                0x200001f0       0xe0 updown.o
 .bss.startModel
                0x200002d0        0x4 ext_work.o
                0x200002d0                startModel
 .bss.heap_end  0x200002d4        0x4 syscalls_stm32f4xx.o
                0x200002d4                heap_end
 .bss.UD        0x200002d8        0x4 rtiostream_serial_interface.o
 .bss.serialPort.8417
                0x200002dc        0x4 rtiostream_serial_interface.o
 .bss.buffer1st
                0x200002e0       0x24 ext_svr_serial_transport.o
 .bss.buffer2nd
                0x20000304       0x24 ext_svr_serial_transport.o
 .bss.waitForAck
                0x20000328        0x1 ext_svr_serial_transport.o
 *fill*         0x20000329        0x3 
 .bss.FreeFIFOHead
                0x2000032c        0x4 ext_svr_serial_transport.o
 .bss.FreeFIFOTail
                0x20000330        0x4 ext_svr_serial_transport.o
 .bss.PktFIFOHead
                0x20000334        0x4 ext_svr_serial_transport.o
 .bss.PktFIFOTail
                0x20000338        0x4 ext_svr_serial_transport.o
 .bss.UD.8580   0x2000033c        0x8 ext_svr_serial_transport.o
 .bss.MW_USART_ERRNO
                0x20000344        0x4 rtiostream_serial_dma_stm32f4xx.o
                0x20000344                MW_USART_ERRNO
 .bss.UART_rxBuffer
                0x20000348      0x800 rtiostream_serial_dma_stm32f4xx.o
 .bss.UART_txBuffer
                0x20000b48      0x400 rtiostream_serial_dma_stm32f4xx.o
 .bss.UART_Rx   0x20000f48        0x8 rtiostream_serial_dma_stm32f4xx.o
 .bss.UART_Tx   0x20000f50       0x48 rtiostream_serial_dma_stm32f4xx.o
 .bss.IsrOverrun
                0x20000f98        0x4 ert_main.o
                0x20000f98                IsrOverrun
 .bss.OverrunFlag
                0x20000f9c        0x1 ert_main.o
 *fill*         0x20000f9d        0x3 
 .bss.__malloc_sbrk_start
                0x20000fa0        0x4 c:/matlab/suppor~1/r2016a/gcc-ar~1/bin/../lib/gcc/arm-none-eabi/4.9.3/../../../../arm-none-eabi/lib/armv7e-m/fpu\libc_nano.a(lib_a-nano-mallocr.o)
                0x20000fa0                __malloc_sbrk_start
 .bss.__malloc_free_list
                0x20000fa4        0x4 c:/matlab/suppor~1/r2016a/gcc-ar~1/bin/../lib/gcc/arm-none-eabi/4.9.3/../../../../arm-none-eabi/lib/armv7e-m/fpu\libc_nano.a(lib_a-nano-mallocr.o)
                0x20000fa4                __malloc_free_list
 *(COMMON)
 COMMON         0x20000fa8       0x60 SingleBlockSensoren.o
                0x20000fa8                SingleBlockSensoren_B
                0x20000fb0                SingleBlockSensoren_DW
                0x20000fc0                SingleBlockSensoren_M_
 COMMON         0x20001008        0x8 SysTickScheduler.o
                0x20001008                schdl_counter_max
                0x2000100c                schdl_counter
 COMMON         0x20001010        0x4 c:/matlab/suppor~1/r2016a/gcc-ar~1/bin/../lib/gcc/arm-none-eabi/4.9.3/../../../../arm-none-eabi/lib/armv7e-m/fpu\libc_nano.a(lib_a-reent.o)
                0x20001010                errno
                0x20001014                . = ALIGN (0x4)
                0x20001014                _ebss = .
                0x20001014                __bss_end__ = _ebss

.co_stack       0x10000000     0x2040
                0x10000000                . = ALIGN (0x8)
                0x10000000                __stack_end__ = .
 *(.co_stack .co_stack.*)
 .co_stack      0x10000000     0x2040 startup_stm32f4xx.o
                0x10000000                pulStack
                0x10002040                __stack_start__ = .
                0x10002040                . = ALIGN (0x8)
                0x10002040                _end_ccmram = .
                0x10002040                PROVIDE (_sheap, _end_ccmram)
                0x10010000                PROVIDE (_eheap, ALIGN ((ORIGIN (CCMRAM) + 0x10000), 0x8))
                0x10002040                PROVIDE (__stack, __stack_start__)
OUTPUT(../SingleBlockSensoren.elf elf32-littlearm)

.ARM.attributes
                0x00000000       0x30
 .ARM.attributes
                0x00000000       0x22 c:/matlab/suppor~1/r2016a/gcc-ar~1/bin/../lib/gcc/arm-none-eabi/4.9.3/armv7e-m/fpu/crti.o
 .ARM.attributes
                0x00000022       0x34 c:/matlab/suppor~1/r2016a/gcc-ar~1/bin/../lib/gcc/arm-none-eabi/4.9.3/armv7e-m/fpu/crtbegin.o
 .ARM.attributes
                0x00000056       0x20 c:/matlab/suppor~1/r2016a/gcc-ar~1/bin/../lib/gcc/arm-none-eabi/4.9.3/../../../../arm-none-eabi/lib/armv7e-m/fpu/crt0.o
 .ARM.attributes
                0x00000076       0x39 SingleBlockSensoren.o
 .ARM.attributes
                0x000000af       0x39 SingleBlockSensoren_data.o
 .ARM.attributes
                0x000000e8       0x39 MPU6050.o
 .ARM.attributes
                0x00000121       0x39 stm32f4xx_i2c.o
 .ARM.attributes
                0x0000015a       0x39 ext_svr.o
 .ARM.attributes
                0x00000193       0x39 updown.o
 .ARM.attributes
                0x000001cc       0x39 ext_work.o
 .ARM.attributes
                0x00000205       0x39 rtiostream_utils.o
 .ARM.attributes
                0x0000023e       0x39 Sensoren_CustomBlock_wrapper.o
 .ARM.attributes
                0x00000277       0x39 blapp_support.o
 .ARM.attributes
                0x000002b0       0x39 startup_stm32f4xx.o
 .ARM.attributes
                0x000002e9       0x39 syscalls_stm32f4xx.o
 .ARM.attributes
                0x00000322       0x39 stm32f4xx_init_board.o
 .ARM.attributes
                0x0000035b       0x39 system_stm32f4xx.o
 .ARM.attributes
                0x00000394       0x39 SysTickScheduler.o
 .ARM.attributes
                0x000003cd       0x39 m3m4m4f_multitasking.o
 .ARM.attributes
                0x00000406       0x39 ext_serial_pkt.o
 .ARM.attributes
                0x0000043f       0x39 rtiostream_serial_interface.o
 .ARM.attributes
                0x00000478       0x39 ext_svr_serial_transport.o
 .ARM.attributes
                0x000004b1       0x39 rtiostream_serial_dma_stm32f4xx.o
 .ARM.attributes
                0x000004ea       0x39 stm32f4xx_usart.o
 .ARM.attributes
                0x00000523       0x39 stm32f4xx_rcc.o
 .ARM.attributes
                0x0000055c       0x39 stm32f4xx_gpio.o
 .ARM.attributes
                0x00000595       0x39 stm32f4xx_dma.o
 .ARM.attributes
                0x000005ce       0x39 misc.o
 .ARM.attributes
                0x00000607       0x39 ert_main.o
 .ARM.attributes
                0x00000640       0x22 c:/matlab/suppor~1/r2016a/gcc-ar~1/bin/../lib/gcc/arm-none-eabi/4.9.3/armv7e-m/fpu\libgcc.a(_arm_addsubdf3.o)
 .ARM.attributes
                0x00000662       0x22 c:/matlab/suppor~1/r2016a/gcc-ar~1/bin/../lib/gcc/arm-none-eabi/4.9.3/armv7e-m/fpu\libgcc.a(_arm_muldivdf3.o)
 .ARM.attributes
                0x00000684       0x22 c:/matlab/suppor~1/r2016a/gcc-ar~1/bin/../lib/gcc/arm-none-eabi/4.9.3/armv7e-m/fpu\libgcc.a(_arm_cmpdf2.o)
 .ARM.attributes
                0x000006a6       0x34 c:/matlab/suppor~1/r2016a/gcc-ar~1/bin/../lib/gcc/arm-none-eabi/4.9.3/../../../../arm-none-eabi/lib/armv7e-m/fpu\libc_nano.a(lib_a-calloc.o)
 .ARM.attributes
                0x000006da       0x34 c:/matlab/suppor~1/r2016a/gcc-ar~1/bin/../lib/gcc/arm-none-eabi/4.9.3/../../../../arm-none-eabi/lib/armv7e-m/fpu\libc_nano.a(lib_a-exit.o)
 .ARM.attributes
                0x0000070e       0x34 c:/matlab/suppor~1/r2016a/gcc-ar~1/bin/../lib/gcc/arm-none-eabi/4.9.3/../../../../arm-none-eabi/lib/armv7e-m/fpu\libc_nano.a(lib_a-impure.o)
 .ARM.attributes
                0x00000742       0x34 c:/matlab/suppor~1/r2016a/gcc-ar~1/bin/../lib/gcc/arm-none-eabi/4.9.3/../../../../arm-none-eabi/lib/armv7e-m/fpu\libc_nano.a(lib_a-init.o)
 .ARM.attributes
                0x00000776       0x34 c:/matlab/suppor~1/r2016a/gcc-ar~1/bin/../lib/gcc/arm-none-eabi/4.9.3/../../../../arm-none-eabi/lib/armv7e-m/fpu\libc_nano.a(lib_a-malloc.o)
 .ARM.attributes
                0x000007aa       0x34 c:/matlab/suppor~1/r2016a/gcc-ar~1/bin/../lib/gcc/arm-none-eabi/4.9.3/../../../../arm-none-eabi/lib/armv7e-m/fpu\libc_nano.a(lib_a-memcpy.o)
 .ARM.attributes
                0x000007de       0x34 c:/matlab/suppor~1/r2016a/gcc-ar~1/bin/../lib/gcc/arm-none-eabi/4.9.3/../../../../arm-none-eabi/lib/armv7e-m/fpu\libc_nano.a(lib_a-memset.o)
 .ARM.attributes
                0x00000812       0x34 c:/matlab/suppor~1/r2016a/gcc-ar~1/bin/../lib/gcc/arm-none-eabi/4.9.3/../../../../arm-none-eabi/lib/armv7e-m/fpu\libc_nano.a(lib_a-nano-callocr.o)
 .ARM.attributes
                0x00000846       0x34 c:/matlab/suppor~1/r2016a/gcc-ar~1/bin/../lib/gcc/arm-none-eabi/4.9.3/../../../../arm-none-eabi/lib/armv7e-m/fpu\libc_nano.a(lib_a-nano-freer.o)
 .ARM.attributes
                0x0000087a       0x34 c:/matlab/suppor~1/r2016a/gcc-ar~1/bin/../lib/gcc/arm-none-eabi/4.9.3/../../../../arm-none-eabi/lib/armv7e-m/fpu\libc_nano.a(lib_a-nano-mallocr.o)
 .ARM.attributes
                0x000008ae       0x34 c:/matlab/suppor~1/r2016a/gcc-ar~1/bin/../lib/gcc/arm-none-eabi/4.9.3/../../../../arm-none-eabi/lib/armv7e-m/fpu\libc_nano.a(lib_a-reent.o)
 .ARM.attributes
                0x000008e2       0x34 c:/matlab/suppor~1/r2016a/gcc-ar~1/bin/../lib/gcc/arm-none-eabi/4.9.3/../../../../arm-none-eabi/lib/armv7e-m/fpu\libc_nano.a(lib_a-sbrkr.o)
 .ARM.attributes
                0x00000916       0x20 c:/matlab/suppor~1/r2016a/gcc-ar~1/bin/../lib/gcc/arm-none-eabi/4.9.3/../../../../arm-none-eabi/lib/armv7e-m/fpu\libc_nano.a(lib_a-strcmp.o)
 .ARM.attributes
                0x00000936       0x34 c:/matlab/suppor~1/r2016a/gcc-ar~1/bin/../lib/gcc/arm-none-eabi/4.9.3/armv7e-m/fpu/crtend.o
 .ARM.attributes
                0x0000096a       0x22 c:/matlab/suppor~1/r2016a/gcc-ar~1/bin/../lib/gcc/arm-none-eabi/4.9.3/armv7e-m/fpu/crtn.o

.comment        0x00000000       0x70
 .comment       0x00000000       0x70 SingleBlockSensoren.o
                                 0x71 (size before relaxing)
 .comment       0x00000000       0x71 SingleBlockSensoren_data.o
 .comment       0x00000000       0x71 MPU6050.o
 .comment       0x00000000       0x71 stm32f4xx_i2c.o
 .comment       0x00000000       0x71 ext_svr.o
 .comment       0x00000000       0x71 updown.o
 .comment       0x00000000       0x71 ext_work.o
 .comment       0x00000000       0x71 rtiostream_utils.o
 .comment       0x00000000       0x71 Sensoren_CustomBlock_wrapper.o
 .comment       0x00000000       0x71 blapp_support.o
 .comment       0x00000000       0x71 startup_stm32f4xx.o
 .comment       0x00000000       0x71 syscalls_stm32f4xx.o
 .comment       0x00000000       0x71 stm32f4xx_init_board.o
 .comment       0x00000000       0x71 system_stm32f4xx.o
 .comment       0x00000000       0x71 SysTickScheduler.o
 .comment       0x00000000       0x71 m3m4m4f_multitasking.o
 .comment       0x00000000       0x71 ext_serial_pkt.o
 .comment       0x00000000       0x71 rtiostream_serial_interface.o
 .comment       0x00000000       0x71 ext_svr_serial_transport.o
 .comment       0x00000000       0x71 rtiostream_serial_dma_stm32f4xx.o
 .comment       0x00000000       0x71 stm32f4xx_usart.o
 .comment       0x00000000       0x71 stm32f4xx_rcc.o
 .comment       0x00000000       0x71 stm32f4xx_gpio.o
 .comment       0x00000000       0x71 stm32f4xx_dma.o
 .comment       0x00000000       0x71 misc.o
 .comment       0x00000000       0x71 ert_main.o

.debug_frame    0x00000000      0x1f8
 .debug_frame   0x00000000       0x20 c:/matlab/suppor~1/r2016a/gcc-ar~1/bin/../lib/gcc/arm-none-eabi/4.9.3/../../../../arm-none-eabi/lib/armv7e-m/fpu\libc_nano.a(lib_a-calloc.o)
 .debug_frame   0x00000020       0x28 c:/matlab/suppor~1/r2016a/gcc-ar~1/bin/../lib/gcc/arm-none-eabi/4.9.3/../../../../arm-none-eabi/lib/armv7e-m/fpu\libc_nano.a(lib_a-exit.o)
 .debug_frame   0x00000048       0x2c c:/matlab/suppor~1/r2016a/gcc-ar~1/bin/../lib/gcc/arm-none-eabi/4.9.3/../../../../arm-none-eabi/lib/armv7e-m/fpu\libc_nano.a(lib_a-init.o)
 .debug_frame   0x00000074       0x30 c:/matlab/suppor~1/r2016a/gcc-ar~1/bin/../lib/gcc/arm-none-eabi/4.9.3/../../../../arm-none-eabi/lib/armv7e-m/fpu\libc_nano.a(lib_a-malloc.o)
 .debug_frame   0x000000a4       0x28 c:/matlab/suppor~1/r2016a/gcc-ar~1/bin/../lib/gcc/arm-none-eabi/4.9.3/../../../../arm-none-eabi/lib/armv7e-m/fpu\libc_nano.a(lib_a-memcpy.o)
 .debug_frame   0x000000cc       0x20 c:/matlab/suppor~1/r2016a/gcc-ar~1/bin/../lib/gcc/arm-none-eabi/4.9.3/../../../../arm-none-eabi/lib/armv7e-m/fpu\libc_nano.a(lib_a-memset.o)
 .debug_frame   0x000000ec       0x2c c:/matlab/suppor~1/r2016a/gcc-ar~1/bin/../lib/gcc/arm-none-eabi/4.9.3/../../../../arm-none-eabi/lib/armv7e-m/fpu\libc_nano.a(lib_a-nano-callocr.o)
 .debug_frame   0x00000118       0x2c c:/matlab/suppor~1/r2016a/gcc-ar~1/bin/../lib/gcc/arm-none-eabi/4.9.3/../../../../arm-none-eabi/lib/armv7e-m/fpu\libc_nano.a(lib_a-nano-freer.o)
 .debug_frame   0x00000144       0x2c c:/matlab/suppor~1/r2016a/gcc-ar~1/bin/../lib/gcc/arm-none-eabi/4.9.3/../../../../arm-none-eabi/lib/armv7e-m/fpu\libc_nano.a(lib_a-nano-mallocr.o)
 .debug_frame   0x00000170       0x5c c:/matlab/suppor~1/r2016a/gcc-ar~1/bin/../lib/gcc/arm-none-eabi/4.9.3/../../../../arm-none-eabi/lib/armv7e-m/fpu\libc_nano.a(lib_a-reent.o)
 .debug_frame   0x000001cc       0x2c c:/matlab/suppor~1/r2016a/gcc-ar~1/bin/../lib/gcc/arm-none-eabi/4.9.3/../../../../arm-none-eabi/lib/armv7e-m/fpu\libc_nano.a(lib_a-sbrkr.o)
