Archive member included because of file (symbol)

c:/matlab/suppor~1/r2016a/gcc-ar~1/bin/../lib/gcc/arm-none-eabi/4.9.3/armv7e-m/fpu\libgcc.a(_arm_addsubdf3.o)
                              TestSTMSupportPackage.o (__aeabi_dsub)
c:/matlab/suppor~1/r2016a/gcc-ar~1/bin/../lib/gcc/arm-none-eabi/4.9.3/armv7e-m/fpu\libgcc.a(_arm_muldivdf3.o)
                              TestSTMSupportPackage.o (__aeabi_dmul)
c:/matlab/suppor~1/r2016a/gcc-ar~1/bin/../lib/gcc/arm-none-eabi/4.9.3/armv7e-m/fpu\libgcc.a(_arm_cmpdf2.o)
                              TestSTMSupportPackage.o (__aeabi_dcmpeq)
c:/matlab/suppor~1/r2016a/gcc-ar~1/bin/../lib/gcc/arm-none-eabi/4.9.3/../../../../arm-none-eabi/lib/armv7e-m/fpu\libc_nano.a(lib_a-calloc.o)
                              updown.o (calloc)
c:/matlab/suppor~1/r2016a/gcc-ar~1/bin/../lib/gcc/arm-none-eabi/4.9.3/../../../../arm-none-eabi/lib/armv7e-m/fpu\libc_nano.a(lib_a-exit.o)
                              c:/matlab/suppor~1/r2016a/gcc-ar~1/bin/../lib/gcc/arm-none-eabi/4.9.3/../../../../arm-none-eabi/lib/armv7e-m/fpu/crt0.o (exit)
c:/matlab/suppor~1/r2016a/gcc-ar~1/bin/../lib/gcc/arm-none-eabi/4.9.3/../../../../arm-none-eabi/lib/armv7e-m/fpu\libc_nano.a(lib_a-impure.o)
                              c:/matlab/suppor~1/r2016a/gcc-ar~1/bin/../lib/gcc/arm-none-eabi/4.9.3/../../../../arm-none-eabi/lib/armv7e-m/fpu\libc_nano.a(lib_a-exit.o) (_global_impure_ptr)
c:/matlab/suppor~1/r2016a/gcc-ar~1/bin/../lib/gcc/arm-none-eabi/4.9.3/../../../../arm-none-eabi/lib/armv7e-m/fpu\libc_nano.a(lib_a-init.o)
                              c:/matlab/suppor~1/r2016a/gcc-ar~1/bin/../lib/gcc/arm-none-eabi/4.9.3/../../../../arm-none-eabi/lib/armv7e-m/fpu/crt0.o (__libc_init_array)
c:/matlab/suppor~1/r2016a/gcc-ar~1/bin/../lib/gcc/arm-none-eabi/4.9.3/../../../../arm-none-eabi/lib/armv7e-m/fpu\libc_nano.a(lib_a-malloc.o)
                              ext_svr.o (malloc)
c:/matlab/suppor~1/r2016a/gcc-ar~1/bin/../lib/gcc/arm-none-eabi/4.9.3/../../../../arm-none-eabi/lib/armv7e-m/fpu\libc_nano.a(lib_a-memcpy.o)
                              ext_svr.o (memcpy)
c:/matlab/suppor~1/r2016a/gcc-ar~1/bin/../lib/gcc/arm-none-eabi/4.9.3/../../../../arm-none-eabi/lib/armv7e-m/fpu\libc_nano.a(lib_a-memset.o)
                              c:/matlab/suppor~1/r2016a/gcc-ar~1/bin/../lib/gcc/arm-none-eabi/4.9.3/../../../../arm-none-eabi/lib/armv7e-m/fpu/crt0.o (memset)
c:/matlab/suppor~1/r2016a/gcc-ar~1/bin/../lib/gcc/arm-none-eabi/4.9.3/../../../../arm-none-eabi/lib/armv7e-m/fpu\libc_nano.a(lib_a-nano-callocr.o)
                              c:/matlab/suppor~1/r2016a/gcc-ar~1/bin/../lib/gcc/arm-none-eabi/4.9.3/../../../../arm-none-eabi/lib/armv7e-m/fpu\libc_nano.a(lib_a-calloc.o) (_calloc_r)
c:/matlab/suppor~1/r2016a/gcc-ar~1/bin/../lib/gcc/arm-none-eabi/4.9.3/../../../../arm-none-eabi/lib/armv7e-m/fpu\libc_nano.a(lib_a-nano-freer.o)
                              c:/matlab/suppor~1/r2016a/gcc-ar~1/bin/../lib/gcc/arm-none-eabi/4.9.3/../../../../arm-none-eabi/lib/armv7e-m/fpu\libc_nano.a(lib_a-malloc.o) (_free_r)
c:/matlab/suppor~1/r2016a/gcc-ar~1/bin/../lib/gcc/arm-none-eabi/4.9.3/../../../../arm-none-eabi/lib/armv7e-m/fpu\libc_nano.a(lib_a-nano-mallocr.o)
                              c:/matlab/suppor~1/r2016a/gcc-ar~1/bin/../lib/gcc/arm-none-eabi/4.9.3/../../../../arm-none-eabi/lib/armv7e-m/fpu\libc_nano.a(lib_a-malloc.o) (_malloc_r)
c:/matlab/suppor~1/r2016a/gcc-ar~1/bin/../lib/gcc/arm-none-eabi/4.9.3/../../../../arm-none-eabi/lib/armv7e-m/fpu\libc_nano.a(lib_a-reent.o)
                              syscalls_stm32f4xx.o (errno)
c:/matlab/suppor~1/r2016a/gcc-ar~1/bin/../lib/gcc/arm-none-eabi/4.9.3/../../../../arm-none-eabi/lib/armv7e-m/fpu\libc_nano.a(lib_a-sbrkr.o)
                              c:/matlab/suppor~1/r2016a/gcc-ar~1/bin/../lib/gcc/arm-none-eabi/4.9.3/../../../../arm-none-eabi/lib/armv7e-m/fpu\libc_nano.a(lib_a-nano-mallocr.o) (_sbrk_r)
c:/matlab/suppor~1/r2016a/gcc-ar~1/bin/../lib/gcc/arm-none-eabi/4.9.3/../../../../arm-none-eabi/lib/armv7e-m/fpu\libc_nano.a(lib_a-strcmp.o)
                              ext_svr_serial_transport.o (strcmp)

Allocating common symbols
Common symbol       size              file

errno               0x4               c:/matlab/suppor~1/r2016a/gcc-ar~1/bin/../lib/gcc/arm-none-eabi/4.9.3/../../../../arm-none-eabi/lib/armv7e-m/fpu\libc_nano.a(lib_a-reent.o)
TestSTMSupportPackage_M_
                    0x48              TestSTMSupportPackage.o
schdl_counter_max   0x4               SysTickScheduler.o
schdl_counter       0x4               SysTickScheduler.o
TestSTMSupportPackage_DW
                    0x8               TestSTMSupportPackage.o

Discarded input sections

 .text          0x00000000        0x0 c:/matlab/suppor~1/r2016a/gcc-ar~1/bin/../lib/gcc/arm-none-eabi/4.9.3/armv7e-m/fpu/crti.o
 .data          0x00000000        0x0 c:/matlab/suppor~1/r2016a/gcc-ar~1/bin/../lib/gcc/arm-none-eabi/4.9.3/armv7e-m/fpu/crti.o
 .bss           0x00000000        0x0 c:/matlab/suppor~1/r2016a/gcc-ar~1/bin/../lib/gcc/arm-none-eabi/4.9.3/armv7e-m/fpu/crti.o
 .data          0x00000000        0x4 c:/matlab/suppor~1/r2016a/gcc-ar~1/bin/../lib/gcc/arm-none-eabi/4.9.3/armv7e-m/fpu/crtbegin.o
 .data          0x00000000        0x0 c:/matlab/suppor~1/r2016a/gcc-ar~1/bin/../lib/gcc/arm-none-eabi/4.9.3/../../../../arm-none-eabi/lib/armv7e-m/fpu/crt0.o
 .bss           0x00000000        0x0 c:/matlab/suppor~1/r2016a/gcc-ar~1/bin/../lib/gcc/arm-none-eabi/4.9.3/../../../../arm-none-eabi/lib/armv7e-m/fpu/crt0.o
 .ARM.extab     0x00000000        0x0 c:/matlab/suppor~1/r2016a/gcc-ar~1/bin/../lib/gcc/arm-none-eabi/4.9.3/../../../../arm-none-eabi/lib/armv7e-m/fpu/crt0.o
 .text          0x00000000        0x0 TestSTMSupportPackage.o
 .data          0x00000000        0x0 TestSTMSupportPackage.o
 .bss           0x00000000        0x0 TestSTMSupportPackage.o
 .text          0x00000000        0x0 TestSTMSupportPackage_data.o
 .data          0x00000000        0x0 TestSTMSupportPackage_data.o
 .bss           0x00000000        0x0 TestSTMSupportPackage_data.o
 .text          0x00000000        0x0 LED.o
 .data          0x00000000        0x0 LED.o
 .bss           0x00000000        0x0 LED.o
 .text          0x00000000        0x0 ext_svr.o
 .data          0x00000000        0x0 ext_svr.o
 .bss           0x00000000        0x0 ext_svr.o
 .text          0x00000000        0x0 updown.o
 .data          0x00000000        0x0 updown.o
 .bss           0x00000000        0x0 updown.o
 .text          0x00000000        0x0 ext_work.o
 .data          0x00000000        0x0 ext_work.o
 .bss           0x00000000        0x0 ext_work.o
 .text.rtExtModePauseIfNeeded
                0x00000000       0x58 ext_work.o
 .text.rtExtModeParseArgs
                0x00000000       0x1c ext_work.o
 .text.displayUsage
                0x00000000        0xc ext_work.o
 .rodata.RUN_FOREVER
                0x00000000        0x8 ext_work.o
 .text          0x00000000        0x0 rtiostream_utils.o
 .data          0x00000000        0x0 rtiostream_utils.o
 .bss           0x00000000        0x0 rtiostream_utils.o
 .text          0x00000000        0x0 LED_CustomBlock_wrapper.o
 .data          0x00000000        0x0 LED_CustomBlock_wrapper.o
 .bss           0x00000000        0x0 LED_CustomBlock_wrapper.o
 .text          0x00000000        0x0 stm32f4xx_gpio.o
 .data          0x00000000        0x0 stm32f4xx_gpio.o
 .bss           0x00000000        0x0 stm32f4xx_gpio.o
 .text.GPIO_DeInit
                0x00000000      0x120 stm32f4xx_gpio.o
 .text.GPIO_PinLockConfig
                0x00000000       0x44 stm32f4xx_gpio.o
 .text.GPIO_ReadInputDataBit
                0x00000000       0x34 stm32f4xx_gpio.o
 .text.GPIO_ReadInputData
                0x00000000       0x1c stm32f4xx_gpio.o
 .text.GPIO_ReadOutputDataBit
                0x00000000       0x34 stm32f4xx_gpio.o
 .text.GPIO_ReadOutputData
                0x00000000       0x1c stm32f4xx_gpio.o
 .text.GPIO_Write
                0x00000000       0x1c stm32f4xx_gpio.o
 .text.GPIO_ToggleBits
                0x00000000       0x24 stm32f4xx_gpio.o
 .text          0x00000000        0x0 stm32f4xx_rcc.o
 .data          0x00000000        0x0 stm32f4xx_rcc.o
 .bss           0x00000000        0x0 stm32f4xx_rcc.o
 .text.RCC_DeInit
                0x00000000       0x50 stm32f4xx_rcc.o
 .text.RCC_HSEConfig
                0x00000000       0x24 stm32f4xx_rcc.o
 .text.RCC_WaitForHSEStartUp
                0x00000000       0x50 stm32f4xx_rcc.o
 .text.RCC_AdjustHSICalibrationValue
                0x00000000       0x3c stm32f4xx_rcc.o
 .text.RCC_HSICmd
                0x00000000       0x20 stm32f4xx_rcc.o
 .text.RCC_LSEConfig
                0x00000000       0x40 stm32f4xx_rcc.o
 .text.RCC_LSICmd
                0x00000000       0x20 stm32f4xx_rcc.o
 .text.RCC_PLLConfig
                0x00000000       0x3c stm32f4xx_rcc.o
 .text.RCC_PLLCmd
                0x00000000       0x20 stm32f4xx_rcc.o
 .text.RCC_PLLI2SConfig
                0x00000000       0x28 stm32f4xx_rcc.o
 .text.RCC_PLLI2SCmd
                0x00000000       0x20 stm32f4xx_rcc.o
 .text.RCC_ClockSecuritySystemCmd
                0x00000000       0x20 stm32f4xx_rcc.o
 .text.RCC_MCO1Config
                0x00000000       0x3c stm32f4xx_rcc.o
 .text.RCC_MCO2Config
                0x00000000       0x3c stm32f4xx_rcc.o
 .text.RCC_SYSCLKConfig
                0x00000000       0x38 stm32f4xx_rcc.o
 .text.RCC_GetSYSCLKSource
                0x00000000       0x20 stm32f4xx_rcc.o
 .text.RCC_HCLKConfig
                0x00000000       0x38 stm32f4xx_rcc.o
 .text.RCC_PCLK1Config
                0x00000000       0x38 stm32f4xx_rcc.o
 .text.RCC_PCLK2Config
                0x00000000       0x38 stm32f4xx_rcc.o
 .text.RCC_RTCCLKConfig
                0x00000000       0x5c stm32f4xx_rcc.o
 .text.RCC_RTCCLKCmd
                0x00000000       0x20 stm32f4xx_rcc.o
 .text.RCC_BackupResetCmd
                0x00000000       0x20 stm32f4xx_rcc.o
 .text.RCC_I2SCLKConfig
                0x00000000       0x1c stm32f4xx_rcc.o
 .text.RCC_AHB2PeriphClockCmd
                0x00000000       0x3c stm32f4xx_rcc.o
 .text.RCC_AHB3PeriphClockCmd
                0x00000000       0x3c stm32f4xx_rcc.o
 .text.RCC_APB2PeriphClockCmd
                0x00000000       0x3c stm32f4xx_rcc.o
 .text.RCC_AHB1PeriphResetCmd
                0x00000000       0x3c stm32f4xx_rcc.o
 .text.RCC_AHB2PeriphResetCmd
                0x00000000       0x3c stm32f4xx_rcc.o
 .text.RCC_AHB3PeriphResetCmd
                0x00000000       0x3c stm32f4xx_rcc.o
 .text.RCC_APB1PeriphResetCmd
                0x00000000       0x3c stm32f4xx_rcc.o
 .text.RCC_APB2PeriphResetCmd
                0x00000000       0x3c stm32f4xx_rcc.o
 .text.RCC_AHB1PeriphClockLPModeCmd
                0x00000000       0x3c stm32f4xx_rcc.o
 .text.RCC_AHB2PeriphClockLPModeCmd
                0x00000000       0x3c stm32f4xx_rcc.o
 .text.RCC_AHB3PeriphClockLPModeCmd
                0x00000000       0x3c stm32f4xx_rcc.o
 .text.RCC_APB1PeriphClockLPModeCmd
                0x00000000       0x3c stm32f4xx_rcc.o
 .text.RCC_APB2PeriphClockLPModeCmd
                0x00000000       0x3c stm32f4xx_rcc.o
 .text.RCC_ITConfig
                0x00000000       0x4c stm32f4xx_rcc.o
 .text.RCC_GetFlagStatus
                0x00000000       0x74 stm32f4xx_rcc.o
 .text.RCC_ClearFlag
                0x00000000       0x1c stm32f4xx_rcc.o
 .text.RCC_GetITStatus
                0x00000000       0x38 stm32f4xx_rcc.o
 .text.RCC_ClearITPendingBit
                0x00000000       0x20 stm32f4xx_rcc.o
 .text          0x00000000        0x0 stm32f4xx_gpio_wrapper.o
 .data          0x00000000        0x0 stm32f4xx_gpio_wrapper.o
 .bss           0x00000000        0x0 stm32f4xx_gpio_wrapper.o
 .text.MW_RCC_AHB1PeriphClockCmd
                0x00000000       0x28 stm32f4xx_gpio_wrapper.o
 .text.MW_GPIO_ReadInputDataBit
                0x00000000       0x38 stm32f4xx_gpio_wrapper.o
 .text.MW_GPIO_ToggleBits
                0x00000000       0x3c stm32f4xx_gpio_wrapper.o
 .text          0x00000000        0x0 blapp_support.o
 .data          0x00000000        0x0 blapp_support.o
 .bss           0x00000000        0x0 blapp_support.o
 .text.bootloaderBackgroundTask
                0x00000000        0xc blapp_support.o
 .text          0x00000000        0x0 startup_stm32f4xx.o
 .data          0x00000000        0x0 startup_stm32f4xx.o
 .bss           0x00000000        0x0 startup_stm32f4xx.o
 .text          0x00000000        0x0 syscalls_stm32f4xx.o
 .data          0x00000000        0x0 syscalls_stm32f4xx.o
 .bss           0x00000000        0x0 syscalls_stm32f4xx.o
 .text._close   0x00000000       0x18 syscalls_stm32f4xx.o
 .text._fstat   0x00000000       0x20 syscalls_stm32f4xx.o
 .text._isatty  0x00000000       0x18 syscalls_stm32f4xx.o
 .text._lseek   0x00000000       0x1c syscalls_stm32f4xx.o
 .text._open    0x00000000       0x1c syscalls_stm32f4xx.o
 .text._read    0x00000000       0x1c syscalls_stm32f4xx.o
 .text._write   0x00000000       0x1c syscalls_stm32f4xx.o
 .text          0x00000000        0x0 stm32f4xx_init_board.o
 .data          0x00000000        0x0 stm32f4xx_init_board.o
 .bss           0x00000000        0x0 stm32f4xx_init_board.o
 .text          0x00000000        0x0 system_stm32f4xx.o
 .data          0x00000000        0x0 system_stm32f4xx.o
 .bss           0x00000000        0x0 system_stm32f4xx.o
 .text          0x00000000        0x0 SysTickScheduler.o
 .data          0x00000000        0x0 SysTickScheduler.o
 .bss           0x00000000        0x0 SysTickScheduler.o
 .text          0x00000000        0x0 m3m4m4f_multitasking.o
 .data          0x00000000        0x0 m3m4m4f_multitasking.o
 .bss           0x00000000        0x0 m3m4m4f_multitasking.o
 .text          0x00000000        0x0 ext_serial_pkt.o
 .data          0x00000000        0x0 ext_serial_pkt.o
 .bss           0x00000000        0x0 ext_serial_pkt.o
 .text          0x00000000        0x0 rtiostream_serial_interface.o
 .data          0x00000000        0x0 rtiostream_serial_interface.o
 .bss           0x00000000        0x0 rtiostream_serial_interface.o
 .text          0x00000000        0x0 ext_svr_serial_transport.o
 .data          0x00000000        0x0 ext_svr_serial_transport.o
 .bss           0x00000000        0x0 ext_svr_serial_transport.o
 .text          0x00000000        0x0 rtiostream_serial_dma_stm32f4xx.o
 .data          0x00000000        0x0 rtiostream_serial_dma_stm32f4xx.o
 .bss           0x00000000        0x0 rtiostream_serial_dma_stm32f4xx.o
 .text.rtIOStreamSend2
                0x00000000       0x60 rtiostream_serial_dma_stm32f4xx.o
 .text          0x00000000        0x0 stm32f4xx_usart.o
 .data          0x00000000        0x0 stm32f4xx_usart.o
 .bss           0x00000000        0x0 stm32f4xx_usart.o
 .text.USART_DeInit
                0x00000000       0xd0 stm32f4xx_usart.o
 .text.USART_ClockInit
                0x00000000       0x54 stm32f4xx_usart.o
 .text.USART_ClockStructInit
                0x00000000       0x2c stm32f4xx_usart.o
 .text.USART_SetPrescaler
                0x00000000       0x38 stm32f4xx_usart.o
 .text.USART_OverSampling8Cmd
                0x00000000       0x44 stm32f4xx_usart.o
 .text.USART_OneBitMethodCmd
                0x00000000       0x40 stm32f4xx_usart.o
 .text.USART_SendData
                0x00000000       0x24 stm32f4xx_usart.o
 .text.USART_ReceiveData
                0x00000000       0x20 stm32f4xx_usart.o
 .text.USART_SetAddress
                0x00000000       0x38 stm32f4xx_usart.o
 .text.USART_ReceiverWakeUpCmd
                0x00000000       0x40 stm32f4xx_usart.o
 .text.USART_WakeUpConfig
                0x00000000       0x38 stm32f4xx_usart.o
 .text.USART_LINBreakDetectLengthConfig
                0x00000000       0x38 stm32f4xx_usart.o
 .text.USART_LINCmd
                0x00000000       0x40 stm32f4xx_usart.o
 .text.USART_SendBreak
                0x00000000       0x24 stm32f4xx_usart.o
 .text.USART_HalfDuplexCmd
                0x00000000       0x40 stm32f4xx_usart.o
 .text.USART_SetGuardTime
                0x00000000       0x3c stm32f4xx_usart.o
 .text.USART_SmartCardCmd
                0x00000000       0x40 stm32f4xx_usart.o
 .text.USART_SmartCardNACKCmd
                0x00000000       0x40 stm32f4xx_usart.o
 .text.USART_IrDAConfig
                0x00000000       0x38 stm32f4xx_usart.o
 .text.USART_IrDACmd
                0x00000000       0x40 stm32f4xx_usart.o
 .text.USART_ITConfig
                0x00000000       0x90 stm32f4xx_usart.o
 .text.USART_GetFlagStatus
                0x00000000       0x38 stm32f4xx_usart.o
 .text.USART_ClearFlag
                0x00000000       0x20 stm32f4xx_usart.o
 .text.USART_GetITStatus
                0x00000000       0xb8 stm32f4xx_usart.o
 .text.USART_ClearITPendingBit
                0x00000000       0x38 stm32f4xx_usart.o
 .text          0x00000000        0x0 stm32f4xx_dma.o
 .data          0x00000000        0x0 stm32f4xx_dma.o
 .bss           0x00000000        0x0 stm32f4xx_dma.o
 .text.DMA_StructInit
                0x00000000       0x6c stm32f4xx_dma.o
 .text.DMA_PeriphIncOffsetSizeConfig
                0x00000000       0x34 stm32f4xx_dma.o
 .text.DMA_FlowControllerConfig
                0x00000000       0x34 stm32f4xx_dma.o
 .text.DMA_SetCurrDataCounter
                0x00000000       0x1c stm32f4xx_dma.o
 .text.DMA_DoubleBufferModeConfig
                0x00000000       0x3c stm32f4xx_dma.o
 .text.DMA_DoubleBufferModeCmd
                0x00000000       0x38 stm32f4xx_dma.o
 .text.DMA_MemoryTargetConfig
                0x00000000       0x2c stm32f4xx_dma.o
 .text.DMA_GetCurrentMemoryTarget
                0x00000000       0x30 stm32f4xx_dma.o
 .text.DMA_GetFIFOStatus
                0x00000000       0x24 stm32f4xx_dma.o
 .text.DMA_GetFlagStatus
                0x00000000       0x78 stm32f4xx_dma.o
 .text.DMA_ClearFlag
                0x00000000       0x5c stm32f4xx_dma.o
 .text          0x00000000        0x0 misc.o
 .data          0x00000000        0x0 misc.o
 .bss           0x00000000        0x0 misc.o
 .text.NVIC_PriorityGroupConfig
                0x00000000       0x24 misc.o
 .text.NVIC_SetVectorTable
                0x00000000       0x2c misc.o
 .text.NVIC_SystemLPConfig
                0x00000000       0x40 misc.o
 .text.SysTick_CLKSourceConfig
                0x00000000       0x38 misc.o
 .text          0x00000000        0x0 ert_main.o
 .data          0x00000000        0x0 ert_main.o
 .bss           0x00000000        0x0 ert_main.o
 .data          0x00000000        0x0 c:/matlab/suppor~1/r2016a/gcc-ar~1/bin/../lib/gcc/arm-none-eabi/4.9.3/armv7e-m/fpu\libgcc.a(_arm_addsubdf3.o)
 .bss           0x00000000        0x0 c:/matlab/suppor~1/r2016a/gcc-ar~1/bin/../lib/gcc/arm-none-eabi/4.9.3/armv7e-m/fpu\libgcc.a(_arm_addsubdf3.o)
 .data          0x00000000        0x0 c:/matlab/suppor~1/r2016a/gcc-ar~1/bin/../lib/gcc/arm-none-eabi/4.9.3/armv7e-m/fpu\libgcc.a(_arm_muldivdf3.o)
 .bss           0x00000000        0x0 c:/matlab/suppor~1/r2016a/gcc-ar~1/bin/../lib/gcc/arm-none-eabi/4.9.3/armv7e-m/fpu\libgcc.a(_arm_muldivdf3.o)
 .data          0x00000000        0x0 c:/matlab/suppor~1/r2016a/gcc-ar~1/bin/../lib/gcc/arm-none-eabi/4.9.3/armv7e-m/fpu\libgcc.a(_arm_cmpdf2.o)
 .bss           0x00000000        0x0 c:/matlab/suppor~1/r2016a/gcc-ar~1/bin/../lib/gcc/arm-none-eabi/4.9.3/armv7e-m/fpu\libgcc.a(_arm_cmpdf2.o)
 .text          0x00000000        0x0 c:/matlab/suppor~1/r2016a/gcc-ar~1/bin/../lib/gcc/arm-none-eabi/4.9.3/../../../../arm-none-eabi/lib/armv7e-m/fpu\libc_nano.a(lib_a-calloc.o)
 .data          0x00000000        0x0 c:/matlab/suppor~1/r2016a/gcc-ar~1/bin/../lib/gcc/arm-none-eabi/4.9.3/../../../../arm-none-eabi/lib/armv7e-m/fpu\libc_nano.a(lib_a-calloc.o)
 .bss           0x00000000        0x0 c:/matlab/suppor~1/r2016a/gcc-ar~1/bin/../lib/gcc/arm-none-eabi/4.9.3/../../../../arm-none-eabi/lib/armv7e-m/fpu\libc_nano.a(lib_a-calloc.o)
 .text          0x00000000        0x0 c:/matlab/suppor~1/r2016a/gcc-ar~1/bin/../lib/gcc/arm-none-eabi/4.9.3/../../../../arm-none-eabi/lib/armv7e-m/fpu\libc_nano.a(lib_a-exit.o)
 .data          0x00000000        0x0 c:/matlab/suppor~1/r2016a/gcc-ar~1/bin/../lib/gcc/arm-none-eabi/4.9.3/../../../../arm-none-eabi/lib/armv7e-m/fpu\libc_nano.a(lib_a-exit.o)
 .bss           0x00000000        0x0 c:/matlab/suppor~1/r2016a/gcc-ar~1/bin/../lib/gcc/arm-none-eabi/4.9.3/../../../../arm-none-eabi/lib/armv7e-m/fpu\libc_nano.a(lib_a-exit.o)
 .text          0x00000000        0x0 c:/matlab/suppor~1/r2016a/gcc-ar~1/bin/../lib/gcc/arm-none-eabi/4.9.3/../../../../arm-none-eabi/lib/armv7e-m/fpu\libc_nano.a(lib_a-impure.o)
 .data          0x00000000        0x0 c:/matlab/suppor~1/r2016a/gcc-ar~1/bin/../lib/gcc/arm-none-eabi/4.9.3/../../../../arm-none-eabi/lib/armv7e-m/fpu\libc_nano.a(lib_a-impure.o)
 .bss           0x00000000        0x0 c:/matlab/suppor~1/r2016a/gcc-ar~1/bin/../lib/gcc/arm-none-eabi/4.9.3/../../../../arm-none-eabi/lib/armv7e-m/fpu\libc_nano.a(lib_a-impure.o)
 .text          0x00000000        0x0 c:/matlab/suppor~1/r2016a/gcc-ar~1/bin/../lib/gcc/arm-none-eabi/4.9.3/../../../../arm-none-eabi/lib/armv7e-m/fpu\libc_nano.a(lib_a-init.o)
 .data          0x00000000        0x0 c:/matlab/suppor~1/r2016a/gcc-ar~1/bin/../lib/gcc/arm-none-eabi/4.9.3/../../../../arm-none-eabi/lib/armv7e-m/fpu\libc_nano.a(lib_a-init.o)
 .bss           0x00000000        0x0 c:/matlab/suppor~1/r2016a/gcc-ar~1/bin/../lib/gcc/arm-none-eabi/4.9.3/../../../../arm-none-eabi/lib/armv7e-m/fpu\libc_nano.a(lib_a-init.o)
 .text          0x00000000        0x0 c:/matlab/suppor~1/r2016a/gcc-ar~1/bin/../lib/gcc/arm-none-eabi/4.9.3/../../../../arm-none-eabi/lib/armv7e-m/fpu\libc_nano.a(lib_a-malloc.o)
 .data          0x00000000        0x0 c:/matlab/suppor~1/r2016a/gcc-ar~1/bin/../lib/gcc/arm-none-eabi/4.9.3/../../../../arm-none-eabi/lib/armv7e-m/fpu\libc_nano.a(lib_a-malloc.o)
 .bss           0x00000000        0x0 c:/matlab/suppor~1/r2016a/gcc-ar~1/bin/../lib/gcc/arm-none-eabi/4.9.3/../../../../arm-none-eabi/lib/armv7e-m/fpu\libc_nano.a(lib_a-malloc.o)
 .text          0x00000000        0x0 c:/matlab/suppor~1/r2016a/gcc-ar~1/bin/../lib/gcc/arm-none-eabi/4.9.3/../../../../arm-none-eabi/lib/armv7e-m/fpu\libc_nano.a(lib_a-memcpy.o)
 .data          0x00000000        0x0 c:/matlab/suppor~1/r2016a/gcc-ar~1/bin/../lib/gcc/arm-none-eabi/4.9.3/../../../../arm-none-eabi/lib/armv7e-m/fpu\libc_nano.a(lib_a-memcpy.o)
 .bss           0x00000000        0x0 c:/matlab/suppor~1/r2016a/gcc-ar~1/bin/../lib/gcc/arm-none-eabi/4.9.3/../../../../arm-none-eabi/lib/armv7e-m/fpu\libc_nano.a(lib_a-memcpy.o)
 .text          0x00000000        0x0 c:/matlab/suppor~1/r2016a/gcc-ar~1/bin/../lib/gcc/arm-none-eabi/4.9.3/../../../../arm-none-eabi/lib/armv7e-m/fpu\libc_nano.a(lib_a-memset.o)
 .data          0x00000000        0x0 c:/matlab/suppor~1/r2016a/gcc-ar~1/bin/../lib/gcc/arm-none-eabi/4.9.3/../../../../arm-none-eabi/lib/armv7e-m/fpu\libc_nano.a(lib_a-memset.o)
 .bss           0x00000000        0x0 c:/matlab/suppor~1/r2016a/gcc-ar~1/bin/../lib/gcc/arm-none-eabi/4.9.3/../../../../arm-none-eabi/lib/armv7e-m/fpu\libc_nano.a(lib_a-memset.o)
 .text          0x00000000        0x0 c:/matlab/suppor~1/r2016a/gcc-ar~1/bin/../lib/gcc/arm-none-eabi/4.9.3/../../../../arm-none-eabi/lib/armv7e-m/fpu\libc_nano.a(lib_a-nano-callocr.o)
 .data          0x00000000        0x0 c:/matlab/suppor~1/r2016a/gcc-ar~1/bin/../lib/gcc/arm-none-eabi/4.9.3/../../../../arm-none-eabi/lib/armv7e-m/fpu\libc_nano.a(lib_a-nano-callocr.o)
 .bss           0x00000000        0x0 c:/matlab/suppor~1/r2016a/gcc-ar~1/bin/../lib/gcc/arm-none-eabi/4.9.3/../../../../arm-none-eabi/lib/armv7e-m/fpu\libc_nano.a(lib_a-nano-callocr.o)
 .text          0x00000000        0x0 c:/matlab/suppor~1/r2016a/gcc-ar~1/bin/../lib/gcc/arm-none-eabi/4.9.3/../../../../arm-none-eabi/lib/armv7e-m/fpu\libc_nano.a(lib_a-nano-freer.o)
 .data          0x00000000        0x0 c:/matlab/suppor~1/r2016a/gcc-ar~1/bin/../lib/gcc/arm-none-eabi/4.9.3/../../../../arm-none-eabi/lib/armv7e-m/fpu\libc_nano.a(lib_a-nano-freer.o)
 .bss           0x00000000        0x0 c:/matlab/suppor~1/r2016a/gcc-ar~1/bin/../lib/gcc/arm-none-eabi/4.9.3/../../../../arm-none-eabi/lib/armv7e-m/fpu\libc_nano.a(lib_a-nano-freer.o)
 .text          0x00000000        0x0 c:/matlab/suppor~1/r2016a/gcc-ar~1/bin/../lib/gcc/arm-none-eabi/4.9.3/../../../../arm-none-eabi/lib/armv7e-m/fpu\libc_nano.a(lib_a-nano-mallocr.o)
 .data          0x00000000        0x0 c:/matlab/suppor~1/r2016a/gcc-ar~1/bin/../lib/gcc/arm-none-eabi/4.9.3/../../../../arm-none-eabi/lib/armv7e-m/fpu\libc_nano.a(lib_a-nano-mallocr.o)
 .bss           0x00000000        0x0 c:/matlab/suppor~1/r2016a/gcc-ar~1/bin/../lib/gcc/arm-none-eabi/4.9.3/../../../../arm-none-eabi/lib/armv7e-m/fpu\libc_nano.a(lib_a-nano-mallocr.o)
 .text          0x00000000        0x0 c:/matlab/suppor~1/r2016a/gcc-ar~1/bin/../lib/gcc/arm-none-eabi/4.9.3/../../../../arm-none-eabi/lib/armv7e-m/fpu\libc_nano.a(lib_a-reent.o)
 .data          0x00000000        0x0 c:/matlab/suppor~1/r2016a/gcc-ar~1/bin/../lib/gcc/arm-none-eabi/4.9.3/../../../../arm-none-eabi/lib/armv7e-m/fpu\libc_nano.a(lib_a-reent.o)
 .bss           0x00000000        0x0 c:/matlab/suppor~1/r2016a/gcc-ar~1/bin/../lib/gcc/arm-none-eabi/4.9.3/../../../../arm-none-eabi/lib/armv7e-m/fpu\libc_nano.a(lib_a-reent.o)
 .text.cleanup_glue
                0x00000000       0x1a c:/matlab/suppor~1/r2016a/gcc-ar~1/bin/../lib/gcc/arm-none-eabi/4.9.3/../../../../arm-none-eabi/lib/armv7e-m/fpu\libc_nano.a(lib_a-reent.o)
 .text._reclaim_reent
                0x00000000       0xb4 c:/matlab/suppor~1/r2016a/gcc-ar~1/bin/../lib/gcc/arm-none-eabi/4.9.3/../../../../arm-none-eabi/lib/armv7e-m/fpu\libc_nano.a(lib_a-reent.o)
 .text          0x00000000        0x0 c:/matlab/suppor~1/r2016a/gcc-ar~1/bin/../lib/gcc/arm-none-eabi/4.9.3/../../../../arm-none-eabi/lib/armv7e-m/fpu\libc_nano.a(lib_a-sbrkr.o)
 .data          0x00000000        0x0 c:/matlab/suppor~1/r2016a/gcc-ar~1/bin/../lib/gcc/arm-none-eabi/4.9.3/../../../../arm-none-eabi/lib/armv7e-m/fpu\libc_nano.a(lib_a-sbrkr.o)
 .bss           0x00000000        0x0 c:/matlab/suppor~1/r2016a/gcc-ar~1/bin/../lib/gcc/arm-none-eabi/4.9.3/../../../../arm-none-eabi/lib/armv7e-m/fpu\libc_nano.a(lib_a-sbrkr.o)
 .data          0x00000000        0x0 c:/matlab/suppor~1/r2016a/gcc-ar~1/bin/../lib/gcc/arm-none-eabi/4.9.3/../../../../arm-none-eabi/lib/armv7e-m/fpu\libc_nano.a(lib_a-strcmp.o)
 .bss           0x00000000        0x0 c:/matlab/suppor~1/r2016a/gcc-ar~1/bin/../lib/gcc/arm-none-eabi/4.9.3/../../../../arm-none-eabi/lib/armv7e-m/fpu\libc_nano.a(lib_a-strcmp.o)
 .eh_frame      0x00000000       0x28 c:/matlab/suppor~1/r2016a/gcc-ar~1/bin/../lib/gcc/arm-none-eabi/4.9.3/../../../../arm-none-eabi/lib/armv7e-m/fpu\libc_nano.a(lib_a-strcmp.o)
 .text          0x00000000        0x0 c:/matlab/suppor~1/r2016a/gcc-ar~1/bin/../lib/gcc/arm-none-eabi/4.9.3/armv7e-m/fpu/crtend.o
 .data          0x00000000        0x0 c:/matlab/suppor~1/r2016a/gcc-ar~1/bin/../lib/gcc/arm-none-eabi/4.9.3/armv7e-m/fpu/crtend.o
 .bss           0x00000000        0x0 c:/matlab/suppor~1/r2016a/gcc-ar~1/bin/../lib/gcc/arm-none-eabi/4.9.3/armv7e-m/fpu/crtend.o
 .eh_frame      0x00000000        0x4 c:/matlab/suppor~1/r2016a/gcc-ar~1/bin/../lib/gcc/arm-none-eabi/4.9.3/armv7e-m/fpu/crtend.o
 .text          0x00000000        0x0 c:/matlab/suppor~1/r2016a/gcc-ar~1/bin/../lib/gcc/arm-none-eabi/4.9.3/armv7e-m/fpu/crtn.o
 .data          0x00000000        0x0 c:/matlab/suppor~1/r2016a/gcc-ar~1/bin/../lib/gcc/arm-none-eabi/4.9.3/armv7e-m/fpu/crtn.o
 .bss           0x00000000        0x0 c:/matlab/suppor~1/r2016a/gcc-ar~1/bin/../lib/gcc/arm-none-eabi/4.9.3/armv7e-m/fpu/crtn.o

Memory Configuration

Name             Origin             Length             Attributes
FLASH            0x08000000         0x00100000         xr
SRAM             0x20000000         0x00020000         xrw
CCMRAM           0x10000000         0x00010000         rw
BACKUPRAM        0x40024000         0x00001000         rw
*default*        0x00000000         0xffffffff

Linker script and memory map

LOAD c:/matlab/suppor~1/r2016a/gcc-ar~1/bin/../lib/gcc/arm-none-eabi/4.9.3/armv7e-m/fpu/crti.o
LOAD c:/matlab/suppor~1/r2016a/gcc-ar~1/bin/../lib/gcc/arm-none-eabi/4.9.3/armv7e-m/fpu/crtbegin.o
LOAD c:/matlab/suppor~1/r2016a/gcc-ar~1/bin/../lib/gcc/arm-none-eabi/4.9.3/../../../../arm-none-eabi/lib/armv7e-m/fpu/crt0.o
LOAD TestSTMSupportPackage.o
LOAD TestSTMSupportPackage_data.o
LOAD LED.o
LOAD ext_svr.o
LOAD updown.o
LOAD ext_work.o
LOAD rtiostream_utils.o
LOAD LED_CustomBlock_wrapper.o
LOAD stm32f4xx_gpio.o
LOAD stm32f4xx_rcc.o
LOAD stm32f4xx_gpio_wrapper.o
LOAD blapp_support.o
LOAD startup_stm32f4xx.o
LOAD syscalls_stm32f4xx.o
LOAD stm32f4xx_init_board.o
LOAD system_stm32f4xx.o
LOAD SysTickScheduler.o
LOAD m3m4m4f_multitasking.o
LOAD ext_serial_pkt.o
LOAD rtiostream_serial_interface.o
LOAD ext_svr_serial_transport.o
LOAD rtiostream_serial_dma_stm32f4xx.o
LOAD stm32f4xx_usart.o
LOAD stm32f4xx_dma.o
LOAD misc.o
LOAD ert_main.o
LOAD C:/MATLAB/SupportPackages/R2016a/CMSIS/CMSIS/Lib/GCC/libarm_cortexM4lf_math.a
LOAD C:/MATLAB/SupportPackages/R2016a/CMSIS/CMSIS/RTOS/RTX/LIB/GCC/libRTX_CM4.a
LOAD c:/matlab/suppor~1/r2016a/gcc-ar~1/bin/../lib/gcc/arm-none-eabi/4.9.3/../../../../arm-none-eabi/lib/armv7e-m/fpu\libm.a
LOAD c:/matlab/suppor~1/r2016a/gcc-ar~1/bin/../lib/gcc/arm-none-eabi/4.9.3/../../../../arm-none-eabi/lib/armv7e-m/fpu\libstdc++_nano.a
LOAD c:/matlab/suppor~1/r2016a/gcc-ar~1/bin/../lib/gcc/arm-none-eabi/4.9.3/../../../../arm-none-eabi/lib/armv7e-m/fpu\libm.a
START GROUP
LOAD c:/matlab/suppor~1/r2016a/gcc-ar~1/bin/../lib/gcc/arm-none-eabi/4.9.3/armv7e-m/fpu\libgcc.a
LOAD c:/matlab/suppor~1/r2016a/gcc-ar~1/bin/../lib/gcc/arm-none-eabi/4.9.3/../../../../arm-none-eabi/lib/armv7e-m/fpu\libc_nano.a
END GROUP
START GROUP
LOAD c:/matlab/suppor~1/r2016a/gcc-ar~1/bin/../lib/gcc/arm-none-eabi/4.9.3/armv7e-m/fpu\libgcc.a
LOAD c:/matlab/suppor~1/r2016a/gcc-ar~1/bin/../lib/gcc/arm-none-eabi/4.9.3/../../../../arm-none-eabi/lib/armv7e-m/fpu\libc_nano.a
END GROUP
LOAD c:/matlab/suppor~1/r2016a/gcc-ar~1/bin/../lib/gcc/arm-none-eabi/4.9.3/armv7e-m/fpu/crtend.o
LOAD c:/matlab/suppor~1/r2016a/gcc-ar~1/bin/../lib/gcc/arm-none-eabi/4.9.3/armv7e-m/fpu/crtn.o

.text           0x08000000     0x612c
 *(.vectors)
 .vectors       0x08000000      0x188 startup_stm32f4xx.o
                0x08000000                g_pfnVectors
 *(.text*)
 .text          0x08000188       0x5c c:/matlab/suppor~1/r2016a/gcc-ar~1/bin/../lib/gcc/arm-none-eabi/4.9.3/armv7e-m/fpu/crtbegin.o
 .text          0x080001e4       0x74 c:/matlab/suppor~1/r2016a/gcc-ar~1/bin/../lib/gcc/arm-none-eabi/4.9.3/../../../../arm-none-eabi/lib/armv7e-m/fpu/crt0.o
                0x080001e4                _start
                0x080001e4                _mainCRTStartup
 .text.TestSTMSupportPackage_step
                0x08000258      0x158 TestSTMSupportPackage.o
                0x08000258                TestSTMSupportPackage_step
 .text.TestSTMSupportPackage_initialize
                0x080003b0      0x140 TestSTMSupportPackage.o
                0x080003b0                TestSTMSupportPackage_initialize
 .text.TestSTMSupportPackage_terminate
                0x080004f0        0xc TestSTMSupportPackage.o
                0x080004f0                TestSTMSupportPackage_terminate
 .text.initLED  0x080004fc       0x38 LED.o
                0x080004fc                initLED
 .text.setLED   0x08000534       0x30 LED.o
                0x08000534                setLED
 .text.GrowRecvBufIfNeeded
                0x08000564       0x60 ext_svr.o
 .text.GetPktHdr
                0x080005c4       0x78 ext_svr.o
 .text.ClearPkt
                0x0800063c       0x54 ext_svr.o
 .text.GetPkt   0x08000690       0x80 ext_svr.o
 .text.DisconnectFromHost
                0x08000710       0x64 ext_svr.o
 .text.ForceDisconnectFromHost
                0x08000774       0x4c ext_svr.o
 .text.ProcessConnectPkt
                0x080007c0      0x17c ext_svr.o
 .text.SendPktHdrToHost
                0x0800093c       0x50 ext_svr.o
 .text.SendPktDataToHost
                0x0800098c       0x48 ext_svr.o
 .text.SendPktToHost
                0x080009d4       0x4c ext_svr.o
                0x080009d4                SendPktToHost
 .text.SendResponseStatus
                0x08000a20       0x3c ext_svr.o
 .text.ProcessSetParamPkt
                0x08000a5c       0x64 ext_svr.o
 .text.ProcessGetParamsPkt
                0x08000ac0      0x12c ext_svr.o
 .text.ProcessSelectTriggerSignalPkt
                0x08000bec       0xac ext_svr.o
 .text.ProcessCancelLoggingArmTriggerPkt
                0x08000c98       0x80 ext_svr.o
 .text.ExtParseArgsAndInitUD
                0x08000d18       0x68 ext_svr.o
                0x08000d18                ExtParseArgsAndInitUD
 .text.ExtWaitForStartPkt
                0x08000d80       0x18 ext_svr.o
                0x08000d80                ExtWaitForStartPkt
 .text.UploadServerWork
                0x08000d98       0xc4 ext_svr.o
                0x08000d98                UploadServerWork
 .text.rt_UploadServerWork
                0x08000e5c       0x28 ext_svr.o
                0x08000e5c                rt_UploadServerWork
 .text.rt_ExtModeInit
                0x08000e84       0x50 ext_svr.o
                0x08000e84                rt_ExtModeInit
 .text.rt_ExtModeSleep
                0x08000ed4       0x24 ext_svr.o
                0x08000ed4                rt_ExtModeSleep
 .text.rt_PktServerWork
                0x08000ef8      0x26c ext_svr.o
                0x08000ef8                rt_PktServerWork
 .text.ExtModeShutdown
                0x08001164       0x44 ext_svr.o
 .text.rt_ExtModeShutdown
                0x080011a8       0x84 ext_svr.o
                0x080011a8                rt_ExtModeShutdown
 .text.rt_UploadCheckTrigger
                0x0800122c       0x28 ext_svr.o
                0x0800122c                rt_UploadCheckTrigger
 .text.rt_UploadCheckEndTrigger
                0x08001254       0x24 ext_svr.o
                0x08001254                rt_UploadCheckEndTrigger
 .text.rt_UploadBufAddTimePoint
                0x08001278       0x30 ext_svr.o
                0x08001278                rt_UploadBufAddTimePoint
 .text.SetParam
                0x080012a8      0x120 updown.o
                0x080012a8                SetParam
 .text.InitUploadSection
                0x080013c8       0xc0 updown.o
 .text.InitSysUploadTable
                0x08001488      0x174 updown.o
 .text.UploadBufInit
                0x080015fc       0x70 updown.o
 .text.UploadDestroyTrigger
                0x0800166c       0xcc updown.o
 .text.UploadLogInfoReset
                0x08001738       0x6c updown.o
                0x08001738                UploadLogInfoReset
 .text.UploadLogInfoTerm
                0x080017a4      0x104 updown.o
                0x080017a4                UploadLogInfoTerm
 .text.UploadPrepareForFinalFlush
                0x080018a8       0x60 updown.o
                0x080018a8                UploadPrepareForFinalFlush
 .text.UploadLogInfoInit
                0x08001908      0x180 updown.o
                0x08001908                UploadLogInfoInit
 .text.UploadInitTrigger
                0x08001a88      0x1cc updown.o
                0x08001a88                UploadInitTrigger
 .text.UploadArmTrigger
                0x08001c54       0x9c updown.o
                0x08001c54                UploadArmTrigger
 .text.UploadEndLoggingSession
                0x08001cf0       0x34 updown.o
                0x08001cf0                UploadEndLoggingSession
 .text.UploadCancelLogging
                0x08001d24       0x6c updown.o
                0x08001d24                UploadCancelLogging
 .text.UploadBufDataSent
                0x08001d90       0x64 updown.o
                0x08001d90                UploadBufDataSent
 .text.UploadBufAssignMem
                0x08001df4      0x124 updown.o
 .text.UploadCheckTriggerSignals
                0x08001f18      0x1bc updown.o
 .text.UploadBufAddTimePoint
                0x080020d4      0x4d8 updown.o
                0x080020d4                UploadBufAddTimePoint
 .text.UploadCheckTrigger
                0x080025ac       0x90 updown.o
                0x080025ac                UploadCheckTrigger
 .text.UploadCheckEndTrigger
                0x0800263c       0x5c updown.o
                0x0800263c                UploadCheckEndTrigger
 .text.SetExtBufListFields
                0x08002698      0x108 updown.o
 .text.SetExtBufListFieldsForEmptyList
                0x080027a0       0x44 updown.o
 .text.UploadBufGetData
                0x080027e4       0xb8 updown.o
                0x080027e4                UploadBufGetData
 .text.rtExtModeWaitForStartPkt
                0x0800289c       0x64 ext_work.o
                0x0800289c                rtExtModeWaitForStartPkt
 .text.rtExtModeOneStep
                0x08002900       0x30 ext_work.o
                0x08002900                rtExtModeOneStep
 .text.rtExtModeUpload
                0x08002930       0x1c ext_work.o
                0x08002930                rtExtModeUpload
 .text.rtExtModeCheckEndTrigger
                0x0800294c        0xc ext_work.o
                0x0800294c                rtExtModeCheckEndTrigger
 .text.rtExtModeUploadCheckTrigger
                0x08002958       0x14 ext_work.o
                0x08002958                rtExtModeUploadCheckTrigger
 .text.rtExtModeCheckInit
                0x0800296c       0x14 ext_work.o
                0x0800296c                rtExtModeCheckInit
 .text.rtExtModeShutdown
                0x08002980       0x14 ext_work.o
                0x08002980                rtExtModeShutdown
 .text.rtERTExtModeSetTFinal
                0x08002994       0x5c ext_work.o
                0x08002994                rtERTExtModeSetTFinal
 .text.rtSetTFinalForExtMode
                0x080029f0       0x14 ext_work.o
                0x080029f0                rtSetTFinalForExtMode
 .text.rtParseArgsForExtMode
                0x08002a04       0x18 ext_work.o
                0x08002a04                rtParseArgsForExtMode
 .text.rtERTExtModeStartMsg
                0x08002a1c        0xc ext_work.o
                0x08002a1c                rtERTExtModeStartMsg
 .text.rtIOStreamBlockingSend
                0x08002a28       0x64 rtiostream_utils.o
                0x08002a28                rtIOStreamBlockingSend
 .text.rtIOStreamBlockingRecv
                0x08002a8c       0x64 rtiostream_utils.o
                0x08002a8c                rtIOStreamBlockingRecv
 .text.LED_CustomBlock_Outputs_wrapper
                0x08002af0       0x44 LED_CustomBlock_wrapper.o
                0x08002af0                LED_CustomBlock_Outputs_wrapper
 .text.LED_CustomBlock_Update_wrapper
                0x08002b34       0x40 LED_CustomBlock_wrapper.o
                0x08002b34                LED_CustomBlock_Update_wrapper
 .text.GPIO_Init
                0x08002b74      0x11c stm32f4xx_gpio.o
                0x08002b74                GPIO_Init
 .text.GPIO_StructInit
                0x08002c90       0x34 stm32f4xx_gpio.o
                0x08002c90                GPIO_StructInit
 .text.GPIO_SetBits
                0x08002cc4       0x1c stm32f4xx_gpio.o
                0x08002cc4                GPIO_SetBits
 .text.GPIO_ResetBits
                0x08002ce0       0x1c stm32f4xx_gpio.o
                0x08002ce0                GPIO_ResetBits
 .text.GPIO_WriteBit
                0x08002cfc       0x30 stm32f4xx_gpio.o
                0x08002cfc                GPIO_WriteBit
 .text.GPIO_PinAFConfig
                0x08002d2c       0x90 stm32f4xx_gpio.o
                0x08002d2c                GPIO_PinAFConfig
 .text.RCC_GetClocksFreq
                0x08002dbc      0x154 stm32f4xx_rcc.o
                0x08002dbc                RCC_GetClocksFreq
 .text.RCC_AHB1PeriphClockCmd
                0x08002f10       0x3c stm32f4xx_rcc.o
                0x08002f10                RCC_AHB1PeriphClockCmd
 .text.RCC_APB1PeriphClockCmd
                0x08002f4c       0x3c stm32f4xx_rcc.o
                0x08002f4c                RCC_APB1PeriphClockCmd
 .text.GpioClockEnableBit
                0x08002f88       0x20 stm32f4xx_gpio_wrapper.o
                0x08002f88                GpioClockEnableBit
 .text.MW_GpioInit
                0x08002fa8       0x5c stm32f4xx_gpio_wrapper.o
                0x08002fa8                MW_GpioInit
 .text.MW_GPIO_WriteBit
                0x08003004       0x3c stm32f4xx_gpio_wrapper.o
                0x08003004                MW_GPIO_WriteBit
 .text.bootloaderInit
                0x08003040        0xc blapp_support.o
                0x08003040                bootloaderInit
 .text.Default_ResetHandler
                0x0800304c       0x5c startup_stm32f4xx.o
                0x0800304c                Reset_Handler
                0x0800304c                Default_ResetHandler
 .text.Default_Handler
                0x080030a8        0x8 startup_stm32f4xx.o
                0x080030a8                RTC_Alarm_IRQHandler
                0x080030a8                HASH_RNG_IRQHandler
                0x080030a8                EXTI2_IRQHandler
                0x080030a8                TIM8_CC_IRQHandler
                0x080030a8                DebugMon_Handler
                0x080030a8                TIM1_CC_IRQHandler
                0x080030a8                DMA2_Stream5_IRQHandler
                0x080030a8                HardFault_Handler
                0x080030a8                PVD_IRQHandler
                0x080030a8                SDIO_IRQHandler
                0x080030a8                TAMP_STAMP_IRQHandler
                0x080030a8                PendSV_Handler
                0x080030a8                NMI_Handler
                0x080030a8                CAN2_RX1_IRQHandler
                0x080030a8                EXTI3_IRQHandler
                0x080030a8                TIM8_TRG_COM_TIM14_IRQHandler
                0x080030a8                TIM1_UP_TIM10_IRQHandler
                0x080030a8                TIM8_UP_TIM13_IRQHandler
                0x080030a8                I2C3_ER_IRQHandler
                0x080030a8                EXTI0_IRQHandler
                0x080030a8                I2C2_EV_IRQHandler
                0x080030a8                DMA1_Stream2_IRQHandler
                0x080030a8                CAN1_RX0_IRQHandler
                0x080030a8                FPU_IRQHandler
                0x080030a8                OTG_HS_WKUP_IRQHandler
                0x080030a8                UsageFault_Handler
                0x080030a8                CAN2_SCE_IRQHandler
                0x080030a8                DMA2_Stream2_IRQHandler
                0x080030a8                SPI1_IRQHandler
                0x080030a8                TIM6_DAC_IRQHandler
                0x080030a8                TIM1_BRK_TIM9_IRQHandler
                0x080030a8                DCMI_IRQHandler
                0x080030a8                CAN2_RX0_IRQHandler
                0x080030a8                DMA2_Stream3_IRQHandler
                0x080030a8                USART6_IRQHandler
                0x080030a8                USART3_IRQHandler
                0x080030a8                CRYP_IRQHandler
                0x080030a8                CAN1_RX1_IRQHandler
                0x080030a8                UART5_IRQHandler
                0x080030a8                DMA2_Stream0_IRQHandler
                0x080030a8                TIM4_IRQHandler
                0x080030a8                I2C1_EV_IRQHandler
                0x080030a8                DMA1_Stream1_IRQHandler
                0x080030a8                UART4_IRQHandler
                0x080030a8                TIM3_IRQHandler
                0x080030a8                RCC_IRQHandler
                0x080030a8                TIM8_BRK_TIM12_IRQHandler
                0x080030a8                EXTI15_10_IRQHandler
                0x080030a8                ADC_IRQHandler
                0x080030a8                DMA1_Stream7_IRQHandler
                0x080030a8                TIM7_IRQHandler
                0x080030a8                CAN2_TX_IRQHandler
                0x080030a8                TIM5_IRQHandler
                0x080030a8                DMA2_Stream7_IRQHandler
                0x080030a8                I2C3_EV_IRQHandler
                0x080030a8                EXTI9_5_IRQHandler
                0x080030a8                RTC_WKUP_IRQHandler
                0x080030a8                ETH_WKUP_IRQHandler
                0x080030a8                SPI2_IRQHandler
                0x080030a8                OTG_HS_EP1_IN_IRQHandler
                0x080030a8                MemManage_Handler
                0x080030a8                DMA1_Stream0_IRQHandler
                0x080030a8                CAN1_TX_IRQHandler
                0x080030a8                EXTI4_IRQHandler
                0x080030a8                FSMC_IRQHandler
                0x080030a8                ETH_IRQHandler
                0x080030a8                OTG_HS_EP1_OUT_IRQHandler
                0x080030a8                WWDG_IRQHandler
                0x080030a8                TIM2_IRQHandler
                0x080030a8                OTG_FS_WKUP_IRQHandler
                0x080030a8                TIM1_TRG_COM_TIM11_IRQHandler
                0x080030a8                OTG_HS_IRQHandler
                0x080030a8                EXTI1_IRQHandler
                0x080030a8                USART2_IRQHandler
                0x080030a8                I2C2_ER_IRQHandler
                0x080030a8                DMA2_Stream1_IRQHandler
                0x080030a8                CAN1_SCE_IRQHandler
                0x080030a8                FLASH_IRQHandler
                0x080030a8                DMA2_Stream4_IRQHandler
                0x080030a8                BusFault_Handler
                0x080030a8                USART1_IRQHandler
                0x080030a8                OTG_FS_IRQHandler
                0x080030a8                SPI3_IRQHandler
                0x080030a8                DMA1_Stream4_IRQHandler
                0x080030a8                I2C1_ER_IRQHandler
                0x080030a8                DMA2_Stream6_IRQHandler
                0x080030a8                DMA1_Stream3_IRQHandler
 .text._exit    0x080030b0        0xc syscalls_stm32f4xx.o
                0x080030b0                _exit
 .text._sbrk    0x080030bc       0x68 syscalls_stm32f4xx.o
                0x080030bc                _sbrk
 .text.NVIC_SetPriority
                0x08003124       0x54 stm32f4xx_init_board.o
 .text.stm32f4xx_init_board
                0x08003178       0x20 stm32f4xx_init_board.o
                0x08003178                stm32f4xx_init_board
 .text.SystemInit
                0x08003198       0x68 system_stm32f4xx.o
                0x08003198                SystemInit
 .text.SystemCoreClockUpdate
                0x08003200       0xf8 system_stm32f4xx.o
                0x08003200                SystemCoreClockUpdate
 .text.SetSysClock
                0x080032f8       0xf4 system_stm32f4xx.o
 .text.NVIC_SetPriority
                0x080033ec       0x54 SysTickScheduler.o
 .text.SysTick_Config
                0x08003440       0x44 SysTickScheduler.o
 .text.SysTick_Isr
                0x08003484       0x40 SysTickScheduler.o
 .text.SysTick_Handler
                0x080034c4       0x10 SysTickScheduler.o
                0x080034c4                SysTick_Handler
 .text.ARMCM_SysTick_Config
                0x080034d4       0x8c SysTickScheduler.o
                0x080034d4                ARMCM_SysTick_Config
 .text.arm_cortex_m_call_thread_with_context_switch
                0x08003560       0x2c m3m4m4f_multitasking.o
                0x08003560                arm_cortex_m_call_thread_with_context_switch
 .text.SVC_Handler
                0x0800358c       0x38 m3m4m4f_multitasking.o
                0x0800358c                SVC_Handler
 .text.IsEscapeChar
                0x080035c4       0x30 ext_serial_pkt.o
 .text.Filter   0x080035f4       0x84 ext_serial_pkt.o
 .text.Num2String
                0x08003678       0x88 ext_serial_pkt.o
 .text.String2Num
                0x08003700       0x70 ext_serial_pkt.o
 .text.SetExtSerialPacket
                0x08003770      0x134 ext_serial_pkt.o
                0x08003770                SetExtSerialPacket
 .text.GetExtSerialPacket
                0x080038a4      0x328 ext_serial_pkt.o
                0x080038a4                GetExtSerialPacket
 .text.ExtSerialPortCreate
                0x08003bcc       0x3c rtiostream_serial_interface.o
                0x08003bcc                ExtSerialPortCreate
 .text.ExtSerialPortConnect
                0x08003c08       0x88 rtiostream_serial_interface.o
                0x08003c08                ExtSerialPortConnect
 .text.ExtSerialPortDisconnect
                0x08003c90       0x58 rtiostream_serial_interface.o
                0x08003c90                ExtSerialPortDisconnect
 .text.ExtSerialPortSetData
                0x08003ce8       0x48 rtiostream_serial_interface.o
                0x08003ce8                ExtSerialPortSetData
 .text.ExtSerialPortDataPending
                0x08003d30       0x90 rtiostream_serial_interface.o
                0x08003d30                ExtSerialPortDataPending
 .text.ExtSerialPortGetData
                0x08003dc0       0xd0 rtiostream_serial_interface.o
                0x08003dc0                ExtSerialPortGetData
 .text.isFIFOEmpty
                0x08003e90       0x28 ext_svr_serial_transport.o
 .text.InsertFIFO
                0x08003eb8       0x54 ext_svr_serial_transport.o
 .text.RemoveFIFO
                0x08003f0c       0x54 ext_svr_serial_transport.o
 .text.isFIFOFreeEmpty
                0x08003f60       0x24 ext_svr_serial_transport.o
 .text.isFIFOPktEmpty
                0x08003f84       0x24 ext_svr_serial_transport.o
 .text.InsertFIFOFree
                0x08003fa8       0x20 ext_svr_serial_transport.o
 .text.RemoveFIFOFree
                0x08003fc8       0x1c ext_svr_serial_transport.o
 .text.InsertFIFOPkt
                0x08003fe4       0x20 ext_svr_serial_transport.o
 .text.RemoveFIFOPkt
                0x08004004       0x1c ext_svr_serial_transport.o
 .text.GetFIFOPkt
                0x08004020       0x18 ext_svr_serial_transport.o
 .text.AddToFIFOFree
                0x08004038       0x44 ext_svr_serial_transport.o
 .text.SavePkt  0x0800407c       0x38 ext_svr_serial_transport.o
 .text.ExtGetPktBlocking
                0x080040b4       0x84 ext_svr_serial_transport.o
 .text.ExtSetPkt
                0x08004138      0x128 ext_svr_serial_transport.o
 .text.ExtSetPktWithACK
                0x08004260       0x68 ext_svr_serial_transport.o
 .text.ExtGetPkt
                0x080042c8       0xe8 ext_svr_serial_transport.o
 .text.ExtPktPending
                0x080043b0       0x78 ext_svr_serial_transport.o
 .text.ExtClearSerialConnection
                0x08004428       0x18 ext_svr_serial_transport.o
 .text.ExtResetSerialConnection
                0x08004440       0xa4 ext_svr_serial_transport.o
 .text.ExtOpenSerialConnection
                0x080044e4       0xb8 ext_svr_serial_transport.o
 .text.ExtCloseSerialConnection
                0x0800459c       0x1c ext_svr_serial_transport.o
 .text.ExtInit  0x080045b8       0x1c ext_svr_serial_transport.o
                0x080045b8                ExtInit
 .text.ExtOpenConnection
                0x080045d4       0x2c ext_svr_serial_transport.o
                0x080045d4                ExtOpenConnection
 .text.ExtCloseConnection
                0x08004600       0x14 ext_svr_serial_transport.o
                0x08004600                ExtCloseConnection
 .text.ExtShutDown
                0x08004614       0x28 ext_svr_serial_transport.o
                0x08004614                ExtShutDown
 .text.ExtProcessArgs
                0x0800463c       0x90 ext_svr_serial_transport.o
                0x0800463c                ExtProcessArgs
 .text.ExtWaitForStartPktFromHost
                0x080046cc       0x18 ext_svr_serial_transport.o
                0x080046cc                ExtWaitForStartPktFromHost
 .text.ExtUserDataCreate
                0x080046e4       0x14 ext_svr_serial_transport.o
                0x080046e4                ExtUserDataCreate
 .text.ExtUserDataDestroy
                0x080046f8       0x14 ext_svr_serial_transport.o
                0x080046f8                ExtUserDataDestroy
 .text.ExtGetHostPkt
                0x0800470c       0x64 ext_svr_serial_transport.o
                0x0800470c                ExtGetHostPkt
 .text.ExtSetHostPkt
                0x08004770       0x40 ext_svr_serial_transport.o
                0x08004770                ExtSetHostPkt
 .text.ExtModeSleep
                0x080047b0       0x18 ext_svr_serial_transport.o
                0x080047b0                ExtModeSleep
 .text.ExtForceDisconnect
                0x080047c8       0x20 ext_svr_serial_transport.o
                0x080047c8                ExtForceDisconnect
 .text.rtIOStreamOpen
                0x080047e8       0x70 rtiostream_serial_dma_stm32f4xx.o
                0x080047e8                rtIOStreamOpen
 .text.rtIOStreamClose
                0x08004858       0x18 rtiostream_serial_dma_stm32f4xx.o
                0x08004858                rtIOStreamClose
 .text.rtIOStreamSend
                0x08004870       0x84 rtiostream_serial_dma_stm32f4xx.o
                0x08004870                rtIOStreamSend
 .text.DMA1_Stream6_IRQHandler
                0x080048f4       0x24 rtiostream_serial_dma_stm32f4xx.o
                0x080048f4                DMA1_Stream6_IRQHandler
 .text.rtIOStreamRecv
                0x08004918       0x90 rtiostream_serial_dma_stm32f4xx.o
                0x08004918                rtIOStreamRecv
 .text.DMA_RxInit
                0x080049a8       0xe8 rtiostream_serial_dma_stm32f4xx.o
 .text.DMA_TxInit
                0x08004a90       0xa8 rtiostream_serial_dma_stm32f4xx.o
 .text.UART_getRxBytes
                0x08004b38       0x50 rtiostream_serial_dma_stm32f4xx.o
 .text.DMA1_Stream5_IRQHandler
                0x08004b88       0x24 rtiostream_serial_dma_stm32f4xx.o
                0x08004b88                DMA1_Stream5_IRQHandler
 .text.USART2_init
                0x08004bac       0xa0 rtiostream_serial_dma_stm32f4xx.o
 .text.USART_Init
                0x08004c4c      0x178 stm32f4xx_usart.o
                0x08004c4c                USART_Init
 .text.USART_StructInit
                0x08004dc4       0x38 stm32f4xx_usart.o
                0x08004dc4                USART_StructInit
 .text.USART_Cmd
                0x08004dfc       0x40 stm32f4xx_usart.o
                0x08004dfc                USART_Cmd
 .text.USART_DMACmd
                0x08004e3c       0x48 stm32f4xx_usart.o
                0x08004e3c                USART_DMACmd
 .text.DMA_DeInit
                0x08004e84      0x1a4 stm32f4xx_dma.o
                0x08004e84                DMA_DeInit
 .text.DMA_Init
                0x08005028       0xac stm32f4xx_dma.o
                0x08005028                DMA_Init
 .text.DMA_Cmd  0x080050d4       0x38 stm32f4xx_dma.o
                0x080050d4                DMA_Cmd
 .text.DMA_GetCurrDataCounter
                0x0800510c       0x1c stm32f4xx_dma.o
                0x0800510c                DMA_GetCurrDataCounter
 .text.DMA_GetCmdStatus
                0x08005128       0x30 stm32f4xx_dma.o
                0x08005128                DMA_GetCmdStatus
 .text.DMA_ITConfig
                0x08005158       0x74 stm32f4xx_dma.o
                0x08005158                DMA_ITConfig
 .text.DMA_GetITStatus
                0x080051cc       0xb0 stm32f4xx_dma.o
                0x080051cc                DMA_GetITStatus
 .text.DMA_ClearITPendingBit
                0x0800527c       0x5c stm32f4xx_dma.o
                0x0800527c                DMA_ClearITPendingBit
 .text.NVIC_Init
                0x080052d8       0xc0 misc.o
                0x080052d8                NVIC_Init
 .text.rt_OneStep
                0x08005398       0x4c ert_main.o
                0x08005398                rt_OneStep
 .text.main     0x080053e4      0x114 ert_main.o
                0x080053e4                main
 .text          0x080054f8      0x370 c:/matlab/suppor~1/r2016a/gcc-ar~1/bin/../lib/gcc/arm-none-eabi/4.9.3/armv7e-m/fpu\libgcc.a(_arm_addsubdf3.o)
                0x080054f8                __aeabi_drsub
                0x08005500                __aeabi_dsub
                0x08005500                __subdf3
                0x08005504                __aeabi_dadd
                0x08005504                __adddf3
                0x0800577c                __floatunsidf
                0x0800577c                __aeabi_ui2d
                0x0800579c                __floatsidf
                0x0800579c                __aeabi_i2d
                0x080057c0                __aeabi_f2d
                0x080057c0                __extendsfdf2
                0x080057fc                __floatundidf
                0x080057fc                __aeabi_ul2d
                0x0800580c                __floatdidf
                0x0800580c                __aeabi_l2d
 .text          0x08005868      0x424 c:/matlab/suppor~1/r2016a/gcc-ar~1/bin/../lib/gcc/arm-none-eabi/4.9.3/armv7e-m/fpu\libgcc.a(_arm_muldivdf3.o)
                0x08005868                __aeabi_dmul
                0x08005868                __muldf3
                0x08005abc                __divdf3
                0x08005abc                __aeabi_ddiv
 .text          0x08005c8c      0x110 c:/matlab/suppor~1/r2016a/gcc-ar~1/bin/../lib/gcc/arm-none-eabi/4.9.3/armv7e-m/fpu\libgcc.a(_arm_cmpdf2.o)
                0x08005c8c                __gtdf2
                0x08005c8c                __gedf2
                0x08005c94                __ltdf2
                0x08005c94                __ledf2
                0x08005c9c                __nedf2
                0x08005c9c                __eqdf2
                0x08005c9c                __cmpdf2
                0x08005d18                __aeabi_cdrcmple
                0x08005d28                __aeabi_cdcmpeq
                0x08005d28                __aeabi_cdcmple
                0x08005d38                __aeabi_dcmpeq
                0x08005d4c                __aeabi_dcmplt
                0x08005d60                __aeabi_dcmple
                0x08005d74                __aeabi_dcmpge
                0x08005d88                __aeabi_dcmpgt
 .text.calloc   0x08005d9c       0x14 c:/matlab/suppor~1/r2016a/gcc-ar~1/bin/../lib/gcc/arm-none-eabi/4.9.3/../../../../arm-none-eabi/lib/armv7e-m/fpu\libc_nano.a(lib_a-calloc.o)
                0x08005d9c                calloc
 .text.exit     0x08005db0       0x28 c:/matlab/suppor~1/r2016a/gcc-ar~1/bin/../lib/gcc/arm-none-eabi/4.9.3/../../../../arm-none-eabi/lib/armv7e-m/fpu\libc_nano.a(lib_a-exit.o)
                0x08005db0                exit
 .text.__libc_init_array
                0x08005dd8       0x4c c:/matlab/suppor~1/r2016a/gcc-ar~1/bin/../lib/gcc/arm-none-eabi/4.9.3/../../../../arm-none-eabi/lib/armv7e-m/fpu\libc_nano.a(lib_a-init.o)
                0x08005dd8                __libc_init_array
 .text.malloc   0x08005e24       0x10 c:/matlab/suppor~1/r2016a/gcc-ar~1/bin/../lib/gcc/arm-none-eabi/4.9.3/../../../../arm-none-eabi/lib/armv7e-m/fpu\libc_nano.a(lib_a-malloc.o)
                0x08005e24                malloc
 .text.free     0x08005e34       0x10 c:/matlab/suppor~1/r2016a/gcc-ar~1/bin/../lib/gcc/arm-none-eabi/4.9.3/../../../../arm-none-eabi/lib/armv7e-m/fpu\libc_nano.a(lib_a-malloc.o)
                0x08005e34                free
 .text.memcpy   0x08005e44       0x16 c:/matlab/suppor~1/r2016a/gcc-ar~1/bin/../lib/gcc/arm-none-eabi/4.9.3/../../../../arm-none-eabi/lib/armv7e-m/fpu\libc_nano.a(lib_a-memcpy.o)
                0x08005e44                memcpy
 .text.memset   0x08005e5a       0x10 c:/matlab/suppor~1/r2016a/gcc-ar~1/bin/../lib/gcc/arm-none-eabi/4.9.3/../../../../arm-none-eabi/lib/armv7e-m/fpu\libc_nano.a(lib_a-memset.o)
                0x08005e5a                memset
 .text._calloc_r
                0x08005e6a       0x1c c:/matlab/suppor~1/r2016a/gcc-ar~1/bin/../lib/gcc/arm-none-eabi/4.9.3/../../../../arm-none-eabi/lib/armv7e-m/fpu\libc_nano.a(lib_a-nano-callocr.o)
                0x08005e6a                _calloc_r
 *fill*         0x08005e86        0x2 
 .text._free_r  0x08005e88       0x88 c:/matlab/suppor~1/r2016a/gcc-ar~1/bin/../lib/gcc/arm-none-eabi/4.9.3/../../../../arm-none-eabi/lib/armv7e-m/fpu\libc_nano.a(lib_a-nano-freer.o)
                0x08005e88                _free_r
 .text._malloc_r
                0x08005f10       0xac c:/matlab/suppor~1/r2016a/gcc-ar~1/bin/../lib/gcc/arm-none-eabi/4.9.3/../../../../arm-none-eabi/lib/armv7e-m/fpu\libc_nano.a(lib_a-nano-mallocr.o)
                0x08005f10                _malloc_r
 .text._sbrk_r  0x08005fbc       0x20 c:/matlab/suppor~1/r2016a/gcc-ar~1/bin/../lib/gcc/arm-none-eabi/4.9.3/../../../../arm-none-eabi/lib/armv7e-m/fpu\libc_nano.a(lib_a-sbrkr.o)
                0x08005fbc                _sbrk_r
 .text          0x08005fdc       0x14 c:/matlab/suppor~1/r2016a/gcc-ar~1/bin/../lib/gcc/arm-none-eabi/4.9.3/../../../../arm-none-eabi/lib/armv7e-m/fpu\libc_nano.a(lib_a-strcmp.o)
                0x08005fdc                strcmp
 *(.init)
 .init          0x08005ff0        0x4 c:/matlab/suppor~1/r2016a/gcc-ar~1/bin/../lib/gcc/arm-none-eabi/4.9.3/armv7e-m/fpu/crti.o
                0x08005ff0                _init
 .init          0x08005ff4        0x8 c:/matlab/suppor~1/r2016a/gcc-ar~1/bin/../lib/gcc/arm-none-eabi/4.9.3/armv7e-m/fpu/crtn.o
 *(.fini)
 .fini          0x08005ffc        0x4 c:/matlab/suppor~1/r2016a/gcc-ar~1/bin/../lib/gcc/arm-none-eabi/4.9.3/armv7e-m/fpu/crti.o
                0x08005ffc                _fini
 .fini          0x08006000        0x8 c:/matlab/suppor~1/r2016a/gcc-ar~1/bin/../lib/gcc/arm-none-eabi/4.9.3/armv7e-m/fpu/crtn.o
 *crtbegin.o(.ctors)
 *crtbegin?.o(.ctors)
 *(EXCLUDE_FILE(*crtend.o *crtend?.o) .ctors)
 *(SORT(.ctors.*))
 *(.ctors)
 *crtbegin.o(.dtors)
 *crtbegin?.o(.dtors)
 *(EXCLUDE_FILE(*crtend.o *crtend?.o) .dtors)
 *(SORT(.dtors.*))
 *(.dtors)
 *(.rodata*)
 .rodata        0x08006008       0xac TestSTMSupportPackage.o
 .rodata.TestSTMSupportPackage_M
                0x080060b4        0x4 TestSTMSupportPackage.o
                0x080060b4                TestSTMSupportPackage_M
 .rodata.rtAlwaysEnabled.8165
                0x080060b8        0x1 TestSTMSupportPackage.o
 *fill*         0x080060b9        0x3 
 .rodata        0x080060bc       0x3c ext_svr.o
 .rodata        0x080060f8       0x2c ext_svr_serial_transport.o
 .rodata.str1.1
                0x08006124        0x2 c:/matlab/suppor~1/r2016a/gcc-ar~1/bin/../lib/gcc/arm-none-eabi/4.9.3/../../../../arm-none-eabi/lib/armv7e-m/fpu\libc_nano.a(lib_a-impure.o)
 *fill*         0x08006126        0x2 
 .rodata._global_impure_ptr
                0x08006128        0x4 c:/matlab/suppor~1/r2016a/gcc-ar~1/bin/../lib/gcc/arm-none-eabi/4.9.3/../../../../arm-none-eabi/lib/armv7e-m/fpu\libc_nano.a(lib_a-impure.o)
                0x08006128                _global_impure_ptr
 *(.eh_fram e*)

.eh_frame       0x0800612c        0x0
 .eh_frame      0x0800612c        0x0 c:/matlab/suppor~1/r2016a/gcc-ar~1/bin/../lib/gcc/arm-none-eabi/4.9.3/armv7e-m/fpu/crtbegin.o

.glue_7         0x0800612c        0x0
 .glue_7        0x00000000        0x0 linker stubs

.glue_7t        0x0800612c        0x0
 .glue_7t       0x00000000        0x0 linker stubs

.vfp11_veneer   0x0800612c        0x0
 .vfp11_veneer  0x00000000        0x0 linker stubs

.v4_bx          0x0800612c        0x0
 .v4_bx         0x00000000        0x0 linker stubs

.iplt           0x0800612c        0x0
 .iplt          0x00000000        0x0 c:/matlab/suppor~1/r2016a/gcc-ar~1/bin/../lib/gcc/arm-none-eabi/4.9.3/armv7e-m/fpu/crtbegin.o

.ARM.extab
 *(.ARM.extab* .gnu.linkonce.armextab.*)
                0x0800612c                __exidx_start = .

.ARM.exidx      0x0800612c        0x8
 *(.ARM.exidx* .gnu.linkonce.armexidx.*)
 .ARM.exidx     0x0800612c        0x8 c:/matlab/suppor~1/r2016a/gcc-ar~1/bin/../lib/gcc/arm-none-eabi/4.9.3/../../../../arm-none-eabi/lib/armv7e-m/fpu/crt0.o
                0x08006134                __exidx_end = .

.rel.dyn        0x08006134        0x0
 .rel.iplt      0x00000000        0x0 c:/matlab/suppor~1/r2016a/gcc-ar~1/bin/../lib/gcc/arm-none-eabi/4.9.3/armv7e-m/fpu/crtbegin.o
                0x08006134                . = ALIGN (0x4)
                0x08006134                _etext = .
                0x08006134                _sidata = .

.data           0x20000000      0x178 load address 0x08006134
                0x20000000                __data_start__ = .
                0x20000000                _sdata = __data_start__
 *(vtable)
 *(.data*)
 .data.rtDataTypeSizes
                0x20000000       0x38 TestSTMSupportPackage.o
 .data.rtDataTypeNames
                0x20000038       0x38 TestSTMSupportPackage.o
 .data.rtBTransitions
                0x20000070       0x10 TestSTMSupportPackage.o
 .data.rtBTransTable
                0x20000080        0x8 TestSTMSupportPackage.o
 .data.rtPTransitions
                0x20000088       0x10 TestSTMSupportPackage.o
 .data.rtPTransTable
                0x20000098        0x8 TestSTMSupportPackage.o
 .data.TestSTMSupportPackage_P
                0x200000a0        0x4 TestSTMSupportPackage_data.o
                0x200000a0                TestSTMSupportPackage_P
 .data.firstTime.8583
                0x200000a4        0x4 updown.o
 .data.modelStatus
                0x200000a8        0x1 ext_work.o
                0x200000a8                modelStatus
 *fill*         0x200000a9        0x7 
 .data.finaltime
                0x200000b0        0x8 ext_work.o
 .data.APBAHBPrescTable
                0x200000b8       0x10 stm32f4xx_rcc.o
 .data.GPIO_base_array
                0x200000c8       0x24 stm32f4xx_gpio_wrapper.o
 .data.SystemCoreClock
                0x200000ec        0x4 system_stm32f4xx.o
                0x200000ec                SystemCoreClock
 .data.AHBPrescTable
                0x200000f0       0x10 system_stm32f4xx.o
                0x200000f0                AHBPrescTable
 .data.InBuffer
                0x20000100        0x4 ext_svr_serial_transport.o
 .data.OutBuffer
                0x20000104        0x4 ext_svr_serial_transport.o
 .data.impure_data
                0x20000108       0x60 c:/matlab/suppor~1/r2016a/gcc-ar~1/bin/../lib/gcc/arm-none-eabi/4.9.3/../../../../arm-none-eabi/lib/armv7e-m/fpu\libc_nano.a(lib_a-impure.o)
 .data._impure_ptr
                0x20000168        0x4 c:/matlab/suppor~1/r2016a/gcc-ar~1/bin/../lib/gcc/arm-none-eabi/4.9.3/../../../../arm-none-eabi/lib/armv7e-m/fpu\libc_nano.a(lib_a-impure.o)
                0x20000168                _impure_ptr
                0x2000016c                . = ALIGN (0x4)
                0x2000016c                PROVIDE (__preinit_array_start, .)
 *(.preinit_array)
                0x2000016c                PROVIDE (__preinit_array_end, .)
                0x2000016c                . = ALIGN (0x4)
                0x2000016c                PROVIDE (__init_array_start, .)
 *(SORT(.init_array.*))
 *(.init_array)
 .init_array    0x2000016c        0x4 c:/matlab/suppor~1/r2016a/gcc-ar~1/bin/../lib/gcc/arm-none-eabi/4.9.3/armv7e-m/fpu/crtbegin.o
                0x20000170                PROVIDE (__init_array_end, .)
                0x20000170                . = ALIGN (0x4)
                0x20000170                PROVIDE (__fini_array_start, .)
 *(SORT(.fini_array.*))
 *(.fini_array)
 .fini_array    0x20000170        0x4 c:/matlab/suppor~1/r2016a/gcc-ar~1/bin/../lib/gcc/arm-none-eabi/4.9.3/armv7e-m/fpu/crtbegin.o
                0x20000174                PROVIDE (__fini_array_end, .)
 *(.jcr*)
 .jcr           0x20000174        0x0 c:/matlab/suppor~1/r2016a/gcc-ar~1/bin/../lib/gcc/arm-none-eabi/4.9.3/armv7e-m/fpu/crtbegin.o
 .jcr           0x20000174        0x4 c:/matlab/suppor~1/r2016a/gcc-ar~1/bin/../lib/gcc/arm-none-eabi/4.9.3/armv7e-m/fpu/crtend.o
                0x20000178                . = ALIGN (0x4)
                0x20000178                __data_end__ = .
                0x20000178                _edata = __data_end__

.igot.plt       0x20000178        0x0 load address 0x080062ac
 .igot.plt      0x00000000        0x0 c:/matlab/suppor~1/r2016a/gcc-ar~1/bin/../lib/gcc/arm-none-eabi/4.9.3/armv7e-m/fpu/crtbegin.o

.bss            0x20000178      0xe8c load address 0x080062b0
                0x20000178                . = ALIGN (0x4)
                0x20000178                _sbss = .
                0x20000178                __bss_start__ = _sbss
 *(.bss .bss.*)
 .bss           0x20000178       0x1c c:/matlab/suppor~1/r2016a/gcc-ar~1/bin/../lib/gcc/arm-none-eabi/4.9.3/armv7e-m/fpu/crtbegin.o
 .bss.rt_ExtModeInfo.8166
                0x20000194       0x14 TestSTMSupportPackage.o
 .bss.systemRan.8167
                0x200001a8        0x4 TestSTMSupportPackage.o
 .bss.dtInfo.8168
                0x200001ac       0x24 TestSTMSupportPackage.o
 .bss.connected
                0x200001d0        0x1 ext_svr.o
 .bss.commInitialized
                0x200001d1        0x1 ext_svr.o
 .bss.gblSetParamPktReceived
                0x200001d2        0x1 ext_svr.o
                0x200001d2                gblSetParamPktReceived
 *fill*         0x200001d3        0x1 
 .bss.extUD     0x200001d4        0x4 ext_svr.o
 .bss.pktBufSize
                0x200001d8        0x4 ext_svr.o
 .bss.pktBuf    0x200001dc        0x4 ext_svr.o
 .bss.ERRMSG_PROCESSSELECTSIGNAL
                0x200001e0        0x4 ext_svr.o
 .bss.ERRMSG_PROCESSSELECTTRIGGER
                0x200001e4        0x4 ext_svr.o
 .bss.buffer.8480
                0x200001e8        0x1 ext_svr.o
 .bss.host_upstatus_is_uploading
                0x200001e9        0x1 updown.o
                0x200001e9                host_upstatus_is_uploading
 *fill*         0x200001ea        0x6 
 .bss.uploadInfoArray
                0x200001f0       0xe0 updown.o
 .bss.startModel
                0x200002d0        0x4 ext_work.o
                0x200002d0                startModel
 .bss.heap_end  0x200002d4        0x4 syscalls_stm32f4xx.o
                0x200002d4                heap_end
 .bss.UD        0x200002d8        0x4 rtiostream_serial_interface.o
 .bss.serialPort.8417
                0x200002dc        0x4 rtiostream_serial_interface.o
 .bss.buffer1st
                0x200002e0       0x24 ext_svr_serial_transport.o
 .bss.buffer2nd
                0x20000304       0x24 ext_svr_serial_transport.o
 .bss.waitForAck
                0x20000328        0x1 ext_svr_serial_transport.o
 *fill*         0x20000329        0x3 
 .bss.FreeFIFOHead
                0x2000032c        0x4 ext_svr_serial_transport.o
 .bss.FreeFIFOTail
                0x20000330        0x4 ext_svr_serial_transport.o
 .bss.PktFIFOHead
                0x20000334        0x4 ext_svr_serial_transport.o
 .bss.PktFIFOTail
                0x20000338        0x4 ext_svr_serial_transport.o
 .bss.UD.8580   0x2000033c        0x8 ext_svr_serial_transport.o
 .bss.MW_USART_ERRNO
                0x20000344        0x4 rtiostream_serial_dma_stm32f4xx.o
                0x20000344                MW_USART_ERRNO
 .bss.UART_rxBuffer
                0x20000348      0x800 rtiostream_serial_dma_stm32f4xx.o
 .bss.UART_txBuffer
                0x20000b48      0x400 rtiostream_serial_dma_stm32f4xx.o
 .bss.UART_Rx   0x20000f48        0x8 rtiostream_serial_dma_stm32f4xx.o
 .bss.UART_Tx   0x20000f50       0x48 rtiostream_serial_dma_stm32f4xx.o
 .bss.IsrOverrun
                0x20000f98        0x4 ert_main.o
                0x20000f98                IsrOverrun
 .bss.OverrunFlag
                0x20000f9c        0x1 ert_main.o
 *fill*         0x20000f9d        0x3 
 .bss.__malloc_sbrk_start
                0x20000fa0        0x4 c:/matlab/suppor~1/r2016a/gcc-ar~1/bin/../lib/gcc/arm-none-eabi/4.9.3/../../../../arm-none-eabi/lib/armv7e-m/fpu\libc_nano.a(lib_a-nano-mallocr.o)
                0x20000fa0                __malloc_sbrk_start
 .bss.__malloc_free_list
                0x20000fa4        0x4 c:/matlab/suppor~1/r2016a/gcc-ar~1/bin/../lib/gcc/arm-none-eabi/4.9.3/../../../../arm-none-eabi/lib/armv7e-m/fpu\libc_nano.a(lib_a-nano-mallocr.o)
                0x20000fa4                __malloc_free_list
 *(COMMON)
 COMMON         0x20000fa8       0x50 TestSTMSupportPackage.o
                0x20000fa8                TestSTMSupportPackage_M_
                0x20000ff0                TestSTMSupportPackage_DW
 COMMON         0x20000ff8        0x8 SysTickScheduler.o
                0x20000ff8                schdl_counter_max
                0x20000ffc                schdl_counter
 COMMON         0x20001000        0x4 c:/matlab/suppor~1/r2016a/gcc-ar~1/bin/../lib/gcc/arm-none-eabi/4.9.3/../../../../arm-none-eabi/lib/armv7e-m/fpu\libc_nano.a(lib_a-reent.o)
                0x20001000                errno
                0x20001004                . = ALIGN (0x4)
                0x20001004                _ebss = .
                0x20001004                __bss_end__ = _ebss

.co_stack       0x10000000     0x2040
                0x10000000                . = ALIGN (0x8)
                0x10000000                __stack_end__ = .
 *(.co_stack .co_stack.*)
 .co_stack      0x10000000     0x2040 startup_stm32f4xx.o
                0x10000000                pulStack
                0x10002040                __stack_start__ = .
                0x10002040                . = ALIGN (0x8)
                0x10002040                _end_ccmram = .
                0x10002040                PROVIDE (_sheap, _end_ccmram)
                0x10010000                PROVIDE (_eheap, ALIGN ((ORIGIN (CCMRAM) + 0x10000), 0x8))
                0x10002040                PROVIDE (__stack, __stack_start__)
OUTPUT(../TestSTMSupportPackage.elf elf32-littlearm)

.ARM.attributes
                0x00000000       0x30
 .ARM.attributes
                0x00000000       0x22 c:/matlab/suppor~1/r2016a/gcc-ar~1/bin/../lib/gcc/arm-none-eabi/4.9.3/armv7e-m/fpu/crti.o
 .ARM.attributes
                0x00000022       0x34 c:/matlab/suppor~1/r2016a/gcc-ar~1/bin/../lib/gcc/arm-none-eabi/4.9.3/armv7e-m/fpu/crtbegin.o
 .ARM.attributes
                0x00000056       0x20 c:/matlab/suppor~1/r2016a/gcc-ar~1/bin/../lib/gcc/arm-none-eabi/4.9.3/../../../../arm-none-eabi/lib/armv7e-m/fpu/crt0.o
 .ARM.attributes
                0x00000076       0x39 TestSTMSupportPackage.o
 .ARM.attributes
                0x000000af       0x39 TestSTMSupportPackage_data.o
 .ARM.attributes
                0x000000e8       0x39 LED.o
 .ARM.attributes
                0x00000121       0x39 ext_svr.o
 .ARM.attributes
                0x0000015a       0x39 updown.o
 .ARM.attributes
                0x00000193       0x39 ext_work.o
 .ARM.attributes
                0x000001cc       0x39 rtiostream_utils.o
 .ARM.attributes
                0x00000205       0x39 LED_CustomBlock_wrapper.o
 .ARM.attributes
                0x0000023e       0x39 stm32f4xx_gpio.o
 .ARM.attributes
                0x00000277       0x39 stm32f4xx_rcc.o
 .ARM.attributes
                0x000002b0       0x39 stm32f4xx_gpio_wrapper.o
 .ARM.attributes
                0x000002e9       0x39 blapp_support.o
 .ARM.attributes
                0x00000322       0x39 startup_stm32f4xx.o
 .ARM.attributes
                0x0000035b       0x39 syscalls_stm32f4xx.o
 .ARM.attributes
                0x00000394       0x39 stm32f4xx_init_board.o
 .ARM.attributes
                0x000003cd       0x39 system_stm32f4xx.o
 .ARM.attributes
                0x00000406       0x39 SysTickScheduler.o
 .ARM.attributes
                0x0000043f       0x39 m3m4m4f_multitasking.o
 .ARM.attributes
                0x00000478       0x39 ext_serial_pkt.o
 .ARM.attributes
                0x000004b1       0x39 rtiostream_serial_interface.o
 .ARM.attributes
                0x000004ea       0x39 ext_svr_serial_transport.o
 .ARM.attributes
                0x00000523       0x39 rtiostream_serial_dma_stm32f4xx.o
 .ARM.attributes
                0x0000055c       0x39 stm32f4xx_usart.o
 .ARM.attributes
                0x00000595       0x39 stm32f4xx_dma.o
 .ARM.attributes
                0x000005ce       0x39 misc.o
 .ARM.attributes
                0x00000607       0x39 ert_main.o
 .ARM.attributes
                0x00000640       0x22 c:/matlab/suppor~1/r2016a/gcc-ar~1/bin/../lib/gcc/arm-none-eabi/4.9.3/armv7e-m/fpu\libgcc.a(_arm_addsubdf3.o)
 .ARM.attributes
                0x00000662       0x22 c:/matlab/suppor~1/r2016a/gcc-ar~1/bin/../lib/gcc/arm-none-eabi/4.9.3/armv7e-m/fpu\libgcc.a(_arm_muldivdf3.o)
 .ARM.attributes
                0x00000684       0x22 c:/matlab/suppor~1/r2016a/gcc-ar~1/bin/../lib/gcc/arm-none-eabi/4.9.3/armv7e-m/fpu\libgcc.a(_arm_cmpdf2.o)
 .ARM.attributes
                0x000006a6       0x34 c:/matlab/suppor~1/r2016a/gcc-ar~1/bin/../lib/gcc/arm-none-eabi/4.9.3/../../../../arm-none-eabi/lib/armv7e-m/fpu\libc_nano.a(lib_a-calloc.o)
 .ARM.attributes
                0x000006da       0x34 c:/matlab/suppor~1/r2016a/gcc-ar~1/bin/../lib/gcc/arm-none-eabi/4.9.3/../../../../arm-none-eabi/lib/armv7e-m/fpu\libc_nano.a(lib_a-exit.o)
 .ARM.attributes
                0x0000070e       0x34 c:/matlab/suppor~1/r2016a/gcc-ar~1/bin/../lib/gcc/arm-none-eabi/4.9.3/../../../../arm-none-eabi/lib/armv7e-m/fpu\libc_nano.a(lib_a-impure.o)
 .ARM.attributes
                0x00000742       0x34 c:/matlab/suppor~1/r2016a/gcc-ar~1/bin/../lib/gcc/arm-none-eabi/4.9.3/../../../../arm-none-eabi/lib/armv7e-m/fpu\libc_nano.a(lib_a-init.o)
 .ARM.attributes
                0x00000776       0x34 c:/matlab/suppor~1/r2016a/gcc-ar~1/bin/../lib/gcc/arm-none-eabi/4.9.3/../../../../arm-none-eabi/lib/armv7e-m/fpu\libc_nano.a(lib_a-malloc.o)
 .ARM.attributes
                0x000007aa       0x34 c:/matlab/suppor~1/r2016a/gcc-ar~1/bin/../lib/gcc/arm-none-eabi/4.9.3/../../../../arm-none-eabi/lib/armv7e-m/fpu\libc_nano.a(lib_a-memcpy.o)
 .ARM.attributes
                0x000007de       0x34 c:/matlab/suppor~1/r2016a/gcc-ar~1/bin/../lib/gcc/arm-none-eabi/4.9.3/../../../../arm-none-eabi/lib/armv7e-m/fpu\libc_nano.a(lib_a-memset.o)
 .ARM.attributes
                0x00000812       0x34 c:/matlab/suppor~1/r2016a/gcc-ar~1/bin/../lib/gcc/arm-none-eabi/4.9.3/../../../../arm-none-eabi/lib/armv7e-m/fpu\libc_nano.a(lib_a-nano-callocr.o)
 .ARM.attributes
                0x00000846       0x34 c:/matlab/suppor~1/r2016a/gcc-ar~1/bin/../lib/gcc/arm-none-eabi/4.9.3/../../../../arm-none-eabi/lib/armv7e-m/fpu\libc_nano.a(lib_a-nano-freer.o)
 .ARM.attributes
                0x0000087a       0x34 c:/matlab/suppor~1/r2016a/gcc-ar~1/bin/../lib/gcc/arm-none-eabi/4.9.3/../../../../arm-none-eabi/lib/armv7e-m/fpu\libc_nano.a(lib_a-nano-mallocr.o)
 .ARM.attributes
                0x000008ae       0x34 c:/matlab/suppor~1/r2016a/gcc-ar~1/bin/../lib/gcc/arm-none-eabi/4.9.3/../../../../arm-none-eabi/lib/armv7e-m/fpu\libc_nano.a(lib_a-reent.o)
 .ARM.attributes
                0x000008e2       0x34 c:/matlab/suppor~1/r2016a/gcc-ar~1/bin/../lib/gcc/arm-none-eabi/4.9.3/../../../../arm-none-eabi/lib/armv7e-m/fpu\libc_nano.a(lib_a-sbrkr.o)
 .ARM.attributes
                0x00000916       0x20 c:/matlab/suppor~1/r2016a/gcc-ar~1/bin/../lib/gcc/arm-none-eabi/4.9.3/../../../../arm-none-eabi/lib/armv7e-m/fpu\libc_nano.a(lib_a-strcmp.o)
 .ARM.attributes
                0x00000936       0x34 c:/matlab/suppor~1/r2016a/gcc-ar~1/bin/../lib/gcc/arm-none-eabi/4.9.3/armv7e-m/fpu/crtend.o
 .ARM.attributes
                0x0000096a       0x22 c:/matlab/suppor~1/r2016a/gcc-ar~1/bin/../lib/gcc/arm-none-eabi/4.9.3/armv7e-m/fpu/crtn.o

.comment        0x00000000       0x70
 .comment       0x00000000       0x70 TestSTMSupportPackage.o
                                 0x71 (size before relaxing)
 .comment       0x00000000       0x71 TestSTMSupportPackage_data.o
 .comment       0x00000000       0x71 LED.o
 .comment       0x00000000       0x71 ext_svr.o
 .comment       0x00000000       0x71 updown.o
 .comment       0x00000000       0x71 ext_work.o
 .comment       0x00000000       0x71 rtiostream_utils.o
 .comment       0x00000000       0x71 LED_CustomBlock_wrapper.o
 .comment       0x00000000       0x71 stm32f4xx_gpio.o
 .comment       0x00000000       0x71 stm32f4xx_rcc.o
 .comment       0x00000000       0x71 stm32f4xx_gpio_wrapper.o
 .comment       0x00000000       0x71 blapp_support.o
 .comment       0x00000000       0x71 startup_stm32f4xx.o
 .comment       0x00000000       0x71 syscalls_stm32f4xx.o
 .comment       0x00000000       0x71 stm32f4xx_init_board.o
 .comment       0x00000000       0x71 system_stm32f4xx.o
 .comment       0x00000000       0x71 SysTickScheduler.o
 .comment       0x00000000       0x71 m3m4m4f_multitasking.o
 .comment       0x00000000       0x71 ext_serial_pkt.o
 .comment       0x00000000       0x71 rtiostream_serial_interface.o
 .comment       0x00000000       0x71 ext_svr_serial_transport.o
 .comment       0x00000000       0x71 rtiostream_serial_dma_stm32f4xx.o
 .comment       0x00000000       0x71 stm32f4xx_usart.o
 .comment       0x00000000       0x71 stm32f4xx_dma.o
 .comment       0x00000000       0x71 misc.o
 .comment       0x00000000       0x71 ert_main.o

.debug_frame    0x00000000      0x1f8
 .debug_frame   0x00000000       0x20 c:/matlab/suppor~1/r2016a/gcc-ar~1/bin/../lib/gcc/arm-none-eabi/4.9.3/../../../../arm-none-eabi/lib/armv7e-m/fpu\libc_nano.a(lib_a-calloc.o)
 .debug_frame   0x00000020       0x28 c:/matlab/suppor~1/r2016a/gcc-ar~1/bin/../lib/gcc/arm-none-eabi/4.9.3/../../../../arm-none-eabi/lib/armv7e-m/fpu\libc_nano.a(lib_a-exit.o)
 .debug_frame   0x00000048       0x2c c:/matlab/suppor~1/r2016a/gcc-ar~1/bin/../lib/gcc/arm-none-eabi/4.9.3/../../../../arm-none-eabi/lib/armv7e-m/fpu\libc_nano.a(lib_a-init.o)
 .debug_frame   0x00000074       0x30 c:/matlab/suppor~1/r2016a/gcc-ar~1/bin/../lib/gcc/arm-none-eabi/4.9.3/../../../../arm-none-eabi/lib/armv7e-m/fpu\libc_nano.a(lib_a-malloc.o)
 .debug_frame   0x000000a4       0x28 c:/matlab/suppor~1/r2016a/gcc-ar~1/bin/../lib/gcc/arm-none-eabi/4.9.3/../../../../arm-none-eabi/lib/armv7e-m/fpu\libc_nano.a(lib_a-memcpy.o)
 .debug_frame   0x000000cc       0x20 c:/matlab/suppor~1/r2016a/gcc-ar~1/bin/../lib/gcc/arm-none-eabi/4.9.3/../../../../arm-none-eabi/lib/armv7e-m/fpu\libc_nano.a(lib_a-memset.o)
 .debug_frame   0x000000ec       0x2c c:/matlab/suppor~1/r2016a/gcc-ar~1/bin/../lib/gcc/arm-none-eabi/4.9.3/../../../../arm-none-eabi/lib/armv7e-m/fpu\libc_nano.a(lib_a-nano-callocr.o)
 .debug_frame   0x00000118       0x2c c:/matlab/suppor~1/r2016a/gcc-ar~1/bin/../lib/gcc/arm-none-eabi/4.9.3/../../../../arm-none-eabi/lib/armv7e-m/fpu\libc_nano.a(lib_a-nano-freer.o)
 .debug_frame   0x00000144       0x2c c:/matlab/suppor~1/r2016a/gcc-ar~1/bin/../lib/gcc/arm-none-eabi/4.9.3/../../../../arm-none-eabi/lib/armv7e-m/fpu\libc_nano.a(lib_a-nano-mallocr.o)
 .debug_frame   0x00000170       0x5c c:/matlab/suppor~1/r2016a/gcc-ar~1/bin/../lib/gcc/arm-none-eabi/4.9.3/../../../../arm-none-eabi/lib/armv7e-m/fpu\libc_nano.a(lib_a-reent.o)
 .debug_frame   0x000001cc       0x2c c:/matlab/suppor~1/r2016a/gcc-ar~1/bin/../lib/gcc/arm-none-eabi/4.9.3/../../../../arm-none-eabi/lib/armv7e-m/fpu\libc_nano.a(lib_a-sbrkr.o)
